2026-09-14T09:18:46.3911693Z Current runner version: '2.337.0'
2026-09-14T09:18:46.3938709Z ##[group]Runner Image Provisioner
2026-09-14T09:18:46.3939642Z Hosted Compute Agent
2026-09-14T09:18:46.3940640Z Version: 20260828.587
2026-09-14T09:18:46.3941496Z Commit: abac92662cab4cc7352de4f9f9d2e2419aad9c29
2026-09-14T09:18:46.3942385Z Build Date: 2026-08-28T16:44:25Z
2026-09-14T09:18:46.3943332Z Worker ID: {a22e0570-50a2-47ec-b8d6-bc612f88ac57}
2026-09-14T09:18:46.3944236Z Azure Region: northcentralus
2026-09-14T09:18:46.3945118Z ##[endgroup]
2026-09-14T09:18:46.3946514Z ##[group]Operating System
2026-09-14T09:18:46.3947118Z Ubuntu
2026-09-14T09:18:46.3947629Z 24.04.5
2026-09-14T09:18:46.3948083Z LTS
2026-09-14T09:18:46.3948494Z ##[endgroup]
2026-09-14T09:18:46.3949037Z ##[group]Runner Image
2026-09-14T09:18:46.3949532Z Image: ubuntu-24.04
2026-09-14T09:18:46.3950027Z Version: 20260907.300.1
2026-09-14T09:18:46.3951284Z Included Software: https://github.com/actions/runner-images/blob/ubuntu24/20260907.300/images/ubuntu/Ubuntu2404-Readme.md
2026-09-14T09:18:46.3952641Z Image Release: https://github.com/actions/runner-images/releases/tag/ubuntu24%2F20260907.300
2026-09-14T09:18:46.3953425Z ##[endgroup]
2026-09-14T09:18:46.3954396Z ##[group]GITHUB_TOKEN Permissions
2026-09-14T09:18:46.3956113Z Contents: read
2026-09-14T09:18:46.3956678Z Metadata: read
2026-09-14T09:18:46.3957190Z ##[endgroup]
2026-09-14T09:18:46.3958829Z Secret source: Actions
2026-09-14T09:18:46.3959645Z Cache mode: write
2026-09-14T09:18:46.3960437Z Prepare workflow directory
2026-09-14T09:18:46.4226393Z Prepare all required actions
2026-09-14T09:18:46.4264610Z Getting action download info
2026-09-14T09:18:46.6482724Z Download action repository 'actions/checkout@3d3c42e5aac5ba805825da76410c181273ba90b1' (SHA:3d3c42e5aac5ba805825da76410c181273ba90b1)
2026-09-14T09:18:46.9885187Z Download action repository 'pnpm/action-setup@0977fd99725f1db4007ccb2928dbb4e90d06cc86' (SHA:0977fd99725f1db4007ccb2928dbb4e90d06cc86)
2026-09-14T09:18:47.2299861Z Download action repository 'actions/setup-node@820762786026740c76f36085b0efc47a31fe5020' (SHA:820762786026740c76f36085b0efc47a31fe5020)
2026-09-14T09:18:47.5799246Z Download action repository 'actions/cache@55cc8345863c7cc4c66a329aec7e433d2d1c52a9' (SHA:55cc8345863c7cc4c66a329aec7e433d2d1c52a9)
2026-09-14T09:18:47.7419221Z Download action repository 'actions/upload-artifact@043fb46d1a93c77aae656e7c1c64a875d1fc6a0a' (SHA:043fb46d1a93c77aae656e7c1c64a875d1fc6a0a)
2026-09-14T09:18:47.9595708Z Complete job name: Build, verify & launch smoke — linux
2026-09-14T09:18:48.0394853Z ##[group]Run actions/checkout@3d3c42e5aac5ba805825da76410c181273ba90b1
2026-09-14T09:18:48.0396167Z with:
2026-09-14T09:18:48.0396808Z   persist-credentials: false
2026-09-14T09:18:48.0397575Z   repository: juanjoGonDev/devbar
2026-09-14T09:18:48.0404755Z   token: ***
2026-09-14T09:18:48.0405370Z   ssh-strict: true
2026-09-14T09:18:48.0405995Z   ssh-user: git
2026-09-14T09:18:48.0406595Z   clean: true
2026-09-14T09:18:48.0407233Z   sparse-checkout-cone-mode: true
2026-09-14T09:18:48.0408023Z   fetch-depth: 1
2026-09-14T09:18:48.0408644Z   fetch-tags: false
2026-09-14T09:18:48.0409274Z   show-progress: true
2026-09-14T09:18:48.0409908Z   lfs: false
2026-09-14T09:18:48.0410582Z   submodules: false
2026-09-14T09:18:48.0411231Z   set-safe-directory: true
2026-09-14T09:18:48.0411964Z   allow-unsafe-pr-checkout: false
2026-09-14T09:18:48.0412891Z ##[endgroup]
2026-09-14T09:18:48.1264038Z Syncing repository: juanjoGonDev/devbar
2026-09-14T09:18:48.1267093Z ##[group]Getting Git version info
2026-09-14T09:18:48.1268505Z Working directory is '/home/runner/work/devbar/devbar'
2026-09-14T09:18:48.1270927Z [command]/usr/bin/git version
2026-09-14T09:18:48.1325228Z git version 2.55.0
2026-09-14T09:18:48.1341458Z ##[endgroup]
2026-09-14T09:18:48.1350009Z Temporarily overriding HOME='/home/runner/work/_temp/dbfc76f4-f2d5-4129-a6ce-b0795816fb7b' before making global git config changes
2026-09-14T09:18:48.1353450Z Adding repository directory to the temporary git global config as a safe directory
2026-09-14T09:18:48.1356605Z [command]/usr/bin/git config --global --add safe.directory /home/runner/work/devbar/devbar
2026-09-14T09:18:48.1401376Z Deleting the contents of '/home/runner/work/devbar/devbar'
2026-09-14T09:18:48.1403265Z ##[group]Determining repository object format
2026-09-14T09:18:48.1404550Z ##[endgroup]
2026-09-14T09:18:48.1405600Z ##[group]Initializing the repository
2026-09-14T09:18:48.1406554Z [command]/usr/bin/git init /home/runner/work/devbar/devbar
2026-09-14T09:18:48.1485977Z hint: Using 'master' as the name for the initial branch. This default branch name
2026-09-14T09:18:48.1488097Z hint: will change to "main" in Git 3.0. To configure the initial branch name
2026-09-14T09:18:48.1490334Z hint: to use in all of your new repositories, which will suppress this warning,
2026-09-14T09:18:48.1491963Z hint: call:
2026-09-14T09:18:48.1492746Z hint:
2026-09-14T09:18:48.1493834Z hint: 	git config --global init.defaultBranch <name>
2026-09-14T09:18:48.1495165Z hint:
2026-09-14T09:18:48.1496402Z hint: Names commonly chosen instead of 'master' are 'main', 'trunk' and
2026-09-14T09:18:48.1498377Z hint: 'development'. The just-created branch can be renamed via this command:
2026-09-14T09:18:48.1500031Z hint:
2026-09-14T09:18:48.1501030Z hint: 	git branch -m <name>
2026-09-14T09:18:48.1502210Z hint:
2026-09-14T09:18:48.1504007Z hint: Disable this message with "git config set advice.defaultBranchName false"
2026-09-14T09:18:48.1506484Z Initialized empty Git repository in /home/runner/work/devbar/devbar/.git/
2026-09-14T09:18:48.1510020Z [command]/usr/bin/git remote add origin https://github.com/juanjoGonDev/devbar
2026-09-14T09:18:48.1537562Z ##[endgroup]
2026-09-14T09:18:48.1539244Z ##[group]Disabling automatic garbage collection
2026-09-14T09:18:48.1540867Z [command]/usr/bin/git config --local gc.auto 0
2026-09-14T09:18:48.1565387Z ##[endgroup]
2026-09-14T09:18:48.1567207Z ##[group]Setting up auth
2026-09-14T09:18:48.1568384Z Removing SSH command configuration
2026-09-14T09:18:48.1570122Z [command]/usr/bin/git config --local --name-only --get-regexp core\.sshCommand
2026-09-14T09:18:48.1596368Z [command]/usr/bin/git submodule foreach --recursive sh -c "git config --local --name-only --get-regexp 'core\.sshCommand' && git config --local --unset-all 'core.sshCommand' || :"
2026-09-14T09:18:48.2119170Z Removing HTTP extra header
2026-09-14T09:18:48.2131844Z [command]/usr/bin/git config --local --name-only --get-regexp http\.https\:\/\/github\.com\/\.extraheader
2026-09-14T09:18:48.2155595Z [command]/usr/bin/git submodule foreach --recursive sh -c "git config --local --name-only --get-regexp 'http\.https\:\/\/github\.com\/\.extraheader' && git config --local --unset-all 'http.https://github.com/.extraheader' || :"
2026-09-14T09:18:48.2337039Z Removing includeIf entries pointing to credentials config files
2026-09-14T09:18:48.2340519Z [command]/usr/bin/git config --local --name-only --get-regexp ^includeIf\.gitdir:
2026-09-14T09:18:48.2369583Z [command]/usr/bin/git submodule foreach --recursive git config --local --show-origin --name-only --get-regexp remote.origin.url
2026-09-14T09:18:48.2559876Z [command]/usr/bin/git config --file /home/runner/work/_temp/git-credentials-4719a8db-5585-47fb-ac87-72a449917611.config http.https://github.com/.extraheader AUTHORIZATION: basic ***
2026-09-14T09:18:48.2592767Z [command]/usr/bin/git config --local includeIf.gitdir:/home/runner/work/devbar/devbar/.git.path /home/runner/work/_temp/git-credentials-4719a8db-5585-47fb-ac87-72a449917611.config
2026-09-14T09:18:48.2620824Z [command]/usr/bin/git config --local includeIf.gitdir:/home/runner/work/devbar/devbar/.git/worktrees/*.path /home/runner/work/_temp/git-credentials-4719a8db-5585-47fb-ac87-72a449917611.config
2026-09-14T09:18:48.2661815Z [command]/usr/bin/git config --local includeIf.gitdir:/github/workspace/.git.path /github/runner_temp/git-credentials-4719a8db-5585-47fb-ac87-72a449917611.config
2026-09-14T09:18:48.2690933Z [command]/usr/bin/git config --local includeIf.gitdir:/github/workspace/.git/worktrees/*.path /github/runner_temp/git-credentials-4719a8db-5585-47fb-ac87-72a449917611.config
2026-09-14T09:18:48.2717515Z ##[endgroup]
2026-09-14T09:18:48.2718729Z ##[group]Fetching the repository
2026-09-14T09:18:48.2722732Z [command]/usr/bin/git -c protocol.version=2 fetch --no-tags --prune --no-recurse-submodules --depth=1 origin +8529a1108338a7d3e89fcc428cd7401a3b6ec70b:refs/remotes/pull/78/merge
2026-09-14T09:18:48.9102773Z From https://github.com/juanjoGonDev/devbar
2026-09-14T09:18:48.9104714Z  * [new ref]         8529a1108338a7d3e89fcc428cd7401a3b6ec70b -> pull/78/merge
2026-09-14T09:18:48.9108053Z ##[endgroup]
2026-09-14T09:18:48.9109151Z ##[group]Determining the checkout info
2026-09-14T09:18:48.9110607Z ##[endgroup]
2026-09-14T09:18:48.9112845Z [command]/usr/bin/git sparse-checkout disable
2026-09-14T09:18:48.9213833Z [command]/usr/bin/git config --local --unset-all extensions.worktreeConfig
2026-09-14T09:18:48.9241471Z ##[group]Checking out the ref
2026-09-14T09:18:48.9244019Z [command]/usr/bin/git checkout --progress --force refs/remotes/pull/78/merge
2026-09-14T09:18:48.9397219Z Note: switching to 'refs/remotes/pull/78/merge'.
2026-09-14T09:18:48.9397925Z 
2026-09-14T09:18:48.9398490Z You are in 'detached HEAD' state. You can look around, make experimental
2026-09-14T09:18:48.9399856Z changes and commit them, and you can discard any commits you make in this
2026-09-14T09:18:48.9401427Z state without impacting any branches by switching back to a branch.
2026-09-14T09:18:48.9402201Z 
2026-09-14T09:18:48.9402824Z If you want to create a new branch to retain commits you create, you may
2026-09-14T09:18:48.9404070Z do so (now or later) by using -c with the switch command. Example:
2026-09-14T09:18:48.9404795Z 
2026-09-14T09:18:48.9405147Z   git switch -c <new-branch-name>
2026-09-14T09:18:48.9405675Z 
2026-09-14T09:18:48.9406041Z Or undo this operation with:
2026-09-14T09:18:48.9406591Z 
2026-09-14T09:18:48.9406950Z   git switch -
2026-09-14T09:18:48.9407489Z 
2026-09-14T09:18:48.9408719Z Turn off this advice by setting config variable advice.detachedHead to false
2026-09-14T09:18:48.9409912Z 
2026-09-14T09:18:48.9412584Z HEAD is now at 8529a11 Merge 54b2db7af9a2c81a83c9e795b9ccc79ccb0c4ebb into 42a77c630288a92901d0127cde05e7e033cf4dda
2026-09-14T09:18:48.9416555Z ##[endgroup]
2026-09-14T09:18:48.9447297Z [command]/usr/bin/git log -1 --format=%H
2026-09-14T09:18:48.9471708Z 8529a1108338a7d3e89fcc428cd7401a3b6ec70b
2026-09-14T09:18:48.9479937Z ##[group]Removing auth
2026-09-14T09:18:48.9480986Z Removing SSH command configuration
2026-09-14T09:18:48.9483332Z [command]/usr/bin/git config --local --name-only --get-regexp core\.sshCommand
2026-09-14T09:18:48.9512977Z [command]/usr/bin/git submodule foreach --recursive sh -c "git config --local --name-only --get-regexp 'core\.sshCommand' && git config --local --unset-all 'core.sshCommand' || :"
2026-09-14T09:18:48.9701679Z Removing HTTP extra header
2026-09-14T09:18:48.9703733Z [command]/usr/bin/git config --local --name-only --get-regexp http\.https\:\/\/github\.com\/\.extraheader
2026-09-14T09:18:48.9735196Z [command]/usr/bin/git submodule foreach --recursive sh -c "git config --local --name-only --get-regexp 'http\.https\:\/\/github\.com\/\.extraheader' && git config --local --unset-all 'http.https://github.com/.extraheader' || :"
2026-09-14T09:18:48.9923392Z Removing includeIf entries pointing to credentials config files
2026-09-14T09:18:48.9925306Z [command]/usr/bin/git config --local --name-only --get-regexp ^includeIf\.gitdir:
2026-09-14T09:18:48.9951354Z includeif.gitdir:/home/runner/work/devbar/devbar/.git.path
2026-09-14T09:18:48.9953571Z includeif.gitdir:/home/runner/work/devbar/devbar/.git/worktrees/*.path
2026-09-14T09:18:48.9955567Z includeif.gitdir:/github/workspace/.git.path
2026-09-14T09:18:48.9957292Z includeif.gitdir:/github/workspace/.git/worktrees/*.path
2026-09-14T09:18:48.9961326Z [command]/usr/bin/git config --local --get-all includeif.gitdir:/home/runner/work/devbar/devbar/.git.path
2026-09-14T09:18:48.9983102Z /home/runner/work/_temp/git-credentials-4719a8db-5585-47fb-ac87-72a449917611.config
2026-09-14T09:18:48.9991659Z [command]/usr/bin/git config --local --unset includeif.gitdir:/home/runner/work/devbar/devbar/.git.path \/home\/runner\/work\/_temp\/git\-credentials\-4719a8db\-5585\-47fb\-ac87\-72a449917611\.config
2026-09-14T09:18:49.0020384Z [command]/usr/bin/git config --local --get-all includeif.gitdir:/home/runner/work/devbar/devbar/.git/worktrees/*.path
2026-09-14T09:18:49.0043377Z /home/runner/work/_temp/git-credentials-4719a8db-5585-47fb-ac87-72a449917611.config
2026-09-14T09:18:49.0049711Z [command]/usr/bin/git config --local --unset includeif.gitdir:/home/runner/work/devbar/devbar/.git/worktrees/*.path \/home\/runner\/work\/_temp\/git\-credentials\-4719a8db\-5585\-47fb\-ac87\-72a449917611\.config
2026-09-14T09:18:49.0078330Z [command]/usr/bin/git config --local --get-all includeif.gitdir:/github/workspace/.git.path
2026-09-14T09:18:49.0100492Z /github/runner_temp/git-credentials-4719a8db-5585-47fb-ac87-72a449917611.config
2026-09-14T09:18:49.0108221Z [command]/usr/bin/git config --local --unset includeif.gitdir:/github/workspace/.git.path \/github\/runner_temp\/git\-credentials\-4719a8db\-5585\-47fb\-ac87\-72a449917611\.config
2026-09-14T09:18:49.0139943Z [command]/usr/bin/git config --local --get-all includeif.gitdir:/github/workspace/.git/worktrees/*.path
2026-09-14T09:18:49.0162606Z /github/runner_temp/git-credentials-4719a8db-5585-47fb-ac87-72a449917611.config
2026-09-14T09:18:49.0220970Z [command]/usr/bin/git config --local --unset includeif.gitdir:/github/workspace/.git/worktrees/*.path \/github\/runner_temp\/git\-credentials\-4719a8db\-5585\-47fb\-ac87\-72a449917611\.config
2026-09-14T09:18:49.0255818Z [command]/usr/bin/git submodule foreach --recursive git config --local --show-origin --name-only --get-regexp remote.origin.url
2026-09-14T09:18:49.0448453Z Removing credentials config '/home/runner/work/_temp/git-credentials-4719a8db-5585-47fb-ac87-72a449917611.config'
2026-09-14T09:18:49.0456598Z ##[endgroup]
2026-09-14T09:18:49.0691158Z ##[group]Run pnpm/action-setup@0977fd99725f1db4007ccb2928dbb4e90d06cc86
2026-09-14T09:18:49.0692317Z with:
2026-09-14T09:18:49.0692966Z   dest: ~/setup-pnpm
2026-09-14T09:18:49.0693676Z   run_install: null
2026-09-14T09:18:49.0694359Z   cache: false
2026-09-14T09:18:49.0695067Z   cache_dependency_path: pnpm-lock.yaml
2026-09-14T09:18:49.0695950Z   package_json_file: package.json
2026-09-14T09:18:49.0696753Z   standalone: false
2026-09-14T09:18:49.0697425Z ##[endgroup]
2026-09-14T09:18:49.1906761Z ##[group]Running self-installer...
2026-09-14T09:18:50.5555328Z 
2026-09-14T09:18:50.5556132Z added 1 package, and audited 2 packages in 1s
2026-09-14T09:18:50.5556468Z 
2026-09-14T09:18:50.5556590Z 1 package is looking for funding
2026-09-14T09:18:50.5556873Z   run `npm fund` for details
2026-09-14T09:18:50.5561757Z 
2026-09-14T09:18:50.5561951Z found 0 vulnerabilities
2026-09-14T09:18:51.0352778Z Checking for updates...
2026-09-14T09:18:51.1545448Z Switching pnpm from v11.19.0 to v10.32.1...
2026-09-14T09:18:51.5104944Z .../v11/864-1a09f364df1-cb64117837b57ab9 | Progress: resolved 1, reused 0, downloaded 0, added 0
2026-09-14T09:18:51.5120989Z .../v11/864-1a09f364df1-cb64117837b57ab9 |   +1 +
2026-09-14T09:18:51.7179587Z .../v11/864-1a09f364df1-cb64117837b57ab9 | Progress: resolved 1, reused 0, downloaded 1, added 1, done
2026-09-14T09:18:52.0284591Z [WARN] Detected a pnpm v10 installation layout at PNPM_HOME. The pnpm shims at PNPM_HOME have been refreshed so the new version is active, but pnpm v11 expects bins in PNPM_HOME/bin. Run "pnpm setup" to migrate your PATH to the v11 layout.
2026-09-14T09:18:52.0307735Z Successfully updated pnpm to v10.32.1
2026-09-14T09:18:52.0546340Z ##[endgroup]
2026-09-14T09:18:52.0546737Z Installation Completed!
2026-09-14T09:18:52.0724767Z ##[group]Run actions/setup-node@820762786026740c76f36085b0efc47a31fe5020
2026-09-14T09:18:52.0725069Z with:
2026-09-14T09:18:52.0725232Z   node-version: 22
2026-09-14T09:18:52.0725412Z   cache: pnpm
2026-09-14T09:18:52.0725590Z   check-latest: false
2026-09-14T09:18:52.0727828Z   token: ***
2026-09-14T09:18:52.0728015Z   package-manager-cache: true
2026-09-14T09:18:52.0728211Z env:
2026-09-14T09:18:52.0728409Z   PNPM_HOME: /home/runner/setup-pnpm/node_modules/.bin
2026-09-14T09:18:52.0728661Z ##[endgroup]
2026-09-14T09:18:52.1733020Z Found in cache @ /opt/hostedtoolcache/node/22.23.2/x64
2026-09-14T09:18:52.1735662Z ##[group]Environment details
2026-09-14T09:18:52.4621798Z node: v22.23.2
2026-09-14T09:18:52.4622714Z npm: 10.9.8
2026-09-14T09:18:52.4623330Z yarn: 1.22.22
2026-09-14T09:18:52.4623978Z ##[endgroup]
2026-09-14T09:18:52.4639865Z [command]/home/runner/setup-pnpm/node_modules/.bin/bin/pnpm store path --silent
2026-09-14T09:18:52.6702875Z /home/runner/setup-pnpm/node_modules/.bin/store/v10
2026-09-14T09:18:52.7923675Z Cache hit for: node-cache-Linux-x64-pnpm-83528be4bfacfab174cb4589cc6560b2987ff34bb71b9519b61a7c1fb63cbec1
2026-09-14T09:18:53.5124358Z Received 72015995 of 72015995 (100.0%), 113.0 MBs/sec
2026-09-14T09:18:53.5124795Z Cache Size: ~69 MB (72015995 B)
2026-09-14T09:18:53.5208002Z [command]/usr/bin/tar -xf /home/runner/work/_temp/6b4258e9-e099-4ca8-9d4e-acd6c00962da/cache.tzst -P -C /home/runner/work/devbar/devbar --use-compress-program unzstd
2026-09-14T09:18:54.0943921Z Cache restored successfully
2026-09-14T09:18:54.0979019Z Cache restored from key: node-cache-Linux-x64-pnpm-83528be4bfacfab174cb4589cc6560b2987ff34bb71b9519b61a7c1fb63cbec1
2026-09-14T09:18:54.1110977Z ##[group]Run echo "version=$(node -p "require('./package.json').version")" >> "$GITHUB_OUTPUT"
2026-09-14T09:18:54.1111577Z [36;1mecho "version=$(node -p "require('./package.json').version")" >> "$GITHUB_OUTPUT"[0m
2026-09-14T09:18:54.1151706Z shell: /usr/bin/bash --noprofile --norc -e -o pipefail {0}
2026-09-14T09:18:54.1152005Z env:
2026-09-14T09:18:54.1152245Z   PNPM_HOME: /home/runner/setup-pnpm/node_modules/.bin
2026-09-14T09:18:54.1152513Z ##[endgroup]
2026-09-14T09:18:54.2045049Z ##[group]Run actions/cache@55cc8345863c7cc4c66a329aec7e433d2d1c52a9
2026-09-14T09:18:54.2045354Z with:
2026-09-14T09:18:54.2045597Z   path: ~/.cache/electron
~/.cache/electron-builder

2026-09-14T09:18:54.2045994Z   key: electron-linux-83528be4bfacfab174cb4589cc6560b2987ff34bb71b9519b61a7c1fb63cbec1
2026-09-14T09:18:54.2046357Z   enableCrossOsArchive: false
2026-09-14T09:18:54.2046564Z   fail-on-cache-miss: false
2026-09-14T09:18:54.2046753Z   lookup-only: false
2026-09-14T09:18:54.2046931Z   save-always: false
2026-09-14T09:18:54.2047092Z env:
2026-09-14T09:18:54.2047288Z   PNPM_HOME: /home/runner/setup-pnpm/node_modules/.bin
2026-09-14T09:18:54.2047528Z ##[endgroup]
2026-09-14T09:18:54.3956676Z Cache not found for input keys: electron-linux-83528be4bfacfab174cb4589cc6560b2987ff34bb71b9519b61a7c1fb63cbec1
2026-09-14T09:18:54.4031736Z ##[group]Run pnpm install --frozen-lockfile
2026-09-14T09:18:54.4032049Z [36;1mpnpm install --frozen-lockfile[0m
2026-09-14T09:18:54.4065864Z shell: /usr/bin/bash -e {0}
2026-09-14T09:18:54.4066085Z env:
2026-09-14T09:18:54.4066298Z   PNPM_HOME: /home/runner/setup-pnpm/node_modules/.bin
2026-09-14T09:18:54.4066564Z ##[endgroup]
2026-09-14T09:18:54.6548002Z Lockfile is up to date, resolution step is skipped
2026-09-14T09:18:54.8081755Z Packages: +481
2026-09-14T09:18:54.8111088Z ++++++++++++++++++++++++++++++++++++++++++++++++++++++++++++++++++++++++++++++++
2026-09-14T09:18:54.8115989Z Progress: resolved 0, reused 1, downloaded 0, added 0
2026-09-14T09:18:55.8102973Z Progress: resolved 0, reused 465, downloaded 0, added 481, done
2026-09-14T09:18:55.8878846Z 
2026-09-14T09:18:55.9256772Z 
2026-09-14T09:18:55.9257560Z > devbar@0.7.1 postinstall /home/runner/work/devbar/devbar
2026-09-14T09:18:55.9258043Z > node --experimental-strip-types scripts/install-hooks.ts
2026-09-14T09:18:55.9258354Z 
2026-09-14T09:18:55.9885115Z ╭ Warning ─────────────────────────────────────────────────────────────────────╮
2026-09-14T09:18:55.9885756Z │                                                                              │
2026-09-14T09:18:55.9886390Z │   Ignored build scripts: electron-winstaller@5.4.0, esbuild@0.28.2.          │
2026-09-14T09:18:55.9887376Z │   Run "pnpm approve-builds" to pick which dependencies should be allowed     │
2026-09-14T09:18:55.9887947Z │   to run scripts.                                                            │
2026-09-14T09:18:55.9888597Z │                                                                              │
2026-09-14T09:18:55.9889376Z ╰──────────────────────────────────────────────────────────────────────────────╯
2026-09-14T09:18:55.9992943Z Done in 1.5s using pnpm v10.32.1
2026-09-14T09:18:56.0151440Z ##[group]Run pnpm run dist:linux && pnpm run verify:linux
2026-09-14T09:18:56.0151793Z [36;1mpnpm run dist:linux && pnpm run verify:linux[0m
2026-09-14T09:18:56.0185007Z shell: /usr/bin/bash -e {0}
2026-09-14T09:18:56.0185230Z env:
2026-09-14T09:18:56.0185445Z   PNPM_HOME: /home/runner/setup-pnpm/node_modules/.bin
2026-09-14T09:18:56.0185698Z ##[endgroup]
2026-09-14T09:18:56.2751262Z 
2026-09-14T09:18:56.2751969Z > devbar@0.7.1 dist:linux /home/runner/work/devbar/devbar
2026-09-14T09:18:56.2752800Z > pnpm run build && node --experimental-strip-types scripts/package-win-linux.ts linux
2026-09-14T09:18:56.2753163Z 
2026-09-14T09:18:56.4826052Z 
2026-09-14T09:18:56.4826886Z > devbar@0.7.1 build /home/runner/work/devbar/devbar
2026-09-14T09:18:56.4827432Z > bash scripts/build.sh
2026-09-14T09:18:56.4827649Z 
2026-09-14T09:19:03.8302440Z 
2026-09-14T09:19:03.8306363Z   build/src/preload.cjs  8.9kb
2026-09-14T09:19:03.8306670Z 
2026-09-14T09:19:03.8307070Z ⚡ Done in 1ms
2026-09-14T09:19:04.2244619Z   • electron-builder  version=26.16.1 os=6.17.0-1022-azure
2026-09-14T09:19:04.2247637Z   • publishing will be skipped  reason=current build is a part of pull request solution=set env PUBLISH_FOR_PULL_REQUEST to true to force code signing
2026-09-14T09:19:04.2248892Z There are serious security concerns with PUBLISH_FOR_PULL_REQUEST=true (see the  CircleCI documentation (https://circleci.com/docs/1.0/fork-pr-builds/) for details)
2026-09-14T09:19:04.2250352Z If you have SSH keys, sensitive env vars or AWS credentials stored in your project settings and untrusted forks can make pull requests against your repo, then this option isn't for you.
2026-09-14T09:19:04.2321166Z   • author is missed in the package.json  appPackageFile=/home/runner/work/devbar/devbar/package.json
2026-09-14T09:19:04.9195262Z   • executing @electron/rebuild  electronVersion=43.2.0 arch=x64 buildFromSource=false workspaceRoot=/home/runner/work/devbar/devbar projectDir=./ appDir=./
2026-09-14T09:19:04.9196831Z   • installing native dependencies  arch=x64
2026-09-14T09:19:05.0845303Z   • completed installing native dependencies
2026-09-14T09:19:05.0881126Z   • packaging       platform=linux arch=x64 electron=43.2.0 appOutDir=dist/electron-builder/linux-unpacked
2026-09-14T09:19:05.2821589Z   • downloaded      label=electron progress=100%
2026-09-14T09:19:07.3250957Z   • downloaded electron zip extracted successfully  output=/home/runner/work/devbar/devbar/dist/electron-builder/linux-unpacked
2026-09-14T09:19:07.3482545Z   • searching for node modules  pm=pnpm searchDir=/home/runner/work/devbar/devbar
2026-09-14T09:19:08.2889145Z   • duplicate dependency references  dependencies=["type-fest@5.7.0"]
2026-09-14T09:19:09.0018286Z   • building        target=AppImage arch=x64 file=dist/electron-builder/DevBar-0.7.1-linux-x64.AppImage
2026-09-14T09:19:09.0024160Z   • electron uses desktopName as app_id / WM_CLASS for window association. Without it desktop environments may not link running windows to this .desktop entry. Set desktopName in package.json and linux.syncDesktopName: true to fix.  reason=desktopName is not set in package.json docs=https://www.electron.build/linux#window-association-desktopname--syncdesktopname
2026-09-14T09:19:09.0938646Z   • downloaded      label=appimage-12.0.1.7z progress=100%
2026-09-14T09:19:09.2035699Z   • downloaded      label=7zip-linux-x64.tar.gz progress=100%
2026-09-14T09:19:17.7704557Z   • building embedded block map  file=dist/electron-builder/DevBar-0.7.1-linux-x64.AppImage
2026-09-14T09:19:22.6298280Z   • building        target=deb arch=x64 file=dist/electron-builder/DevBar-0.7.1-linux-x64.deb
2026-09-14T09:19:22.6312583Z   • electron uses desktopName as app_id / WM_CLASS for window association. Without it desktop environments may not link running windows to this .desktop entry. Set desktopName in package.json and linux.syncDesktopName: true to fix.  reason=desktopName is not set in package.json docs=https://www.electron.build/linux#window-association-desktopname--syncdesktopname
2026-09-14T09:19:22.7039434Z   • downloaded      label=fpm-1.17.0-ruby-3.4.3-linux-amd64.7z progress=100%
2026-09-14T09:20:18.2988183Z [linux] x64 done
2026-09-14T09:20:18.2994197Z   • electron-builder  version=26.16.1 os=6.17.0-1022-azure
2026-09-14T09:20:18.2997848Z   • publishing will be skipped  reason=current build is a part of pull request solution=set env PUBLISH_FOR_PULL_REQUEST to true to force code signing
2026-09-14T09:20:18.2999083Z There are serious security concerns with PUBLISH_FOR_PULL_REQUEST=true (see the  CircleCI documentation (https://circleci.com/docs/1.0/fork-pr-builds/) for details)
2026-09-14T09:20:18.3000812Z If you have SSH keys, sensitive env vars or AWS credentials stored in your project settings and untrusted forks can make pull requests against your repo, then this option isn't for you.
2026-09-14T09:20:18.3023411Z   • author is missed in the package.json  appPackageFile=/home/runner/work/devbar/devbar/package.json
2026-09-14T09:20:18.5014672Z   • executing @electron/rebuild  electronVersion=43.2.0 arch=arm64 buildFromSource=false workspaceRoot=/home/runner/work/devbar/devbar projectDir=./ appDir=./
2026-09-14T09:20:18.5015356Z   • installing native dependencies  arch=arm64
2026-09-14T09:20:18.5993081Z   • completed installing native dependencies
2026-09-14T09:20:18.6026418Z   • packaging       platform=linux arch=arm64 electron=43.2.0 appOutDir=dist/electron-builder/linux-arm64-unpacked
2026-09-14T09:20:18.7464852Z   • downloaded      label=electron progress=100%
2026-09-14T09:20:21.1472501Z   • downloaded electron zip extracted successfully  output=/home/runner/work/devbar/devbar/dist/electron-builder/linux-arm64-unpacked
2026-09-14T09:20:21.1646621Z   • searching for node modules  pm=pnpm searchDir=/home/runner/work/devbar/devbar
2026-09-14T09:20:22.0790980Z   • duplicate dependency references  dependencies=["type-fest@5.7.0"]
2026-09-14T09:20:22.8831385Z   • building        target=AppImage arch=arm64 file=dist/electron-builder/DevBar-0.7.1-linux-arm64.AppImage
2026-09-14T09:20:22.8837051Z   • electron uses desktopName as app_id / WM_CLASS for window association. Without it desktop environments may not link running windows to this .desktop entry. Set desktopName in package.json and linux.syncDesktopName: true to fix.  reason=desktopName is not set in package.json docs=https://www.electron.build/linux#window-association-desktopname--syncdesktopname
2026-09-14T09:20:30.2550031Z   • building embedded block map  file=dist/electron-builder/DevBar-0.7.1-linux-arm64.AppImage
2026-09-14T09:20:35.5653822Z   • building        target=deb arch=arm64 file=dist/electron-builder/DevBar-0.7.1-linux-arm64.deb
2026-09-14T09:20:35.5666699Z   • electron uses desktopName as app_id / WM_CLASS for window association. Without it desktop environments may not link running windows to this .desktop entry. Set desktopName in package.json and linux.syncDesktopName: true to fix.  reason=desktopName is not set in package.json docs=https://www.electron.build/linux#window-association-desktopname--syncdesktopname
2026-09-14T09:21:21.7459938Z [linux] arm64 done
2026-09-14T09:21:21.7466038Z   • electron-builder  version=26.16.1 os=6.17.0-1022-azure
2026-09-14T09:21:21.7471060Z   • publishing will be skipped  reason=current build is a part of pull request solution=set env PUBLISH_FOR_PULL_REQUEST to true to force code signing
2026-09-14T09:21:21.7472974Z There are serious security concerns with PUBLISH_FOR_PULL_REQUEST=true (see the  CircleCI documentation (https://circleci.com/docs/1.0/fork-pr-builds/) for details)
2026-09-14T09:21:21.7475229Z If you have SSH keys, sensitive env vars or AWS credentials stored in your project settings and untrusted forks can make pull requests against your repo, then this option isn't for you.
2026-09-14T09:21:21.7494161Z   • author is missed in the package.json  appPackageFile=/home/runner/work/devbar/devbar/package.json
2026-09-14T09:21:21.9790363Z   • executing @electron/rebuild  electronVersion=43.2.0 arch=armv7l buildFromSource=false workspaceRoot=/home/runner/work/devbar/devbar projectDir=./ appDir=./
2026-09-14T09:21:21.9791836Z   • installing native dependencies  arch=armv7l
2026-09-14T09:21:22.0752994Z   • completed installing native dependencies
2026-09-14T09:21:22.0786065Z   • packaging       platform=linux arch=armv7l electron=43.2.0 appOutDir=dist/electron-builder/linux-armv7l-unpacked
2026-09-14T09:21:22.2765981Z   • downloaded      label=electron progress=100%
2026-09-14T09:21:24.2712627Z   • downloaded electron zip extracted successfully  output=/home/runner/work/devbar/devbar/dist/electron-builder/linux-armv7l-unpacked
2026-09-14T09:21:24.2820822Z   • searching for node modules  pm=pnpm searchDir=/home/runner/work/devbar/devbar
2026-09-14T09:21:25.1897901Z   • duplicate dependency references  dependencies=["type-fest@5.7.0"]
2026-09-14T09:21:25.9112107Z   • building        target=AppImage arch=armv7l file=dist/electron-builder/DevBar-0.7.1-linux-armv7.AppImage
2026-09-14T09:21:25.9116483Z   • electron uses desktopName as app_id / WM_CLASS for window association. Without it desktop environments may not link running windows to this .desktop entry. Set desktopName in package.json and linux.syncDesktopName: true to fix.  reason=desktopName is not set in package.json docs=https://www.electron.build/linux#window-association-desktopname--syncdesktopname
2026-09-14T09:21:31.8414073Z   • building embedded block map  file=dist/electron-builder/DevBar-0.7.1-linux-armv7.AppImage
2026-09-14T09:21:36.9973880Z   • building        target=deb arch=armv7l file=dist/electron-builder/DevBar-0.7.1-linux-armv7.deb
2026-09-14T09:21:36.9985540Z   • electron uses desktopName as app_id / WM_CLASS for window association. Without it desktop environments may not link running windows to this .desktop entry. Set desktopName in package.json and linux.syncDesktopName: true to fix.  reason=desktopName is not set in package.json docs=https://www.electron.build/linux#window-association-desktopname--syncdesktopname
2026-09-14T09:22:14.4431137Z [linux] armv7 done
2026-09-14T09:22:14.6975003Z 
2026-09-14T09:22:14.6975769Z > devbar@0.7.1 verify:linux /home/runner/work/devbar/devbar
2026-09-14T09:22:14.6976233Z > pnpm run build && node build/scripts/verify-linux-release.js
2026-09-14T09:22:14.6976445Z 
2026-09-14T09:22:14.9022451Z 
2026-09-14T09:22:14.9023135Z > devbar@0.7.1 build /home/runner/work/devbar/devbar
2026-09-14T09:22:14.9023573Z > bash scripts/build.sh
2026-09-14T09:22:14.9023697Z 
2026-09-14T09:22:21.7287795Z 
2026-09-14T09:22:21.7288302Z   build/src/preload.cjs  8.9kb
2026-09-14T09:22:21.7288567Z 
2026-09-14T09:22:21.7288939Z ⚡ Done in 2ms
2026-09-14T09:22:21.7734474Z DevBar-0.7.1-linux-x64.AppImage is missing or empty: /home/runner/work/devbar/devbar/build/dist/electron-builder/DevBar-0.7.1-linux-x64.AppImage
2026-09-14T09:22:21.7871113Z  ELIFECYCLE  Command failed with exit code 1.
2026-09-14T09:22:21.8062299Z ##[error]Process completed with exit code 1.
2026-09-14T09:22:21.8149321Z Post job cleanup.
2026-09-14T09:22:21.9265939Z Pruning is unnecessary.
2026-09-14T09:22:21.9434155Z Post job cleanup.
2026-09-14T09:22:22.0200883Z [command]/usr/bin/git version
2026-09-14T09:22:22.0225313Z git version 2.55.0
2026-09-14T09:22:22.0253780Z Temporarily overriding HOME='/home/runner/work/_temp/dc492b55-d4d2-4faa-969f-21634dea65e8' before making global git config changes
2026-09-14T09:22:22.0254894Z Adding repository directory to the temporary git global config as a safe directory
2026-09-14T09:22:22.0257512Z [command]/usr/bin/git config --global --add safe.directory /home/runner/work/devbar/devbar
2026-09-14T09:22:22.0284440Z Removing SSH command configuration
2026-09-14T09:22:22.0289445Z [command]/usr/bin/git config --local --name-only --get-regexp core\.sshCommand
2026-09-14T09:22:22.0318549Z [command]/usr/bin/git submodule foreach --recursive sh -c "git config --local --name-only --get-regexp 'core\.sshCommand' && git config --local --unset-all 'core.sshCommand' || :"
2026-09-14T09:22:22.0516156Z Removing HTTP extra header
2026-09-14T09:22:22.0521583Z [command]/usr/bin/git config --local --name-only --get-regexp http\.https\:\/\/github\.com\/\.extraheader
2026-09-14T09:22:22.0551620Z [command]/usr/bin/git submodule foreach --recursive sh -c "git config --local --name-only --get-regexp 'http\.https\:\/\/github\.com\/\.extraheader' && git config --local --unset-all 'http.https://github.com/.extraheader' || :"
2026-09-14T09:22:22.0756921Z Removing includeIf entries pointing to credentials config files
2026-09-14T09:22:22.0764072Z [command]/usr/bin/git config --local --name-only --get-regexp ^includeIf\.gitdir:
2026-09-14T09:22:22.0791373Z [command]/usr/bin/git submodule foreach --recursive git config --local --show-origin --name-only --get-regexp remote.origin.url
2026-09-14T09:22:22.1128115Z Cleaning up orphan processes
