2026-09-14T12:30:06.3383022Z Current runner version: '2.337.0'
2026-09-14T12:30:06.3422085Z ##[group]Runner Image Provisioner
2026-09-14T12:30:06.3423659Z Hosted Compute Agent
2026-09-14T12:30:06.3424776Z Version: 20260828.587
2026-09-14T12:30:06.3426006Z Commit: abac92662cab4cc7352de4f9f9d2e2419aad9c29
2026-09-14T12:30:06.3427605Z Build Date: 2026-08-28T16:44:25Z
2026-09-14T12:30:06.3428866Z Worker ID: {c15e4da2-9315-4549-8b9b-8989747c5183}
2026-09-14T12:30:06.3430389Z Azure Region: centralus
2026-09-14T12:30:06.3431462Z ##[endgroup]
2026-09-14T12:30:06.3433973Z ##[group]Operating System
2026-09-14T12:30:06.3435046Z Ubuntu
2026-09-14T12:30:06.3435901Z 24.04.5
2026-09-14T12:30:06.3437291Z LTS
2026-09-14T12:30:06.3438174Z ##[endgroup]
2026-09-14T12:30:06.3439248Z ##[group]Runner Image
2026-09-14T12:30:06.3440315Z Image: ubuntu-24.04
2026-09-14T12:30:06.3441368Z Version: 20260907.300.1
2026-09-14T12:30:06.3443803Z Included Software: https://github.com/actions/runner-images/blob/ubuntu24/20260907.300/images/ubuntu/Ubuntu2404-Readme.md
2026-09-14T12:30:06.3447053Z Image Release: https://github.com/actions/runner-images/releases/tag/ubuntu24%2F20260907.300
2026-09-14T12:30:06.3448903Z ##[endgroup]
2026-09-14T12:30:06.3450580Z ##[group]GITHUB_TOKEN Permissions
2026-09-14T12:30:06.3453659Z Contents: read
2026-09-14T12:30:06.3454585Z Metadata: read
2026-09-14T12:30:06.3455532Z ##[endgroup]
2026-09-14T12:30:06.3459125Z Secret source: Actions
2026-09-14T12:30:06.3460708Z Cache mode: write
2026-09-14T12:30:06.3462073Z Prepare workflow directory
2026-09-14T12:30:06.3835510Z Prepare all required actions
2026-09-14T12:30:06.3885927Z Getting action download info
2026-09-14T12:30:06.6780297Z Download action repository 'actions/checkout@3d3c42e5aac5ba805825da76410c181273ba90b1' (SHA:3d3c42e5aac5ba805825da76410c181273ba90b1)
2026-09-14T12:30:06.7887146Z Download action repository 'pnpm/action-setup@0977fd99725f1db4007ccb2928dbb4e90d06cc86' (SHA:0977fd99725f1db4007ccb2928dbb4e90d06cc86)
2026-09-14T12:30:07.1170057Z Download action repository 'actions/setup-node@820762786026740c76f36085b0efc47a31fe5020' (SHA:820762786026740c76f36085b0efc47a31fe5020)
2026-09-14T12:30:07.1993424Z Download action repository 'actions/cache@55cc8345863c7cc4c66a329aec7e433d2d1c52a9' (SHA:55cc8345863c7cc4c66a329aec7e433d2d1c52a9)
2026-09-14T12:30:07.3111076Z Download action repository 'actions/upload-artifact@043fb46d1a93c77aae656e7c1c64a875d1fc6a0a' (SHA:043fb46d1a93c77aae656e7c1c64a875d1fc6a0a)
2026-09-14T12:30:07.5044050Z Complete job name: Linux release dry run (incl. Raspberry Pi)
2026-09-14T12:30:07.5881648Z ##[group]Run actions/checkout@3d3c42e5aac5ba805825da76410c181273ba90b1
2026-09-14T12:30:07.5882927Z with:
2026-09-14T12:30:07.5883393Z   persist-credentials: false
2026-09-14T12:30:07.5883981Z   repository: juanjoGonDev/devbar
2026-09-14T12:30:07.5888771Z   token: ***
2026-09-14T12:30:07.5889242Z   ssh-strict: true
2026-09-14T12:30:07.5889695Z   ssh-user: git
2026-09-14T12:30:07.5890131Z   clean: true
2026-09-14T12:30:07.5890610Z   sparse-checkout-cone-mode: true
2026-09-14T12:30:07.5891209Z   fetch-depth: 1
2026-09-14T12:30:07.5891980Z   fetch-tags: false
2026-09-14T12:30:07.5892528Z   show-progress: true
2026-09-14T12:30:07.5893009Z   lfs: false
2026-09-14T12:30:07.5893440Z   submodules: false
2026-09-14T12:30:07.5893917Z   set-safe-directory: true
2026-09-14T12:30:07.5894465Z   allow-unsafe-pr-checkout: false
2026-09-14T12:30:07.5895392Z ##[endgroup]
2026-09-14T12:30:07.6902804Z Syncing repository: juanjoGonDev/devbar
2026-09-14T12:30:07.6979305Z ##[group]Getting Git version info
2026-09-14T12:30:07.6980378Z Working directory is '/home/runner/work/devbar/devbar'
2026-09-14T12:30:07.6981838Z [command]/usr/bin/git version
2026-09-14T12:30:07.7026292Z git version 2.55.0
2026-09-14T12:30:07.7051658Z ##[endgroup]
2026-09-14T12:30:07.7063551Z Temporarily overriding HOME='/home/runner/work/_temp/a93c0193-e22a-418e-b35a-95b586915bbf' before making global git config changes
2026-09-14T12:30:07.7067985Z Adding repository directory to the temporary git global config as a safe directory
2026-09-14T12:30:07.7071009Z [command]/usr/bin/git config --global --add safe.directory /home/runner/work/devbar/devbar
2026-09-14T12:30:07.7128346Z Deleting the contents of '/home/runner/work/devbar/devbar'
2026-09-14T12:30:07.7132384Z ##[group]Determining repository object format
2026-09-14T12:30:07.7134508Z ##[endgroup]
2026-09-14T12:30:07.7136045Z ##[group]Initializing the repository
2026-09-14T12:30:07.7139788Z [command]/usr/bin/git init /home/runner/work/devbar/devbar
2026-09-14T12:30:07.7308807Z hint: Using 'master' as the name for the initial branch. This default branch name
2026-09-14T12:30:07.7311463Z hint: will change to "main" in Git 3.0. To configure the initial branch name
2026-09-14T12:30:07.7315055Z hint: to use in all of your new repositories, which will suppress this warning,
2026-09-14T12:30:07.7317683Z hint: call:
2026-09-14T12:30:07.7318925Z hint:
2026-09-14T12:30:07.7320224Z hint: 	git config --global init.defaultBranch <name>
2026-09-14T12:30:07.7321728Z hint:
2026-09-14T12:30:07.7323409Z hint: Names commonly chosen instead of 'master' are 'main', 'trunk' and
2026-09-14T12:30:07.7327840Z hint: 'development'. The just-created branch can be renamed via this command:
2026-09-14T12:30:07.7330297Z hint:
2026-09-14T12:30:07.7331653Z hint: 	git branch -m <name>
2026-09-14T12:30:07.7332932Z hint:
2026-09-14T12:30:07.7334454Z hint: Disable this message with "git config set advice.defaultBranchName false"
2026-09-14T12:30:07.7337393Z Initialized empty Git repository in /home/runner/work/devbar/devbar/.git/
2026-09-14T12:30:07.7340228Z [command]/usr/bin/git remote add origin https://github.com/juanjoGonDev/devbar
2026-09-14T12:30:07.7391056Z ##[endgroup]
2026-09-14T12:30:07.7392477Z ##[group]Disabling automatic garbage collection
2026-09-14T12:30:07.7393957Z [command]/usr/bin/git config --local gc.auto 0
2026-09-14T12:30:07.7428571Z ##[endgroup]
2026-09-14T12:30:07.7430236Z ##[group]Setting up auth
2026-09-14T12:30:07.7431211Z Removing SSH command configuration
2026-09-14T12:30:07.7436364Z [command]/usr/bin/git config --local --name-only --get-regexp core\.sshCommand
2026-09-14T12:30:07.7474269Z [command]/usr/bin/git submodule foreach --recursive sh -c "git config --local --name-only --get-regexp 'core\.sshCommand' && git config --local --unset-all 'core.sshCommand' || :"
2026-09-14T12:30:07.7880970Z Removing HTTP extra header
2026-09-14T12:30:07.7887061Z [command]/usr/bin/git config --local --name-only --get-regexp http\.https\:\/\/github\.com\/\.extraheader
2026-09-14T12:30:07.7923512Z [command]/usr/bin/git submodule foreach --recursive sh -c "git config --local --name-only --get-regexp 'http\.https\:\/\/github\.com\/\.extraheader' && git config --local --unset-all 'http.https://github.com/.extraheader' || :"
2026-09-14T12:30:07.8141540Z Removing includeIf entries pointing to credentials config files
2026-09-14T12:30:07.8147419Z [command]/usr/bin/git config --local --name-only --get-regexp ^includeIf\.gitdir:
2026-09-14T12:30:07.8182291Z [command]/usr/bin/git submodule foreach --recursive git config --local --show-origin --name-only --get-regexp remote.origin.url
2026-09-14T12:30:07.8408595Z [command]/usr/bin/git config --file /home/runner/work/_temp/git-credentials-843be4ac-0b7d-48a9-b854-5931c5e0c1a2.config http.https://github.com/.extraheader AUTHORIZATION: basic ***
2026-09-14T12:30:07.8450042Z [command]/usr/bin/git config --local includeIf.gitdir:/home/runner/work/devbar/devbar/.git.path /home/runner/work/_temp/git-credentials-843be4ac-0b7d-48a9-b854-5931c5e0c1a2.config
2026-09-14T12:30:07.8485611Z [command]/usr/bin/git config --local includeIf.gitdir:/home/runner/work/devbar/devbar/.git/worktrees/*.path /home/runner/work/_temp/git-credentials-843be4ac-0b7d-48a9-b854-5931c5e0c1a2.config
2026-09-14T12:30:07.8524047Z [command]/usr/bin/git config --local includeIf.gitdir:/github/workspace/.git.path /github/runner_temp/git-credentials-843be4ac-0b7d-48a9-b854-5931c5e0c1a2.config
2026-09-14T12:30:07.8559263Z [command]/usr/bin/git config --local includeIf.gitdir:/github/workspace/.git/worktrees/*.path /github/runner_temp/git-credentials-843be4ac-0b7d-48a9-b854-5931c5e0c1a2.config
2026-09-14T12:30:07.8588793Z ##[endgroup]
2026-09-14T12:30:07.8589593Z ##[group]Fetching the repository
2026-09-14T12:30:07.8595139Z [command]/usr/bin/git -c protocol.version=2 fetch --no-tags --prune --no-recurse-submodules --depth=1 origin +438b9ec31df1fdd58650aa8046f0200f5e58a02f:refs/remotes/pull/78/merge
2026-09-14T12:30:08.5126899Z From https://github.com/juanjoGonDev/devbar
2026-09-14T12:30:08.5128965Z  * [new ref]         438b9ec31df1fdd58650aa8046f0200f5e58a02f -> pull/78/merge
2026-09-14T12:30:08.5133531Z ##[endgroup]
2026-09-14T12:30:08.5135277Z ##[group]Determining the checkout info
2026-09-14T12:30:08.5137344Z ##[endgroup]
2026-09-14T12:30:08.5138493Z [command]/usr/bin/git sparse-checkout disable
2026-09-14T12:30:08.5195045Z [command]/usr/bin/git config --local --unset-all extensions.worktreeConfig
2026-09-14T12:30:08.5231073Z ##[group]Checking out the ref
2026-09-14T12:30:08.5234710Z [command]/usr/bin/git checkout --progress --force refs/remotes/pull/78/merge
2026-09-14T12:30:08.5473477Z Note: switching to 'refs/remotes/pull/78/merge'.
2026-09-14T12:30:08.5474850Z 
2026-09-14T12:30:08.5475977Z You are in 'detached HEAD' state. You can look around, make experimental
2026-09-14T12:30:08.5478908Z changes and commit them, and you can discard any commits you make in this
2026-09-14T12:30:08.5480866Z state without impacting any branches by switching back to a branch.
2026-09-14T12:30:08.5481995Z 
2026-09-14T12:30:08.5482853Z If you want to create a new branch to retain commits you create, you may
2026-09-14T12:30:08.5484994Z do so (now or later) by using -c with the switch command. Example:
2026-09-14T12:30:08.5486269Z 
2026-09-14T12:30:08.5487276Z   git switch -c <new-branch-name>
2026-09-14T12:30:08.5488623Z 
2026-09-14T12:30:08.5489270Z Or undo this operation with:
2026-09-14T12:30:08.5490144Z 
2026-09-14T12:30:08.5490695Z   git switch -
2026-09-14T12:30:08.5491588Z 
2026-09-14T12:30:08.5493021Z Turn off this advice by setting config variable advice.detachedHead to false
2026-09-14T12:30:08.5494867Z 
2026-09-14T12:30:08.5496835Z HEAD is now at 438b9ec Merge 969c6b36b4118465d3f9d7c07db2baae8b80ea40 into 42a77c630288a92901d0127cde05e7e033cf4dda
2026-09-14T12:30:08.5502103Z ##[endgroup]
2026-09-14T12:30:08.5539164Z [command]/usr/bin/git log -1 --format=%H
2026-09-14T12:30:08.5567766Z 438b9ec31df1fdd58650aa8046f0200f5e58a02f
2026-09-14T12:30:08.5578644Z ##[group]Removing auth
2026-09-14T12:30:08.5580243Z Removing SSH command configuration
2026-09-14T12:30:08.5583039Z [command]/usr/bin/git config --local --name-only --get-regexp core\.sshCommand
2026-09-14T12:30:08.5619770Z [command]/usr/bin/git submodule foreach --recursive sh -c "git config --local --name-only --get-regexp 'core\.sshCommand' && git config --local --unset-all 'core.sshCommand' || :"
2026-09-14T12:30:08.5848912Z Removing HTTP extra header
2026-09-14T12:30:08.5852511Z [command]/usr/bin/git config --local --name-only --get-regexp http\.https\:\/\/github\.com\/\.extraheader
2026-09-14T12:30:08.5892267Z [command]/usr/bin/git submodule foreach --recursive sh -c "git config --local --name-only --get-regexp 'http\.https\:\/\/github\.com\/\.extraheader' && git config --local --unset-all 'http.https://github.com/.extraheader' || :"
2026-09-14T12:30:08.6117925Z Removing includeIf entries pointing to credentials config files
2026-09-14T12:30:08.6120900Z [command]/usr/bin/git config --local --name-only --get-regexp ^includeIf\.gitdir:
2026-09-14T12:30:08.6151645Z includeif.gitdir:/home/runner/work/devbar/devbar/.git.path
2026-09-14T12:30:08.6153809Z includeif.gitdir:/home/runner/work/devbar/devbar/.git/worktrees/*.path
2026-09-14T12:30:08.6155735Z includeif.gitdir:/github/workspace/.git.path
2026-09-14T12:30:08.6157712Z includeif.gitdir:/github/workspace/.git/worktrees/*.path
2026-09-14T12:30:08.6162309Z [command]/usr/bin/git config --local --get-all includeif.gitdir:/home/runner/work/devbar/devbar/.git.path
2026-09-14T12:30:08.6187987Z /home/runner/work/_temp/git-credentials-843be4ac-0b7d-48a9-b854-5931c5e0c1a2.config
2026-09-14T12:30:08.6198617Z [command]/usr/bin/git config --local --unset includeif.gitdir:/home/runner/work/devbar/devbar/.git.path \/home\/runner\/work\/_temp\/git\-credentials\-843be4ac\-0b7d\-48a9\-b854\-5931c5e0c1a2\.config
2026-09-14T12:30:08.6234238Z [command]/usr/bin/git config --local --get-all includeif.gitdir:/home/runner/work/devbar/devbar/.git/worktrees/*.path
2026-09-14T12:30:08.6261825Z /home/runner/work/_temp/git-credentials-843be4ac-0b7d-48a9-b854-5931c5e0c1a2.config
2026-09-14T12:30:08.6271202Z [command]/usr/bin/git config --local --unset includeif.gitdir:/home/runner/work/devbar/devbar/.git/worktrees/*.path \/home\/runner\/work\/_temp\/git\-credentials\-843be4ac\-0b7d\-48a9\-b854\-5931c5e0c1a2\.config
2026-09-14T12:30:08.6305536Z [command]/usr/bin/git config --local --get-all includeif.gitdir:/github/workspace/.git.path
2026-09-14T12:30:08.6331853Z /github/runner_temp/git-credentials-843be4ac-0b7d-48a9-b854-5931c5e0c1a2.config
2026-09-14T12:30:08.6342404Z [command]/usr/bin/git config --local --unset includeif.gitdir:/github/workspace/.git.path \/github\/runner_temp\/git\-credentials\-843be4ac\-0b7d\-48a9\-b854\-5931c5e0c1a2\.config
2026-09-14T12:30:08.6377654Z [command]/usr/bin/git config --local --get-all includeif.gitdir:/github/workspace/.git/worktrees/*.path
2026-09-14T12:30:08.6404511Z /github/runner_temp/git-credentials-843be4ac-0b7d-48a9-b854-5931c5e0c1a2.config
2026-09-14T12:30:08.6453030Z [command]/usr/bin/git config --local --unset includeif.gitdir:/github/workspace/.git/worktrees/*.path \/github\/runner_temp\/git\-credentials\-843be4ac\-0b7d\-48a9\-b854\-5931c5e0c1a2\.config
2026-09-14T12:30:08.6504604Z [command]/usr/bin/git submodule foreach --recursive git config --local --show-origin --name-only --get-regexp remote.origin.url
2026-09-14T12:30:08.6725821Z Removing credentials config '/home/runner/work/_temp/git-credentials-843be4ac-0b7d-48a9-b854-5931c5e0c1a2.config'
2026-09-14T12:30:08.6734235Z ##[endgroup]
2026-09-14T12:30:08.7043933Z ##[group]Run pnpm/action-setup@0977fd99725f1db4007ccb2928dbb4e90d06cc86
2026-09-14T12:30:08.7045897Z with:
2026-09-14T12:30:08.7047258Z   dest: ~/setup-pnpm
2026-09-14T12:30:08.7048504Z   run_install: null
2026-09-14T12:30:08.7049737Z   cache: false
2026-09-14T12:30:08.7051024Z   cache_dependency_path: pnpm-lock.yaml
2026-09-14T12:30:08.7052569Z   package_json_file: package.json
2026-09-14T12:30:08.7053966Z   standalone: false
2026-09-14T12:30:08.7055206Z ##[endgroup]
2026-09-14T12:30:08.8552501Z ##[group]Running self-installer...
2026-09-14T12:30:10.9323857Z 
2026-09-14T12:30:10.9324707Z added 1 package, and audited 2 packages in 2s
2026-09-14T12:30:10.9325067Z 
2026-09-14T12:30:10.9325217Z 1 package is looking for funding
2026-09-14T12:30:10.9325939Z   run `npm fund` for details
2026-09-14T12:30:10.9333374Z 
2026-09-14T12:30:10.9336042Z found 0 vulnerabilities
2026-09-14T12:30:11.5827661Z Checking for updates...
2026-09-14T12:30:11.8163136Z Switching pnpm from v11.19.0 to v10.32.1...
2026-09-14T12:30:18.0909390Z .../v11/952-1a09fe59333-4d71b5055d546289 | Progress: resolved 1, reused 0, downloaded 0, added 0
2026-09-14T12:30:18.0929204Z .../v11/952-1a09fe59333-4d71b5055d546289 |   +1 +
2026-09-14T12:30:18.3904400Z .../v11/952-1a09fe59333-4d71b5055d546289 | Progress: resolved 1, reused 0, downloaded 1, added 1, done
2026-09-14T12:30:18.7858813Z [WARN] Detected a pnpm v10 installation layout at PNPM_HOME. The pnpm shims at PNPM_HOME have been refreshed so the new version is active, but pnpm v11 expects bins in PNPM_HOME/bin. Run "pnpm setup" to migrate your PATH to the v11 layout.
2026-09-14T12:30:18.7886637Z Successfully updated pnpm to v10.32.1
2026-09-14T12:30:18.8161123Z ##[endgroup]
2026-09-14T12:30:18.8162047Z Installation Completed!
2026-09-14T12:30:18.8366191Z ##[group]Run actions/setup-node@820762786026740c76f36085b0efc47a31fe5020
2026-09-14T12:30:18.8366929Z with:
2026-09-14T12:30:18.8367132Z   node-version: 22
2026-09-14T12:30:18.8367348Z   cache: pnpm
2026-09-14T12:30:18.8367550Z   check-latest: false
2026-09-14T12:30:18.8370145Z   token: ***
2026-09-14T12:30:18.8370367Z   package-manager-cache: true
2026-09-14T12:30:18.8370614Z env:
2026-09-14T12:30:18.8370858Z   PNPM_HOME: /home/runner/setup-pnpm/node_modules/.bin
2026-09-14T12:30:18.8371170Z ##[endgroup]
2026-09-14T12:30:18.9653069Z Found in cache @ /opt/hostedtoolcache/node/22.23.2/x64
2026-09-14T12:30:18.9657587Z ##[group]Environment details
2026-09-14T12:30:19.4159073Z node: v22.23.2
2026-09-14T12:30:19.4159773Z npm: 10.9.8
2026-09-14T12:30:19.4160121Z yarn: 1.22.22
2026-09-14T12:30:19.4160992Z ##[endgroup]
2026-09-14T12:30:19.4187472Z [command]/home/runner/setup-pnpm/node_modules/.bin/bin/pnpm store path --silent
2026-09-14T12:30:19.7132813Z /home/runner/setup-pnpm/node_modules/.bin/store/v10
2026-09-14T12:30:19.8747105Z Cache hit for: node-cache-Linux-x64-pnpm-83528be4bfacfab174cb4589cc6560b2987ff34bb71b9519b61a7c1fb63cbec1
2026-09-14T12:30:20.8385716Z Received 72015995 of 72015995 (100.0%), 85.3 MBs/sec
2026-09-14T12:30:20.8387212Z Cache Size: ~69 MB (72015995 B)
2026-09-14T12:30:20.8449971Z [command]/usr/bin/tar -xf /home/runner/work/_temp/199ee3d7-c928-4511-97e5-9721e0d945bb/cache.tzst -P -C /home/runner/work/devbar/devbar --use-compress-program unzstd
2026-09-14T12:30:21.6078764Z Cache restored successfully
2026-09-14T12:30:21.6118466Z Cache restored from key: node-cache-Linux-x64-pnpm-83528be4bfacfab174cb4589cc6560b2987ff34bb71b9519b61a7c1fb63cbec1
2026-09-14T12:30:21.6877602Z ##[group]Run actions/cache@55cc8345863c7cc4c66a329aec7e433d2d1c52a9
2026-09-14T12:30:21.6878015Z with:
2026-09-14T12:30:21.6878278Z   path: ~/.cache/electron
~/.cache/electron-builder

2026-09-14T12:30:21.6878850Z   key: linux-release-validation-83528be4bfacfab174cb4589cc6560b2987ff34bb71b9519b61a7c1fb63cbec1
2026-09-14T12:30:21.6879386Z   enableCrossOsArchive: false
2026-09-14T12:30:21.6879649Z   fail-on-cache-miss: false
2026-09-14T12:30:21.6879887Z   lookup-only: false
2026-09-14T12:30:21.6880098Z   save-always: false
2026-09-14T12:30:21.6880306Z env:
2026-09-14T12:30:21.6880543Z   PNPM_HOME: /home/runner/setup-pnpm/node_modules/.bin
2026-09-14T12:30:21.6880870Z ##[endgroup]
2026-09-14T12:30:21.9425158Z Cache not found for input keys: linux-release-validation-83528be4bfacfab174cb4589cc6560b2987ff34bb71b9519b61a7c1fb63cbec1
2026-09-14T12:30:21.9521848Z ##[group]Run pnpm install --frozen-lockfile
2026-09-14T12:30:21.9522252Z [36;1mpnpm install --frozen-lockfile[0m
2026-09-14T12:30:21.9571010Z shell: /usr/bin/bash -e {0}
2026-09-14T12:30:21.9571284Z env:
2026-09-14T12:30:21.9571542Z   PNPM_HOME: /home/runner/setup-pnpm/node_modules/.bin
2026-09-14T12:30:21.9571870Z ##[endgroup]
2026-09-14T12:30:22.2882384Z Lockfile is up to date, resolution step is skipped
2026-09-14T12:30:22.4777048Z Packages: +481
2026-09-14T12:30:22.4778154Z ++++++++++++++++++++++++++++++++++++++++++++++++++++++++++++++++++++++++++++++++
2026-09-14T12:30:22.4827544Z Progress: resolved 0, reused 1, downloaded 0, added 0
2026-09-14T12:30:23.0909811Z Progress: resolved 0, reused 465, downloaded 0, added 481, done
2026-09-14T12:30:23.2002088Z 
2026-09-14T12:30:23.2589269Z 
2026-09-14T12:30:23.2589958Z > devbar@0.7.1 postinstall /home/runner/work/devbar/devbar
2026-09-14T12:30:23.2590908Z > node --experimental-strip-types scripts/install-hooks.ts
2026-09-14T12:30:23.2591469Z 
2026-09-14T12:30:23.3408533Z ╭ Warning ─────────────────────────────────────────────────────────────────────╮
2026-09-14T12:30:23.3422458Z │                                                                              │
2026-09-14T12:30:23.3424051Z │   Ignored build scripts: electron-winstaller@5.4.0, esbuild@0.28.2.          │
2026-09-14T12:30:23.3425814Z │   Run "pnpm approve-builds" to pick which dependencies should be allowed     │
2026-09-14T12:30:23.3427649Z │   to run scripts.                                                            │
2026-09-14T12:30:23.3428885Z │                                                                              │
2026-09-14T12:30:23.3430087Z ╰──────────────────────────────────────────────────────────────────────────────╯
2026-09-14T12:30:23.3546282Z Done in 1.3s using pnpm v10.32.1
2026-09-14T12:30:23.3791042Z ##[group]Run pnpm run dist:linux && pnpm run verify:linux
2026-09-14T12:30:23.3791497Z [36;1mpnpm run dist:linux && pnpm run verify:linux[0m
2026-09-14T12:30:23.3828474Z shell: /usr/bin/bash -e {0}
2026-09-14T12:30:23.3828738Z env:
2026-09-14T12:30:23.3828993Z   PNPM_HOME: /home/runner/setup-pnpm/node_modules/.bin
2026-09-14T12:30:23.3829303Z ##[endgroup]
2026-09-14T12:30:23.7199889Z 
2026-09-14T12:30:23.7200847Z > devbar@0.7.1 dist:linux /home/runner/work/devbar/devbar
2026-09-14T12:30:23.7201933Z > pnpm run build && node --experimental-strip-types scripts/package-win-linux.ts linux
2026-09-14T12:30:23.7202487Z 
2026-09-14T12:30:23.9943041Z 
2026-09-14T12:30:23.9943851Z > devbar@0.7.1 build /home/runner/work/devbar/devbar
2026-09-14T12:30:23.9944347Z > bash scripts/build.sh
2026-09-14T12:30:23.9944541Z 
2026-09-14T12:30:33.3376383Z 
2026-09-14T12:30:33.3382239Z   build/src/preload.cjs  8.9kb
2026-09-14T12:30:33.3387080Z 
2026-09-14T12:30:33.3388076Z ⚡ Done in 3ms
2026-09-14T12:30:33.8679065Z   • electron-builder  version=26.16.1 os=6.17.0-1022-azure
2026-09-14T12:30:33.8684179Z   • publishing will be skipped  reason=current build is a part of pull request solution=set env PUBLISH_FOR_PULL_REQUEST to true to force code signing
2026-09-14T12:30:33.8686757Z There are serious security concerns with PUBLISH_FOR_PULL_REQUEST=true (see the  CircleCI documentation (https://circleci.com/docs/1.0/fork-pr-builds/) for details)
2026-09-14T12:30:33.8689390Z If you have SSH keys, sensitive env vars or AWS credentials stored in your project settings and untrusted forks can make pull requests against your repo, then this option isn't for you.
2026-09-14T12:30:33.8787491Z   • author is missed in the package.json  appPackageFile=/home/runner/work/devbar/devbar/package.json
2026-09-14T12:30:34.8428519Z   • executing @electron/rebuild  electronVersion=43.2.0 arch=x64 buildFromSource=false workspaceRoot=/home/runner/work/devbar/devbar projectDir=./ appDir=./
2026-09-14T12:30:34.8430181Z   • installing native dependencies  arch=x64
2026-09-14T12:30:34.9817435Z   • completed installing native dependencies
2026-09-14T12:30:34.9860994Z   • packaging       platform=linux arch=x64 electron=43.2.0 appOutDir=dist/electron-builder/linux-unpacked
2026-09-14T12:30:35.2066190Z   • downloaded      label=electron progress=100%
2026-09-14T12:30:38.4572129Z   • downloaded electron zip extracted successfully  output=/home/runner/work/devbar/devbar/dist/electron-builder/linux-unpacked
2026-09-14T12:30:38.4910450Z   • searching for node modules  pm=pnpm searchDir=/home/runner/work/devbar/devbar
2026-09-14T12:30:39.7792789Z   • duplicate dependency references  dependencies=["type-fest@5.7.0"]
2026-09-14T12:30:40.9901972Z   • building        target=AppImage arch=x64 file=dist/electron-builder/DevBar-0.7.1-linux-x64.AppImage
2026-09-14T12:30:40.9908281Z   • electron uses desktopName as app_id / WM_CLASS for window association. Without it desktop environments may not link running windows to this .desktop entry. Set desktopName in package.json and linux.syncDesktopName: true to fix.  reason=desktopName is not set in package.json docs=https://www.electron.build/linux#window-association-desktopname--syncdesktopname
2026-09-14T12:30:41.1687878Z   • downloaded      label=appimage-12.0.1.7z progress=100%
2026-09-14T12:30:41.4347356Z   • downloaded      label=7zip-linux-x64.tar.gz progress=100%
2026-09-14T12:30:49.6847510Z   • building embedded block map  file=dist/electron-builder/DevBar-0.7.1-linux-x64.AppImage
2026-09-14T12:30:55.6206365Z   • building        target=deb arch=x64 file=dist/electron-builder/DevBar-0.7.1-linux-x64.deb
2026-09-14T12:30:55.6225414Z   • electron uses desktopName as app_id / WM_CLASS for window association. Without it desktop environments may not link running windows to this .desktop entry. Set desktopName in package.json and linux.syncDesktopName: true to fix.  reason=desktopName is not set in package.json docs=https://www.electron.build/linux#window-association-desktopname--syncdesktopname
2026-09-14T12:30:55.8079565Z   • downloaded      label=fpm-1.17.0-ruby-3.4.3-linux-amd64.7z progress=100%
2026-09-14T12:31:48.5612210Z [linux] x64 done
2026-09-14T12:31:48.5619790Z   • electron-builder  version=26.16.1 os=6.17.0-1022-azure
2026-09-14T12:31:48.5624560Z   • publishing will be skipped  reason=current build is a part of pull request solution=set env PUBLISH_FOR_PULL_REQUEST to true to force code signing
2026-09-14T12:31:48.5626173Z There are serious security concerns with PUBLISH_FOR_PULL_REQUEST=true (see the  CircleCI documentation (https://circleci.com/docs/1.0/fork-pr-builds/) for details)
2026-09-14T12:31:48.5628040Z If you have SSH keys, sensitive env vars or AWS credentials stored in your project settings and untrusted forks can make pull requests against your repo, then this option isn't for you.
2026-09-14T12:31:48.5660434Z   • author is missed in the package.json  appPackageFile=/home/runner/work/devbar/devbar/package.json
2026-09-14T12:31:48.8675006Z   • executing @electron/rebuild  electronVersion=43.2.0 arch=arm64 buildFromSource=false workspaceRoot=/home/runner/work/devbar/devbar projectDir=./ appDir=./
2026-09-14T12:31:48.8675898Z   • installing native dependencies  arch=arm64
2026-09-14T12:31:48.9964044Z   • completed installing native dependencies
2026-09-14T12:31:49.0003307Z   • packaging       platform=linux arch=arm64 electron=43.2.0 appOutDir=dist/electron-builder/linux-arm64-unpacked
2026-09-14T12:31:49.1920248Z   • downloaded      label=electron progress=100%
2026-09-14T12:31:52.3864071Z   • downloaded electron zip extracted successfully  output=/home/runner/work/devbar/devbar/dist/electron-builder/linux-arm64-unpacked
2026-09-14T12:31:52.4099166Z   • searching for node modules  pm=pnpm searchDir=/home/runner/work/devbar/devbar
2026-09-14T12:31:53.6524634Z   • duplicate dependency references  dependencies=["type-fest@5.7.0"]
2026-09-14T12:31:54.8537271Z   • building        target=AppImage arch=arm64 file=dist/electron-builder/DevBar-0.7.1-linux-arm64.AppImage
2026-09-14T12:31:54.8544060Z   • electron uses desktopName as app_id / WM_CLASS for window association. Without it desktop environments may not link running windows to this .desktop entry. Set desktopName in package.json and linux.syncDesktopName: true to fix.  reason=desktopName is not set in package.json docs=https://www.electron.build/linux#window-association-desktopname--syncdesktopname
2026-09-14T12:32:01.8254807Z   • building embedded block map  file=dist/electron-builder/DevBar-0.7.1-linux-arm64.AppImage
2026-09-14T12:32:08.2777938Z   • building        target=deb arch=arm64 file=dist/electron-builder/DevBar-0.7.1-linux-arm64.deb
2026-09-14T12:32:08.2794456Z   • electron uses desktopName as app_id / WM_CLASS for window association. Without it desktop environments may not link running windows to this .desktop entry. Set desktopName in package.json and linux.syncDesktopName: true to fix.  reason=desktopName is not set in package.json docs=https://www.electron.build/linux#window-association-desktopname--syncdesktopname
2026-09-14T12:32:54.5007740Z [linux] arm64 done
2026-09-14T12:32:54.5014557Z   • electron-builder  version=26.16.1 os=6.17.0-1022-azure
2026-09-14T12:32:54.5019787Z   • publishing will be skipped  reason=current build is a part of pull request solution=set env PUBLISH_FOR_PULL_REQUEST to true to force code signing
2026-09-14T12:32:54.5022044Z There are serious security concerns with PUBLISH_FOR_PULL_REQUEST=true (see the  CircleCI documentation (https://circleci.com/docs/1.0/fork-pr-builds/) for details)
2026-09-14T12:32:54.5023581Z If you have SSH keys, sensitive env vars or AWS credentials stored in your project settings and untrusted forks can make pull requests against your repo, then this option isn't for you.
2026-09-14T12:32:54.5052107Z   • author is missed in the package.json  appPackageFile=/home/runner/work/devbar/devbar/package.json
2026-09-14T12:32:54.8070202Z   • executing @electron/rebuild  electronVersion=43.2.0 arch=armv7l buildFromSource=false workspaceRoot=/home/runner/work/devbar/devbar projectDir=./ appDir=./
2026-09-14T12:32:54.8071595Z   • installing native dependencies  arch=armv7l
2026-09-14T12:32:54.9391508Z   • completed installing native dependencies
2026-09-14T12:32:54.9436009Z   • packaging       platform=linux arch=armv7l electron=43.2.0 appOutDir=dist/electron-builder/linux-armv7l-unpacked
2026-09-14T12:32:55.1743530Z   • downloaded      label=electron progress=100%
2026-09-14T12:32:58.9267215Z   • downloaded electron zip extracted successfully  output=/home/runner/work/devbar/devbar/dist/electron-builder/linux-armv7l-unpacked
2026-09-14T12:32:58.9438755Z   • searching for node modules  pm=pnpm searchDir=/home/runner/work/devbar/devbar
2026-09-14T12:33:00.1947069Z   • duplicate dependency references  dependencies=["type-fest@5.7.0"]
2026-09-14T12:33:01.3445029Z   • building        target=AppImage arch=armv7l file=dist/electron-builder/DevBar-0.7.1-linux-armv7.AppImage
2026-09-14T12:33:01.3452551Z   • electron uses desktopName as app_id / WM_CLASS for window association. Without it desktop environments may not link running windows to this .desktop entry. Set desktopName in package.json and linux.syncDesktopName: true to fix.  reason=desktopName is not set in package.json docs=https://www.electron.build/linux#window-association-desktopname--syncdesktopname
2026-09-14T12:33:07.0750518Z   • building embedded block map  file=dist/electron-builder/DevBar-0.7.1-linux-armv7.AppImage
2026-09-14T12:33:13.3938515Z   • building        target=deb arch=armv7l file=dist/electron-builder/DevBar-0.7.1-linux-armv7.deb
2026-09-14T12:33:13.3952198Z   • electron uses desktopName as app_id / WM_CLASS for window association. Without it desktop environments may not link running windows to this .desktop entry. Set desktopName in package.json and linux.syncDesktopName: true to fix.  reason=desktopName is not set in package.json docs=https://www.electron.build/linux#window-association-desktopname--syncdesktopname
2026-09-14T12:33:52.6401442Z [linux] armv7 done
2026-09-14T12:33:52.9808671Z 
2026-09-14T12:33:52.9809303Z > devbar@0.7.1 verify:linux /home/runner/work/devbar/devbar
2026-09-14T12:33:52.9810074Z > pnpm run build && node build/scripts/verify-linux-release.js
2026-09-14T12:33:52.9810517Z 
2026-09-14T12:33:53.2624307Z 
2026-09-14T12:33:53.2625007Z > devbar@0.7.1 build /home/runner/work/devbar/devbar
2026-09-14T12:33:53.2625485Z > bash scripts/build.sh
2026-09-14T12:33:53.2625681Z 
2026-09-14T12:34:02.5407575Z 
2026-09-14T12:34:02.5408501Z   build/src/preload.cjs  8.9kb
2026-09-14T12:34:02.5408886Z 
2026-09-14T12:34:02.5409377Z ⚡ Done in 2ms
2026-09-14T12:34:02.5911524Z Verified 6 linux artifacts for v0.7.1 in /home/runner/work/devbar/devbar/dist/electron-builder
2026-09-14T12:34:02.5913739Z ok: DevBar-0.7.1-linux-x64.AppImage (AppImage magic)
2026-09-14T12:34:02.5914547Z ok: DevBar-0.7.1-linux-arm64.AppImage (AppImage magic)
2026-09-14T12:34:02.5915380Z ok: DevBar-0.7.1-linux-armv7.AppImage (AppImage magic)
2026-09-14T12:34:07.9057830Z ok: DevBar-0.7.1-linux-x64.deb (dpkg -c: desktop entry + icon present)
2026-09-14T12:34:13.0262972Z ok: DevBar-0.7.1-linux-arm64.deb (dpkg -c: desktop entry + icon present)
2026-09-14T12:34:18.2443918Z ok: DevBar-0.7.1-linux-armv7.deb (dpkg -c: desktop entry + icon present)
2026-09-14T12:34:18.2650691Z ##[group]Run set -euo pipefail
2026-09-14T12:34:18.2651039Z [36;1mset -euo pipefail[0m
2026-09-14T12:34:18.2651388Z [36;1mVERSION=$(node -p "require('./package.json').version")[0m
2026-09-14T12:34:18.2651867Z [36;1m# AppImage: --appimage-extract-and-run — hosted runners have no[0m
2026-09-14T12:34:18.2652345Z [36;1m# /dev/fuse, so mounting the image would fail; extract-and-run[0m
2026-09-14T12:34:18.2652792Z [36;1m# executes the same payload (what the smoke validates). xvfb[0m
2026-09-14T12:34:18.2653165Z [36;1m# provides the display.[0m
2026-09-14T12:34:18.2653857Z [36;1mxvfb-run -a "dist/electron-builder/DevBar-${VERSION}-linux-x64.AppImage" --appimage-extract-and-run --devbar-smoke 2>&1 | tee smoke-linux-appimage.log[0m
2026-09-14T12:34:18.2654820Z [36;1mgrep -q DEVBAR_SMOKE_OK smoke-linux-appimage.log[0m
2026-09-14T12:34:18.2655264Z [36;1m# .deb: apt resolves package dependencies (the runner image lacks[0m
2026-09-14T12:34:18.2655767Z [36;1m# some Electron libraries; plain dpkg -i would fail); then launch[0m
2026-09-14T12:34:18.2656150Z [36;1m# the installed binary.[0m
2026-09-14T12:34:18.2657001Z [36;1msudo apt-get install -y "dist/electron-builder/DevBar-${VERSION}-linux-x64.deb"[0m
2026-09-14T12:34:18.2657607Z [36;1mxvfb-run -a /usr/bin/devbar --devbar-smoke 2>&1 | tee smoke-linux-deb.log[0m
2026-09-14T12:34:18.2658066Z [36;1mgrep -q DEVBAR_SMOKE_OK smoke-linux-deb.log[0m
2026-09-14T12:34:18.2694326Z shell: /usr/bin/bash -e {0}
2026-09-14T12:34:18.2694578Z env:
2026-09-14T12:34:18.2694836Z   PNPM_HOME: /home/runner/setup-pnpm/node_modules/.bin
2026-09-14T12:34:18.2695151Z ##[endgroup]
2026-09-14T12:34:20.2062692Z /tmp/appimage_extracted_1c5ae7aa6f78f3bd356cb7473c0bb7f7/.DirIcon
2026-09-14T12:34:20.2063835Z /tmp/appimage_extracted_1c5ae7aa6f78f3bd356cb7473c0bb7f7/AppRun
2026-09-14T12:34:20.2064601Z /tmp/appimage_extracted_1c5ae7aa6f78f3bd356cb7473c0bb7f7/LICENSE.electron.txt
2026-09-14T12:34:20.2065396Z /tmp/appimage_extracted_1c5ae7aa6f78f3bd356cb7473c0bb7f7/LICENSES.chromium.html
2026-09-14T12:34:20.2066143Z /tmp/appimage_extracted_1c5ae7aa6f78f3bd356cb7473c0bb7f7/chrome-sandbox
2026-09-14T12:34:20.2067126Z /tmp/appimage_extracted_1c5ae7aa6f78f3bd356cb7473c0bb7f7/chrome_100_percent.pak
2026-09-14T12:34:20.2067888Z /tmp/appimage_extracted_1c5ae7aa6f78f3bd356cb7473c0bb7f7/chrome_200_percent.pak
2026-09-14T12:34:20.2068648Z /tmp/appimage_extracted_1c5ae7aa6f78f3bd356cb7473c0bb7f7/chrome_crashpad_handler
2026-09-14T12:34:20.2069326Z /tmp/appimage_extracted_1c5ae7aa6f78f3bd356cb7473c0bb7f7/devbar
2026-09-14T12:34:20.2069973Z /tmp/appimage_extracted_1c5ae7aa6f78f3bd356cb7473c0bb7f7/devbar.desktop
2026-09-14T12:34:20.2070639Z /tmp/appimage_extracted_1c5ae7aa6f78f3bd356cb7473c0bb7f7/devbar.png
2026-09-14T12:34:20.2071273Z /tmp/appimage_extracted_1c5ae7aa6f78f3bd356cb7473c0bb7f7/icudtl.dat
2026-09-14T12:34:20.2071902Z /tmp/appimage_extracted_1c5ae7aa6f78f3bd356cb7473c0bb7f7/libEGL.so
2026-09-14T12:34:20.2072544Z /tmp/appimage_extracted_1c5ae7aa6f78f3bd356cb7473c0bb7f7/libGLESv2.so
2026-09-14T12:34:20.2073204Z /tmp/appimage_extracted_1c5ae7aa6f78f3bd356cb7473c0bb7f7/libffmpeg.so
2026-09-14T12:34:20.2073907Z /tmp/appimage_extracted_1c5ae7aa6f78f3bd356cb7473c0bb7f7/libvk_swiftshader.so
2026-09-14T12:34:20.2074550Z /tmp/appimage_extracted_1c5ae7aa6f78f3bd356cb7473c0bb7f7/libvulkan.so.1
2026-09-14T12:34:20.2075109Z /tmp/appimage_extracted_1c5ae7aa6f78f3bd356cb7473c0bb7f7/locales
2026-09-14T12:34:20.2075650Z /tmp/appimage_extracted_1c5ae7aa6f78f3bd356cb7473c0bb7f7/locales/af.pak
2026-09-14T12:34:20.2076191Z /tmp/appimage_extracted_1c5ae7aa6f78f3bd356cb7473c0bb7f7/locales/am.pak
2026-09-14T12:34:20.2076863Z /tmp/appimage_extracted_1c5ae7aa6f78f3bd356cb7473c0bb7f7/locales/ar.pak
2026-09-14T12:34:20.2077390Z /tmp/appimage_extracted_1c5ae7aa6f78f3bd356cb7473c0bb7f7/locales/bg.pak
2026-09-14T12:34:20.2077929Z /tmp/appimage_extracted_1c5ae7aa6f78f3bd356cb7473c0bb7f7/locales/bn.pak
2026-09-14T12:34:20.2078725Z /tmp/appimage_extracted_1c5ae7aa6f78f3bd356cb7473c0bb7f7/locales/ca.pak
2026-09-14T12:34:20.2079330Z /tmp/appimage_extracted_1c5ae7aa6f78f3bd356cb7473c0bb7f7/locales/cs.pak
2026-09-14T12:34:20.2079868Z /tmp/appimage_extracted_1c5ae7aa6f78f3bd356cb7473c0bb7f7/locales/da.pak
2026-09-14T12:34:20.2080410Z /tmp/appimage_extracted_1c5ae7aa6f78f3bd356cb7473c0bb7f7/locales/de.pak
2026-09-14T12:34:20.2080945Z /tmp/appimage_extracted_1c5ae7aa6f78f3bd356cb7473c0bb7f7/locales/el.pak
2026-09-14T12:34:20.2081496Z /tmp/appimage_extracted_1c5ae7aa6f78f3bd356cb7473c0bb7f7/locales/en-GB.pak
2026-09-14T12:34:20.2082066Z /tmp/appimage_extracted_1c5ae7aa6f78f3bd356cb7473c0bb7f7/locales/en-US.pak
2026-09-14T12:34:20.2082643Z /tmp/appimage_extracted_1c5ae7aa6f78f3bd356cb7473c0bb7f7/locales/es-419.pak
2026-09-14T12:34:20.2083200Z /tmp/appimage_extracted_1c5ae7aa6f78f3bd356cb7473c0bb7f7/locales/es.pak
2026-09-14T12:34:20.2083891Z /tmp/appimage_extracted_1c5ae7aa6f78f3bd356cb7473c0bb7f7/locales/et.pak
2026-09-14T12:34:20.2084430Z /tmp/appimage_extracted_1c5ae7aa6f78f3bd356cb7473c0bb7f7/locales/fa.pak
2026-09-14T12:34:20.2084970Z /tmp/appimage_extracted_1c5ae7aa6f78f3bd356cb7473c0bb7f7/locales/fi.pak
2026-09-14T12:34:20.2085520Z /tmp/appimage_extracted_1c5ae7aa6f78f3bd356cb7473c0bb7f7/locales/fil.pak
2026-09-14T12:34:20.2086062Z /tmp/appimage_extracted_1c5ae7aa6f78f3bd356cb7473c0bb7f7/locales/fr.pak
2026-09-14T12:34:20.2086726Z /tmp/appimage_extracted_1c5ae7aa6f78f3bd356cb7473c0bb7f7/locales/gu.pak
2026-09-14T12:34:20.2087262Z /tmp/appimage_extracted_1c5ae7aa6f78f3bd356cb7473c0bb7f7/locales/he.pak
2026-09-14T12:34:20.2087791Z /tmp/appimage_extracted_1c5ae7aa6f78f3bd356cb7473c0bb7f7/locales/hi.pak
2026-09-14T12:34:20.2088319Z /tmp/appimage_extracted_1c5ae7aa6f78f3bd356cb7473c0bb7f7/locales/hr.pak
2026-09-14T12:34:20.2088852Z /tmp/appimage_extracted_1c5ae7aa6f78f3bd356cb7473c0bb7f7/locales/hu.pak
2026-09-14T12:34:20.2089385Z /tmp/appimage_extracted_1c5ae7aa6f78f3bd356cb7473c0bb7f7/locales/id.pak
2026-09-14T12:34:20.2089914Z /tmp/appimage_extracted_1c5ae7aa6f78f3bd356cb7473c0bb7f7/locales/it.pak
2026-09-14T12:34:20.2090454Z /tmp/appimage_extracted_1c5ae7aa6f78f3bd356cb7473c0bb7f7/locales/ja.pak
2026-09-14T12:34:20.2090986Z /tmp/appimage_extracted_1c5ae7aa6f78f3bd356cb7473c0bb7f7/locales/kn.pak
2026-09-14T12:34:20.2091517Z /tmp/appimage_extracted_1c5ae7aa6f78f3bd356cb7473c0bb7f7/locales/ko.pak
2026-09-14T12:34:20.2092053Z /tmp/appimage_extracted_1c5ae7aa6f78f3bd356cb7473c0bb7f7/locales/lt.pak
2026-09-14T12:34:20.2092581Z /tmp/appimage_extracted_1c5ae7aa6f78f3bd356cb7473c0bb7f7/locales/lv.pak
2026-09-14T12:34:20.2093107Z /tmp/appimage_extracted_1c5ae7aa6f78f3bd356cb7473c0bb7f7/locales/ml.pak
2026-09-14T12:34:20.2093641Z /tmp/appimage_extracted_1c5ae7aa6f78f3bd356cb7473c0bb7f7/locales/mr.pak
2026-09-14T12:34:20.2094171Z /tmp/appimage_extracted_1c5ae7aa6f78f3bd356cb7473c0bb7f7/locales/ms.pak
2026-09-14T12:34:20.2094708Z /tmp/appimage_extracted_1c5ae7aa6f78f3bd356cb7473c0bb7f7/locales/nb.pak
2026-09-14T12:34:20.2095243Z /tmp/appimage_extracted_1c5ae7aa6f78f3bd356cb7473c0bb7f7/locales/nl.pak
2026-09-14T12:34:20.2095781Z /tmp/appimage_extracted_1c5ae7aa6f78f3bd356cb7473c0bb7f7/locales/pl.pak
2026-09-14T12:34:20.2096332Z /tmp/appimage_extracted_1c5ae7aa6f78f3bd356cb7473c0bb7f7/locales/pt-BR.pak
2026-09-14T12:34:20.2856065Z /tmp/appimage_extracted_1c5ae7aa6f78f3bd356cb7473c0bb7f7/locales/pt-PT.pak
2026-09-14T12:34:20.2857568Z /tmp/appimage_extracted_1c5ae7aa6f78f3bd356cb7473c0bb7f7/locales/ro.pak
2026-09-14T12:34:20.2858350Z /tmp/appimage_extracted_1c5ae7aa6f78f3bd356cb7473c0bb7f7/locales/ru.pak
2026-09-14T12:34:20.2859093Z /tmp/appimage_extracted_1c5ae7aa6f78f3bd356cb7473c0bb7f7/locales/sk.pak
2026-09-14T12:34:20.2859822Z /tmp/appimage_extracted_1c5ae7aa6f78f3bd356cb7473c0bb7f7/locales/sl.pak
2026-09-14T12:34:20.2860541Z /tmp/appimage_extracted_1c5ae7aa6f78f3bd356cb7473c0bb7f7/locales/sr.pak
2026-09-14T12:34:20.2861294Z /tmp/appimage_extracted_1c5ae7aa6f78f3bd356cb7473c0bb7f7/locales/sv.pak
2026-09-14T12:34:20.2862019Z /tmp/appimage_extracted_1c5ae7aa6f78f3bd356cb7473c0bb7f7/locales/sw.pak
2026-09-14T12:34:20.2863002Z /tmp/appimage_extracted_1c5ae7aa6f78f3bd356cb7473c0bb7f7/locales/ta.pak
2026-09-14T12:34:20.2863898Z /tmp/appimage_extracted_1c5ae7aa6f78f3bd356cb7473c0bb7f7/locales/te.pak
2026-09-14T12:34:20.2864651Z /tmp/appimage_extracted_1c5ae7aa6f78f3bd356cb7473c0bb7f7/locales/th.pak
2026-09-14T12:34:20.2865432Z /tmp/appimage_extracted_1c5ae7aa6f78f3bd356cb7473c0bb7f7/locales/tr.pak
2026-09-14T12:34:20.2866098Z /tmp/appimage_extracted_1c5ae7aa6f78f3bd356cb7473c0bb7f7/locales/uk.pak
2026-09-14T12:34:20.2866950Z /tmp/appimage_extracted_1c5ae7aa6f78f3bd356cb7473c0bb7f7/locales/ur.pak
2026-09-14T12:34:20.2867635Z /tmp/appimage_extracted_1c5ae7aa6f78f3bd356cb7473c0bb7f7/locales/vi.pak
2026-09-14T12:34:20.2868334Z /tmp/appimage_extracted_1c5ae7aa6f78f3bd356cb7473c0bb7f7/locales/zh-CN.pak
2026-09-14T12:34:20.2869190Z /tmp/appimage_extracted_1c5ae7aa6f78f3bd356cb7473c0bb7f7/locales/zh-TW.pak
2026-09-14T12:34:20.2869860Z /tmp/appimage_extracted_1c5ae7aa6f78f3bd356cb7473c0bb7f7/resources
2026-09-14T12:34:20.2870543Z /tmp/appimage_extracted_1c5ae7aa6f78f3bd356cb7473c0bb7f7/resources/app.asar
2026-09-14T12:34:20.2871237Z /tmp/appimage_extracted_1c5ae7aa6f78f3bd356cb7473c0bb7f7/resources.pak
2026-09-14T12:34:20.2871926Z /tmp/appimage_extracted_1c5ae7aa6f78f3bd356cb7473c0bb7f7/snapshot_blob.bin
2026-09-14T12:34:20.2872559Z /tmp/appimage_extracted_1c5ae7aa6f78f3bd356cb7473c0bb7f7/usr
2026-09-14T12:34:20.2873145Z /tmp/appimage_extracted_1c5ae7aa6f78f3bd356cb7473c0bb7f7/usr/lib
2026-09-14T12:34:20.2873820Z /tmp/appimage_extracted_1c5ae7aa6f78f3bd356cb7473c0bb7f7/usr/lib/libXss.so.1
2026-09-14T12:34:20.2874950Z /tmp/appimage_extracted_1c5ae7aa6f78f3bd356cb7473c0bb7f7/usr/lib/libXtst.so.6
2026-09-14T12:34:20.2876068Z /tmp/appimage_extracted_1c5ae7aa6f78f3bd356cb7473c0bb7f7/usr/lib/libappindicator.so.1
2026-09-14T12:34:20.2877450Z /tmp/appimage_extracted_1c5ae7aa6f78f3bd356cb7473c0bb7f7/usr/lib/libgconf-2.so.4
2026-09-14T12:34:20.2878391Z /tmp/appimage_extracted_1c5ae7aa6f78f3bd356cb7473c0bb7f7/usr/lib/libindicator.so.7
2026-09-14T12:34:20.2879058Z /tmp/appimage_extracted_1c5ae7aa6f78f3bd356cb7473c0bb7f7/usr/lib/libnotify.so.4
2026-09-14T12:34:20.2879625Z /tmp/appimage_extracted_1c5ae7aa6f78f3bd356cb7473c0bb7f7/usr/share
2026-09-14T12:34:20.2880160Z /tmp/appimage_extracted_1c5ae7aa6f78f3bd356cb7473c0bb7f7/usr/share/icons
2026-09-14T12:34:20.2880751Z /tmp/appimage_extracted_1c5ae7aa6f78f3bd356cb7473c0bb7f7/usr/share/icons/hicolor
2026-09-14T12:34:20.2881400Z /tmp/appimage_extracted_1c5ae7aa6f78f3bd356cb7473c0bb7f7/usr/share/icons/hicolor/128x128
2026-09-14T12:34:20.2882101Z /tmp/appimage_extracted_1c5ae7aa6f78f3bd356cb7473c0bb7f7/usr/share/icons/hicolor/128x128/apps
2026-09-14T12:34:20.2882869Z /tmp/appimage_extracted_1c5ae7aa6f78f3bd356cb7473c0bb7f7/usr/share/icons/hicolor/128x128/apps/devbar.png
2026-09-14T12:34:20.2883603Z /tmp/appimage_extracted_1c5ae7aa6f78f3bd356cb7473c0bb7f7/usr/share/icons/hicolor/16x16
2026-09-14T12:34:20.2884289Z /tmp/appimage_extracted_1c5ae7aa6f78f3bd356cb7473c0bb7f7/usr/share/icons/hicolor/16x16/apps
2026-09-14T12:34:20.2885045Z /tmp/appimage_extracted_1c5ae7aa6f78f3bd356cb7473c0bb7f7/usr/share/icons/hicolor/16x16/apps/devbar.png
2026-09-14T12:34:20.2885767Z /tmp/appimage_extracted_1c5ae7aa6f78f3bd356cb7473c0bb7f7/usr/share/icons/hicolor/24x24
2026-09-14T12:34:20.2886713Z /tmp/appimage_extracted_1c5ae7aa6f78f3bd356cb7473c0bb7f7/usr/share/icons/hicolor/24x24/apps
2026-09-14T12:34:20.2887636Z /tmp/appimage_extracted_1c5ae7aa6f78f3bd356cb7473c0bb7f7/usr/share/icons/hicolor/24x24/apps/devbar.png
2026-09-14T12:34:20.2888372Z /tmp/appimage_extracted_1c5ae7aa6f78f3bd356cb7473c0bb7f7/usr/share/icons/hicolor/256x256
2026-09-14T12:34:20.2889068Z /tmp/appimage_extracted_1c5ae7aa6f78f3bd356cb7473c0bb7f7/usr/share/icons/hicolor/256x256/apps
2026-09-14T12:34:20.2889833Z /tmp/appimage_extracted_1c5ae7aa6f78f3bd356cb7473c0bb7f7/usr/share/icons/hicolor/256x256/apps/devbar.png
2026-09-14T12:34:20.2890560Z /tmp/appimage_extracted_1c5ae7aa6f78f3bd356cb7473c0bb7f7/usr/share/icons/hicolor/32x32
2026-09-14T12:34:20.2891423Z /tmp/appimage_extracted_1c5ae7aa6f78f3bd356cb7473c0bb7f7/usr/share/icons/hicolor/32x32/apps
2026-09-14T12:34:20.2892189Z /tmp/appimage_extracted_1c5ae7aa6f78f3bd356cb7473c0bb7f7/usr/share/icons/hicolor/32x32/apps/devbar.png
2026-09-14T12:34:20.2892918Z /tmp/appimage_extracted_1c5ae7aa6f78f3bd356cb7473c0bb7f7/usr/share/icons/hicolor/48x48
2026-09-14T12:34:20.2893602Z /tmp/appimage_extracted_1c5ae7aa6f78f3bd356cb7473c0bb7f7/usr/share/icons/hicolor/48x48/apps
2026-09-14T12:34:20.2894353Z /tmp/appimage_extracted_1c5ae7aa6f78f3bd356cb7473c0bb7f7/usr/share/icons/hicolor/48x48/apps/devbar.png
2026-09-14T12:34:20.2895082Z /tmp/appimage_extracted_1c5ae7aa6f78f3bd356cb7473c0bb7f7/usr/share/icons/hicolor/64x64
2026-09-14T12:34:23.6949472Z /t[3177:0914/123423.694216:ERROR:dbus/bus.cc:405] Failed to connect to the bus: Could not parse server address: Unknown address type (examples of valid types are "tcp" and on UNIX "unix")
2026-09-14T12:34:23.7356243Z [3177:0914/123423.735166:ERROR:dbus/bus.cc:405] Failed to connect to the bus: Could not parse server address: Unknown address type (examples of valid types are "tcp" and on UNIX "unix")
2026-09-14T12:34:23.7384826Z [3177:0914/123423.736727:ERROR:dbus/object_proxy.cc:572] Failed to call method: org.freedesktop.DBus.NameHasOwner: object_path= /org/freedesktop/DBus: unknown error type: 
2026-09-14T12:34:23.7390986Z [3177:0914/123423.736807:ERROR:dbus/bus.cc:405] Failed to connect to the bus: Could not parse server address: Unknown address type (examples of valid types are "tcp" and on UNIX "unix")
2026-09-14T12:34:23.8061047Z [3177:0914/123423.805799:ERROR:dbus/object_proxy.cc:572] Failed to call method: org.freedesktop.DBus.NameHasOwner: object_path= /org/freedesktop/DBus: unknown error type: 
2026-09-14T12:34:25.2371226Z DEVBAR_SMOKE_OK
2026-09-14T12:34:25.4023944Z mp/appimage_extracted_1c5ae7aa6f78f3bd356cb7473c0bb7f7/usr/share/icons/hicolor/64x64/apps
2026-09-14T12:34:25.4024917Z /tmp/appimage_extracted_1c5ae7aa6f78f3bd356cb7473c0bb7f7/usr/share/icons/hicolor/64x64/apps/devbar.png
2026-09-14T12:34:25.4025732Z /tmp/appimage_extracted_1c5ae7aa6f78f3bd356cb7473c0bb7f7/v8_context_snapshot.bin
2026-09-14T12:34:25.4026648Z /tmp/appimage_extracted_1c5ae7aa6f78f3bd356cb7473c0bb7f7/vk_swiftshader_icd.json
2026-09-14T12:34:27.6673167Z Reading package lists...
2026-09-14T12:34:27.8504990Z Building dependency tree...
2026-09-14T12:34:27.8517027Z Reading state information...
2026-09-14T12:34:27.8688939Z E: Unable to locate package dist/electron-builder
2026-09-14T12:34:27.8724910Z ##[error]Process completed with exit code 100.
2026-09-14T12:34:27.8830268Z Post job cleanup.
2026-09-14T12:34:28.0267295Z Pruning is unnecessary.
2026-09-14T12:34:28.0434685Z Post job cleanup.
2026-09-14T12:34:28.1365685Z [command]/usr/bin/git version
2026-09-14T12:34:28.1411411Z git version 2.55.0
2026-09-14T12:34:28.1454434Z Temporarily overriding HOME='/home/runner/work/_temp/de874179-4604-41ba-85a6-4cd5e7057d52' before making global git config changes
2026-09-14T12:34:28.1455835Z Adding repository directory to the temporary git global config as a safe directory
2026-09-14T12:34:28.1460657Z [command]/usr/bin/git config --global --add safe.directory /home/runner/work/devbar/devbar
2026-09-14T12:34:28.1492281Z Removing SSH command configuration
2026-09-14T12:34:28.1500099Z [command]/usr/bin/git config --local --name-only --get-regexp core\.sshCommand
2026-09-14T12:34:28.1535840Z [command]/usr/bin/git submodule foreach --recursive sh -c "git config --local --name-only --get-regexp 'core\.sshCommand' && git config --local --unset-all 'core.sshCommand' || :"
2026-09-14T12:34:28.1803016Z Removing HTTP extra header
2026-09-14T12:34:28.1804099Z [command]/usr/bin/git config --local --name-only --get-regexp http\.https\:\/\/github\.com\/\.extraheader
2026-09-14T12:34:28.1843096Z [command]/usr/bin/git submodule foreach --recursive sh -c "git config --local --name-only --get-regexp 'http\.https\:\/\/github\.com\/\.extraheader' && git config --local --unset-all 'http.https://github.com/.extraheader' || :"
2026-09-14T12:34:28.2247393Z Removing includeIf entries pointing to credentials config files
2026-09-14T12:34:28.2248524Z [command]/usr/bin/git config --local --name-only --get-regexp ^includeIf\.gitdir:
2026-09-14T12:34:28.2250705Z [command]/usr/bin/git submodule foreach --recursive git config --local --show-origin --name-only --get-regexp remote.origin.url
2026-09-14T12:34:28.2697527Z Cleaning up orphan processes
