2026-09-14T08:25:35.0175322Z Current runner version: '2.337.0'
2026-09-14T08:25:35.0196285Z ##[group]Runner Image Provisioner
2026-09-14T08:25:35.0197073Z Hosted Compute Agent
2026-09-14T08:25:35.0197578Z Version: 20260828.587
2026-09-14T08:25:35.0198136Z Commit: abac92662cab4cc7352de4f9f9d2e2419aad9c29
2026-09-14T08:25:35.0198995Z Build Date: 2026-08-28T16:44:25Z
2026-09-14T08:25:35.0199577Z Worker ID: {9b273f6a-a88c-43a0-af7b-a8a2c6d36640}
2026-09-14T08:25:35.0200187Z Azure Region: centralus
2026-09-14T08:25:35.0200684Z ##[endgroup]
2026-09-14T08:25:35.0201791Z ##[group]Operating System
2026-09-14T08:25:35.0202353Z Ubuntu
2026-09-14T08:25:35.0202789Z 24.04.5
2026-09-14T08:25:35.0203202Z LTS
2026-09-14T08:25:35.0203759Z ##[endgroup]
2026-09-14T08:25:35.0204275Z ##[group]Runner Image
2026-09-14T08:25:35.0204776Z Image: ubuntu-24.04
2026-09-14T08:25:35.0205252Z Version: 20260907.300.1
2026-09-14T08:25:35.0206327Z Included Software: https://github.com/actions/runner-images/blob/ubuntu24/20260907.300/images/ubuntu/Ubuntu2404-Readme.md
2026-09-14T08:25:35.0207618Z Image Release: https://github.com/actions/runner-images/releases/tag/ubuntu24%2F20260907.300
2026-09-14T08:25:35.0208425Z ##[endgroup]
2026-09-14T08:25:35.0209609Z ##[group]GITHUB_TOKEN Permissions
2026-09-14T08:25:35.0211617Z Contents: read
2026-09-14T08:25:35.0212248Z Metadata: read
2026-09-14T08:25:35.0212988Z ##[endgroup]
2026-09-14T08:25:35.0215488Z Secret source: Actions
2026-09-14T08:25:35.0216689Z Cache mode: write
2026-09-14T08:25:35.0217705Z Prepare workflow directory
2026-09-14T08:25:35.1226787Z Prepare all required actions
2026-09-14T08:25:35.1290178Z Getting action download info
2026-09-14T08:25:35.3840250Z Download action repository 'actions/checkout@3d3c42e5aac5ba805825da76410c181273ba90b1' (SHA:3d3c42e5aac5ba805825da76410c181273ba90b1)
2026-09-14T08:25:35.7452851Z Download action repository 'pnpm/action-setup@0977fd99725f1db4007ccb2928dbb4e90d06cc86' (SHA:0977fd99725f1db4007ccb2928dbb4e90d06cc86)
2026-09-14T08:25:36.0774589Z Download action repository 'actions/setup-node@820762786026740c76f36085b0efc47a31fe5020' (SHA:820762786026740c76f36085b0efc47a31fe5020)
2026-09-14T08:25:36.1739001Z Download action repository 'actions/cache@55cc8345863c7cc4c66a329aec7e433d2d1c52a9' (SHA:55cc8345863c7cc4c66a329aec7e433d2d1c52a9)
2026-09-14T08:25:36.4129944Z Complete job name: ci
2026-09-14T08:25:36.4786042Z ##[group]Run actions/checkout@3d3c42e5aac5ba805825da76410c181273ba90b1
2026-09-14T08:25:36.4787081Z with:
2026-09-14T08:25:36.4787586Z   persist-credentials: false
2026-09-14T08:25:36.4788153Z   repository: juanjoGonDev/devbar
2026-09-14T08:25:36.4792233Z   token: ***
2026-09-14T08:25:36.4792746Z   ssh-strict: true
2026-09-14T08:25:36.4793248Z   ssh-user: git
2026-09-14T08:25:36.4793721Z   clean: true
2026-09-14T08:25:36.4794207Z   sparse-checkout-cone-mode: true
2026-09-14T08:25:36.4794805Z   fetch-depth: 1
2026-09-14T08:25:36.4795319Z   fetch-tags: false
2026-09-14T08:25:36.4795883Z   show-progress: true
2026-09-14T08:25:36.4796388Z   lfs: false
2026-09-14T08:25:36.4796845Z   submodules: false
2026-09-14T08:25:36.4797409Z   set-safe-directory: true
2026-09-14T08:25:36.4797991Z   allow-unsafe-pr-checkout: false
2026-09-14T08:25:36.4798848Z ##[endgroup]
2026-09-14T08:25:36.5676568Z Syncing repository: juanjoGonDev/devbar
2026-09-14T08:25:36.5679715Z ##[group]Getting Git version info
2026-09-14T08:25:36.5680890Z Working directory is '/home/runner/work/devbar/devbar'
2026-09-14T08:25:36.5682696Z [command]/usr/bin/git version
2026-09-14T08:25:36.5708591Z git version 2.55.0
2026-09-14T08:25:36.5724462Z ##[endgroup]
2026-09-14T08:25:36.5731649Z Temporarily overriding HOME='/home/runner/work/_temp/41493de4-febb-4adc-92e2-43ac0d7e38ea' before making global git config changes
2026-09-14T08:25:36.5734016Z Adding repository directory to the temporary git global config as a safe directory
2026-09-14T08:25:36.5735852Z [command]/usr/bin/git config --global --add safe.directory /home/runner/work/devbar/devbar
2026-09-14T08:25:36.5784954Z Deleting the contents of '/home/runner/work/devbar/devbar'
2026-09-14T08:25:36.5789111Z ##[group]Determining repository object format
2026-09-14T08:25:36.5790840Z ##[endgroup]
2026-09-14T08:25:36.5791920Z ##[group]Initializing the repository
2026-09-14T08:25:36.5795911Z [command]/usr/bin/git init /home/runner/work/devbar/devbar
2026-09-14T08:25:36.5902905Z hint: Using 'master' as the name for the initial branch. This default branch name
2026-09-14T08:25:36.5904787Z hint: will change to "main" in Git 3.0. To configure the initial branch name
2026-09-14T08:25:36.5906467Z hint: to use in all of your new repositories, which will suppress this warning,
2026-09-14T08:25:36.5907867Z hint: call:
2026-09-14T08:25:36.5908729Z hint:
2026-09-14T08:25:36.5909813Z hint: 	git config --global init.defaultBranch <name>
2026-09-14T08:25:36.5910977Z hint:
2026-09-14T08:25:36.5912009Z hint: Names commonly chosen instead of 'master' are 'main', 'trunk' and
2026-09-14T08:25:36.5913529Z hint: 'development'. The just-created branch can be renamed via this command:
2026-09-14T08:25:36.5914715Z hint:
2026-09-14T08:25:36.5915458Z hint: 	git branch -m <name>
2026-09-14T08:25:36.5916281Z hint:
2026-09-14T08:25:36.5917297Z hint: Disable this message with "git config set advice.defaultBranchName false"
2026-09-14T08:25:36.5919047Z Initialized empty Git repository in /home/runner/work/devbar/devbar/.git/
2026-09-14T08:25:36.5921729Z [command]/usr/bin/git remote add origin https://github.com/juanjoGonDev/devbar
2026-09-14T08:25:36.5966837Z ##[endgroup]
2026-09-14T08:25:36.5969148Z ##[group]Disabling automatic garbage collection
2026-09-14T08:25:36.5970663Z [command]/usr/bin/git config --local gc.auto 0
2026-09-14T08:25:36.5989703Z ##[endgroup]
2026-09-14T08:25:36.5991219Z ##[group]Setting up auth
2026-09-14T08:25:36.5992176Z Removing SSH command configuration
2026-09-14T08:25:36.5995886Z [command]/usr/bin/git config --local --name-only --get-regexp core\.sshCommand
2026-09-14T08:25:36.6020388Z [command]/usr/bin/git submodule foreach --recursive sh -c "git config --local --name-only --get-regexp 'core\.sshCommand' && git config --local --unset-all 'core.sshCommand' || :"
2026-09-14T08:25:36.6324758Z Removing HTTP extra header
2026-09-14T08:25:36.6331115Z [command]/usr/bin/git config --local --name-only --get-regexp http\.https\:\/\/github\.com\/\.extraheader
2026-09-14T08:25:36.6360018Z [command]/usr/bin/git submodule foreach --recursive sh -c "git config --local --name-only --get-regexp 'http\.https\:\/\/github\.com\/\.extraheader' && git config --local --unset-all 'http.https://github.com/.extraheader' || :"
2026-09-14T08:25:36.6531296Z Removing includeIf entries pointing to credentials config files
2026-09-14T08:25:36.6534913Z [command]/usr/bin/git config --local --name-only --get-regexp ^includeIf\.gitdir:
2026-09-14T08:25:36.6560579Z [command]/usr/bin/git submodule foreach --recursive git config --local --show-origin --name-only --get-regexp remote.origin.url
2026-09-14T08:25:36.6735686Z [command]/usr/bin/git config --file /home/runner/work/_temp/git-credentials-144bd4b7-373c-4a74-bb8b-60ff79c5438b.config http.https://github.com/.extraheader AUTHORIZATION: basic ***
2026-09-14T08:25:36.6765294Z [command]/usr/bin/git config --local includeIf.gitdir:/home/runner/work/devbar/devbar/.git.path /home/runner/work/_temp/git-credentials-144bd4b7-373c-4a74-bb8b-60ff79c5438b.config
2026-09-14T08:25:36.6789707Z [command]/usr/bin/git config --local includeIf.gitdir:/home/runner/work/devbar/devbar/.git/worktrees/*.path /home/runner/work/_temp/git-credentials-144bd4b7-373c-4a74-bb8b-60ff79c5438b.config
2026-09-14T08:25:36.6815454Z [command]/usr/bin/git config --local includeIf.gitdir:/github/workspace/.git.path /github/runner_temp/git-credentials-144bd4b7-373c-4a74-bb8b-60ff79c5438b.config
2026-09-14T08:25:36.6839310Z [command]/usr/bin/git config --local includeIf.gitdir:/github/workspace/.git/worktrees/*.path /github/runner_temp/git-credentials-144bd4b7-373c-4a74-bb8b-60ff79c5438b.config
2026-09-14T08:25:36.6860307Z ##[endgroup]
2026-09-14T08:25:36.6861220Z ##[group]Fetching the repository
2026-09-14T08:25:36.6865579Z [command]/usr/bin/git -c protocol.version=2 fetch --no-tags --prune --no-recurse-submodules --depth=1 origin +a6e6136ab5be83e905728769cf0af04a878a6514:refs/remotes/pull/78/merge
2026-09-14T08:25:37.2712452Z From https://github.com/juanjoGonDev/devbar
2026-09-14T08:25:37.2714469Z  * [new ref]         a6e6136ab5be83e905728769cf0af04a878a6514 -> pull/78/merge
2026-09-14T08:25:37.2718342Z ##[endgroup]
2026-09-14T08:25:37.2719826Z ##[group]Determining the checkout info
2026-09-14T08:25:37.2721413Z ##[endgroup]
2026-09-14T08:25:37.2722534Z [command]/usr/bin/git sparse-checkout disable
2026-09-14T08:25:37.2764887Z [command]/usr/bin/git config --local --unset-all extensions.worktreeConfig
2026-09-14T08:25:37.2790159Z ##[group]Checking out the ref
2026-09-14T08:25:37.2792853Z [command]/usr/bin/git checkout --progress --force refs/remotes/pull/78/merge
2026-09-14T08:25:37.2935250Z Note: switching to 'refs/remotes/pull/78/merge'.
2026-09-14T08:25:37.2936423Z 
2026-09-14T08:25:37.2937226Z You are in 'detached HEAD' state. You can look around, make experimental
2026-09-14T08:25:37.2939438Z changes and commit them, and you can discard any commits you make in this
2026-09-14T08:25:37.2941715Z state without impacting any branches by switching back to a branch.
2026-09-14T08:25:37.2943125Z 
2026-09-14T08:25:37.2944054Z If you want to create a new branch to retain commits you create, you may
2026-09-14T08:25:37.2946394Z do so (now or later) by using -c with the switch command. Example:
2026-09-14T08:25:37.2947787Z 
2026-09-14T08:25:37.2948258Z   git switch -c <new-branch-name>
2026-09-14T08:25:37.2949225Z 
2026-09-14T08:25:37.2949780Z Or undo this operation with:
2026-09-14T08:25:37.2950505Z 
2026-09-14T08:25:37.2950989Z   git switch -
2026-09-14T08:25:37.2951783Z 
2026-09-14T08:25:37.2952756Z Turn off this advice by setting config variable advice.detachedHead to false
2026-09-14T08:25:37.2954147Z 
2026-09-14T08:25:37.2955655Z HEAD is now at a6e6136 Merge 0b3dc0ad66959ef3d8153f6faefddbeed5aaab58 into 42a77c630288a92901d0127cde05e7e033cf4dda
2026-09-14T08:25:37.2960873Z ##[endgroup]
2026-09-14T08:25:37.2976076Z [command]/usr/bin/git log -1 --format=%H
2026-09-14T08:25:37.2995991Z a6e6136ab5be83e905728769cf0af04a878a6514
2026-09-14T08:25:37.3004521Z ##[group]Removing auth
2026-09-14T08:25:37.3006232Z Removing SSH command configuration
2026-09-14T08:25:37.3009099Z [command]/usr/bin/git config --local --name-only --get-regexp core\.sshCommand
2026-09-14T08:25:37.3034959Z [command]/usr/bin/git submodule foreach --recursive sh -c "git config --local --name-only --get-regexp 'core\.sshCommand' && git config --local --unset-all 'core.sshCommand' || :"
2026-09-14T08:25:37.3197403Z Removing HTTP extra header
2026-09-14T08:25:37.3200272Z [command]/usr/bin/git config --local --name-only --get-regexp http\.https\:\/\/github\.com\/\.extraheader
2026-09-14T08:25:37.3225557Z [command]/usr/bin/git submodule foreach --recursive sh -c "git config --local --name-only --get-regexp 'http\.https\:\/\/github\.com\/\.extraheader' && git config --local --unset-all 'http.https://github.com/.extraheader' || :"
2026-09-14T08:25:37.3383124Z Removing includeIf entries pointing to credentials config files
2026-09-14T08:25:37.3385453Z [command]/usr/bin/git config --local --name-only --get-regexp ^includeIf\.gitdir:
2026-09-14T08:25:37.3405856Z includeif.gitdir:/home/runner/work/devbar/devbar/.git.path
2026-09-14T08:25:37.3407797Z includeif.gitdir:/home/runner/work/devbar/devbar/.git/worktrees/*.path
2026-09-14T08:25:37.3409698Z includeif.gitdir:/github/workspace/.git.path
2026-09-14T08:25:37.3411381Z includeif.gitdir:/github/workspace/.git/worktrees/*.path
2026-09-14T08:25:37.3414860Z [command]/usr/bin/git config --local --get-all includeif.gitdir:/home/runner/work/devbar/devbar/.git.path
2026-09-14T08:25:37.3429613Z /home/runner/work/_temp/git-credentials-144bd4b7-373c-4a74-bb8b-60ff79c5438b.config
2026-09-14T08:25:37.3438004Z [command]/usr/bin/git config --local --unset includeif.gitdir:/home/runner/work/devbar/devbar/.git.path \/home\/runner\/work\/_temp\/git\-credentials\-144bd4b7\-373c\-4a74\-bb8b\-60ff79c5438b\.config
2026-09-14T08:25:37.3462247Z [command]/usr/bin/git config --local --get-all includeif.gitdir:/home/runner/work/devbar/devbar/.git/worktrees/*.path
2026-09-14T08:25:37.3509703Z /home/runner/work/_temp/git-credentials-144bd4b7-373c-4a74-bb8b-60ff79c5438b.config
2026-09-14T08:25:37.3516796Z [command]/usr/bin/git config --local --unset includeif.gitdir:/home/runner/work/devbar/devbar/.git/worktrees/*.path \/home\/runner\/work\/_temp\/git\-credentials\-144bd4b7\-373c\-4a74\-bb8b\-60ff79c5438b\.config
2026-09-14T08:25:37.3540742Z [command]/usr/bin/git config --local --get-all includeif.gitdir:/github/workspace/.git.path
2026-09-14T08:25:37.3560226Z /github/runner_temp/git-credentials-144bd4b7-373c-4a74-bb8b-60ff79c5438b.config
2026-09-14T08:25:37.3566047Z [command]/usr/bin/git config --local --unset includeif.gitdir:/github/workspace/.git.path \/github\/runner_temp\/git\-credentials\-144bd4b7\-373c\-4a74\-bb8b\-60ff79c5438b\.config
2026-09-14T08:25:37.3596039Z [command]/usr/bin/git config --local --get-all includeif.gitdir:/github/workspace/.git/worktrees/*.path
2026-09-14T08:25:37.3614099Z /github/runner_temp/git-credentials-144bd4b7-373c-4a74-bb8b-60ff79c5438b.config
2026-09-14T08:25:37.3653000Z [command]/usr/bin/git config --local --unset includeif.gitdir:/github/workspace/.git/worktrees/*.path \/github\/runner_temp\/git\-credentials\-144bd4b7\-373c\-4a74\-bb8b\-60ff79c5438b\.config
2026-09-14T08:25:37.3707981Z [command]/usr/bin/git submodule foreach --recursive git config --local --show-origin --name-only --get-regexp remote.origin.url
2026-09-14T08:25:37.3861503Z Removing credentials config '/home/runner/work/_temp/git-credentials-144bd4b7-373c-4a74-bb8b-60ff79c5438b.config'
2026-09-14T08:25:37.3867579Z ##[endgroup]
2026-09-14T08:25:37.4119968Z ##[group]Run pnpm/action-setup@0977fd99725f1db4007ccb2928dbb4e90d06cc86
2026-09-14T08:25:37.4121342Z with:
2026-09-14T08:25:37.4122136Z   dest: ~/setup-pnpm
2026-09-14T08:25:37.4122973Z   run_install: null
2026-09-14T08:25:37.4123833Z   cache: false
2026-09-14T08:25:37.4124678Z   cache_dependency_path: pnpm-lock.yaml
2026-09-14T08:25:37.4125764Z   package_json_file: package.json
2026-09-14T08:25:37.4126777Z   standalone: false
2026-09-14T08:25:37.4127592Z ##[endgroup]
2026-09-14T08:25:37.5384155Z ##[group]Running self-installer...
2026-09-14T08:25:39.0743845Z 
2026-09-14T08:25:39.0744859Z added 1 package, and audited 2 packages in 1s
2026-09-14T08:25:39.0745213Z 
2026-09-14T08:25:39.0745426Z 1 package is looking for funding
2026-09-14T08:25:39.0745929Z   run `npm fund` for details
2026-09-14T08:25:39.0769277Z 
2026-09-14T08:25:39.0770057Z found 0 vulnerabilities
2026-09-14T08:25:39.5743874Z Checking for updates...
2026-09-14T08:25:39.7227838Z Switching pnpm from v11.19.0 to v10.32.1...
2026-09-14T08:25:40.1957048Z .../v11/880-1a09f059bc0-ea5564c8b805ca95 | Progress: resolved 1, reused 0, downloaded 0, added 0
2026-09-14T08:25:40.1975459Z .../v11/880-1a09f059bc0-ea5564c8b805ca95 |   +1 +
2026-09-14T08:25:40.3864877Z .../v11/880-1a09f059bc0-ea5564c8b805ca95 | Progress: resolved 1, reused 0, downloaded 1, added 1, done
2026-09-14T08:25:40.7290094Z [WARN] Detected a pnpm v10 installation layout at PNPM_HOME. The pnpm shims at PNPM_HOME have been refreshed so the new version is active, but pnpm v11 expects bins in PNPM_HOME/bin. Run "pnpm setup" to migrate your PATH to the v11 layout.
2026-09-14T08:25:40.7316421Z Successfully updated pnpm to v10.32.1
2026-09-14T08:25:40.7503637Z ##[endgroup]
2026-09-14T08:25:40.7504250Z Installation Completed!
2026-09-14T08:25:40.7685041Z ##[group]Run actions/setup-node@820762786026740c76f36085b0efc47a31fe5020
2026-09-14T08:25:40.7685462Z with:
2026-09-14T08:25:40.7685739Z   node-version: 22
2026-09-14T08:25:40.7686016Z   cache: pnpm
2026-09-14T08:25:40.7686278Z   check-latest: false
2026-09-14T08:25:40.7688409Z   token: ***
2026-09-14T08:25:40.7688987Z   package-manager-cache: true
2026-09-14T08:25:40.7689305Z env:
2026-09-14T08:25:40.7689616Z   PNPM_HOME: /home/runner/setup-pnpm/node_modules/.bin
2026-09-14T08:25:40.7690120Z ##[endgroup]
2026-09-14T08:25:40.8772910Z Found in cache @ /opt/hostedtoolcache/node/22.23.2/x64
2026-09-14T08:25:40.8774256Z ##[group]Environment details
2026-09-14T08:25:41.2609431Z node: v22.23.2
2026-09-14T08:25:41.2610256Z npm: 10.9.8
2026-09-14T08:25:41.2610698Z yarn: 1.22.22
2026-09-14T08:25:41.2611619Z ##[endgroup]
2026-09-14T08:25:41.2629539Z [command]/home/runner/setup-pnpm/node_modules/.bin/bin/pnpm store path --silent
2026-09-14T08:25:41.4920438Z /home/runner/setup-pnpm/node_modules/.bin/store/v10
2026-09-14T08:25:41.6493374Z pnpm cache is not found
2026-09-14T08:25:41.7142305Z ##[group]Run actions/cache@55cc8345863c7cc4c66a329aec7e433d2d1c52a9
2026-09-14T08:25:41.7142731Z with:
2026-09-14T08:25:41.7143019Z   path: ~/.cache/electron
2026-09-14T08:25:41.7143450Z   key: electron-Linux-1d6768f4cb61b9368a3af17d93566250b267eb781daec368090bff23fb2337d0
2026-09-14T08:25:41.7143910Z   enableCrossOsArchive: false
2026-09-14T08:25:41.7144206Z   fail-on-cache-miss: false
2026-09-14T08:25:41.7144515Z   lookup-only: false
2026-09-14T08:25:41.7144794Z   save-always: false
2026-09-14T08:25:41.7145030Z env:
2026-09-14T08:25:41.7145343Z   PNPM_HOME: /home/runner/setup-pnpm/node_modules/.bin
2026-09-14T08:25:41.7145698Z ##[endgroup]
2026-09-14T08:25:41.9365187Z Cache not found for input keys: electron-Linux-1d6768f4cb61b9368a3af17d93566250b267eb781daec368090bff23fb2337d0
2026-09-14T08:25:41.9444897Z ##[group]Run pnpm install --frozen-lockfile
2026-09-14T08:25:41.9445331Z [36;1mpnpm install --frozen-lockfile[0m
2026-09-14T08:25:41.9477187Z shell: /usr/bin/bash -e {0}
2026-09-14T08:25:41.9477586Z env:
2026-09-14T08:25:41.9477897Z   PNPM_HOME: /home/runner/setup-pnpm/node_modules/.bin
2026-09-14T08:25:41.9478234Z ##[endgroup]
2026-09-14T08:25:42.2210415Z Lockfile is up to date, resolution step is skipped
2026-09-14T08:25:42.3430019Z Packages: +481
2026-09-14T08:25:42.3456122Z ++++++++++++++++++++++++++++++++++++++++++++++++++++++++++++++++++++++++++++++++
2026-09-14T08:25:42.4568092Z Progress: resolved 0, reused 0, downloaded 1, added 0
2026-09-14T08:25:43.4610738Z Progress: resolved 0, reused 0, downloaded 212, added 169
2026-09-14T08:25:44.4605090Z Progress: resolved 0, reused 0, downloaded 465, added 475
2026-09-14T08:25:44.7667677Z Progress: resolved 0, reused 0, downloaded 465, added 481, done
2026-09-14T08:25:44.7753960Z node_modules/lefthook postinstall$ node postinstall.js
2026-09-14T08:25:44.8126705Z node_modules/lefthook postinstall: Done
2026-09-14T08:25:44.9050952Z 
2026-09-14T08:25:44.9500056Z 
2026-09-14T08:25:44.9501483Z > devbar@0.7.1 postinstall /home/runner/work/devbar/devbar
2026-09-14T08:25:44.9502393Z > node --experimental-strip-types scripts/install-hooks.ts
2026-09-14T08:25:44.9507397Z 
2026-09-14T08:25:45.0205095Z ╭ Warning ─────────────────────────────────────────────────────────────────────╮
2026-09-14T08:25:45.0209228Z │                                                                              │
2026-09-14T08:25:45.0239368Z │   Ignored build scripts: electron-winstaller@5.4.0, esbuild@0.28.2.          │
2026-09-14T08:25:45.0246973Z │   Run "pnpm approve-builds" to pick which dependencies should be allowed     │
2026-09-14T08:25:45.0254148Z │   to run scripts.                                                            │
2026-09-14T08:25:45.0257293Z │                                                                              │
2026-09-14T08:25:45.0258710Z ╰──────────────────────────────────────────────────────────────────────────────╯
2026-09-14T08:25:45.0314935Z Done in 3s using pnpm v10.32.1
2026-09-14T08:25:45.0563152Z ##[group]Run set -euo pipefail
2026-09-14T08:25:45.0563692Z [36;1mset -euo pipefail[0m
2026-09-14T08:25:45.0564097Z [36;1mpnpm typecheck[0m
2026-09-14T08:25:45.0564613Z [36;1mauthored_js=$(git ls-files '*.js' '*.jsx' '*.mjs' '*.cjs')[0m
2026-09-14T08:25:45.0565209Z [36;1mif [[ -n "$authored_js" ]]; then[0m
2026-09-14T08:25:45.0565995Z [36;1m  echo '::error::Repository-authored JavaScript-family files are forbidden after the TypeScript migration.'[0m
2026-09-14T08:25:45.0566921Z [36;1m  printf '%s\n' "$authored_js"[0m
2026-09-14T08:25:45.0567368Z [36;1m  exit 1[0m
2026-09-14T08:25:45.0567740Z [36;1mfi[0m
2026-09-14T08:25:45.0599442Z shell: /usr/bin/bash --noprofile --norc -e -o pipefail {0}
2026-09-14T08:25:45.0600054Z env:
2026-09-14T08:25:45.0600517Z   PNPM_HOME: /home/runner/setup-pnpm/node_modules/.bin
2026-09-14T08:25:45.0600990Z ##[endgroup]
2026-09-14T08:25:45.3585912Z 
2026-09-14T08:25:45.3587131Z > devbar@0.7.1 typecheck /home/runner/work/devbar/devbar
2026-09-14T08:25:45.3588708Z > pnpm typecheck:node && pnpm typecheck:preload && pnpm typecheck:renderer && pnpm typecheck:tests
2026-09-14T08:25:45.3589401Z 
2026-09-14T08:25:45.5823128Z 
2026-09-14T08:25:45.5824470Z > devbar@0.7.1 typecheck:node /home/runner/work/devbar/devbar
2026-09-14T08:25:45.5825445Z > tsc -p tsconfig.node.json --noEmit
2026-09-14T08:25:45.5826041Z 
2026-09-14T08:25:51.2908688Z 
2026-09-14T08:25:51.2909951Z > devbar@0.7.1 typecheck:preload /home/runner/work/devbar/devbar
2026-09-14T08:25:51.2910585Z > tsc -p tsconfig.preload.json --noEmit
2026-09-14T08:25:51.2910772Z 
2026-09-14T08:25:53.8314424Z 
2026-09-14T08:25:53.8315636Z > devbar@0.7.1 typecheck:renderer /home/runner/work/devbar/devbar
2026-09-14T08:25:53.8316318Z > tsc -p tsconfig.renderer.json --noEmit
2026-09-14T08:25:53.8316539Z 
2026-09-14T08:25:55.8085191Z 
2026-09-14T08:25:55.8086343Z > devbar@0.7.1 typecheck:tests /home/runner/work/devbar/devbar
2026-09-14T08:25:55.8087938Z > tsc -p tsconfig.tests.json --noEmit
2026-09-14T08:25:55.8088356Z 
2026-09-14T08:26:01.9109388Z ##[group]Run pnpm lint:strict && pnpm format:check && pnpm deadcode && pnpm deps:check
2026-09-14T08:26:01.9110023Z [36;1mpnpm lint:strict && pnpm format:check && pnpm deadcode && pnpm deps:check[0m
2026-09-14T08:26:01.9132792Z shell: /usr/bin/bash -e {0}
2026-09-14T08:26:01.9133096Z env:
2026-09-14T08:26:01.9133387Z   PNPM_HOME: /home/runner/setup-pnpm/node_modules/.bin
2026-09-14T08:26:01.9133765Z ##[endgroup]
2026-09-14T08:26:02.1819356Z 
2026-09-14T08:26:02.1840802Z > devbar@0.7.1 lint:strict /home/runner/work/devbar/devbar
2026-09-14T08:26:02.1841660Z > eslint . --max-warnings 0
2026-09-14T08:26:02.1842030Z 
2026-09-14T08:26:10.5935935Z 
2026-09-14T08:26:10.5941200Z > devbar@0.7.1 format:check /home/runner/work/devbar/devbar
2026-09-14T08:26:10.5941891Z > prettier --check .
2026-09-14T08:26:10.5942059Z 
2026-09-14T08:26:10.6708225Z Checking formatting...
2026-09-14T08:26:14.0869372Z All matched files use Prettier code style!
2026-09-14T08:26:14.4015004Z 
2026-09-14T08:26:14.4016172Z > devbar@0.7.1 deadcode /home/runner/work/devbar/devbar
2026-09-14T08:26:14.4016633Z > knip
2026-09-14T08:26:14.4016805Z 
2026-09-14T08:26:15.2914380Z Unused devDependencies (1)
2026-09-14T08:26:15.2922147Z tslib  package.json:56:6
2026-09-14T08:26:15.2922897Z Unlisted binaries (1)
2026-09-14T08:26:15.2923401Z dpkg-deb  scripts/verify-linux-release.ts
2026-09-14T08:26:15.2923939Z Unused exports (2)
2026-09-14T08:26:15.2925808Z spawnShellForPlatform  function  src/process-manager.ts:69:17
2026-09-14T08:26:15.2926646Z httpGetText            function  src/update-check.ts:158:17  
2026-09-14T08:26:15.3237201Z  ELIFECYCLE  Command failed with exit code 1.
2026-09-14T08:26:15.3394049Z ##[error]Process completed with exit code 1.
2026-09-14T08:26:15.3490935Z Post job cleanup.
2026-09-14T08:26:15.4720610Z Pruning is unnecessary.
2026-09-14T08:26:15.4891877Z Post job cleanup.
2026-09-14T08:26:15.5733047Z [command]/usr/bin/git version
2026-09-14T08:26:15.5770159Z git version 2.55.0
2026-09-14T08:26:15.5798603Z Temporarily overriding HOME='/home/runner/work/_temp/da5caf76-ceed-4797-be79-5feef9a331f5' before making global git config changes
2026-09-14T08:26:15.5803052Z Adding repository directory to the temporary git global config as a safe directory
2026-09-14T08:26:15.5804144Z [command]/usr/bin/git config --global --add safe.directory /home/runner/work/devbar/devbar
2026-09-14T08:26:15.5830618Z Removing SSH command configuration
2026-09-14T08:26:15.5834444Z [command]/usr/bin/git config --local --name-only --get-regexp core\.sshCommand
2026-09-14T08:26:15.5864112Z [command]/usr/bin/git submodule foreach --recursive sh -c "git config --local --name-only --get-regexp 'core\.sshCommand' && git config --local --unset-all 'core.sshCommand' || :"
2026-09-14T08:26:15.6051430Z Removing HTTP extra header
2026-09-14T08:26:15.6056986Z [command]/usr/bin/git config --local --name-only --get-regexp http\.https\:\/\/github\.com\/\.extraheader
2026-09-14T08:26:15.6083219Z [command]/usr/bin/git submodule foreach --recursive sh -c "git config --local --name-only --get-regexp 'http\.https\:\/\/github\.com\/\.extraheader' && git config --local --unset-all 'http.https://github.com/.extraheader' || :"
2026-09-14T08:26:15.6259159Z Removing includeIf entries pointing to credentials config files
2026-09-14T08:26:15.6265304Z [command]/usr/bin/git config --local --name-only --get-regexp ^includeIf\.gitdir:
2026-09-14T08:26:15.6289355Z [command]/usr/bin/git submodule foreach --recursive git config --local --show-origin --name-only --get-regexp remote.origin.url
2026-09-14T08:26:15.6601341Z Cleaning up orphan processes
