2026-09-14T10:05:55.1954520Z Current runner version: '2.337.0'
2026-09-14T10:05:55.1972806Z ##[group]Runner Image Provisioner
2026-09-14T10:05:55.1973593Z Hosted Compute Agent
2026-09-14T10:05:55.1974493Z Version: 20260828.587
2026-09-14T10:05:55.1975053Z Commit: abac92662cab4cc7352de4f9f9d2e2419aad9c29
2026-09-14T10:05:55.1975733Z Build Date: 2026-08-28T16:44:25Z
2026-09-14T10:05:55.1976297Z Worker ID: {1105bce4-d1b0-42d0-ac9d-3d4394eab164}
2026-09-14T10:05:55.1976913Z Azure Region: westus3
2026-09-14T10:05:55.1977401Z ##[endgroup]
2026-09-14T10:05:55.1978514Z ##[group]Operating System
2026-09-14T10:05:55.1979042Z Ubuntu
2026-09-14T10:05:55.1979483Z 24.04.5
2026-09-14T10:05:55.1979916Z LTS
2026-09-14T10:05:55.1980369Z ##[endgroup]
2026-09-14T10:05:55.1980836Z ##[group]Runner Image
2026-09-14T10:05:55.1981379Z Image: ubuntu-24.04
2026-09-14T10:05:55.1981866Z Version: 20260907.300.1
2026-09-14T10:05:55.1982964Z Included Software: https://github.com/actions/runner-images/blob/ubuntu24/20260907.300/images/ubuntu/Ubuntu2404-Readme.md
2026-09-14T10:05:55.1984490Z Image Release: https://github.com/actions/runner-images/releases/tag/ubuntu24%2F20260907.300
2026-09-14T10:05:55.1985312Z ##[endgroup]
2026-09-14T10:05:55.1986209Z ##[group]GITHUB_TOKEN Permissions
2026-09-14T10:05:55.1987974Z Contents: read
2026-09-14T10:05:55.1988512Z Metadata: read
2026-09-14T10:05:55.1989044Z ##[endgroup]
2026-09-14T10:05:55.1990797Z Secret source: Actions
2026-09-14T10:05:55.1991571Z Cache mode: write
2026-09-14T10:05:55.1992155Z Prepare workflow directory
2026-09-14T10:05:55.2368485Z Prepare all required actions
2026-09-14T10:05:55.2422791Z Getting action download info
2026-09-14T10:05:55.5570209Z Download action repository 'actions/checkout@3d3c42e5aac5ba805825da76410c181273ba90b1' (SHA:3d3c42e5aac5ba805825da76410c181273ba90b1)
2026-09-14T10:05:55.6704778Z Download action repository 'pnpm/action-setup@0977fd99725f1db4007ccb2928dbb4e90d06cc86' (SHA:0977fd99725f1db4007ccb2928dbb4e90d06cc86)
2026-09-14T10:05:56.1556886Z Download action repository 'actions/setup-node@820762786026740c76f36085b0efc47a31fe5020' (SHA:820762786026740c76f36085b0efc47a31fe5020)
2026-09-14T10:05:56.2692675Z Download action repository 'actions/cache@55cc8345863c7cc4c66a329aec7e433d2d1c52a9' (SHA:55cc8345863c7cc4c66a329aec7e433d2d1c52a9)
2026-09-14T10:05:56.4826516Z Download action repository 'actions/upload-artifact@043fb46d1a93c77aae656e7c1c64a875d1fc6a0a' (SHA:043fb46d1a93c77aae656e7c1c64a875d1fc6a0a)
2026-09-14T10:05:56.7166325Z Complete job name: Linux release dry run (incl. Raspberry Pi)
2026-09-14T10:05:56.7921306Z ##[group]Run actions/checkout@3d3c42e5aac5ba805825da76410c181273ba90b1
2026-09-14T10:05:56.7922871Z with:
2026-09-14T10:05:56.7923711Z   persist-credentials: false
2026-09-14T10:05:56.7925116Z   repository: juanjoGonDev/devbar
2026-09-14T10:05:56.7932802Z   token: ***
2026-09-14T10:05:56.7933651Z   ssh-strict: true
2026-09-14T10:05:56.7934637Z   ssh-user: git
2026-09-14T10:05:56.7935488Z   clean: true
2026-09-14T10:05:56.7936343Z   sparse-checkout-cone-mode: true
2026-09-14T10:05:56.7937394Z   fetch-depth: 1
2026-09-14T10:05:56.7938235Z   fetch-tags: false
2026-09-14T10:05:56.7939081Z   show-progress: true
2026-09-14T10:05:56.7939941Z   lfs: false
2026-09-14T10:05:56.7940735Z   submodules: false
2026-09-14T10:05:56.7941612Z   set-safe-directory: true
2026-09-14T10:05:56.7942578Z   allow-unsafe-pr-checkout: false
2026-09-14T10:05:56.7944157Z ##[endgroup]
2026-09-14T10:05:56.8793688Z Syncing repository: juanjoGonDev/devbar
2026-09-14T10:05:56.8797936Z ##[group]Getting Git version info
2026-09-14T10:05:56.8799823Z Working directory is '/home/runner/work/devbar/devbar'
2026-09-14T10:05:56.8802309Z [command]/usr/bin/git version
2026-09-14T10:05:56.8854800Z git version 2.55.0
2026-09-14T10:05:56.8872446Z ##[endgroup]
2026-09-14T10:05:56.8881332Z Temporarily overriding HOME='/home/runner/work/_temp/7f784711-225e-40fc-bffb-975f74e1b658' before making global git config changes
2026-09-14T10:05:56.8884918Z Adding repository directory to the temporary git global config as a safe directory
2026-09-14T10:05:56.8887961Z [command]/usr/bin/git config --global --add safe.directory /home/runner/work/devbar/devbar
2026-09-14T10:05:56.8925281Z Deleting the contents of '/home/runner/work/devbar/devbar'
2026-09-14T10:05:56.8928371Z ##[group]Determining repository object format
2026-09-14T10:05:56.8931059Z ##[endgroup]
2026-09-14T10:05:56.8934160Z ##[group]Initializing the repository
2026-09-14T10:05:56.8936091Z [command]/usr/bin/git init /home/runner/work/devbar/devbar
2026-09-14T10:05:56.8993125Z hint: Using 'master' as the name for the initial branch. This default branch name
2026-09-14T10:05:56.8996599Z hint: will change to "main" in Git 3.0. To configure the initial branch name
2026-09-14T10:05:56.9000180Z hint: to use in all of your new repositories, which will suppress this warning,
2026-09-14T10:05:56.9003038Z hint: call:
2026-09-14T10:05:56.9004712Z hint:
2026-09-14T10:05:56.9006595Z hint: 	git config --global init.defaultBranch <name>
2026-09-14T10:05:56.9008404Z hint:
2026-09-14T10:05:56.9010635Z hint: Names commonly chosen instead of 'master' are 'main', 'trunk' and
2026-09-14T10:05:56.9013684Z hint: 'development'. The just-created branch can be renamed via this command:
2026-09-14T10:05:56.9016102Z hint:
2026-09-14T10:05:56.9017320Z hint: 	git branch -m <name>
2026-09-14T10:05:56.9018671Z hint:
2026-09-14T10:05:56.9020378Z hint: Disable this message with "git config set advice.defaultBranchName false"
2026-09-14T10:05:56.9023151Z Initialized empty Git repository in /home/runner/work/devbar/devbar/.git/
2026-09-14T10:05:56.9027732Z [command]/usr/bin/git remote add origin https://github.com/juanjoGonDev/devbar
2026-09-14T10:05:56.9040154Z ##[endgroup]
2026-09-14T10:05:56.9042515Z ##[group]Disabling automatic garbage collection
2026-09-14T10:05:56.9044928Z [command]/usr/bin/git config --local gc.auto 0
2026-09-14T10:05:56.9067032Z ##[endgroup]
2026-09-14T10:05:56.9069371Z ##[group]Setting up auth
2026-09-14T10:05:56.9071334Z Removing SSH command configuration
2026-09-14T10:05:56.9074618Z [command]/usr/bin/git config --local --name-only --get-regexp core\.sshCommand
2026-09-14T10:05:56.9095034Z [command]/usr/bin/git submodule foreach --recursive sh -c "git config --local --name-only --get-regexp 'core\.sshCommand' && git config --local --unset-all 'core.sshCommand' || :"
2026-09-14T10:05:56.9345333Z Removing HTTP extra header
2026-09-14T10:05:56.9356216Z [command]/usr/bin/git config --local --name-only --get-regexp http\.https\:\/\/github\.com\/\.extraheader
2026-09-14T10:05:56.9382642Z [command]/usr/bin/git submodule foreach --recursive sh -c "git config --local --name-only --get-regexp 'http\.https\:\/\/github\.com\/\.extraheader' && git config --local --unset-all 'http.https://github.com/.extraheader' || :"
2026-09-14T10:05:56.9557308Z Removing includeIf entries pointing to credentials config files
2026-09-14T10:05:56.9560140Z [command]/usr/bin/git config --local --name-only --get-regexp ^includeIf\.gitdir:
2026-09-14T10:05:56.9586376Z [command]/usr/bin/git submodule foreach --recursive git config --local --show-origin --name-only --get-regexp remote.origin.url
2026-09-14T10:05:56.9743780Z [command]/usr/bin/git config --file /home/runner/work/_temp/git-credentials-73b9eb2e-ef4b-4963-95d4-032ebecf325e.config http.https://github.com/.extraheader AUTHORIZATION: basic ***
2026-09-14T10:05:56.9771936Z [command]/usr/bin/git config --local includeIf.gitdir:/home/runner/work/devbar/devbar/.git.path /home/runner/work/_temp/git-credentials-73b9eb2e-ef4b-4963-95d4-032ebecf325e.config
2026-09-14T10:05:56.9794818Z [command]/usr/bin/git config --local includeIf.gitdir:/home/runner/work/devbar/devbar/.git/worktrees/*.path /home/runner/work/_temp/git-credentials-73b9eb2e-ef4b-4963-95d4-032ebecf325e.config
2026-09-14T10:05:56.9819715Z [command]/usr/bin/git config --local includeIf.gitdir:/github/workspace/.git.path /github/runner_temp/git-credentials-73b9eb2e-ef4b-4963-95d4-032ebecf325e.config
2026-09-14T10:05:56.9844314Z [command]/usr/bin/git config --local includeIf.gitdir:/github/workspace/.git/worktrees/*.path /github/runner_temp/git-credentials-73b9eb2e-ef4b-4963-95d4-032ebecf325e.config
2026-09-14T10:05:56.9865122Z ##[endgroup]
2026-09-14T10:05:56.9867230Z ##[group]Fetching the repository
2026-09-14T10:05:56.9871101Z [command]/usr/bin/git -c protocol.version=2 fetch --no-tags --prune --no-recurse-submodules --depth=1 origin +fc520ee66a367f5213772f6fe0403651691e56a6:refs/remotes/pull/78/merge
2026-09-14T10:05:58.0140912Z From https://github.com/juanjoGonDev/devbar
2026-09-14T10:05:58.0141546Z  * [new ref]         fc520ee66a367f5213772f6fe0403651691e56a6 -> pull/78/merge
2026-09-14T10:05:58.0145383Z ##[endgroup]
2026-09-14T10:05:58.0146272Z ##[group]Determining the checkout info
2026-09-14T10:05:58.0147013Z ##[endgroup]
2026-09-14T10:05:58.0151816Z [command]/usr/bin/git sparse-checkout disable
2026-09-14T10:05:58.0190053Z [command]/usr/bin/git config --local --unset-all extensions.worktreeConfig
2026-09-14T10:05:58.0213137Z ##[group]Checking out the ref
2026-09-14T10:05:58.0216981Z [command]/usr/bin/git checkout --progress --force refs/remotes/pull/78/merge
2026-09-14T10:05:58.0398047Z Note: switching to 'refs/remotes/pull/78/merge'.
2026-09-14T10:05:58.0398742Z 
2026-09-14T10:05:58.0399725Z You are in 'detached HEAD' state. You can look around, make experimental
2026-09-14T10:05:58.0400580Z changes and commit them, and you can discard any commits you make in this
2026-09-14T10:05:58.0401575Z state without impacting any branches by switching back to a branch.
2026-09-14T10:05:58.0402034Z 
2026-09-14T10:05:58.0402431Z If you want to create a new branch to retain commits you create, you may
2026-09-14T10:05:58.0403177Z do so (now or later) by using -c with the switch command. Example:
2026-09-14T10:05:58.0403687Z 
2026-09-14T10:05:58.0404102Z   git switch -c <new-branch-name>
2026-09-14T10:05:58.0404444Z 
2026-09-14T10:05:58.0404757Z Or undo this operation with:
2026-09-14T10:05:58.0405063Z 
2026-09-14T10:05:58.0405265Z   git switch -
2026-09-14T10:05:58.0405496Z 
2026-09-14T10:05:58.0405817Z Turn off this advice by setting config variable advice.detachedHead to false
2026-09-14T10:05:58.0406224Z 
2026-09-14T10:05:58.0406592Z HEAD is now at fc520ee Merge abd06828dd235aa81dd1bcc8742781f4134300aa into 42a77c630288a92901d0127cde05e7e033cf4dda
2026-09-14T10:05:58.0408645Z ##[endgroup]
2026-09-14T10:05:58.0441064Z [command]/usr/bin/git log -1 --format=%H
2026-09-14T10:05:58.0461536Z fc520ee66a367f5213772f6fe0403651691e56a6
2026-09-14T10:05:58.0469682Z ##[group]Removing auth
2026-09-14T10:05:58.0470264Z Removing SSH command configuration
2026-09-14T10:05:58.0473199Z [command]/usr/bin/git config --local --name-only --get-regexp core\.sshCommand
2026-09-14T10:05:58.0498151Z [command]/usr/bin/git submodule foreach --recursive sh -c "git config --local --name-only --get-regexp 'core\.sshCommand' && git config --local --unset-all 'core.sshCommand' || :"
2026-09-14T10:05:58.0658208Z Removing HTTP extra header
2026-09-14T10:05:58.0661040Z [command]/usr/bin/git config --local --name-only --get-regexp http\.https\:\/\/github\.com\/\.extraheader
2026-09-14T10:05:58.0685236Z [command]/usr/bin/git submodule foreach --recursive sh -c "git config --local --name-only --get-regexp 'http\.https\:\/\/github\.com\/\.extraheader' && git config --local --unset-all 'http.https://github.com/.extraheader' || :"
2026-09-14T10:05:58.0842078Z Removing includeIf entries pointing to credentials config files
2026-09-14T10:05:58.0842660Z [command]/usr/bin/git config --local --name-only --get-regexp ^includeIf\.gitdir:
2026-09-14T10:05:58.0863315Z includeif.gitdir:/home/runner/work/devbar/devbar/.git.path
2026-09-14T10:05:58.0864304Z includeif.gitdir:/home/runner/work/devbar/devbar/.git/worktrees/*.path
2026-09-14T10:05:58.0865061Z includeif.gitdir:/github/workspace/.git.path
2026-09-14T10:05:58.0865731Z includeif.gitdir:/github/workspace/.git/worktrees/*.path
2026-09-14T10:05:58.0870051Z [command]/usr/bin/git config --local --get-all includeif.gitdir:/home/runner/work/devbar/devbar/.git.path
2026-09-14T10:05:58.0886801Z /home/runner/work/_temp/git-credentials-73b9eb2e-ef4b-4963-95d4-032ebecf325e.config
2026-09-14T10:05:58.0893429Z [command]/usr/bin/git config --local --unset includeif.gitdir:/home/runner/work/devbar/devbar/.git.path \/home\/runner\/work\/_temp\/git\-credentials\-73b9eb2e\-ef4b\-4963\-95d4\-032ebecf325e\.config
2026-09-14T10:05:58.0944751Z [command]/usr/bin/git config --local --get-all includeif.gitdir:/home/runner/work/devbar/devbar/.git/worktrees/*.path
2026-09-14T10:05:58.0961922Z /home/runner/work/_temp/git-credentials-73b9eb2e-ef4b-4963-95d4-032ebecf325e.config
2026-09-14T10:05:58.0967969Z [command]/usr/bin/git config --local --unset includeif.gitdir:/home/runner/work/devbar/devbar/.git/worktrees/*.path \/home\/runner\/work\/_temp\/git\-credentials\-73b9eb2e\-ef4b\-4963\-95d4\-032ebecf325e\.config
2026-09-14T10:05:58.0992698Z [command]/usr/bin/git config --local --get-all includeif.gitdir:/github/workspace/.git.path
2026-09-14T10:05:58.1011829Z /github/runner_temp/git-credentials-73b9eb2e-ef4b-4963-95d4-032ebecf325e.config
2026-09-14T10:05:58.1018207Z [command]/usr/bin/git config --local --unset includeif.gitdir:/github/workspace/.git.path \/github\/runner_temp\/git\-credentials\-73b9eb2e\-ef4b\-4963\-95d4\-032ebecf325e\.config
2026-09-14T10:05:58.1044203Z [command]/usr/bin/git config --local --get-all includeif.gitdir:/github/workspace/.git/worktrees/*.path
2026-09-14T10:05:58.1063270Z /github/runner_temp/git-credentials-73b9eb2e-ef4b-4963-95d4-032ebecf325e.config
2026-09-14T10:05:58.1077852Z [command]/usr/bin/git config --local --unset includeif.gitdir:/github/workspace/.git/worktrees/*.path \/github\/runner_temp\/git\-credentials\-73b9eb2e\-ef4b\-4963\-95d4\-032ebecf325e\.config
2026-09-14T10:05:58.1140688Z [command]/usr/bin/git submodule foreach --recursive git config --local --show-origin --name-only --get-regexp remote.origin.url
2026-09-14T10:05:58.1291603Z Removing credentials config '/home/runner/work/_temp/git-credentials-73b9eb2e-ef4b-4963-95d4-032ebecf325e.config'
2026-09-14T10:05:58.1297257Z ##[endgroup]
2026-09-14T10:05:58.1466010Z ##[group]Run pnpm/action-setup@0977fd99725f1db4007ccb2928dbb4e90d06cc86
2026-09-14T10:05:58.1466472Z with:
2026-09-14T10:05:58.1466805Z   dest: ~/setup-pnpm
2026-09-14T10:05:58.1467145Z   run_install: null
2026-09-14T10:05:58.1467455Z   cache: false
2026-09-14T10:05:58.1467833Z   cache_dependency_path: pnpm-lock.yaml
2026-09-14T10:05:58.1468222Z   package_json_file: package.json
2026-09-14T10:05:58.1468600Z   standalone: false
2026-09-14T10:05:58.1468923Z ##[endgroup]
2026-09-14T10:05:58.2678607Z ##[group]Running self-installer...
2026-09-14T10:05:59.7264160Z 
2026-09-14T10:05:59.7264942Z added 1 package, and audited 2 packages in 1s
2026-09-14T10:05:59.7265455Z 
2026-09-14T10:05:59.7265661Z 1 package is looking for funding
2026-09-14T10:05:59.7266152Z   run `npm fund` for details
2026-09-14T10:05:59.7269955Z 
2026-09-14T10:05:59.7270283Z found 0 vulnerabilities
2026-09-14T10:06:00.2004386Z Checking for updates...
2026-09-14T10:06:00.3563605Z Switching pnpm from v11.19.0 to v10.32.1...
2026-09-14T10:06:00.8298703Z .../v11/870-1a09f6179e0-5967b85a7e25144e | Progress: resolved 1, reused 0, downloaded 0, added 0
2026-09-14T10:06:00.8317080Z .../v11/870-1a09f6179e0-5967b85a7e25144e |   +1 +
2026-09-14T10:06:01.0349626Z .../v11/870-1a09f6179e0-5967b85a7e25144e | Progress: resolved 1, reused 0, downloaded 1, added 1, done
2026-09-14T10:06:01.3572962Z [WARN] Detected a pnpm v10 installation layout at PNPM_HOME. The pnpm shims at PNPM_HOME have been refreshed so the new version is active, but pnpm v11 expects bins in PNPM_HOME/bin. Run "pnpm setup" to migrate your PATH to the v11 layout.
2026-09-14T10:06:01.3595890Z Successfully updated pnpm to v10.32.1
2026-09-14T10:06:01.3787393Z ##[endgroup]
2026-09-14T10:06:01.3787964Z Installation Completed!
2026-09-14T10:06:01.3951249Z ##[group]Run actions/setup-node@820762786026740c76f36085b0efc47a31fe5020
2026-09-14T10:06:01.3951654Z with:
2026-09-14T10:06:01.3951913Z   node-version: 22
2026-09-14T10:06:01.3952167Z   cache: pnpm
2026-09-14T10:06:01.3952425Z   check-latest: false
2026-09-14T10:06:01.3955422Z   token: ***
2026-09-14T10:06:01.3955739Z   package-manager-cache: true
2026-09-14T10:06:01.3956014Z env:
2026-09-14T10:06:01.3956289Z   PNPM_HOME: /home/runner/setup-pnpm/node_modules/.bin
2026-09-14T10:06:01.3956632Z ##[endgroup]
2026-09-14T10:06:01.5092239Z Found in cache @ /opt/hostedtoolcache/node/22.23.2/x64
2026-09-14T10:06:01.5095438Z ##[group]Environment details
2026-09-14T10:06:01.8081488Z node: v22.23.2
2026-09-14T10:06:01.8082362Z npm: 10.9.8
2026-09-14T10:06:01.8082869Z yarn: 1.22.22
2026-09-14T10:06:01.8083771Z ##[endgroup]
2026-09-14T10:06:01.8101444Z [command]/home/runner/setup-pnpm/node_modules/.bin/bin/pnpm store path --silent
2026-09-14T10:06:02.0173360Z /home/runner/setup-pnpm/node_modules/.bin/store/v10
2026-09-14T10:06:02.2332723Z Cache hit for: node-cache-Linux-x64-pnpm-83528be4bfacfab174cb4589cc6560b2987ff34bb71b9519b61a7c1fb63cbec1
2026-09-14T10:06:03.4718034Z Received 33554432 of 72015995 (46.6%), 32.0 MBs/sec
2026-09-14T10:06:03.7151241Z Received 72015995 of 72015995 (100.0%), 55.2 MBs/sec
2026-09-14T10:06:03.7151907Z Cache Size: ~69 MB (72015995 B)
2026-09-14T10:06:03.7246783Z [command]/usr/bin/tar -xf /home/runner/work/_temp/f9e10917-7398-4c86-a9a6-7ea843cc9c82/cache.tzst -P -C /home/runner/work/devbar/devbar --use-compress-program unzstd
2026-09-14T10:06:04.1346879Z Cache restored successfully
2026-09-14T10:06:04.1377561Z Cache restored from key: node-cache-Linux-x64-pnpm-83528be4bfacfab174cb4589cc6560b2987ff34bb71b9519b61a7c1fb63cbec1
2026-09-14T10:06:04.1975901Z ##[group]Run actions/cache@55cc8345863c7cc4c66a329aec7e433d2d1c52a9
2026-09-14T10:06:04.1976262Z with:
2026-09-14T10:06:04.1976607Z   path: ~/.cache/electron
~/.cache/electron-builder

2026-09-14T10:06:04.1977147Z   key: linux-release-validation-83528be4bfacfab174cb4589cc6560b2987ff34bb71b9519b61a7c1fb63cbec1
2026-09-14T10:06:04.1977639Z   enableCrossOsArchive: false
2026-09-14T10:06:04.1977952Z   fail-on-cache-miss: false
2026-09-14T10:06:04.1978228Z   lookup-only: false
2026-09-14T10:06:04.1978493Z   save-always: false
2026-09-14T10:06:04.1978772Z env:
2026-09-14T10:06:04.1979085Z   PNPM_HOME: /home/runner/setup-pnpm/node_modules/.bin
2026-09-14T10:06:04.1979402Z ##[endgroup]
2026-09-14T10:06:04.5022935Z Cache not found for input keys: linux-release-validation-83528be4bfacfab174cb4589cc6560b2987ff34bb71b9519b61a7c1fb63cbec1
2026-09-14T10:06:04.5085236Z ##[group]Run pnpm install --frozen-lockfile
2026-09-14T10:06:04.5085730Z [36;1mpnpm install --frozen-lockfile[0m
2026-09-14T10:06:04.5116068Z shell: /usr/bin/bash -e {0}
2026-09-14T10:06:04.5116399Z env:
2026-09-14T10:06:04.5116732Z   PNPM_HOME: /home/runner/setup-pnpm/node_modules/.bin
2026-09-14T10:06:04.5117127Z ##[endgroup]
2026-09-14T10:06:04.7581313Z Lockfile is up to date, resolution step is skipped
2026-09-14T10:06:04.8675085Z Packages: +481
2026-09-14T10:06:04.8675719Z ++++++++++++++++++++++++++++++++++++++++++++++++++++++++++++++++++++++++++++++++
2026-09-14T10:06:04.9061828Z Progress: resolved 0, reused 1, downloaded 0, added 0
2026-09-14T10:06:05.5576925Z Progress: resolved 0, reused 465, downloaded 0, added 481, done
2026-09-14T10:06:05.6440538Z 
2026-09-14T10:06:05.6898112Z 
2026-09-14T10:06:05.6898834Z > devbar@0.7.1 postinstall /home/runner/work/devbar/devbar
2026-09-14T10:06:05.6899782Z > node --experimental-strip-types scripts/install-hooks.ts
2026-09-14T10:06:05.6900345Z 
2026-09-14T10:06:05.7607741Z ╭ Warning ─────────────────────────────────────────────────────────────────────╮
2026-09-14T10:06:05.7609288Z │                                                                              │
2026-09-14T10:06:05.7613167Z │   Ignored build scripts: electron-winstaller@5.4.0, esbuild@0.28.2.          │
2026-09-14T10:06:05.7614659Z │   Run "pnpm approve-builds" to pick which dependencies should be allowed     │
2026-09-14T10:06:05.7616348Z │   to run scripts.                                                            │
2026-09-14T10:06:05.7617108Z │                                                                              │
2026-09-14T10:06:05.7619771Z ╰──────────────────────────────────────────────────────────────────────────────╯
2026-09-14T10:06:05.7699095Z Done in 1.2s using pnpm v10.32.1
2026-09-14T10:06:05.7833065Z ##[group]Run pnpm run dist:linux && pnpm run verify:linux
2026-09-14T10:06:05.7833504Z [36;1mpnpm run dist:linux && pnpm run verify:linux[0m
2026-09-14T10:06:05.7854967Z shell: /usr/bin/bash -e {0}
2026-09-14T10:06:05.7855298Z env:
2026-09-14T10:06:05.7855612Z   PNPM_HOME: /home/runner/setup-pnpm/node_modules/.bin
2026-09-14T10:06:05.7855969Z ##[endgroup]
2026-09-14T10:06:06.0422946Z 
2026-09-14T10:06:06.0423701Z > devbar@0.7.1 dist:linux /home/runner/work/devbar/devbar
2026-09-14T10:06:06.0424683Z > pnpm run build && node --experimental-strip-types scripts/package-win-linux.ts linux
2026-09-14T10:06:06.0425162Z 
2026-09-14T10:06:06.2498413Z 
2026-09-14T10:06:06.2499363Z > devbar@0.7.1 build /home/runner/work/devbar/devbar
2026-09-14T10:06:06.2499998Z > bash scripts/build.sh
2026-09-14T10:06:06.2500215Z 
2026-09-14T10:06:13.4755704Z 
2026-09-14T10:06:13.4758689Z   build/src/preload.cjs  8.9kb
2026-09-14T10:06:13.4767302Z 
2026-09-14T10:06:13.4768687Z ⚡ Done in 3ms
2026-09-14T10:06:13.8431678Z   • electron-builder  version=26.16.1 os=6.17.0-1022-azure
2026-09-14T10:06:13.8436130Z   • publishing will be skipped  reason=current build is a part of pull request solution=set env PUBLISH_FOR_PULL_REQUEST to true to force code signing
2026-09-14T10:06:13.8438495Z There are serious security concerns with PUBLISH_FOR_PULL_REQUEST=true (see the  CircleCI documentation (https://circleci.com/docs/1.0/fork-pr-builds/) for details)
2026-09-14T10:06:13.8440726Z If you have SSH keys, sensitive env vars or AWS credentials stored in your project settings and untrusted forks can make pull requests against your repo, then this option isn't for you.
2026-09-14T10:06:13.8516033Z   • author is missed in the package.json  appPackageFile=/home/runner/work/devbar/devbar/package.json
2026-09-14T10:06:14.5615809Z   • executing @electron/rebuild  electronVersion=43.2.0 arch=x64 buildFromSource=false workspaceRoot=/home/runner/work/devbar/devbar projectDir=./ appDir=./
2026-09-14T10:06:14.5617435Z   • installing native dependencies  arch=x64
2026-09-14T10:06:14.6774523Z   • completed installing native dependencies
2026-09-14T10:06:14.6799324Z   • packaging       platform=linux arch=x64 electron=43.2.0 appOutDir=dist/electron-builder/linux-unpacked
2026-09-14T10:06:14.9538669Z   • downloaded      label=electron progress=100%
2026-09-14T10:06:17.3918991Z   • downloaded electron zip extracted successfully  output=/home/runner/work/devbar/devbar/dist/electron-builder/linux-unpacked
2026-09-14T10:06:17.4176904Z   • searching for node modules  pm=pnpm searchDir=/home/runner/work/devbar/devbar
2026-09-14T10:06:18.3681511Z   • duplicate dependency references  dependencies=["type-fest@5.7.0"]
2026-09-14T10:06:19.1524254Z   • building        target=AppImage arch=x64 file=dist/electron-builder/DevBar-0.7.1-linux-x64.AppImage
2026-09-14T10:06:19.1530004Z   • electron uses desktopName as app_id / WM_CLASS for window association. Without it desktop environments may not link running windows to this .desktop entry. Set desktopName in package.json and linux.syncDesktopName: true to fix.  reason=desktopName is not set in package.json docs=https://www.electron.build/linux#window-association-desktopname--syncdesktopname
2026-09-14T10:06:19.3211814Z   • downloaded      label=appimage-12.0.1.7z progress=100%
2026-09-14T10:06:19.4367319Z   • downloaded      label=7zip-linux-x64.tar.gz progress=100%
2026-09-14T10:06:30.0901289Z   • building embedded block map  file=dist/electron-builder/DevBar-0.7.1-linux-x64.AppImage
2026-09-14T10:06:34.8008809Z   • building        target=deb arch=x64 file=dist/electron-builder/DevBar-0.7.1-linux-x64.deb
2026-09-14T10:06:34.8024142Z   • electron uses desktopName as app_id / WM_CLASS for window association. Without it desktop environments may not link running windows to this .desktop entry. Set desktopName in package.json and linux.syncDesktopName: true to fix.  reason=desktopName is not set in package.json docs=https://www.electron.build/linux#window-association-desktopname--syncdesktopname
2026-09-14T10:06:35.0306309Z   • downloaded      label=fpm-1.17.0-ruby-3.4.3-linux-amd64.7z progress=100%
2026-09-14T10:07:26.0726105Z [linux] x64 done
2026-09-14T10:07:26.0729342Z   • electron-builder  version=26.16.1 os=6.17.0-1022-azure
2026-09-14T10:07:26.0730259Z   • publishing will be skipped  reason=current build is a part of pull request solution=set env PUBLISH_FOR_PULL_REQUEST to true to force code signing
2026-09-14T10:07:26.0731308Z There are serious security concerns with PUBLISH_FOR_PULL_REQUEST=true (see the  CircleCI documentation (https://circleci.com/docs/1.0/fork-pr-builds/) for details)
2026-09-14T10:07:26.0732433Z If you have SSH keys, sensitive env vars or AWS credentials stored in your project settings and untrusted forks can make pull requests against your repo, then this option isn't for you.
2026-09-14T10:07:26.0745553Z   • author is missed in the package.json  appPackageFile=/home/runner/work/devbar/devbar/package.json
2026-09-14T10:07:26.2759077Z   • executing @electron/rebuild  electronVersion=43.2.0 arch=arm64 buildFromSource=false workspaceRoot=/home/runner/work/devbar/devbar projectDir=./ appDir=./
2026-09-14T10:07:26.2760392Z   • installing native dependencies  arch=arm64
2026-09-14T10:07:26.3786776Z   • completed installing native dependencies
2026-09-14T10:07:26.3807044Z   • packaging       platform=linux arch=arm64 electron=43.2.0 appOutDir=dist/electron-builder/linux-arm64-unpacked
2026-09-14T10:07:26.6596016Z   • downloaded      label=electron progress=100%
2026-09-14T10:07:29.4360023Z   • downloaded electron zip extracted successfully  output=/home/runner/work/devbar/devbar/dist/electron-builder/linux-arm64-unpacked
2026-09-14T10:07:29.4549481Z   • searching for node modules  pm=pnpm searchDir=/home/runner/work/devbar/devbar
2026-09-14T10:07:30.4209087Z   • duplicate dependency references  dependencies=["type-fest@5.7.0"]
2026-09-14T10:07:31.2873471Z   • building        target=AppImage arch=arm64 file=dist/electron-builder/DevBar-0.7.1-linux-arm64.AppImage
2026-09-14T10:07:31.2877581Z   • electron uses desktopName as app_id / WM_CLASS for window association. Without it desktop environments may not link running windows to this .desktop entry. Set desktopName in package.json and linux.syncDesktopName: true to fix.  reason=desktopName is not set in package.json docs=https://www.electron.build/linux#window-association-desktopname--syncdesktopname
2026-09-14T10:07:39.3071164Z   • building embedded block map  file=dist/electron-builder/DevBar-0.7.1-linux-arm64.AppImage
2026-09-14T10:07:44.4121696Z   • building        target=deb arch=arm64 file=dist/electron-builder/DevBar-0.7.1-linux-arm64.deb
2026-09-14T10:07:44.4133213Z   • electron uses desktopName as app_id / WM_CLASS for window association. Without it desktop environments may not link running windows to this .desktop entry. Set desktopName in package.json and linux.syncDesktopName: true to fix.  reason=desktopName is not set in package.json docs=https://www.electron.build/linux#window-association-desktopname--syncdesktopname
2026-09-14T10:08:27.5630538Z [linux] arm64 done
2026-09-14T10:08:27.5637396Z   • electron-builder  version=26.16.1 os=6.17.0-1022-azure
2026-09-14T10:08:27.5641965Z   • publishing will be skipped  reason=current build is a part of pull request solution=set env PUBLISH_FOR_PULL_REQUEST to true to force code signing
2026-09-14T10:08:27.5643194Z There are serious security concerns with PUBLISH_FOR_PULL_REQUEST=true (see the  CircleCI documentation (https://circleci.com/docs/1.0/fork-pr-builds/) for details)
2026-09-14T10:08:27.5644875Z If you have SSH keys, sensitive env vars or AWS credentials stored in your project settings and untrusted forks can make pull requests against your repo, then this option isn't for you.
2026-09-14T10:08:27.5673154Z   • author is missed in the package.json  appPackageFile=/home/runner/work/devbar/devbar/package.json
2026-09-14T10:08:27.8031394Z   • executing @electron/rebuild  electronVersion=43.2.0 arch=armv7l buildFromSource=false workspaceRoot=/home/runner/work/devbar/devbar projectDir=./ appDir=./
2026-09-14T10:08:27.8033205Z   • installing native dependencies  arch=armv7l
2026-09-14T10:08:27.9068767Z   • completed installing native dependencies
2026-09-14T10:08:27.9089758Z   • packaging       platform=linux arch=armv7l electron=43.2.0 appOutDir=dist/electron-builder/linux-armv7l-unpacked
2026-09-14T10:08:28.1595928Z   • downloaded      label=electron progress=100%
2026-09-14T10:08:30.5845222Z   • downloaded electron zip extracted successfully  output=/home/runner/work/devbar/devbar/dist/electron-builder/linux-armv7l-unpacked
2026-09-14T10:08:30.5990445Z   • searching for node modules  pm=pnpm searchDir=/home/runner/work/devbar/devbar
2026-09-14T10:08:31.5410880Z   • duplicate dependency references  dependencies=["type-fest@5.7.0"]
2026-09-14T10:08:32.3526078Z   • building        target=AppImage arch=armv7l file=dist/electron-builder/DevBar-0.7.1-linux-armv7.AppImage
2026-09-14T10:08:32.3531110Z   • electron uses desktopName as app_id / WM_CLASS for window association. Without it desktop environments may not link running windows to this .desktop entry. Set desktopName in package.json and linux.syncDesktopName: true to fix.  reason=desktopName is not set in package.json docs=https://www.electron.build/linux#window-association-desktopname--syncdesktopname
2026-09-14T10:08:38.7299928Z   • building embedded block map  file=dist/electron-builder/DevBar-0.7.1-linux-armv7.AppImage
2026-09-14T10:08:43.6743696Z   • building        target=deb arch=armv7l file=dist/electron-builder/DevBar-0.7.1-linux-armv7.deb
2026-09-14T10:08:43.6756023Z   • electron uses desktopName as app_id / WM_CLASS for window association. Without it desktop environments may not link running windows to this .desktop entry. Set desktopName in package.json and linux.syncDesktopName: true to fix.  reason=desktopName is not set in package.json docs=https://www.electron.build/linux#window-association-desktopname--syncdesktopname
2026-09-14T10:09:17.9199211Z [linux] armv7 done
2026-09-14T10:09:18.1833772Z 
2026-09-14T10:09:18.1836605Z > devbar@0.7.1 verify:linux /home/runner/work/devbar/devbar
2026-09-14T10:09:18.1837537Z > pnpm run build && node build/scripts/verify-linux-release.js
2026-09-14T10:09:18.1837919Z 
2026-09-14T10:09:18.3948143Z 
2026-09-14T10:09:18.3948897Z > devbar@0.7.1 build /home/runner/work/devbar/devbar
2026-09-14T10:09:18.3949398Z > bash scripts/build.sh
2026-09-14T10:09:18.3949563Z 
2026-09-14T10:09:25.3352426Z 
2026-09-14T10:09:25.3353428Z   build/src/preload.cjs  8.9kb
2026-09-14T10:09:25.3353838Z 
2026-09-14T10:09:25.3354445Z ⚡ Done in 2ms
2026-09-14T10:09:25.3777644Z Verified 6 linux artifacts for v0.7.1 in /home/runner/work/devbar/devbar/dist/electron-builder
2026-09-14T10:09:25.3779630Z ok: DevBar-0.7.1-linux-x64.AppImage (AppImage magic)
2026-09-14T10:09:25.3780363Z ok: DevBar-0.7.1-linux-arm64.AppImage (AppImage magic)
2026-09-14T10:09:25.3781170Z ok: DevBar-0.7.1-linux-armv7.AppImage (AppImage magic)
2026-09-14T10:09:30.3289346Z ok: DevBar-0.7.1-linux-x64.deb (dpkg -c: desktop entry + icon present)
2026-09-14T10:09:34.9800531Z ok: DevBar-0.7.1-linux-arm64.deb (dpkg -c: desktop entry + icon present)
2026-09-14T10:09:39.8743496Z ok: DevBar-0.7.1-linux-armv7.deb (dpkg -c: desktop entry + icon present)
2026-09-14T10:09:39.8928034Z ##[group]Run set -euo pipefail
2026-09-14T10:09:39.8928394Z [36;1mset -euo pipefail[0m
2026-09-14T10:09:39.8928816Z [36;1mVERSION=$(node -p "require('./package.json').version")[0m
2026-09-14T10:09:39.8929265Z [36;1m# AppImage: --appimage-extract-and-run — hosted runners have no[0m
2026-09-14T10:09:39.8929690Z [36;1m# /dev/fuse, so mounting the image would fail; extract-and-run[0m
2026-09-14T10:09:39.8930166Z [36;1m# executes the same payload (what the smoke validates). xvfb[0m
2026-09-14T10:09:39.8930521Z [36;1m# provides the display.[0m
2026-09-14T10:09:39.8931160Z [36;1mxvfb-run -a "dist/electron-builder/DevBar-${VERSION}-linux-x64.AppImage" --appimage-extract-and-run --devbar-smoke 2>&1 | tee smoke-linux-appimage.log[0m
2026-09-14T10:09:39.8931968Z [36;1mgrep -q DEVBAR_SMOKE_OK smoke-linux-appimage.log[0m
2026-09-14T10:09:39.8932375Z [36;1m# .deb: apt resolves package dependencies (the runner image lacks[0m
2026-09-14T10:09:39.8932913Z [36;1m# some Electron libraries; plain dpkg -i would fail); then launch[0m
2026-09-14T10:09:39.8933316Z [36;1m# the installed binary.[0m
2026-09-14T10:09:39.8933717Z [36;1msudo apt-get install -y "dist/electron-builder/DevBar-${VERSION}-linux-x64.deb"[0m
2026-09-14T10:09:39.8934560Z [36;1mxvfb-run -a /usr/bin/devbar --devbar-smoke 2>&1 | tee smoke-linux-deb.log[0m
2026-09-14T10:09:39.8935008Z [36;1mgrep -q DEVBAR_SMOKE_OK smoke-linux-deb.log[0m
2026-09-14T10:09:39.8956576Z shell: /usr/bin/bash -e {0}
2026-09-14T10:09:39.8956905Z env:
2026-09-14T10:09:39.8957240Z   PNPM_HOME: /home/runner/setup-pnpm/node_modules/.bin
2026-09-14T10:09:39.8957612Z ##[endgroup]
2026-09-14T10:09:41.8114549Z /tmp/appimage_extracted_44b9cd646f129d69f8ad1a020d5bf1c3/.DirIcon
2026-09-14T10:09:41.8115584Z /tmp/appimage_extracted_44b9cd646f129d69f8ad1a020d5bf1c3/AppRun
2026-09-14T10:09:41.8116585Z /tmp/appimage_extracted_44b9cd646f129d69f8ad1a020d5bf1c3/LICENSE.electron.txt
2026-09-14T10:09:41.8117702Z /tmp/appimage_extracted_44b9cd646f129d69f8ad1a020d5bf1c3/LICENSES.chromium.html
2026-09-14T10:09:41.8118642Z /tmp/appimage_extracted_44b9cd646f129d69f8ad1a020d5bf1c3/chrome-sandbox
2026-09-14T10:09:41.8119603Z /tmp/appimage_extracted_44b9cd646f129d69f8ad1a020d5bf1c3/chrome_100_percent.pak
2026-09-14T10:09:41.8120563Z /tmp/appimage_extracted_44b9cd646f129d69f8ad1a020d5bf1c3/chrome_200_percent.pak
2026-09-14T10:09:41.8121512Z /tmp/appimage_extracted_44b9cd646f129d69f8ad1a020d5bf1c3/chrome_crashpad_handler
2026-09-14T10:09:41.8122474Z /tmp/appimage_extracted_44b9cd646f129d69f8ad1a020d5bf1c3/devbar
2026-09-14T10:09:41.8123319Z /tmp/appimage_extracted_44b9cd646f129d69f8ad1a020d5bf1c3/devbar.desktop
2026-09-14T10:09:41.8124291Z /tmp/appimage_extracted_44b9cd646f129d69f8ad1a020d5bf1c3/devbar.png
2026-09-14T10:09:41.8125056Z /tmp/appimage_extracted_44b9cd646f129d69f8ad1a020d5bf1c3/icudtl.dat
2026-09-14T10:09:41.8125828Z /tmp/appimage_extracted_44b9cd646f129d69f8ad1a020d5bf1c3/libEGL.so
2026-09-14T10:09:41.8126676Z /tmp/appimage_extracted_44b9cd646f129d69f8ad1a020d5bf1c3/libGLESv2.so
2026-09-14T10:09:41.8127446Z /tmp/appimage_extracted_44b9cd646f129d69f8ad1a020d5bf1c3/libffmpeg.so
2026-09-14T10:09:41.8128315Z /tmp/appimage_extracted_44b9cd646f129d69f8ad1a020d5bf1c3/libvk_swiftshader.so
2026-09-14T10:09:41.8129200Z /tmp/appimage_extracted_44b9cd646f129d69f8ad1a020d5bf1c3/libvulkan.so.1
2026-09-14T10:09:41.8129975Z /tmp/appimage_extracted_44b9cd646f129d69f8ad1a020d5bf1c3/locales
2026-09-14T10:09:41.8130742Z /tmp/appimage_extracted_44b9cd646f129d69f8ad1a020d5bf1c3/locales/af.pak
2026-09-14T10:09:41.8131601Z /tmp/appimage_extracted_44b9cd646f129d69f8ad1a020d5bf1c3/locales/am.pak
2026-09-14T10:09:41.8132430Z /tmp/appimage_extracted_44b9cd646f129d69f8ad1a020d5bf1c3/locales/ar.pak
2026-09-14T10:09:41.8133248Z /tmp/appimage_extracted_44b9cd646f129d69f8ad1a020d5bf1c3/locales/bg.pak
2026-09-14T10:09:41.8134240Z /tmp/appimage_extracted_44b9cd646f129d69f8ad1a020d5bf1c3/locales/bn.pak
2026-09-14T10:09:41.8135236Z /tmp/appimage_extracted_44b9cd646f129d69f8ad1a020d5bf1c3/locales/ca.pak
2026-09-14T10:09:41.8136022Z /tmp/appimage_extracted_44b9cd646f129d69f8ad1a020d5bf1c3/locales/cs.pak
2026-09-14T10:09:41.8136854Z /tmp/appimage_extracted_44b9cd646f129d69f8ad1a020d5bf1c3/locales/da.pak
2026-09-14T10:09:41.8137638Z /tmp/appimage_extracted_44b9cd646f129d69f8ad1a020d5bf1c3/locales/de.pak
2026-09-14T10:09:41.8138492Z /tmp/appimage_extracted_44b9cd646f129d69f8ad1a020d5bf1c3/locales/el.pak
2026-09-14T10:09:41.8139349Z /tmp/appimage_extracted_44b9cd646f129d69f8ad1a020d5bf1c3/locales/en-GB.pak
2026-09-14T10:09:41.8140211Z /tmp/appimage_extracted_44b9cd646f129d69f8ad1a020d5bf1c3/locales/en-US.pak
2026-09-14T10:09:41.8141046Z /tmp/appimage_extracted_44b9cd646f129d69f8ad1a020d5bf1c3/locales/es-419.pak
2026-09-14T10:09:41.8142031Z /tmp/appimage_extracted_44b9cd646f129d69f8ad1a020d5bf1c3/locales/es.pak
2026-09-14T10:09:41.8142803Z /tmp/appimage_extracted_44b9cd646f129d69f8ad1a020d5bf1c3/locales/et.pak
2026-09-14T10:09:41.8143522Z /tmp/appimage_extracted_44b9cd646f129d69f8ad1a020d5bf1c3/locales/fa.pak
2026-09-14T10:09:41.8144489Z /tmp/appimage_extracted_44b9cd646f129d69f8ad1a020d5bf1c3/locales/fi.pak
2026-09-14T10:09:41.8145293Z /tmp/appimage_extracted_44b9cd646f129d69f8ad1a020d5bf1c3/locales/fil.pak
2026-09-14T10:09:41.8146123Z /tmp/appimage_extracted_44b9cd646f129d69f8ad1a020d5bf1c3/locales/fr.pak
2026-09-14T10:09:41.8146967Z /tmp/appimage_extracted_44b9cd646f129d69f8ad1a020d5bf1c3/locales/gu.pak
2026-09-14T10:09:41.8147749Z /tmp/appimage_extracted_44b9cd646f129d69f8ad1a020d5bf1c3/locales/he.pak
2026-09-14T10:09:41.8148586Z /tmp/appimage_extracted_44b9cd646f129d69f8ad1a020d5bf1c3/locales/hi.pak
2026-09-14T10:09:41.8149459Z /tmp/appimage_extracted_44b9cd646f129d69f8ad1a020d5bf1c3/locales/hr.pak
2026-09-14T10:09:41.8150243Z /tmp/appimage_extracted_44b9cd646f129d69f8ad1a020d5bf1c3/locales/hu.pak
2026-09-14T10:09:41.8151076Z /tmp/appimage_extracted_44b9cd646f129d69f8ad1a020d5bf1c3/locales/id.pak
2026-09-14T10:09:41.8151932Z /tmp/appimage_extracted_44b9cd646f129d69f8ad1a020d5bf1c3/locales/it.pak
2026-09-14T10:09:41.8152752Z /tmp/appimage_extracted_44b9cd646f129d69f8ad1a020d5bf1c3/locales/ja.pak
2026-09-14T10:09:41.8153578Z /tmp/appimage_extracted_44b9cd646f129d69f8ad1a020d5bf1c3/locales/kn.pak
2026-09-14T10:09:41.8154533Z /tmp/appimage_extracted_44b9cd646f129d69f8ad1a020d5bf1c3/locales/ko.pak
2026-09-14T10:09:41.8155302Z /tmp/appimage_extracted_44b9cd646f129d69f8ad1a020d5bf1c3/locales/lt.pak
2026-09-14T10:09:41.8156073Z /tmp/appimage_extracted_44b9cd646f129d69f8ad1a020d5bf1c3/locales/lv.pak
2026-09-14T10:09:41.8156942Z /tmp/appimage_extracted_44b9cd646f129d69f8ad1a020d5bf1c3/locales/ml.pak
2026-09-14T10:09:41.8157722Z /tmp/appimage_extracted_44b9cd646f129d69f8ad1a020d5bf1c3/locales/mr.pak
2026-09-14T10:09:41.8158599Z /tmp/appimage_extracted_44b9cd646f129d69f8ad1a020d5bf1c3/locales/ms.pak
2026-09-14T10:09:41.8159396Z /tmp/appimage_extracted_44b9cd646f129d69f8ad1a020d5bf1c3/locales/nb.pak
2026-09-14T10:09:41.8160221Z /tmp/appimage_extracted_44b9cd646f129d69f8ad1a020d5bf1c3/locales/nl.pak
2026-09-14T10:09:41.8161058Z /tmp/appimage_extracted_44b9cd646f129d69f8ad1a020d5bf1c3/locales/pl.pak
2026-09-14T10:09:41.8161856Z /tmp/appimage_extracted_44b9cd646f129d69f8ad1a020d5bf1c3/locales/pt-BR.pak
2026-09-14T10:09:41.8920947Z /tmp/appimage_extracted_44b9cd646f129d69f8ad1a020d5bf1c3/locales/pt-PT.pak
2026-09-14T10:09:41.8922008Z /tmp/appimage_extracted_44b9cd646f129d69f8ad1a020d5bf1c3/locales/ro.pak
2026-09-14T10:09:41.8922849Z /tmp/appimage_extracted_44b9cd646f129d69f8ad1a020d5bf1c3/locales/ru.pak
2026-09-14T10:09:41.8923714Z /tmp/appimage_extracted_44b9cd646f129d69f8ad1a020d5bf1c3/locales/sk.pak
2026-09-14T10:09:41.8924750Z /tmp/appimage_extracted_44b9cd646f129d69f8ad1a020d5bf1c3/locales/sl.pak
2026-09-14T10:09:41.8925561Z /tmp/appimage_extracted_44b9cd646f129d69f8ad1a020d5bf1c3/locales/sr.pak
2026-09-14T10:09:41.8926438Z /tmp/appimage_extracted_44b9cd646f129d69f8ad1a020d5bf1c3/locales/sv.pak
2026-09-14T10:09:41.8927252Z /tmp/appimage_extracted_44b9cd646f129d69f8ad1a020d5bf1c3/locales/sw.pak
2026-09-14T10:09:41.8928131Z /tmp/appimage_extracted_44b9cd646f129d69f8ad1a020d5bf1c3/locales/ta.pak
2026-09-14T10:09:41.8929099Z /tmp/appimage_extracted_44b9cd646f129d69f8ad1a020d5bf1c3/locales/te.pak
2026-09-14T10:09:41.8929909Z /tmp/appimage_extracted_44b9cd646f129d69f8ad1a020d5bf1c3/locales/th.pak
2026-09-14T10:09:41.8930737Z /tmp/appimage_extracted_44b9cd646f129d69f8ad1a020d5bf1c3/locales/tr.pak
2026-09-14T10:09:41.8931583Z /tmp/appimage_extracted_44b9cd646f129d69f8ad1a020d5bf1c3/locales/uk.pak
2026-09-14T10:09:41.8932378Z /tmp/appimage_extracted_44b9cd646f129d69f8ad1a020d5bf1c3/locales/ur.pak
2026-09-14T10:09:41.8933203Z /tmp/appimage_extracted_44b9cd646f129d69f8ad1a020d5bf1c3/locales/vi.pak
2026-09-14T10:09:41.8934148Z /tmp/appimage_extracted_44b9cd646f129d69f8ad1a020d5bf1c3/locales/zh-CN.pak
2026-09-14T10:09:41.8935182Z /tmp/appimage_extracted_44b9cd646f129d69f8ad1a020d5bf1c3/locales/zh-TW.pak
2026-09-14T10:09:41.8935999Z /tmp/appimage_extracted_44b9cd646f129d69f8ad1a020d5bf1c3/resources
2026-09-14T10:09:41.8936858Z /tmp/appimage_extracted_44b9cd646f129d69f8ad1a020d5bf1c3/resources/app.asar
2026-09-14T10:09:41.8937652Z /tmp/appimage_extracted_44b9cd646f129d69f8ad1a020d5bf1c3/resources.pak
2026-09-14T10:09:41.8938517Z /tmp/appimage_extracted_44b9cd646f129d69f8ad1a020d5bf1c3/snapshot_blob.bin
2026-09-14T10:09:41.8939277Z /tmp/appimage_extracted_44b9cd646f129d69f8ad1a020d5bf1c3/usr
2026-09-14T10:09:41.8939987Z /tmp/appimage_extracted_44b9cd646f129d69f8ad1a020d5bf1c3/usr/lib
2026-09-14T10:09:41.8940871Z /tmp/appimage_extracted_44b9cd646f129d69f8ad1a020d5bf1c3/usr/lib/libXss.so.1
2026-09-14T10:09:41.8941760Z /tmp/appimage_extracted_44b9cd646f129d69f8ad1a020d5bf1c3/usr/lib/libXtst.so.6
2026-09-14T10:09:41.8942730Z /tmp/appimage_extracted_44b9cd646f129d69f8ad1a020d5bf1c3/usr/lib/libappindicator.so.1
2026-09-14T10:09:41.8943720Z /tmp/appimage_extracted_44b9cd646f129d69f8ad1a020d5bf1c3/usr/lib/libgconf-2.so.4
2026-09-14T10:09:41.8944725Z /tmp/appimage_extracted_44b9cd646f129d69f8ad1a020d5bf1c3/usr/lib/libindicator.so.7
2026-09-14T10:09:41.8945623Z /tmp/appimage_extracted_44b9cd646f129d69f8ad1a020d5bf1c3/usr/lib/libnotify.so.4
2026-09-14T10:09:41.8946466Z /tmp/appimage_extracted_44b9cd646f129d69f8ad1a020d5bf1c3/usr/share
2026-09-14T10:09:41.8947322Z /tmp/appimage_extracted_44b9cd646f129d69f8ad1a020d5bf1c3/usr/share/icons
2026-09-14T10:09:41.8948190Z /tmp/appimage_extracted_44b9cd646f129d69f8ad1a020d5bf1c3/usr/share/icons/hicolor
2026-09-14T10:09:41.8949192Z /tmp/appimage_extracted_44b9cd646f129d69f8ad1a020d5bf1c3/usr/share/icons/hicolor/128x128
2026-09-14T10:09:41.8950190Z /tmp/appimage_extracted_44b9cd646f129d69f8ad1a020d5bf1c3/usr/share/icons/hicolor/128x128/apps
2026-09-14T10:09:41.8951179Z /tmp/appimage_extracted_44b9cd646f129d69f8ad1a020d5bf1c3/usr/share/icons/hicolor/128x128/apps/devbar.png
2026-09-14T10:09:41.8952140Z /tmp/appimage_extracted_44b9cd646f129d69f8ad1a020d5bf1c3/usr/share/icons/hicolor/16x16
2026-09-14T10:09:41.8952867Z /tmp/appimage_extracted_44b9cd646f129d69f8ad1a020d5bf1c3/usr/share/icons/hicolor/16x16/apps
2026-09-14T10:09:41.8953557Z /tmp/appimage_extracted_44b9cd646f129d69f8ad1a020d5bf1c3/usr/share/icons/hicolor/16x16/apps/devbar.png
2026-09-14T10:09:41.8954333Z /tmp/appimage_extracted_44b9cd646f129d69f8ad1a020d5bf1c3/usr/share/icons/hicolor/24x24
2026-09-14T10:09:41.8954958Z /tmp/appimage_extracted_44b9cd646f129d69f8ad1a020d5bf1c3/usr/share/icons/hicolor/24x24/apps
2026-09-14T10:09:41.8955628Z /tmp/appimage_extracted_44b9cd646f129d69f8ad1a020d5bf1c3/usr/share/icons/hicolor/24x24/apps/devbar.png
2026-09-14T10:09:41.8956239Z /tmp/appimage_extracted_44b9cd646f129d69f8ad1a020d5bf1c3/usr/share/icons/hicolor/256x256
2026-09-14T10:09:41.8956873Z /tmp/appimage_extracted_44b9cd646f129d69f8ad1a020d5bf1c3/usr/share/icons/hicolor/256x256/apps
2026-09-14T10:09:41.8957576Z /tmp/appimage_extracted_44b9cd646f129d69f8ad1a020d5bf1c3/usr/share/icons/hicolor/256x256/apps/devbar.png
2026-09-14T10:09:41.8958198Z /tmp/appimage_extracted_44b9cd646f129d69f8ad1a020d5bf1c3/usr/share/icons/hicolor/32x32
2026-09-14T10:09:41.8958881Z /tmp/appimage_extracted_44b9cd646f129d69f8ad1a020d5bf1c3/usr/share/icons/hicolor/32x32/apps
2026-09-14T10:09:41.8959552Z /tmp/appimage_extracted_44b9cd646f129d69f8ad1a020d5bf1c3/usr/share/icons/hicolor/32x32/apps/devbar.png
2026-09-14T10:09:41.8960169Z /tmp/appimage_extracted_44b9cd646f129d69f8ad1a020d5bf1c3/usr/share/icons/hicolor/48x48
2026-09-14T10:09:41.8960782Z /tmp/appimage_extracted_44b9cd646f129d69f8ad1a020d5bf1c3/usr/share/icons/hicolor/48x48/apps
2026-09-14T10:09:41.8961457Z /tmp/appimage_extracted_44b9cd646f129d69f8ad1a020d5bf1c3/usr/share/icons/hicolor/48x48/apps/devbar.png
2026-09-14T10:09:41.8962065Z /tmp/appimage_extracted_44b9cd646f129d69f8ad1a020d5bf1c3/usr/share/icons/hicolor/64x64
2026-09-14T10:09:45.9288894Z /t[2981:0914/100945.928190:ERROR:dbus/bus.cc:405] Failed to connect to the bus: Could not parse server address: Unknown address type (examples of valid types are "tcp" and on UNIX "unix")
2026-09-14T10:09:45.9569686Z [2981:0914/100945.956306:ERROR:dbus/bus.cc:405] Failed to connect to the bus: Could not parse server address: Unknown address type (examples of valid types are "tcp" and on UNIX "unix")
2026-09-14T10:09:45.9597291Z [2981:0914/100945.958048:ERROR:dbus/object_proxy.cc:572] Failed to call method: org.freedesktop.DBus.NameHasOwner: object_path= /org/freedesktop/DBus: unknown error type: 
2026-09-14T10:09:45.9624908Z [2981:0914/100945.959482:ERROR:dbus/bus.cc:405] Failed to connect to the bus: Could not parse server address: Unknown address type (examples of valid types are "tcp" and on UNIX "unix")
2026-09-14T10:09:46.0302879Z [2981:0914/100946.030069:ERROR:dbus/object_proxy.cc:572] Failed to call method: org.freedesktop.DBus.NameHasOwner: object_path= /org/freedesktop/DBus: unknown error type: 
2026-09-14T10:09:47.4588951Z DEVBAR_SMOKE_OK
2026-09-14T10:09:47.6016791Z mp/appimage_extracted_44b9cd646f129d69f8ad1a020d5bf1c3/usr/share/icons/hicolor/64x64/apps
2026-09-14T10:09:47.6017967Z /tmp/appimage_extracted_44b9cd646f129d69f8ad1a020d5bf1c3/usr/share/icons/hicolor/64x64/apps/devbar.png
2026-09-14T10:09:47.6019054Z /tmp/appimage_extracted_44b9cd646f129d69f8ad1a020d5bf1c3/v8_context_snapshot.bin
2026-09-14T10:09:47.6019880Z /tmp/appimage_extracted_44b9cd646f129d69f8ad1a020d5bf1c3/vk_swiftshader_icd.json
2026-09-14T10:09:49.5812679Z Reading package lists...
2026-09-14T10:09:49.7066052Z Building dependency tree...
2026-09-14T10:09:49.7072106Z Reading state information...
2026-09-14T10:09:49.7228847Z E: Unable to locate package dist/electron-builder
2026-09-14T10:09:49.7258498Z ##[error]Process completed with exit code 100.
2026-09-14T10:09:49.7360534Z Post job cleanup.
2026-09-14T10:09:49.8528157Z Pruning is unnecessary.
2026-09-14T10:09:49.8683471Z Post job cleanup.
2026-09-14T10:09:49.9501335Z [command]/usr/bin/git version
2026-09-14T10:09:49.9538934Z git version 2.55.0
2026-09-14T10:09:49.9578967Z Temporarily overriding HOME='/home/runner/work/_temp/6e65483f-a991-4da3-b57b-6a7c3a62c77a' before making global git config changes
2026-09-14T10:09:49.9580498Z Adding repository directory to the temporary git global config as a safe directory
2026-09-14T10:09:49.9581601Z [command]/usr/bin/git config --global --add safe.directory /home/runner/work/devbar/devbar
2026-09-14T10:09:49.9616044Z Removing SSH command configuration
2026-09-14T10:09:49.9621884Z [command]/usr/bin/git config --local --name-only --get-regexp core\.sshCommand
2026-09-14T10:09:49.9655744Z [command]/usr/bin/git submodule foreach --recursive sh -c "git config --local --name-only --get-regexp 'core\.sshCommand' && git config --local --unset-all 'core.sshCommand' || :"
2026-09-14T10:09:49.9878449Z Removing HTTP extra header
2026-09-14T10:09:49.9884955Z [command]/usr/bin/git config --local --name-only --get-regexp http\.https\:\/\/github\.com\/\.extraheader
2026-09-14T10:09:49.9917786Z [command]/usr/bin/git submodule foreach --recursive sh -c "git config --local --name-only --get-regexp 'http\.https\:\/\/github\.com\/\.extraheader' && git config --local --unset-all 'http.https://github.com/.extraheader' || :"
2026-09-14T10:09:50.0140548Z Removing includeIf entries pointing to credentials config files
2026-09-14T10:09:50.0147228Z [command]/usr/bin/git config --local --name-only --get-regexp ^includeIf\.gitdir:
2026-09-14T10:09:50.0170491Z [command]/usr/bin/git submodule foreach --recursive git config --local --show-origin --name-only --get-regexp remote.origin.url
2026-09-14T10:09:50.0452618Z Cleaning up orphan processes
