2026-09-14T09:28:58.2633555Z Current runner version: '2.337.0'
2026-09-14T09:28:58.2656806Z ##[group]Runner Image Provisioner
2026-09-14T09:28:58.2657618Z Hosted Compute Agent
2026-09-14T09:28:58.2658111Z Version: 20260828.587
2026-09-14T09:28:58.2658671Z Commit: abac92662cab4cc7352de4f9f9d2e2419aad9c29
2026-09-14T09:28:58.2659292Z Build Date: 2026-08-28T16:44:25Z
2026-09-14T09:28:58.2659888Z Worker ID: {16f0032c-3bf8-41c3-bd9f-f09f53244820}
2026-09-14T09:28:58.2660523Z Azure Region: westus3
2026-09-14T09:28:58.2660998Z ##[endgroup]
2026-09-14T09:28:58.2662090Z ##[group]Operating System
2026-09-14T09:28:58.2662862Z Ubuntu
2026-09-14T09:28:58.2663332Z 24.04.5
2026-09-14T09:28:58.2663861Z LTS
2026-09-14T09:28:58.2664298Z ##[endgroup]
2026-09-14T09:28:58.2664742Z ##[group]Runner Image
2026-09-14T09:28:58.2665284Z Image: ubuntu-24.04
2026-09-14T09:28:58.2665785Z Version: 20260907.300.1
2026-09-14T09:28:58.2666879Z Included Software: https://github.com/actions/runner-images/blob/ubuntu24/20260907.300/images/ubuntu/Ubuntu2404-Readme.md
2026-09-14T09:28:58.2668136Z Image Release: https://github.com/actions/runner-images/releases/tag/ubuntu24%2F20260907.300
2026-09-14T09:28:58.2668990Z ##[endgroup]
2026-09-14T09:28:58.2669930Z ##[group]GITHUB_TOKEN Permissions
2026-09-14T09:28:58.2671581Z Contents: read
2026-09-14T09:28:58.2672080Z Metadata: read
2026-09-14T09:28:58.2672893Z ##[endgroup]
2026-09-14T09:28:58.2674778Z Secret source: Actions
2026-09-14T09:28:58.2675634Z Cache mode: write
2026-09-14T09:28:58.2676244Z Prepare workflow directory
2026-09-14T09:28:58.2994721Z Prepare all required actions
2026-09-14T09:28:58.3035726Z Getting action download info
2026-09-14T09:28:58.6555412Z Download action repository 'actions/checkout@3d3c42e5aac5ba805825da76410c181273ba90b1' (SHA:3d3c42e5aac5ba805825da76410c181273ba90b1)
2026-09-14T09:28:58.8073627Z Download action repository 'pnpm/action-setup@0977fd99725f1db4007ccb2928dbb4e90d06cc86' (SHA:0977fd99725f1db4007ccb2928dbb4e90d06cc86)
2026-09-14T09:28:59.3320235Z Download action repository 'actions/setup-node@820762786026740c76f36085b0efc47a31fe5020' (SHA:820762786026740c76f36085b0efc47a31fe5020)
2026-09-14T09:28:59.4598836Z Download action repository 'actions/cache@55cc8345863c7cc4c66a329aec7e433d2d1c52a9' (SHA:55cc8345863c7cc4c66a329aec7e433d2d1c52a9)
2026-09-14T09:28:59.6325041Z Download action repository 'actions/upload-artifact@043fb46d1a93c77aae656e7c1c64a875d1fc6a0a' (SHA:043fb46d1a93c77aae656e7c1c64a875d1fc6a0a)
2026-09-14T09:28:59.8625692Z Complete job name: Build, verify & launch smoke — linux
2026-09-14T09:28:59.9529629Z ##[group]Run actions/checkout@3d3c42e5aac5ba805825da76410c181273ba90b1
2026-09-14T09:28:59.9531012Z with:
2026-09-14T09:28:59.9531706Z   persist-credentials: false
2026-09-14T09:28:59.9532754Z   repository: juanjoGonDev/devbar
2026-09-14T09:28:59.9538855Z   token: ***
2026-09-14T09:28:59.9539548Z   ssh-strict: true
2026-09-14T09:28:59.9540252Z   ssh-user: git
2026-09-14T09:28:59.9540938Z   clean: true
2026-09-14T09:28:59.9541683Z   sparse-checkout-cone-mode: true
2026-09-14T09:28:59.9542639Z   fetch-depth: 1
2026-09-14T09:28:59.9543347Z   fetch-tags: false
2026-09-14T09:28:59.9544065Z   show-progress: true
2026-09-14T09:28:59.9544796Z   lfs: false
2026-09-14T09:28:59.9545471Z   submodules: false
2026-09-14T09:28:59.9546200Z   set-safe-directory: true
2026-09-14T09:28:59.9547026Z   allow-unsafe-pr-checkout: false
2026-09-14T09:28:59.9548069Z ##[endgroup]
2026-09-14T09:29:00.2065122Z Syncing repository: juanjoGonDev/devbar
2026-09-14T09:29:00.2067320Z ##[group]Getting Git version info
2026-09-14T09:29:00.2067995Z Working directory is '/home/runner/work/devbar/devbar'
2026-09-14T09:29:00.2068722Z [command]/usr/bin/git version
2026-09-14T09:29:00.2134237Z git version 2.55.0
2026-09-14T09:29:00.2154835Z ##[endgroup]
2026-09-14T09:29:00.2163683Z Temporarily overriding HOME='/home/runner/work/_temp/6b4e3b8b-71ca-4646-bdb0-d8cd1d1762eb' before making global git config changes
2026-09-14T09:29:00.2165109Z Adding repository directory to the temporary git global config as a safe directory
2026-09-14T09:29:00.2183465Z [command]/usr/bin/git config --global --add safe.directory /home/runner/work/devbar/devbar
2026-09-14T09:29:00.2669691Z Deleting the contents of '/home/runner/work/devbar/devbar'
2026-09-14T09:29:00.2674000Z ##[group]Determining repository object format
2026-09-14T09:29:00.2675614Z ##[endgroup]
2026-09-14T09:29:00.2676231Z ##[group]Initializing the repository
2026-09-14T09:29:00.2680478Z [command]/usr/bin/git init /home/runner/work/devbar/devbar
2026-09-14T09:29:00.2866044Z hint: Using 'master' as the name for the initial branch. This default branch name
2026-09-14T09:29:00.2867425Z hint: will change to "main" in Git 3.0. To configure the initial branch name
2026-09-14T09:29:00.2868477Z hint: to use in all of your new repositories, which will suppress this warning,
2026-09-14T09:29:00.2869128Z hint: call:
2026-09-14T09:29:00.2869413Z hint:
2026-09-14T09:29:00.2869736Z hint: 	git config --global init.defaultBranch <name>
2026-09-14T09:29:00.2870036Z hint:
2026-09-14T09:29:00.2870312Z hint: Names commonly chosen instead of 'master' are 'main', 'trunk' and
2026-09-14T09:29:00.2870815Z hint: 'development'. The just-created branch can be renamed via this command:
2026-09-14T09:29:00.2871215Z hint:
2026-09-14T09:29:00.2871421Z hint: 	git branch -m <name>
2026-09-14T09:29:00.2871653Z hint:
2026-09-14T09:29:00.2871956Z hint: Disable this message with "git config set advice.defaultBranchName false"
2026-09-14T09:29:00.2872417Z Initialized empty Git repository in /home/runner/work/devbar/devbar/.git/
2026-09-14T09:29:00.2877755Z [command]/usr/bin/git remote add origin https://github.com/juanjoGonDev/devbar
2026-09-14T09:29:00.3126268Z ##[endgroup]
2026-09-14T09:29:00.3126954Z ##[group]Disabling automatic garbage collection
2026-09-14T09:29:00.3140358Z [command]/usr/bin/git config --local gc.auto 0
2026-09-14T09:29:00.3305634Z ##[endgroup]
2026-09-14T09:29:00.3306438Z ##[group]Setting up auth
2026-09-14T09:29:00.3306916Z Removing SSH command configuration
2026-09-14T09:29:00.3314128Z [command]/usr/bin/git config --local --name-only --get-regexp core\.sshCommand
2026-09-14T09:29:00.3366082Z [command]/usr/bin/git submodule foreach --recursive sh -c "git config --local --name-only --get-regexp 'core\.sshCommand' && git config --local --unset-all 'core.sshCommand' || :"
2026-09-14T09:29:00.6139914Z Removing HTTP extra header
2026-09-14T09:29:00.6145680Z [command]/usr/bin/git config --local --name-only --get-regexp http\.https\:\/\/github\.com\/\.extraheader
2026-09-14T09:29:00.6182011Z [command]/usr/bin/git submodule foreach --recursive sh -c "git config --local --name-only --get-regexp 'http\.https\:\/\/github\.com\/\.extraheader' && git config --local --unset-all 'http.https://github.com/.extraheader' || :"
2026-09-14T09:29:00.6396829Z Removing includeIf entries pointing to credentials config files
2026-09-14T09:29:00.6401651Z [command]/usr/bin/git config --local --name-only --get-regexp ^includeIf\.gitdir:
2026-09-14T09:29:00.6435455Z [command]/usr/bin/git submodule foreach --recursive git config --local --show-origin --name-only --get-regexp remote.origin.url
2026-09-14T09:29:00.6645948Z [command]/usr/bin/git config --file /home/runner/work/_temp/git-credentials-b3d36540-6e9a-4998-97cb-e1569893dc9f.config http.https://github.com/.extraheader AUTHORIZATION: basic ***
2026-09-14T09:29:00.7114829Z [command]/usr/bin/git config --local includeIf.gitdir:/home/runner/work/devbar/devbar/.git.path /home/runner/work/_temp/git-credentials-b3d36540-6e9a-4998-97cb-e1569893dc9f.config
2026-09-14T09:29:00.7140591Z [command]/usr/bin/git config --local includeIf.gitdir:/home/runner/work/devbar/devbar/.git/worktrees/*.path /home/runner/work/_temp/git-credentials-b3d36540-6e9a-4998-97cb-e1569893dc9f.config
2026-09-14T09:29:00.8287669Z [command]/usr/bin/git config --local includeIf.gitdir:/github/workspace/.git.path /github/runner_temp/git-credentials-b3d36540-6e9a-4998-97cb-e1569893dc9f.config
2026-09-14T09:29:00.8360915Z [command]/usr/bin/git config --local includeIf.gitdir:/github/workspace/.git/worktrees/*.path /github/runner_temp/git-credentials-b3d36540-6e9a-4998-97cb-e1569893dc9f.config
2026-09-14T09:29:00.8480054Z ##[endgroup]
2026-09-14T09:29:00.8480523Z ##[group]Fetching the repository
2026-09-14T09:29:00.8487442Z [command]/usr/bin/git -c protocol.version=2 fetch --no-tags --prune --no-recurse-submodules --depth=1 origin +00f4218a0685520baa99ab517824c27b1906046a:refs/remotes/pull/78/merge
2026-09-14T09:29:02.2774206Z From https://github.com/juanjoGonDev/devbar
2026-09-14T09:29:02.2779027Z  * [new ref]         00f4218a0685520baa99ab517824c27b1906046a -> pull/78/merge
2026-09-14T09:29:02.2780661Z ##[endgroup]
2026-09-14T09:29:02.2781260Z ##[group]Determining the checkout info
2026-09-14T09:29:02.2781839Z ##[endgroup]
2026-09-14T09:29:02.2784785Z [command]/usr/bin/git sparse-checkout disable
2026-09-14T09:29:02.3448829Z [command]/usr/bin/git config --local --unset-all extensions.worktreeConfig
2026-09-14T09:29:02.3783874Z ##[group]Checking out the ref
2026-09-14T09:29:02.3804309Z [command]/usr/bin/git checkout --progress --force refs/remotes/pull/78/merge
2026-09-14T09:29:02.4338969Z Note: switching to 'refs/remotes/pull/78/merge'.
2026-09-14T09:29:02.4339906Z 
2026-09-14T09:29:02.4348359Z You are in 'detached HEAD' state. You can look around, make experimental
2026-09-14T09:29:02.4349446Z changes and commit them, and you can discard any commits you make in this
2026-09-14T09:29:02.4350277Z state without impacting any branches by switching back to a branch.
2026-09-14T09:29:02.4350836Z 
2026-09-14T09:29:02.4351314Z If you want to create a new branch to retain commits you create, you may
2026-09-14T09:29:02.4352058Z do so (now or later) by using -c with the switch command. Example:
2026-09-14T09:29:02.4352731Z 
2026-09-14T09:29:02.4353038Z   git switch -c <new-branch-name>
2026-09-14T09:29:02.4353425Z 
2026-09-14T09:29:02.4353743Z Or undo this operation with:
2026-09-14T09:29:02.4354167Z 
2026-09-14T09:29:02.4354492Z   git switch -
2026-09-14T09:29:02.4355036Z 
2026-09-14T09:29:02.4355522Z Turn off this advice by setting config variable advice.detachedHead to false
2026-09-14T09:29:02.4356243Z 
2026-09-14T09:29:02.4356814Z HEAD is now at 00f4218 Merge 77f765af80be88c0d595798067dacd722ac4b450 into 42a77c630288a92901d0127cde05e7e033cf4dda
2026-09-14T09:29:02.4358595Z ##[endgroup]
2026-09-14T09:29:02.4559066Z [command]/usr/bin/git log -1 --format=%H
2026-09-14T09:29:02.4588969Z 00f4218a0685520baa99ab517824c27b1906046a
2026-09-14T09:29:02.4597968Z ##[group]Removing auth
2026-09-14T09:29:02.4598345Z Removing SSH command configuration
2026-09-14T09:29:02.4601965Z [command]/usr/bin/git config --local --name-only --get-regexp core\.sshCommand
2026-09-14T09:29:02.4635539Z [command]/usr/bin/git submodule foreach --recursive sh -c "git config --local --name-only --get-regexp 'core\.sshCommand' && git config --local --unset-all 'core.sshCommand' || :"
2026-09-14T09:29:02.4840301Z Removing HTTP extra header
2026-09-14T09:29:02.4845064Z [command]/usr/bin/git config --local --name-only --get-regexp http\.https\:\/\/github\.com\/\.extraheader
2026-09-14T09:29:02.4882964Z [command]/usr/bin/git submodule foreach --recursive sh -c "git config --local --name-only --get-regexp 'http\.https\:\/\/github\.com\/\.extraheader' && git config --local --unset-all 'http.https://github.com/.extraheader' || :"
2026-09-14T09:29:02.5095162Z Removing includeIf entries pointing to credentials config files
2026-09-14T09:29:02.5098023Z [command]/usr/bin/git config --local --name-only --get-regexp ^includeIf\.gitdir:
2026-09-14T09:29:02.5128185Z includeif.gitdir:/home/runner/work/devbar/devbar/.git.path
2026-09-14T09:29:02.5128867Z includeif.gitdir:/home/runner/work/devbar/devbar/.git/worktrees/*.path
2026-09-14T09:29:02.5129365Z includeif.gitdir:/github/workspace/.git.path
2026-09-14T09:29:02.5129797Z includeif.gitdir:/github/workspace/.git/worktrees/*.path
2026-09-14T09:29:02.5136641Z [command]/usr/bin/git config --local --get-all includeif.gitdir:/home/runner/work/devbar/devbar/.git.path
2026-09-14T09:29:02.5161825Z /home/runner/work/_temp/git-credentials-b3d36540-6e9a-4998-97cb-e1569893dc9f.config
2026-09-14T09:29:02.5172426Z [command]/usr/bin/git config --local --unset includeif.gitdir:/home/runner/work/devbar/devbar/.git.path \/home\/runner\/work\/_temp\/git\-credentials\-b3d36540\-6e9a\-4998\-97cb\-e1569893dc9f\.config
2026-09-14T09:29:02.5571596Z [command]/usr/bin/git config --local --get-all includeif.gitdir:/home/runner/work/devbar/devbar/.git/worktrees/*.path
2026-09-14T09:29:02.5602352Z /home/runner/work/_temp/git-credentials-b3d36540-6e9a-4998-97cb-e1569893dc9f.config
2026-09-14T09:29:02.5611092Z [command]/usr/bin/git config --local --unset includeif.gitdir:/home/runner/work/devbar/devbar/.git/worktrees/*.path \/home\/runner\/work\/_temp\/git\-credentials\-b3d36540\-6e9a\-4998\-97cb\-e1569893dc9f\.config
2026-09-14T09:29:02.5810146Z [command]/usr/bin/git config --local --get-all includeif.gitdir:/github/workspace/.git.path
2026-09-14T09:29:02.5848248Z /github/runner_temp/git-credentials-b3d36540-6e9a-4998-97cb-e1569893dc9f.config
2026-09-14T09:29:02.5857542Z [command]/usr/bin/git config --local --unset includeif.gitdir:/github/workspace/.git.path \/github\/runner_temp\/git\-credentials\-b3d36540\-6e9a\-4998\-97cb\-e1569893dc9f\.config
2026-09-14T09:29:02.7005262Z [command]/usr/bin/git config --local --get-all includeif.gitdir:/github/workspace/.git/worktrees/*.path
2026-09-14T09:29:02.7034310Z /github/runner_temp/git-credentials-b3d36540-6e9a-4998-97cb-e1569893dc9f.config
2026-09-14T09:29:02.7069367Z [command]/usr/bin/git config --local --unset includeif.gitdir:/github/workspace/.git/worktrees/*.path \/github\/runner_temp\/git\-credentials\-b3d36540\-6e9a\-4998\-97cb\-e1569893dc9f\.config
2026-09-14T09:29:02.7131863Z [command]/usr/bin/git submodule foreach --recursive git config --local --show-origin --name-only --get-regexp remote.origin.url
2026-09-14T09:29:02.7336211Z Removing credentials config '/home/runner/work/_temp/git-credentials-b3d36540-6e9a-4998-97cb-e1569893dc9f.config'
2026-09-14T09:29:02.7343885Z ##[endgroup]
2026-09-14T09:29:02.7545179Z ##[group]Run pnpm/action-setup@0977fd99725f1db4007ccb2928dbb4e90d06cc86
2026-09-14T09:29:02.7545506Z with:
2026-09-14T09:29:02.7545673Z   dest: ~/setup-pnpm
2026-09-14T09:29:02.7545852Z   run_install: null
2026-09-14T09:29:02.7546023Z   cache: false
2026-09-14T09:29:02.7546203Z   cache_dependency_path: pnpm-lock.yaml
2026-09-14T09:29:02.7546437Z   package_json_file: package.json
2026-09-14T09:29:02.7546635Z   standalone: false
2026-09-14T09:29:02.7546794Z ##[endgroup]
2026-09-14T09:29:02.8814648Z ##[group]Running self-installer...
2026-09-14T09:29:05.0618676Z 
2026-09-14T09:29:05.0619241Z added 1 package, and audited 2 packages in 1s
2026-09-14T09:29:05.0619572Z 
2026-09-14T09:29:05.0619700Z 1 package is looking for funding
2026-09-14T09:29:05.0620029Z   run `npm fund` for details
2026-09-14T09:29:05.0624617Z 
2026-09-14T09:29:05.0624760Z found 0 vulnerabilities
2026-09-14T09:29:05.5505718Z Checking for updates...
2026-09-14T09:29:05.7318226Z Switching pnpm from v11.19.0 to v10.32.1...
2026-09-14T09:29:06.2238615Z .../v11/865-1a09f3faf00-84fb8833cbaf074e | Progress: resolved 1, reused 0, downloaded 0, added 0
2026-09-14T09:29:06.2254362Z .../v11/865-1a09f3faf00-84fb8833cbaf074e |   +1 +
2026-09-14T09:29:06.4467763Z .../v11/865-1a09f3faf00-84fb8833cbaf074e | Progress: resolved 1, reused 0, downloaded 1, added 1, done
2026-09-14T09:29:06.7669196Z [WARN] Detected a pnpm v10 installation layout at PNPM_HOME. The pnpm shims at PNPM_HOME have been refreshed so the new version is active, but pnpm v11 expects bins in PNPM_HOME/bin. Run "pnpm setup" to migrate your PATH to the v11 layout.
2026-09-14T09:29:06.7695653Z Successfully updated pnpm to v10.32.1
2026-09-14T09:29:06.7967719Z ##[endgroup]
2026-09-14T09:29:06.7968112Z Installation Completed!
2026-09-14T09:29:06.8133410Z ##[group]Run actions/setup-node@820762786026740c76f36085b0efc47a31fe5020
2026-09-14T09:29:06.8133728Z with:
2026-09-14T09:29:06.8133895Z   node-version: 22
2026-09-14T09:29:06.8134067Z   cache: pnpm
2026-09-14T09:29:06.8134241Z   check-latest: false
2026-09-14T09:29:06.8136348Z   token: ***
2026-09-14T09:29:06.8136532Z   package-manager-cache: true
2026-09-14T09:29:06.8136730Z env:
2026-09-14T09:29:06.8136929Z   PNPM_HOME: /home/runner/setup-pnpm/node_modules/.bin
2026-09-14T09:29:06.8137174Z ##[endgroup]
2026-09-14T09:29:06.9167594Z Found in cache @ /opt/hostedtoolcache/node/22.23.2/x64
2026-09-14T09:29:06.9170082Z ##[group]Environment details
2026-09-14T09:29:07.2039116Z node: v22.23.2
2026-09-14T09:29:07.2039378Z npm: 10.9.8
2026-09-14T09:29:07.2039549Z yarn: 1.22.22
2026-09-14T09:29:07.2040224Z ##[endgroup]
2026-09-14T09:29:07.2060108Z [command]/home/runner/setup-pnpm/node_modules/.bin/bin/pnpm store path --silent
2026-09-14T09:29:07.4235687Z /home/runner/setup-pnpm/node_modules/.bin/store/v10
2026-09-14T09:29:07.6435620Z Cache hit for: node-cache-Linux-x64-pnpm-83528be4bfacfab174cb4589cc6560b2987ff34bb71b9519b61a7c1fb63cbec1
2026-09-14T09:29:08.8767435Z Received 29360128 of 72015995 (40.8%), 28.0 MBs/sec
2026-09-14T09:29:09.1328883Z Received 72015995 of 72015995 (100.0%), 54.6 MBs/sec
2026-09-14T09:29:09.1329771Z Cache Size: ~69 MB (72015995 B)
2026-09-14T09:29:09.1380829Z [command]/usr/bin/tar -xf /home/runner/work/_temp/fff58c56-c75d-4fba-9f1b-415ea6c21d08/cache.tzst -P -C /home/runner/work/devbar/devbar --use-compress-program unzstd
2026-09-14T09:29:09.7374070Z Cache restored successfully
2026-09-14T09:29:09.7410583Z Cache restored from key: node-cache-Linux-x64-pnpm-83528be4bfacfab174cb4589cc6560b2987ff34bb71b9519b61a7c1fb63cbec1
2026-09-14T09:29:09.7554328Z ##[group]Run echo "version=$(node -p "require('./package.json').version")" >> "$GITHUB_OUTPUT"
2026-09-14T09:29:09.7554908Z [36;1mecho "version=$(node -p "require('./package.json').version")" >> "$GITHUB_OUTPUT"[0m
2026-09-14T09:29:09.7595930Z shell: /usr/bin/bash --noprofile --norc -e -o pipefail {0}
2026-09-14T09:29:09.7596225Z env:
2026-09-14T09:29:09.7596451Z   PNPM_HOME: /home/runner/setup-pnpm/node_modules/.bin
2026-09-14T09:29:09.7596703Z ##[endgroup]
2026-09-14T09:29:09.8515201Z ##[group]Run actions/cache@55cc8345863c7cc4c66a329aec7e433d2d1c52a9
2026-09-14T09:29:09.8515551Z with:
2026-09-14T09:29:09.8515765Z   path: ~/.cache/electron
~/.cache/electron-builder

2026-09-14T09:29:09.8516157Z   key: electron-linux-83528be4bfacfab174cb4589cc6560b2987ff34bb71b9519b61a7c1fb63cbec1
2026-09-14T09:29:09.8516535Z   enableCrossOsArchive: false
2026-09-14T09:29:09.8516744Z   fail-on-cache-miss: false
2026-09-14T09:29:09.8516934Z   lookup-only: false
2026-09-14T09:29:09.8517106Z   save-always: false
2026-09-14T09:29:09.8517276Z env:
2026-09-14T09:29:09.8517480Z   PNPM_HOME: /home/runner/setup-pnpm/node_modules/.bin
2026-09-14T09:29:09.8517722Z ##[endgroup]
2026-09-14T09:29:10.1503944Z Cache not found for input keys: electron-linux-83528be4bfacfab174cb4589cc6560b2987ff34bb71b9519b61a7c1fb63cbec1
2026-09-14T09:29:10.1576611Z ##[group]Run pnpm install --frozen-lockfile
2026-09-14T09:29:10.1576925Z [36;1mpnpm install --frozen-lockfile[0m
2026-09-14T09:29:10.1614791Z shell: /usr/bin/bash -e {0}
2026-09-14T09:29:10.1615019Z env:
2026-09-14T09:29:10.1615253Z   PNPM_HOME: /home/runner/setup-pnpm/node_modules/.bin
2026-09-14T09:29:10.1615516Z ##[endgroup]
2026-09-14T09:29:10.4502798Z Lockfile is up to date, resolution step is skipped
2026-09-14T09:29:10.5875503Z Packages: +481
2026-09-14T09:29:10.5893924Z ++++++++++++++++++++++++++++++++++++++++++++++++++++++++++++++++++++++++++++++++
2026-09-14T09:29:10.6364300Z Progress: resolved 0, reused 1, downloaded 0, added 0
2026-09-14T09:29:11.5844709Z Progress: resolved 0, reused 465, downloaded 0, added 481, done
2026-09-14T09:29:11.6690843Z 
2026-09-14T09:29:11.7097220Z 
2026-09-14T09:29:11.7098061Z > devbar@0.7.1 postinstall /home/runner/work/devbar/devbar
2026-09-14T09:29:11.7098708Z > node --experimental-strip-types scripts/install-hooks.ts
2026-09-14T09:29:11.7099104Z 
2026-09-14T09:29:11.8248170Z ╭ Warning ─────────────────────────────────────────────────────────────────────╮
2026-09-14T09:29:11.8251420Z │                                                                              │
2026-09-14T09:29:11.8258410Z │   Ignored build scripts: electron-winstaller@5.4.0, esbuild@0.28.2.          │
2026-09-14T09:29:11.8259608Z │   Run "pnpm approve-builds" to pick which dependencies should be allowed     │
2026-09-14T09:29:11.8260356Z │   to run scripts.                                                            │
2026-09-14T09:29:11.8261177Z │                                                                              │
2026-09-14T09:29:11.8261929Z ╰──────────────────────────────────────────────────────────────────────────────╯
2026-09-14T09:29:11.8336461Z Done in 1.6s using pnpm v10.32.1
2026-09-14T09:29:11.8514017Z ##[group]Run pnpm run dist:linux && pnpm run verify:linux
2026-09-14T09:29:11.8514380Z [36;1mpnpm run dist:linux && pnpm run verify:linux[0m
2026-09-14T09:29:11.8546858Z shell: /usr/bin/bash -e {0}
2026-09-14T09:29:11.8547081Z env:
2026-09-14T09:29:11.8547302Z   PNPM_HOME: /home/runner/setup-pnpm/node_modules/.bin
2026-09-14T09:29:11.8547568Z ##[endgroup]
2026-09-14T09:29:12.1508665Z 
2026-09-14T09:29:12.1509499Z > devbar@0.7.1 dist:linux /home/runner/work/devbar/devbar
2026-09-14T09:29:12.1510375Z > pnpm run build && node --experimental-strip-types scripts/package-win-linux.ts linux
2026-09-14T09:29:12.1510840Z 
2026-09-14T09:29:12.3688631Z 
2026-09-14T09:29:12.3689830Z > devbar@0.7.1 build /home/runner/work/devbar/devbar
2026-09-14T09:29:12.3690209Z > bash scripts/build.sh
2026-09-14T09:29:12.3690337Z 
2026-09-14T09:29:20.5015329Z 
2026-09-14T09:29:20.5015997Z   build/src/preload.cjs  8.9kb
2026-09-14T09:29:20.5016297Z 
2026-09-14T09:29:20.5016674Z ⚡ Done in 2ms
2026-09-14T09:29:20.9079492Z   • electron-builder  version=26.16.1 os=6.17.0-1022-azure
2026-09-14T09:29:20.9082223Z   • publishing will be skipped  reason=current build is a part of pull request solution=set env PUBLISH_FOR_PULL_REQUEST to true to force code signing
2026-09-14T09:29:20.9083759Z There are serious security concerns with PUBLISH_FOR_PULL_REQUEST=true (see the  CircleCI documentation (https://circleci.com/docs/1.0/fork-pr-builds/) for details)
2026-09-14T09:29:20.9084991Z If you have SSH keys, sensitive env vars or AWS credentials stored in your project settings and untrusted forks can make pull requests against your repo, then this option isn't for you.
2026-09-14T09:29:20.9182953Z   • author is missed in the package.json  appPackageFile=/home/runner/work/devbar/devbar/package.json
2026-09-14T09:29:21.6788403Z   • executing @electron/rebuild  electronVersion=43.2.0 arch=x64 buildFromSource=false workspaceRoot=/home/runner/work/devbar/devbar projectDir=./ appDir=./
2026-09-14T09:29:21.6789461Z   • installing native dependencies  arch=x64
2026-09-14T09:29:21.7821723Z   • completed installing native dependencies
2026-09-14T09:29:21.7859335Z   • packaging       platform=linux arch=x64 electron=43.2.0 appOutDir=dist/electron-builder/linux-unpacked
2026-09-14T09:29:21.9621657Z   • downloaded      label=electron progress=100%
2026-09-14T09:29:24.1519305Z   • downloaded electron zip extracted successfully  output=/home/runner/work/devbar/devbar/dist/electron-builder/linux-unpacked
2026-09-14T09:29:24.1749511Z   • searching for node modules  pm=pnpm searchDir=/home/runner/work/devbar/devbar
2026-09-14T09:29:25.1486375Z   • duplicate dependency references  dependencies=["type-fest@5.7.0"]
2026-09-14T09:29:25.8656152Z   • building        target=AppImage arch=x64 file=dist/electron-builder/DevBar-0.7.1-linux-x64.AppImage
2026-09-14T09:29:25.8660648Z   • electron uses desktopName as app_id / WM_CLASS for window association. Without it desktop environments may not link running windows to this .desktop entry. Set desktopName in package.json and linux.syncDesktopName: true to fix.  reason=desktopName is not set in package.json docs=https://www.electron.build/linux#window-association-desktopname--syncdesktopname
2026-09-14T09:29:25.9254692Z   • downloaded      label=appimage-12.0.1.7z progress=100%
2026-09-14T09:29:26.0038403Z   • downloaded      label=7zip-linux-x64.tar.gz progress=100%
2026-09-14T09:29:35.4250521Z   • building embedded block map  file=dist/electron-builder/DevBar-0.7.1-linux-x64.AppImage
2026-09-14T09:29:40.3160421Z   • building        target=deb arch=x64 file=dist/electron-builder/DevBar-0.7.1-linux-x64.deb
2026-09-14T09:29:40.3175625Z   • electron uses desktopName as app_id / WM_CLASS for window association. Without it desktop environments may not link running windows to this .desktop entry. Set desktopName in package.json and linux.syncDesktopName: true to fix.  reason=desktopName is not set in package.json docs=https://www.electron.build/linux#window-association-desktopname--syncdesktopname
2026-09-14T09:29:40.4847925Z   • downloaded      label=fpm-1.17.0-ruby-3.4.3-linux-amd64.7z progress=100%
2026-09-14T09:30:47.4614056Z [linux] x64 done
2026-09-14T09:30:47.4621274Z   • electron-builder  version=26.16.1 os=6.17.0-1022-azure
2026-09-14T09:30:47.4630582Z   • publishing will be skipped  reason=current build is a part of pull request solution=set env PUBLISH_FOR_PULL_REQUEST to true to force code signing
2026-09-14T09:30:47.4631687Z There are serious security concerns with PUBLISH_FOR_PULL_REQUEST=true (see the  CircleCI documentation (https://circleci.com/docs/1.0/fork-pr-builds/) for details)
2026-09-14T09:30:47.4632963Z If you have SSH keys, sensitive env vars or AWS credentials stored in your project settings and untrusted forks can make pull requests against your repo, then this option isn't for you.
2026-09-14T09:30:47.4649161Z   • author is missed in the package.json  appPackageFile=/home/runner/work/devbar/devbar/package.json
2026-09-14T09:30:47.6652936Z   • executing @electron/rebuild  electronVersion=43.2.0 arch=arm64 buildFromSource=false workspaceRoot=/home/runner/work/devbar/devbar projectDir=./ appDir=./
2026-09-14T09:30:47.6654005Z   • installing native dependencies  arch=arm64
2026-09-14T09:30:47.7601216Z   • completed installing native dependencies
2026-09-14T09:30:47.7638561Z   • packaging       platform=linux arch=arm64 electron=43.2.0 appOutDir=dist/electron-builder/linux-arm64-unpacked
2026-09-14T09:30:48.0878212Z   • downloaded      label=electron progress=100%
2026-09-14T09:30:50.5851225Z   • downloaded electron zip extracted successfully  output=/home/runner/work/devbar/devbar/dist/electron-builder/linux-arm64-unpacked
2026-09-14T09:30:50.6018882Z   • searching for node modules  pm=pnpm searchDir=/home/runner/work/devbar/devbar
2026-09-14T09:30:51.5412372Z   • duplicate dependency references  dependencies=["type-fest@5.7.0"]
2026-09-14T09:30:52.3186065Z   • building        target=AppImage arch=arm64 file=dist/electron-builder/DevBar-0.7.1-linux-arm64.AppImage
2026-09-14T09:30:52.3190624Z   • electron uses desktopName as app_id / WM_CLASS for window association. Without it desktop environments may not link running windows to this .desktop entry. Set desktopName in package.json and linux.syncDesktopName: true to fix.  reason=desktopName is not set in package.json docs=https://www.electron.build/linux#window-association-desktopname--syncdesktopname
2026-09-14T09:30:59.7558165Z   • building embedded block map  file=dist/electron-builder/DevBar-0.7.1-linux-arm64.AppImage
2026-09-14T09:31:05.0643828Z   • building        target=deb arch=arm64 file=dist/electron-builder/DevBar-0.7.1-linux-arm64.deb
2026-09-14T09:31:05.0654805Z   • electron uses desktopName as app_id / WM_CLASS for window association. Without it desktop environments may not link running windows to this .desktop entry. Set desktopName in package.json and linux.syncDesktopName: true to fix.  reason=desktopName is not set in package.json docs=https://www.electron.build/linux#window-association-desktopname--syncdesktopname
2026-09-14T09:32:05.0019564Z [linux] arm64 done
2026-09-14T09:32:05.0034883Z   • electron-builder  version=26.16.1 os=6.17.0-1022-azure
2026-09-14T09:32:05.0036020Z   • publishing will be skipped  reason=current build is a part of pull request solution=set env PUBLISH_FOR_PULL_REQUEST to true to force code signing
2026-09-14T09:32:05.0037579Z There are serious security concerns with PUBLISH_FOR_PULL_REQUEST=true (see the  CircleCI documentation (https://circleci.com/docs/1.0/fork-pr-builds/) for details)
2026-09-14T09:32:05.0039613Z If you have SSH keys, sensitive env vars or AWS credentials stored in your project settings and untrusted forks can make pull requests against your repo, then this option isn't for you.
2026-09-14T09:32:05.0056060Z   • author is missed in the package.json  appPackageFile=/home/runner/work/devbar/devbar/package.json
2026-09-14T09:32:05.2427986Z   • executing @electron/rebuild  electronVersion=43.2.0 arch=armv7l buildFromSource=false workspaceRoot=/home/runner/work/devbar/devbar projectDir=./ appDir=./
2026-09-14T09:32:05.2429003Z   • installing native dependencies  arch=armv7l
2026-09-14T09:32:05.3433416Z   • completed installing native dependencies
2026-09-14T09:32:05.3474265Z   • packaging       platform=linux arch=armv7l electron=43.2.0 appOutDir=dist/electron-builder/linux-armv7l-unpacked
2026-09-14T09:32:05.5700367Z   • downloaded      label=electron progress=100%
2026-09-14T09:32:07.6847105Z   • downloaded electron zip extracted successfully  output=/home/runner/work/devbar/devbar/dist/electron-builder/linux-armv7l-unpacked
2026-09-14T09:32:07.6950463Z   • searching for node modules  pm=pnpm searchDir=/home/runner/work/devbar/devbar
2026-09-14T09:32:08.6371431Z   • duplicate dependency references  dependencies=["type-fest@5.7.0"]
2026-09-14T09:32:09.4172841Z   • building        target=AppImage arch=armv7l file=dist/electron-builder/DevBar-0.7.1-linux-armv7.AppImage
2026-09-14T09:32:09.4178584Z   • electron uses desktopName as app_id / WM_CLASS for window association. Without it desktop environments may not link running windows to this .desktop entry. Set desktopName in package.json and linux.syncDesktopName: true to fix.  reason=desktopName is not set in package.json docs=https://www.electron.build/linux#window-association-desktopname--syncdesktopname
2026-09-14T09:32:15.3646521Z   • building embedded block map  file=dist/electron-builder/DevBar-0.7.1-linux-armv7.AppImage
2026-09-14T09:32:20.5049043Z   • building        target=deb arch=armv7l file=dist/electron-builder/DevBar-0.7.1-linux-armv7.deb
2026-09-14T09:32:20.5061176Z   • electron uses desktopName as app_id / WM_CLASS for window association. Without it desktop environments may not link running windows to this .desktop entry. Set desktopName in package.json and linux.syncDesktopName: true to fix.  reason=desktopName is not set in package.json docs=https://www.electron.build/linux#window-association-desktopname--syncdesktopname
2026-09-14T09:33:17.1845210Z [linux] armv7 done
2026-09-14T09:33:17.4496857Z 
2026-09-14T09:33:17.4497648Z > devbar@0.7.1 verify:linux /home/runner/work/devbar/devbar
2026-09-14T09:33:17.4499470Z > pnpm run build && node build/scripts/verify-linux-release.js
2026-09-14T09:33:17.4499820Z 
2026-09-14T09:33:17.6591717Z 
2026-09-14T09:33:17.6592417Z > devbar@0.7.1 build /home/runner/work/devbar/devbar
2026-09-14T09:33:17.6593113Z > bash scripts/build.sh
2026-09-14T09:33:17.6593307Z 
2026-09-14T09:33:24.8815414Z 
2026-09-14T09:33:24.8819837Z   build/src/preload.cjs  8.9kb
2026-09-14T09:33:24.8820182Z 
2026-09-14T09:33:24.8820577Z ⚡ Done in 2ms
2026-09-14T09:33:24.9282481Z Verified 6 linux artifacts for v0.7.1 in /home/runner/work/devbar/devbar/dist/electron-builder
2026-09-14T09:33:24.9285472Z DevBar-0.7.1-linux-x64.AppImage is not a valid AppImage (magic missing)
2026-09-14T09:33:24.9428402Z  ELIFECYCLE  Command failed with exit code 1.
2026-09-14T09:33:24.9632926Z ##[error]Process completed with exit code 1.
2026-09-14T09:33:24.9723635Z Post job cleanup.
2026-09-14T09:33:25.0906391Z Pruning is unnecessary.
2026-09-14T09:33:25.1054043Z Post job cleanup.
2026-09-14T09:33:25.1783136Z [command]/usr/bin/git version
2026-09-14T09:33:25.1819435Z git version 2.55.0
2026-09-14T09:33:25.1848476Z Temporarily overriding HOME='/home/runner/work/_temp/8fb135e9-bd51-4980-8852-1668a5fd294a' before making global git config changes
2026-09-14T09:33:25.1849709Z Adding repository directory to the temporary git global config as a safe directory
2026-09-14T09:33:25.1853389Z [command]/usr/bin/git config --global --add safe.directory /home/runner/work/devbar/devbar
2026-09-14T09:33:25.1886445Z Removing SSH command configuration
2026-09-14T09:33:25.1913510Z [command]/usr/bin/git config --local --name-only --get-regexp core\.sshCommand
2026-09-14T09:33:25.1928012Z [command]/usr/bin/git submodule foreach --recursive sh -c "git config --local --name-only --get-regexp 'core\.sshCommand' && git config --local --unset-all 'core.sshCommand' || :"
2026-09-14T09:33:25.2154459Z Removing HTTP extra header
2026-09-14T09:33:25.2160430Z [command]/usr/bin/git config --local --name-only --get-regexp http\.https\:\/\/github\.com\/\.extraheader
2026-09-14T09:33:25.2204366Z [command]/usr/bin/git submodule foreach --recursive sh -c "git config --local --name-only --get-regexp 'http\.https\:\/\/github\.com\/\.extraheader' && git config --local --unset-all 'http.https://github.com/.extraheader' || :"
2026-09-14T09:33:25.2411076Z Removing includeIf entries pointing to credentials config files
2026-09-14T09:33:25.2417339Z [command]/usr/bin/git config --local --name-only --get-regexp ^includeIf\.gitdir:
2026-09-14T09:33:25.2462317Z [command]/usr/bin/git submodule foreach --recursive git config --local --show-origin --name-only --get-regexp remote.origin.url
2026-09-14T09:33:25.2827808Z Cleaning up orphan processes
