2026-09-14T09:35:47.1800507Z Current runner version: '2.337.0'
2026-09-14T09:35:47.1829516Z ##[group]Runner Image Provisioner
2026-09-14T09:35:47.1830701Z Hosted Compute Agent
2026-09-14T09:35:47.1831271Z Version: 20260828.587
2026-09-14T09:35:47.1831872Z Commit: abac92662cab4cc7352de4f9f9d2e2419aad9c29
2026-09-14T09:35:47.1832580Z Build Date: 2026-08-28T16:44:25Z
2026-09-14T09:35:47.1833230Z Worker ID: {a2dcfe1b-5b26-43c5-9890-5096db6486db}
2026-09-14T09:35:47.1833889Z Azure Region: eastus
2026-09-14T09:35:47.1834438Z ##[endgroup]
2026-09-14T09:35:47.1835982Z ##[group]Operating System
2026-09-14T09:35:47.1836631Z Microsoft Windows Server 2025
2026-09-14T09:35:47.1837255Z 10.0.26100
2026-09-14T09:35:47.1837722Z Datacenter
2026-09-14T09:35:47.1838211Z ##[endgroup]
2026-09-14T09:35:47.1838705Z ##[group]Runner Image
2026-09-14T09:35:47.1839248Z Image: windows-2025-vs2026
2026-09-14T09:35:47.1839814Z Version: 20260907.229.1
2026-09-14T09:35:47.1841391Z Included Software: https://github.com/actions/runner-images/blob/win25-vs2026/20260907.229/images/windows/Windows2025-VS2026-Readme.md
2026-09-14T09:35:47.1843041Z Image Release: https://github.com/actions/runner-images/releases/tag/win25-vs2026%2F20260907.229
2026-09-14T09:35:47.1844004Z ##[endgroup]
2026-09-14T09:35:47.1845079Z ##[group]GITHUB_TOKEN Permissions
2026-09-14T09:35:47.1847090Z Contents: read
2026-09-14T09:35:47.1847845Z Metadata: read
2026-09-14T09:35:47.1848497Z ##[endgroup]
2026-09-14T09:35:47.1851209Z Secret source: Actions
2026-09-14T09:35:47.1852107Z Cache mode: write
2026-09-14T09:35:47.1852794Z Prepare workflow directory
2026-09-14T09:35:47.2289314Z Prepare all required actions
2026-09-14T09:35:47.2358141Z Getting action download info
2026-09-14T09:35:47.3991627Z Download action repository 'actions/checkout@3d3c42e5aac5ba805825da76410c181273ba90b1' (SHA:3d3c42e5aac5ba805825da76410c181273ba90b1)
2026-09-14T09:35:47.5450604Z Download action repository 'pnpm/action-setup@0977fd99725f1db4007ccb2928dbb4e90d06cc86' (SHA:0977fd99725f1db4007ccb2928dbb4e90d06cc86)
2026-09-14T09:35:47.6945478Z Download action repository 'actions/setup-node@820762786026740c76f36085b0efc47a31fe5020' (SHA:820762786026740c76f36085b0efc47a31fe5020)
2026-09-14T09:35:47.8781316Z Download action repository 'actions/cache@55cc8345863c7cc4c66a329aec7e433d2d1c52a9' (SHA:55cc8345863c7cc4c66a329aec7e433d2d1c52a9)
2026-09-14T09:35:48.0415107Z Download action repository 'actions/upload-artifact@043fb46d1a93c77aae656e7c1c64a875d1fc6a0a' (SHA:043fb46d1a93c77aae656e7c1c64a875d1fc6a0a)
2026-09-14T09:35:48.3005958Z Complete job name: Build, verify & launch smoke — win
2026-09-14T09:35:48.4700855Z ##[group]Run actions/checkout@3d3c42e5aac5ba805825da76410c181273ba90b1
2026-09-14T09:35:48.4703079Z with:
2026-09-14T09:35:48.4703739Z   persist-credentials: false
2026-09-14T09:35:48.4704471Z   repository: juanjoGonDev/devbar
2026-09-14T09:35:48.4709003Z   token: ***
2026-09-14T09:35:48.4709606Z   ssh-strict: true
2026-09-14T09:35:48.4710315Z   ssh-user: git
2026-09-14T09:35:48.4711059Z   clean: true
2026-09-14T09:35:48.4712011Z   sparse-checkout-cone-mode: true
2026-09-14T09:35:48.4712740Z   fetch-depth: 1
2026-09-14T09:35:48.4713336Z   fetch-tags: false
2026-09-14T09:35:48.4713962Z   show-progress: true
2026-09-14T09:35:48.4714603Z   lfs: false
2026-09-14T09:35:48.4715198Z   submodules: false
2026-09-14T09:35:48.4715863Z   set-safe-directory: true
2026-09-14T09:35:48.4716701Z   allow-unsafe-pr-checkout: false
2026-09-14T09:35:48.4717761Z ##[endgroup]
2026-09-14T09:35:48.6350093Z Syncing repository: juanjoGonDev/devbar
2026-09-14T09:35:48.6352554Z ##[group]Getting Git version info
2026-09-14T09:35:48.6353406Z Working directory is 'D:\a\devbar\devbar'
2026-09-14T09:35:48.7345116Z [command]"C:\Program Files\Git\bin\git.exe" version
2026-09-14T09:35:49.1555781Z git version 2.55.0.windows.5
2026-09-14T09:35:49.1614826Z ##[endgroup]
2026-09-14T09:35:49.1631965Z Temporarily overriding HOME='D:\a\_temp\65be78e8-d3ba-4e1a-980f-29d2df5e38b3' before making global git config changes
2026-09-14T09:35:49.1636836Z Adding repository directory to the temporary git global config as a safe directory
2026-09-14T09:35:49.1644045Z [command]"C:\Program Files\Git\bin\git.exe" config --global --add safe.directory D:\a\devbar\devbar
2026-09-14T09:35:49.2440436Z Deleting the contents of 'D:\a\devbar\devbar'
2026-09-14T09:35:49.2445867Z ##[group]Determining repository object format
2026-09-14T09:35:49.2448971Z ##[endgroup]
2026-09-14T09:35:49.2450582Z ##[group]Initializing the repository
2026-09-14T09:35:49.2460483Z [command]"C:\Program Files\Git\bin\git.exe" init D:\a\devbar\devbar
2026-09-14T09:35:49.5791651Z Initialized empty Git repository in D:/a/devbar/devbar/.git/
2026-09-14T09:35:49.5859517Z [command]"C:\Program Files\Git\bin\git.exe" remote add origin https://github.com/juanjoGonDev/devbar
2026-09-14T09:35:49.6587737Z ##[endgroup]
2026-09-14T09:35:49.6591129Z ##[group]Disabling automatic garbage collection
2026-09-14T09:35:49.6599130Z [command]"C:\Program Files\Git\bin\git.exe" config --local gc.auto 0
2026-09-14T09:35:49.6990070Z ##[endgroup]
2026-09-14T09:35:49.6992172Z ##[group]Setting up auth
2026-09-14T09:35:49.6993739Z Removing SSH command configuration
2026-09-14T09:35:49.7003295Z [command]"C:\Program Files\Git\bin\git.exe" config --local --name-only --get-regexp core\.sshCommand
2026-09-14T09:35:49.7395736Z [command]"C:\Program Files\Git\bin\git.exe" submodule foreach --recursive "sh -c \"git config --local --name-only --get-regexp 'core\.sshCommand' && git config --local --unset-all 'core.sshCommand' || :\""
2026-09-14T09:35:51.4221137Z Removing HTTP extra header
2026-09-14T09:35:51.4234130Z [command]"C:\Program Files\Git\bin\git.exe" config --local --name-only --get-regexp http\.https\:\/\/github\.com\/\.extraheader
2026-09-14T09:35:51.4574238Z [command]"C:\Program Files\Git\bin\git.exe" submodule foreach --recursive "sh -c \"git config --local --name-only --get-regexp 'http\.https\:\/\/github\.com\/\.extraheader' && git config --local --unset-all 'http.https://github.com/.extraheader' || :\""
2026-09-14T09:35:52.0489806Z Removing includeIf entries pointing to credentials config files
2026-09-14T09:35:52.0501770Z [command]"C:\Program Files\Git\bin\git.exe" config --local --name-only --get-regexp ^includeIf\.gitdir:
2026-09-14T09:35:52.0853292Z [command]"C:\Program Files\Git\bin\git.exe" submodule foreach --recursive "git config --local --show-origin --name-only --get-regexp remote.origin.url"
2026-09-14T09:35:52.7020083Z [command]"C:\Program Files\Git\bin\git.exe" config --file D:\a\_temp\git-credentials-f455e614-b9c6-4191-93ef-c7c89597d4f5.config http.https://github.com/.extraheader "AUTHORIZATION: basic ***"
2026-09-14T09:35:52.7377486Z [command]"C:\Program Files\Git\bin\git.exe" config --local includeIf.gitdir:D:/a/devbar/devbar/.git.path D:\a\_temp\git-credentials-f455e614-b9c6-4191-93ef-c7c89597d4f5.config
2026-09-14T09:35:52.7733665Z [command]"C:\Program Files\Git\bin\git.exe" config --local includeIf.gitdir:D:/a/devbar/devbar/.git/worktrees/*.path D:\a\_temp\git-credentials-f455e614-b9c6-4191-93ef-c7c89597d4f5.config
2026-09-14T09:35:52.8141525Z [command]"C:\Program Files\Git\bin\git.exe" config --local includeIf.gitdir:/github/workspace/.git.path /github/runner_temp/git-credentials-f455e614-b9c6-4191-93ef-c7c89597d4f5.config
2026-09-14T09:35:52.8490893Z [command]"C:\Program Files\Git\bin\git.exe" config --local includeIf.gitdir:/github/workspace/.git/worktrees/*.path /github/runner_temp/git-credentials-f455e614-b9c6-4191-93ef-c7c89597d4f5.config
2026-09-14T09:35:52.8853321Z ##[endgroup]
2026-09-14T09:35:52.8854298Z ##[group]Fetching the repository
2026-09-14T09:35:52.8867884Z [command]"C:\Program Files\Git\bin\git.exe" -c protocol.version=2 fetch --no-tags --prune --no-recurse-submodules --depth=1 origin +df5215727006a2b4c319018da2d23c1c46a75e61:refs/remotes/pull/78/merge
2026-09-14T09:35:53.9369625Z From https://github.com/juanjoGonDev/devbar
2026-09-14T09:35:53.9370620Z  * [new ref]         df5215727006a2b4c319018da2d23c1c46a75e61 -> pull/78/merge
2026-09-14T09:35:53.9421891Z ##[endgroup]
2026-09-14T09:35:53.9423171Z ##[group]Determining the checkout info
2026-09-14T09:35:53.9423828Z ##[endgroup]
2026-09-14T09:35:53.9433792Z [command]"C:\Program Files\Git\bin\git.exe" sparse-checkout disable
2026-09-14T09:35:53.9972591Z [command]"C:\Program Files\Git\bin\git.exe" config --local --unset-all extensions.worktreeConfig
2026-09-14T09:35:54.0326629Z ##[group]Checking out the ref
2026-09-14T09:35:54.0336611Z [command]"C:\Program Files\Git\bin\git.exe" checkout --progress --force refs/remotes/pull/78/merge
2026-09-14T09:35:54.1774889Z Note: switching to 'refs/remotes/pull/78/merge'.
2026-09-14T09:35:54.1775741Z 
2026-09-14T09:35:54.1776469Z You are in 'detached HEAD' state. You can look around, make experimental
2026-09-14T09:35:54.1777569Z changes and commit them, and you can discard any commits you make in this
2026-09-14T09:35:54.1778715Z state without impacting any branches by switching back to a branch.
2026-09-14T09:35:54.1779166Z 
2026-09-14T09:35:54.1779527Z If you want to create a new branch to retain commits you create, you may
2026-09-14T09:35:54.1780231Z do so (now or later) by using -c with the switch command. Example:
2026-09-14T09:35:54.1780638Z 
2026-09-14T09:35:54.1780811Z   git switch -c <new-branch-name>
2026-09-14T09:35:54.1781114Z 
2026-09-14T09:35:54.1781247Z Or undo this operation with:
2026-09-14T09:35:54.1781484Z 
2026-09-14T09:35:54.1781596Z   git switch -
2026-09-14T09:35:54.1781769Z 
2026-09-14T09:35:54.1782091Z Turn off this advice by setting config variable advice.detachedHead to false
2026-09-14T09:35:54.1782598Z 
2026-09-14T09:35:54.1783173Z HEAD is now at df52157 Merge 37f44d72a54c97ba3934fa82b0f9b5a6ed7d5256 into 42a77c630288a92901d0127cde05e7e033cf4dda
2026-09-14T09:35:54.1904583Z ##[endgroup]
2026-09-14T09:35:54.2319172Z [command]"C:\Program Files\Git\bin\git.exe" log -1 --format=%H
2026-09-14T09:35:54.2623750Z df5215727006a2b4c319018da2d23c1c46a75e61
2026-09-14T09:35:54.2712703Z ##[group]Removing auth
2026-09-14T09:35:54.2713230Z Removing SSH command configuration
2026-09-14T09:35:54.2721510Z [command]"C:\Program Files\Git\bin\git.exe" config --local --name-only --get-regexp core\.sshCommand
2026-09-14T09:35:54.3056550Z [command]"C:\Program Files\Git\bin\git.exe" submodule foreach --recursive "sh -c \"git config --local --name-only --get-regexp 'core\.sshCommand' && git config --local --unset-all 'core.sshCommand' || :\""
2026-09-14T09:35:54.8859491Z Removing HTTP extra header
2026-09-14T09:35:54.8871725Z [command]"C:\Program Files\Git\bin\git.exe" config --local --name-only --get-regexp http\.https\:\/\/github\.com\/\.extraheader
2026-09-14T09:35:54.9207960Z [command]"C:\Program Files\Git\bin\git.exe" submodule foreach --recursive "sh -c \"git config --local --name-only --get-regexp 'http\.https\:\/\/github\.com\/\.extraheader' && git config --local --unset-all 'http.https://github.com/.extraheader' || :\""
2026-09-14T09:35:55.4981483Z Removing includeIf entries pointing to credentials config files
2026-09-14T09:35:55.4997433Z [command]"C:\Program Files\Git\bin\git.exe" config --local --name-only --get-regexp ^includeIf\.gitdir:
2026-09-14T09:35:55.5279514Z includeif.gitdir:D:/a/devbar/devbar/.git.path
2026-09-14T09:35:55.5280526Z includeif.gitdir:D:/a/devbar/devbar/.git/worktrees/*.path
2026-09-14T09:35:55.5281300Z includeif.gitdir:/github/workspace/.git.path
2026-09-14T09:35:55.5281871Z includeif.gitdir:/github/workspace/.git/worktrees/*.path
2026-09-14T09:35:55.5338989Z [command]"C:\Program Files\Git\bin\git.exe" config --local --get-all includeif.gitdir:D:/a/devbar/devbar/.git.path
2026-09-14T09:35:55.5617362Z D:\a\_temp\git-credentials-f455e614-b9c6-4191-93ef-c7c89597d4f5.config
2026-09-14T09:35:55.5668970Z [command]"C:\Program Files\Git\bin\git.exe" config --local --unset includeif.gitdir:D:/a/devbar/devbar/.git.path D\:\\a\\_temp\\git\-credentials\-f455e614\-b9c6\-4191\-93ef\-c7c89597d4f5\.config
2026-09-14T09:35:55.6002675Z [command]"C:\Program Files\Git\bin\git.exe" config --local --get-all includeif.gitdir:D:/a/devbar/devbar/.git/worktrees/*.path
2026-09-14T09:35:55.6314265Z D:\a\_temp\git-credentials-f455e614-b9c6-4191-93ef-c7c89597d4f5.config
2026-09-14T09:35:55.6361997Z [command]"C:\Program Files\Git\bin\git.exe" config --local --unset includeif.gitdir:D:/a/devbar/devbar/.git/worktrees/*.path D\:\\a\\_temp\\git\-credentials\-f455e614\-b9c6\-4191\-93ef\-c7c89597d4f5\.config
2026-09-14T09:35:55.6710810Z [command]"C:\Program Files\Git\bin\git.exe" config --local --get-all includeif.gitdir:/github/workspace/.git.path
2026-09-14T09:35:55.6996375Z /github/runner_temp/git-credentials-f455e614-b9c6-4191-93ef-c7c89597d4f5.config
2026-09-14T09:35:55.7043399Z [command]"C:\Program Files\Git\bin\git.exe" config --local --unset includeif.gitdir:/github/workspace/.git.path \/github\/runner_temp\/git\-credentials\-f455e614\-b9c6\-4191\-93ef\-c7c89597d4f5\.config
2026-09-14T09:35:55.7367377Z [command]"C:\Program Files\Git\bin\git.exe" config --local --get-all includeif.gitdir:/github/workspace/.git/worktrees/*.path
2026-09-14T09:35:55.7630788Z /github/runner_temp/git-credentials-f455e614-b9c6-4191-93ef-c7c89597d4f5.config
2026-09-14T09:35:55.7681884Z [command]"C:\Program Files\Git\bin\git.exe" config --local --unset includeif.gitdir:/github/workspace/.git/worktrees/*.path \/github\/runner_temp\/git\-credentials\-f455e614\-b9c6\-4191\-93ef\-c7c89597d4f5\.config
2026-09-14T09:35:55.8000486Z [command]"C:\Program Files\Git\bin\git.exe" submodule foreach --recursive "git config --local --show-origin --name-only --get-regexp remote.origin.url"
2026-09-14T09:35:56.3862912Z Removing credentials config 'D:\a\_temp\git-credentials-f455e614-b9c6-4191-93ef-c7c89597d4f5.config'
2026-09-14T09:35:56.3875195Z ##[endgroup]
2026-09-14T09:35:56.4290640Z ##[group]Run pnpm/action-setup@0977fd99725f1db4007ccb2928dbb4e90d06cc86
2026-09-14T09:35:56.4291091Z with:
2026-09-14T09:35:56.4291277Z   dest: ~/setup-pnpm
2026-09-14T09:35:56.4291478Z   run_install: null
2026-09-14T09:35:56.4291658Z   cache: false
2026-09-14T09:35:56.4291872Z   cache_dependency_path: pnpm-lock.yaml
2026-09-14T09:35:56.4292158Z   package_json_file: package.json
2026-09-14T09:35:56.4292390Z   standalone: false
2026-09-14T09:35:56.4292573Z ##[endgroup]
2026-09-14T09:35:56.6240030Z ##[group]Running self-installer...
2026-09-14T09:35:56.6305759Z (node:7740) [DEP0190] DeprecationWarning: Passing args to a child process with shell option true can lead to security vulnerabilities, as the arguments are not escaped, only concatenated.
2026-09-14T09:35:56.6307470Z (Use `node --trace-deprecation ...` to show where the warning was created)
2026-09-14T09:36:13.7503046Z 
2026-09-14T09:36:13.7503941Z added 1 package, and audited 2 packages in 13s
2026-09-14T09:36:13.7504548Z 
2026-09-14T09:36:13.7504925Z 1 package is looking for funding
2026-09-14T09:36:13.7505380Z   run `npm fund` for details
2026-09-14T09:36:13.7518830Z 
2026-09-14T09:36:13.7519021Z found 0 vulnerabilities
2026-09-14T09:36:16.3559632Z Checking for updates...
2026-09-14T09:36:16.7632891Z Switching pnpm from v11.19.0 to v10.32.1...
2026-09-14T09:36:17.2902626Z .../22bc-1a09f4642ee-61c825184e964097    | Progress: resolved 1, reused 0, downloaded 0, added 0
2026-09-14T09:36:17.2922562Z .../22bc-1a09f4642ee-61c825184e964097    |   +1 +
2026-09-14T09:36:18.7824527Z .../22bc-1a09f4642ee-61c825184e964097    | Progress: resolved 1, reused 0, downloaded 1, added 0
2026-09-14T09:36:20.9941417Z .../22bc-1a09f4642ee-61c825184e964097    | Progress: resolved 1, reused 0, downloaded 1, added 1
2026-09-14T09:36:20.9946059Z .../22bc-1a09f4642ee-61c825184e964097    | Progress: resolved 1, reused 0, downloaded 1, added 1, done
2026-09-14T09:36:21.8551014Z [WARN] Detected a pnpm v10 installation layout at PNPM_HOME. The pnpm shims at PNPM_HOME have been refreshed so the new version is active, but pnpm v11 expects bins in PNPM_HOME/bin. Run "pnpm setup" to migrate your PATH to the v11 layout.
2026-09-14T09:36:21.8591107Z Successfully updated pnpm to v10.32.1
2026-09-14T09:36:21.9579662Z ##[endgroup]
2026-09-14T09:36:21.9580768Z Installation Completed!
2026-09-14T09:36:22.0106044Z ##[group]Run actions/setup-node@820762786026740c76f36085b0efc47a31fe5020
2026-09-14T09:36:22.0106768Z with:
2026-09-14T09:36:22.0107015Z   node-version: 22
2026-09-14T09:36:22.0107281Z   cache: pnpm
2026-09-14T09:36:22.0107536Z   check-latest: false
2026-09-14T09:36:22.0111078Z   token: ***
2026-09-14T09:36:22.0111353Z   package-manager-cache: true
2026-09-14T09:36:22.0112008Z env:
2026-09-14T09:36:22.0112383Z   PNPM_HOME: C:\Users\runneradmin\setup-pnpm\node_modules\.bin
2026-09-14T09:36:22.0112839Z ##[endgroup]
2026-09-14T09:36:22.2177395Z Found in cache @ C:\hostedtoolcache\windows\node\22.23.2\x64
2026-09-14T09:36:22.2222811Z ##[group]Environment details
2026-09-14T09:36:27.8920245Z node: v22.23.2
2026-09-14T09:36:27.8920614Z npm: 10.9.8
2026-09-14T09:36:27.8920894Z yarn: 1.22.22
2026-09-14T09:36:27.8921538Z ##[endgroup]
2026-09-14T09:36:27.9761167Z [command]C:\Windows\system32\cmd.exe /D /S /C "C:\Users\runneradmin\setup-pnpm\node_modules\.bin\bin\pnpm.CMD store path --silent"
2026-09-14T09:36:28.7808242Z D:\.pnpm-store\v10
2026-09-14T09:36:29.0059702Z pnpm cache is not found
2026-09-14T09:36:29.0359366Z ##[group]Run echo "version=$(node -p "require('./package.json').version")" >> "$GITHUB_OUTPUT"
2026-09-14T09:36:29.0360121Z [36;1mecho "version=$(node -p "require('./package.json').version")" >> "$GITHUB_OUTPUT"[0m
2026-09-14T09:36:29.0381267Z shell: C:\Program Files\Git\bin\bash.EXE --noprofile --norc -e -o pipefail {0}
2026-09-14T09:36:29.0381667Z env:
2026-09-14T09:36:29.0381916Z   PNPM_HOME: C:\Users\runneradmin\setup-pnpm\node_modules\.bin
2026-09-14T09:36:29.0382231Z ##[endgroup]
2026-09-14T09:36:29.4715198Z ##[group]Run actions/cache@55cc8345863c7cc4c66a329aec7e433d2d1c52a9
2026-09-14T09:36:29.4715640Z with:
2026-09-14T09:36:29.4715996Z   path: %LOCALAPPDATA%\electron\Cache
%LOCALAPPDATA%\electron-builder\Cache

2026-09-14T09:36:29.4716576Z   key: electron-win-bd7ccba579594a20f024796e585806d4af44b8ef510a056ddb8577e0e08c82b5
2026-09-14T09:36:29.4717059Z   enableCrossOsArchive: false
2026-09-14T09:36:29.4717303Z   fail-on-cache-miss: false
2026-09-14T09:36:29.4717519Z   lookup-only: false
2026-09-14T09:36:29.4717727Z   save-always: false
2026-09-14T09:36:29.4717904Z env:
2026-09-14T09:36:29.4718151Z   PNPM_HOME: C:\Users\runneradmin\setup-pnpm\node_modules\.bin
2026-09-14T09:36:29.4718483Z ##[endgroup]
2026-09-14T09:36:29.7893815Z Cache not found for input keys: electron-win-bd7ccba579594a20f024796e585806d4af44b8ef510a056ddb8577e0e08c82b5
2026-09-14T09:36:29.8141990Z ##[group]Run pnpm install --frozen-lockfile
2026-09-14T09:36:29.8142406Z [36;1mpnpm install --frozen-lockfile[0m
2026-09-14T09:36:29.9120620Z shell: C:\Program Files\PowerShell\7\pwsh.EXE -command ". '{0}'"
2026-09-14T09:36:29.9121164Z env:
2026-09-14T09:36:29.9121547Z   PNPM_HOME: C:\Users\runneradmin\setup-pnpm\node_modules\.bin
2026-09-14T09:36:29.9122039Z ##[endgroup]
2026-09-14T09:36:30.7613594Z Lockfile is up to date, resolution step is skipped
2026-09-14T09:36:30.9585751Z Packages: +481
2026-09-14T09:36:30.9605452Z ++++++++++++++++++++++++++++++++++++++++++++++++++++++++++++++++++++++++++++++++
2026-09-14T09:36:31.4186432Z Progress: resolved 0, reused 0, downloaded 1, added 0
2026-09-14T09:36:32.4180657Z Progress: resolved 0, reused 0, downloaded 70, added 18
2026-09-14T09:36:33.4294787Z Progress: resolved 0, reused 0, downloaded 140, added 42
2026-09-14T09:36:34.4316442Z Progress: resolved 0, reused 0, downloaded 217, added 67
2026-09-14T09:36:35.4422698Z Progress: resolved 0, reused 0, downloaded 373, added 123
2026-09-14T09:36:36.4473357Z Progress: resolved 0, reused 0, downloaded 465, added 177
2026-09-14T09:36:37.4229627Z Progress: resolved 0, reused 0, downloaded 465, added 481, done
2026-09-14T09:36:37.4387757Z node_modules/lefthook postinstall$ node postinstall.js
2026-09-14T09:36:37.5089362Z node_modules/lefthook postinstall: Done
2026-09-14T09:36:37.7117443Z 
2026-09-14T09:36:37.8652790Z 
2026-09-14T09:36:37.8655565Z > devbar@0.7.1 postinstall D:\a\devbar\devbar
2026-09-14T09:36:37.8656384Z > node --experimental-strip-types scripts/install-hooks.ts
2026-09-14T09:36:37.8656821Z 
2026-09-14T09:36:37.9852669Z ╭ Warning ─────────────────────────────────────────────────────────────────────╮
2026-09-14T09:36:37.9853576Z │                                                                              │
2026-09-14T09:36:37.9854659Z │   Ignored build scripts: electron-winstaller@5.4.0, esbuild@0.28.2.          │
2026-09-14T09:36:37.9855624Z │   Run "pnpm approve-builds" to pick which dependencies should be allowed     │
2026-09-14T09:36:37.9856676Z │   to run scripts.                                                            │
2026-09-14T09:36:37.9857534Z │                                                                              │
2026-09-14T09:36:37.9858514Z ╰──────────────────────────────────────────────────────────────────────────────╯
2026-09-14T09:36:37.9960245Z Done in 7.6s using pnpm v10.32.1
2026-09-14T09:36:38.1793467Z ##[group]Run pnpm run dist:win && pnpm run verify:win
2026-09-14T09:36:38.1793986Z [36;1mpnpm run dist:win && pnpm run verify:win[0m
2026-09-14T09:36:38.1812668Z shell: C:\Program Files\Git\bin\bash.EXE --noprofile --norc -e -o pipefail {0}
2026-09-14T09:36:38.1813071Z env:
2026-09-14T09:36:38.1813331Z   PNPM_HOME: C:\Users\runneradmin\setup-pnpm\node_modules\.bin
2026-09-14T09:36:38.1813658Z ##[endgroup]
2026-09-14T09:36:38.9975018Z 
2026-09-14T09:36:38.9975769Z > devbar@0.7.1 dist:win D:\a\devbar\devbar
2026-09-14T09:36:38.9976846Z > pnpm run build && node --experimental-strip-types scripts/package-win-linux.ts win
2026-09-14T09:36:38.9977471Z 
2026-09-14T09:36:39.4260567Z 
2026-09-14T09:36:39.4261275Z > devbar@0.7.1 build D:\a\devbar\devbar
2026-09-14T09:36:39.4262014Z > bash scripts/build.sh
2026-09-14T09:36:39.4262240Z 
2026-09-14T09:36:50.9313756Z 
2026-09-14T09:36:50.9314554Z   build\src\preload.cjs  8.9kb
2026-09-14T09:36:50.9314920Z 
2026-09-14T09:36:50.9315227Z Done in 5ms
2026-09-14T09:36:51.8329628Z   • electron-builder  version=26.16.1 os=10.0.26100
2026-09-14T09:36:51.8336515Z   • publishing will be skipped  reason=current build is a part of pull request solution=set env PUBLISH_FOR_PULL_REQUEST to true to force code signing
2026-09-14T09:36:51.8340623Z There are serious security concerns with PUBLISH_FOR_PULL_REQUEST=true (see the  CircleCI documentation (https://circleci.com/docs/1.0/fork-pr-builds/) for details)
2026-09-14T09:36:51.8344444Z If you have SSH keys, sensitive env vars or AWS credentials stored in your project settings and untrusted forks can make pull requests against your repo, then this option isn't for you.
2026-09-14T09:36:51.8458251Z   • author is missed in the package.json  appPackageFile=D:\a\devbar\devbar\package.json
2026-09-14T09:36:53.0246690Z   • executing @electron/rebuild  electronVersion=43.2.0 arch=x64 buildFromSource=false workspaceRoot=D:\a\devbar\devbar projectDir=./ appDir=./
2026-09-14T09:36:53.0248144Z   • installing native dependencies  arch=x64
2026-09-14T09:36:53.2942941Z   • completed installing native dependencies
2026-09-14T09:36:53.3008232Z   • packaging       platform=win32 arch=x64 electron=43.2.0 appOutDir=dist\electron-builder\win-unpacked
2026-09-14T09:36:53.4198122Z   • downloaded      label=electron progress=100%
2026-09-14T09:36:58.1881997Z   • downloaded electron zip extracted successfully  output=D:\a\devbar\devbar\dist\electron-builder\win-unpacked
2026-09-14T09:36:58.2300743Z   • searching for node modules  pm=pnpm searchDir=D:\a\devbar\devbar
2026-09-14T09:37:03.0481975Z   • duplicate dependency references  dependencies=["type-fest@5.7.0"]
2026-09-14T09:37:04.9582829Z   • updating asar integrity executable resource  executablePath=dist\electron-builder\win-unpacked\DevBar.exe
2026-09-14T09:37:05.2876624Z   • no code signing certificate configured, signing is skipped  path=dist\electron-builder\win-unpacked\DevBar.exe
2026-09-14T09:37:05.2894660Z   • building        target=nsis file=dist\electron-builder\DevBar-0.7.1-win-x64-setup.exe archs=x64 oneClick=true perMachine=false
2026-09-14T09:37:05.3395219Z   • downloaded      label=7zip-win-x64.tar.gz progress=100%
2026-09-14T09:37:43.8759746Z   • downloaded      label=nsis-3.0.4.1.7z progress=100%
2026-09-14T09:37:45.5565748Z   • no code signing certificate configured, signing is skipped  path=C:\Users\RUNNER~1\AppData\Local\Temp\t-vkKAOg\elevate-staging-3\resources\elevate.exe
2026-09-14T09:37:45.9108099Z   • downloaded      label=nsis-resources-3.4.1.7z progress=100%
2026-09-14T09:37:47.1349887Z   • no code signing certificate configured, signing is skipped  path=dist\electron-builder\DevBar-0.7.1-win-x64-setup.__uninstaller.exe
2026-09-14T09:37:48.3939118Z   • no code signing certificate configured, signing is skipped  path=dist\electron-builder\DevBar-0.7.1-win-x64-setup.exe
2026-09-14T09:37:48.3941508Z   • building block map  blockMapFile=dist\electron-builder\DevBar-0.7.1-win-x64-setup.exe.blockmap
2026-09-14T09:37:54.2195727Z   • building        target=portable file=dist\electron-builder\DevBar-0.7.1-win-x64-portable.exe archs=x64
2026-09-14T09:37:54.9230174Z   • no code signing certificate configured, signing is skipped  path=dist\electron-builder\DevBar-0.7.1-win-x64-portable.exe
2026-09-14T09:37:54.9383405Z [win] x64 done
2026-09-14T09:37:54.9394628Z   • electron-builder  version=26.16.1 os=10.0.26100
2026-09-14T09:37:54.9400845Z   • publishing will be skipped  reason=current build is a part of pull request solution=set env PUBLISH_FOR_PULL_REQUEST to true to force code signing
2026-09-14T09:37:54.9403043Z There are serious security concerns with PUBLISH_FOR_PULL_REQUEST=true (see the  CircleCI documentation (https://circleci.com/docs/1.0/fork-pr-builds/) for details)
2026-09-14T09:37:54.9405450Z If you have SSH keys, sensitive env vars or AWS credentials stored in your project settings and untrusted forks can make pull requests against your repo, then this option isn't for you.
2026-09-14T09:37:54.9450601Z   • author is missed in the package.json  appPackageFile=D:\a\devbar\devbar\package.json
2026-09-14T09:37:55.4012076Z   • executing @electron/rebuild  electronVersion=43.2.0 arch=arm64 buildFromSource=false workspaceRoot=D:\a\devbar\devbar projectDir=./ appDir=./
2026-09-14T09:37:55.4016009Z   • installing native dependencies  arch=arm64
2026-09-14T09:37:55.7366837Z   • completed installing native dependencies
2026-09-14T09:37:55.7439025Z   • packaging       platform=win32 arch=arm64 electron=43.2.0 appOutDir=dist\electron-builder\win-arm64-unpacked
2026-09-14T09:37:55.8874814Z   • downloaded      label=electron progress=100%
2026-09-14T09:38:02.0393542Z   • downloaded electron zip extracted successfully  output=D:\a\devbar\devbar\dist\electron-builder\win-arm64-unpacked
2026-09-14T09:38:02.0754106Z   • searching for node modules  pm=pnpm searchDir=D:\a\devbar\devbar
2026-09-14T09:38:05.5444869Z   • duplicate dependency references  dependencies=["type-fest@5.7.0"]
2026-09-14T09:38:08.2099552Z   • updating asar integrity executable resource  executablePath=dist\electron-builder\win-arm64-unpacked\DevBar.exe
2026-09-14T09:38:08.5523538Z   • no code signing certificate configured, signing is skipped  path=dist\electron-builder\win-arm64-unpacked\DevBar.exe
2026-09-14T09:38:08.5535873Z   • building        target=nsis file=dist\electron-builder\DevBar-0.7.1-win-arm64-setup.exe archs=arm64 oneClick=true perMachine=false
2026-09-14T09:38:49.5679225Z   • no code signing certificate configured, signing is skipped  path=C:\Users\RUNNER~1\AppData\Local\Temp\t-42llxK\elevate-staging-9\resources\elevate.exe
2026-09-14T09:38:50.5920085Z   • no code signing certificate configured, signing is skipped  path=dist\electron-builder\DevBar-0.7.1-win-arm64-setup.__uninstaller.exe
2026-09-14T09:38:51.7761484Z   • no code signing certificate configured, signing is skipped  path=dist\electron-builder\DevBar-0.7.1-win-arm64-setup.exe
2026-09-14T09:38:51.7764111Z   • building block map  blockMapFile=dist\electron-builder\DevBar-0.7.1-win-arm64-setup.exe.blockmap
2026-09-14T09:38:57.2806225Z   • building        target=portable file=dist\electron-builder\DevBar-0.7.1-win-arm64-portable.exe archs=arm64
2026-09-14T09:38:57.9464621Z   • no code signing certificate configured, signing is skipped  path=dist\electron-builder\DevBar-0.7.1-win-arm64-portable.exe
2026-09-14T09:38:57.9612210Z [win] arm64 done
2026-09-14T09:38:58.6378262Z 
2026-09-14T09:38:58.6378977Z > devbar@0.7.1 verify:win D:\a\devbar\devbar
2026-09-14T09:38:58.6379878Z > pnpm run build && node build/scripts/verify-win-release.js
2026-09-14T09:38:58.6380352Z 
2026-09-14T09:38:59.0546226Z 
2026-09-14T09:38:59.0546788Z > devbar@0.7.1 build D:\a\devbar\devbar
2026-09-14T09:38:59.0547218Z > bash scripts/build.sh
2026-09-14T09:38:59.0547396Z 
2026-09-14T09:39:10.8969963Z 
2026-09-14T09:39:10.8974608Z   build\src\preload.cjs  8.9kb
2026-09-14T09:39:10.8974957Z 
2026-09-14T09:39:10.8975101Z Done in 4ms
2026-09-14T09:39:11.0680327Z Verified 4 win artifacts for v0.7.1 in D:\a\devbar\devbar\dist\electron-builder
2026-09-14T09:39:11.0684505Z ok: DevBar-0.7.1-win-x64-setup.exe (MZ header)
2026-09-14T09:39:11.0687033Z ok: DevBar-0.7.1-win-x64-portable.exe (MZ header)
2026-09-14T09:39:11.0688805Z ok: DevBar-0.7.1-win-arm64-setup.exe (MZ header)
2026-09-14T09:39:11.0690570Z ok: DevBar-0.7.1-win-arm64-portable.exe (MZ header)
2026-09-14T09:39:11.1229951Z ##[group]Run $ErrorActionPreference = 'Stop'
2026-09-14T09:39:11.1230498Z [36;1m$ErrorActionPreference = 'Stop'[0m
2026-09-14T09:39:11.1230788Z [36;1m$version = '0.7.1'[0m
2026-09-14T09:39:11.1231127Z [36;1m# 1) NSIS installer: silent per-user install, then prove the[0m
2026-09-14T09:39:11.1231607Z [36;1m#    installed exe launches — this also confirms the install path[0m
2026-09-14T09:39:11.1232080Z [36;1m#    is %LOCALAPPDATA%\Programs\DevBar, the location the in-app[0m
2026-09-14T09:39:11.1232452Z [36;1m#    updater recognises.[0m
2026-09-14T09:39:11.1232996Z [36;1mStart-Process -Wait -FilePath ".\dist\electron-builder\DevBar-$version-win-x64-setup.exe" -ArgumentList '/S'[0m
2026-09-14T09:39:11.1233699Z [36;1mif (-not (Test-Path "$env:LOCALAPPDATA\Programs\DevBar\DevBar.exe")) {[0m
2026-09-14T09:39:11.1234175Z [36;1m  Write-Error "NSIS install did not produce the expected exe"[0m
2026-09-14T09:39:11.1234521Z [36;1m  exit 1[0m
2026-09-14T09:39:11.1234746Z [36;1m}[0m
2026-09-14T09:39:11.1235038Z [36;1m# The oneClick installer launches the app at the end of the install;[0m
2026-09-14T09:39:11.1235534Z [36;1m# stop that instance so the smoke launch owns the single-instance lock.[0m
2026-09-14T09:39:11.1236048Z [36;1mGet-Process DevBar -ErrorAction SilentlyContinue | Stop-Process -Force[0m
2026-09-14T09:39:11.1236957Z [36;1m& "$env:LOCALAPPDATA\Programs\DevBar\DevBar.exe" --devbar-smoke *>&1 |[0m
2026-09-14T09:39:11.1237424Z [36;1m  Tee-Object -FilePath smoke-win-installed.log[0m
2026-09-14T09:39:11.1237955Z [36;1mif (-not (Select-String -Path smoke-win-installed.log -Pattern 'DEVBAR_SMOKE_OK' -Quiet)) {[0m
2026-09-14T09:39:11.1238481Z [36;1m  Write-Error 'installed-app smoke failed'[0m
2026-09-14T09:39:11.1238762Z [36;1m  exit 1[0m
2026-09-14T09:39:11.1238936Z [36;1m}[0m
2026-09-14T09:39:11.1239184Z [36;1m# 2) Portable single exe: launches straight from dist/.[0m
2026-09-14T09:39:11.1239702Z [36;1m& ".\dist\electron-builder\DevBar-$version-win-x64-portable.exe" --devbar-smoke *>&1 |[0m
2026-09-14T09:39:11.1240196Z [36;1m  Tee-Object -FilePath smoke-win-portable.log[0m
2026-09-14T09:39:11.1240687Z [36;1mif (-not (Select-String -Path smoke-win-portable.log -Pattern 'DEVBAR_SMOKE_OK' -Quiet)) {[0m
2026-09-14T09:39:11.1241191Z [36;1m  Write-Error 'portable-app smoke failed'[0m
2026-09-14T09:39:11.1241722Z [36;1m  exit 1[0m
2026-09-14T09:39:11.1241965Z [36;1m}[0m
2026-09-14T09:39:11.1323875Z shell: C:\Program Files\PowerShell\7\pwsh.EXE -command ". '{0}'"
2026-09-14T09:39:11.1324268Z env:
2026-09-14T09:39:11.1324547Z   PNPM_HOME: C:\Users\runneradmin\setup-pnpm\node_modules\.bin
2026-09-14T09:39:11.1325170Z ##[endgroup]
2026-09-14T09:39:28.0322841Z 
2026-09-14T09:39:29.8793517Z DEVBAR_SMOKE_OK
2026-09-14T09:39:40.5101432Z [31;1mSelect-String: [0mD:\a\_temp\f23486ef-fd3a-4860-b80f-2801261a51dd.ps1:25[0m
2026-09-14T09:39:40.5104119Z [31;1m[0m[36;1mLine |[0m
2026-09-14T09:39:40.5105480Z [31;1m[0m[36;1m[36;1m  25 | [0m if (-not ([36;1mSelect-String -Path smoke-win-portable.log -Pattern 'DEVBAR[0m …[0m
2026-09-14T09:39:40.5107067Z [31;1m[0m[36;1m[36;1m[0m[36;1m[0m[36;1m     | [31;1m           ~~~~~~~~~~~~~~~~~~~~~~~~~~~~~~~~~~~~~~~~~~~~~~~~~~~~~~~~~~~[0m
2026-09-14T09:39:40.5109100Z [31;1m[0m[36;1m[36;1m[0m[36;1m[0m[36;1m[31;1m[31;1m[36;1m     | [31;1mCannot find path 'D:\a\devbar\devbar\smoke-win-portable.log' because it does not exist.[0m
2026-09-14T09:39:40.5363982Z ##[error]Process completed with exit code 1.
2026-09-14T09:39:40.5627494Z Post job cleanup.
2026-09-14T09:39:40.7602623Z Pruning is unnecessary.
2026-09-14T09:39:40.8021294Z Post job cleanup.
2026-09-14T09:39:41.0211704Z [command]"C:\Program Files\Git\bin\git.exe" version
2026-09-14T09:39:41.0505863Z git version 2.55.0.windows.5
2026-09-14T09:39:41.0588725Z Temporarily overriding HOME='D:\a\_temp\8922fe96-a3f5-433d-bf6e-2807676dfd10' before making global git config changes
2026-09-14T09:39:41.0590436Z Adding repository directory to the temporary git global config as a safe directory
2026-09-14T09:39:41.0602486Z [command]"C:\Program Files\Git\bin\git.exe" config --global --add safe.directory D:\a\devbar\devbar
2026-09-14T09:39:41.0932639Z Removing SSH command configuration
2026-09-14T09:39:41.0944601Z [command]"C:\Program Files\Git\bin\git.exe" config --local --name-only --get-regexp core\.sshCommand
2026-09-14T09:39:41.1293358Z [command]"C:\Program Files\Git\bin\git.exe" submodule foreach --recursive "sh -c \"git config --local --name-only --get-regexp 'core\.sshCommand' && git config --local --unset-all 'core.sshCommand' || :\""
2026-09-14T09:39:41.7558752Z Removing HTTP extra header
2026-09-14T09:39:41.7570839Z [command]"C:\Program Files\Git\bin\git.exe" config --local --name-only --get-regexp http\.https\:\/\/github\.com\/\.extraheader
2026-09-14T09:39:41.7998701Z [command]"C:\Program Files\Git\bin\git.exe" submodule foreach --recursive "sh -c \"git config --local --name-only --get-regexp 'http\.https\:\/\/github\.com\/\.extraheader' && git config --local --unset-all 'http.https://github.com/.extraheader' || :\""
2026-09-14T09:39:42.3800842Z Removing includeIf entries pointing to credentials config files
2026-09-14T09:39:42.3813413Z [command]"C:\Program Files\Git\bin\git.exe" config --local --name-only --get-regexp ^includeIf\.gitdir:
2026-09-14T09:39:42.4148180Z [command]"C:\Program Files\Git\bin\git.exe" submodule foreach --recursive "git config --local --show-origin --name-only --get-regexp remote.origin.url"
2026-09-14T09:39:43.0191895Z Cleaning up orphan processes
