2026-09-14T08:50:35.0628219Z Current runner version: '2.337.0'
2026-09-14T08:50:35.0663881Z ##[group]Runner Image Provisioner
2026-09-14T08:50:35.0665174Z Hosted Compute Agent
2026-09-14T08:50:35.0666254Z Version: 20260828.587
2026-09-14T08:50:35.0667267Z Commit: abac92662cab4cc7352de4f9f9d2e2419aad9c29
2026-09-14T08:50:35.0668469Z Build Date: 2026-08-28T16:44:25Z
2026-09-14T08:50:35.0669566Z Worker ID: {f7610a4f-03f5-482d-bf96-8e76e1c69fc2}
2026-09-14T08:50:35.0670680Z Azure Region: eastus
2026-09-14T08:50:35.0671613Z ##[endgroup]
2026-09-14T08:50:35.0673751Z ##[group]Operating System
2026-09-14T08:50:35.0674783Z Microsoft Windows Server 2025
2026-09-14T08:50:35.0675770Z 10.0.26100
2026-09-14T08:50:35.0676700Z Datacenter
2026-09-14T08:50:35.0677670Z ##[endgroup]
2026-09-14T08:50:35.0678567Z ##[group]Runner Image
2026-09-14T08:50:35.0679622Z Image: windows-2025-vs2026
2026-09-14T08:50:35.0680670Z Version: 20260907.229.1
2026-09-14T08:50:35.0683622Z Included Software: https://github.com/actions/runner-images/blob/win25-vs2026/20260907.229/images/windows/Windows2025-VS2026-Readme.md
2026-09-14T08:50:35.0686591Z Image Release: https://github.com/actions/runner-images/releases/tag/win25-vs2026%2F20260907.229
2026-09-14T08:50:35.0688454Z ##[endgroup]
2026-09-14T08:50:35.0690344Z ##[group]GITHUB_TOKEN Permissions
2026-09-14T08:50:35.0692952Z Contents: read
2026-09-14T08:50:35.0693906Z Metadata: read
2026-09-14T08:50:35.0694770Z ##[endgroup]
2026-09-14T08:50:35.0697607Z Secret source: Actions
2026-09-14T08:50:35.0699526Z Cache mode: write
2026-09-14T08:50:35.0700600Z Prepare workflow directory
2026-09-14T08:50:35.1079821Z Prepare all required actions
2026-09-14T08:50:35.1127712Z Getting action download info
2026-09-14T08:50:35.2719105Z Download action repository 'actions/checkout@3d3c42e5aac5ba805825da76410c181273ba90b1' (SHA:3d3c42e5aac5ba805825da76410c181273ba90b1)
2026-09-14T08:50:35.4431333Z Download action repository 'pnpm/action-setup@0977fd99725f1db4007ccb2928dbb4e90d06cc86' (SHA:0977fd99725f1db4007ccb2928dbb4e90d06cc86)
2026-09-14T08:50:35.5758703Z Download action repository 'actions/setup-node@820762786026740c76f36085b0efc47a31fe5020' (SHA:820762786026740c76f36085b0efc47a31fe5020)
2026-09-14T08:50:35.7418257Z Download action repository 'actions/cache@55cc8345863c7cc4c66a329aec7e433d2d1c52a9' (SHA:55cc8345863c7cc4c66a329aec7e433d2d1c52a9)
2026-09-14T08:50:35.8879456Z Download action repository 'actions/upload-artifact@043fb46d1a93c77aae656e7c1c64a875d1fc6a0a' (SHA:043fb46d1a93c77aae656e7c1c64a875d1fc6a0a)
2026-09-14T08:50:36.1297238Z Complete job name: Build, verify & launch smoke — win
2026-09-14T08:50:36.3000398Z ##[group]Run actions/checkout@3d3c42e5aac5ba805825da76410c181273ba90b1
2026-09-14T08:50:36.3002764Z with:
2026-09-14T08:50:36.3003379Z   persist-credentials: false
2026-09-14T08:50:36.3004077Z   repository: juanjoGonDev/devbar
2026-09-14T08:50:36.3008895Z   token: ***
2026-09-14T08:50:36.3009343Z   ssh-strict: true
2026-09-14T08:50:36.3009793Z   ssh-user: git
2026-09-14T08:50:36.3010228Z   clean: true
2026-09-14T08:50:36.3010729Z   sparse-checkout-cone-mode: true
2026-09-14T08:50:36.3011275Z   fetch-depth: 1
2026-09-14T08:50:36.3011723Z   fetch-tags: false
2026-09-14T08:50:36.3012193Z   show-progress: true
2026-09-14T08:50:36.3012667Z   lfs: false
2026-09-14T08:50:36.3013111Z   submodules: false
2026-09-14T08:50:36.3013566Z   set-safe-directory: true
2026-09-14T08:50:36.3014086Z   allow-unsafe-pr-checkout: false
2026-09-14T08:50:36.3014918Z ##[endgroup]
2026-09-14T08:50:36.4486494Z Syncing repository: juanjoGonDev/devbar
2026-09-14T08:50:36.4488621Z ##[group]Getting Git version info
2026-09-14T08:50:36.4489306Z Working directory is 'D:\a\devbar\devbar'
2026-09-14T08:50:36.5674579Z [command]"C:\Program Files\Git\bin\git.exe" version
2026-09-14T08:50:36.9782522Z git version 2.55.0.windows.5
2026-09-14T08:50:36.9827353Z ##[endgroup]
2026-09-14T08:50:36.9844006Z Temporarily overriding HOME='D:\a\_temp\74182fd1-4784-4dfd-b5c7-75f2d3923b8a' before making global git config changes
2026-09-14T08:50:36.9848627Z Adding repository directory to the temporary git global config as a safe directory
2026-09-14T08:50:36.9853481Z [command]"C:\Program Files\Git\bin\git.exe" config --global --add safe.directory D:\a\devbar\devbar
2026-09-14T08:50:37.0517282Z Deleting the contents of 'D:\a\devbar\devbar'
2026-09-14T08:50:37.0523273Z ##[group]Determining repository object format
2026-09-14T08:50:37.0525910Z ##[endgroup]
2026-09-14T08:50:37.0528439Z ##[group]Initializing the repository
2026-09-14T08:50:37.0535716Z [command]"C:\Program Files\Git\bin\git.exe" init D:\a\devbar\devbar
2026-09-14T08:50:37.1360642Z Initialized empty Git repository in D:/a/devbar/devbar/.git/
2026-09-14T08:50:37.1413522Z [command]"C:\Program Files\Git\bin\git.exe" remote add origin https://github.com/juanjoGonDev/devbar
2026-09-14T08:50:37.2205567Z ##[endgroup]
2026-09-14T08:50:37.2215768Z ##[group]Disabling automatic garbage collection
2026-09-14T08:50:37.2217974Z [command]"C:\Program Files\Git\bin\git.exe" config --local gc.auto 0
2026-09-14T08:50:37.2510139Z ##[endgroup]
2026-09-14T08:50:37.2512068Z ##[group]Setting up auth
2026-09-14T08:50:37.2513390Z Removing SSH command configuration
2026-09-14T08:50:37.2520789Z [command]"C:\Program Files\Git\bin\git.exe" config --local --name-only --get-regexp core\.sshCommand
2026-09-14T08:50:37.2812974Z [command]"C:\Program Files\Git\bin\git.exe" submodule foreach --recursive "sh -c \"git config --local --name-only --get-regexp 'core\.sshCommand' && git config --local --unset-all 'core.sshCommand' || :\""
2026-09-14T08:50:38.8940517Z Removing HTTP extra header
2026-09-14T08:50:38.8951089Z [command]"C:\Program Files\Git\bin\git.exe" config --local --name-only --get-regexp http\.https\:\/\/github\.com\/\.extraheader
2026-09-14T08:50:38.9250176Z [command]"C:\Program Files\Git\bin\git.exe" submodule foreach --recursive "sh -c \"git config --local --name-only --get-regexp 'http\.https\:\/\/github\.com\/\.extraheader' && git config --local --unset-all 'http.https://github.com/.extraheader' || :\""
2026-09-14T08:50:39.4476680Z Removing includeIf entries pointing to credentials config files
2026-09-14T08:50:39.4488689Z [command]"C:\Program Files\Git\bin\git.exe" config --local --name-only --get-regexp ^includeIf\.gitdir:
2026-09-14T08:50:39.4791393Z [command]"C:\Program Files\Git\bin\git.exe" submodule foreach --recursive "git config --local --show-origin --name-only --get-regexp remote.origin.url"
2026-09-14T08:50:40.0296796Z [command]"C:\Program Files\Git\bin\git.exe" config --file D:\a\_temp\git-credentials-7cfae087-0a63-4ed4-9571-4a0c559cdae3.config http.https://github.com/.extraheader "AUTHORIZATION: basic ***"
2026-09-14T08:50:40.0601483Z [command]"C:\Program Files\Git\bin\git.exe" config --local includeIf.gitdir:D:/a/devbar/devbar/.git.path D:\a\_temp\git-credentials-7cfae087-0a63-4ed4-9571-4a0c559cdae3.config
2026-09-14T08:50:40.0896107Z [command]"C:\Program Files\Git\bin\git.exe" config --local includeIf.gitdir:D:/a/devbar/devbar/.git/worktrees/*.path D:\a\_temp\git-credentials-7cfae087-0a63-4ed4-9571-4a0c559cdae3.config
2026-09-14T08:50:40.1395485Z [command]"C:\Program Files\Git\bin\git.exe" config --local includeIf.gitdir:/github/workspace/.git.path /github/runner_temp/git-credentials-7cfae087-0a63-4ed4-9571-4a0c559cdae3.config
2026-09-14T08:50:40.1694856Z [command]"C:\Program Files\Git\bin\git.exe" config --local includeIf.gitdir:/github/workspace/.git/worktrees/*.path /github/runner_temp/git-credentials-7cfae087-0a63-4ed4-9571-4a0c559cdae3.config
2026-09-14T08:50:40.1980554Z ##[endgroup]
2026-09-14T08:50:40.1980948Z ##[group]Fetching the repository
2026-09-14T08:50:40.1995976Z [command]"C:\Program Files\Git\bin\git.exe" -c protocol.version=2 fetch --no-tags --prune --no-recurse-submodules --depth=1 origin +2bdf40519de8b1fc40e50bcb75f2a69b62c26e6c:refs/remotes/pull/78/merge
2026-09-14T08:50:41.2874398Z From https://github.com/juanjoGonDev/devbar
2026-09-14T08:50:41.2875710Z  * [new ref]         2bdf40519de8b1fc40e50bcb75f2a69b62c26e6c -> pull/78/merge
2026-09-14T08:50:41.2917609Z ##[endgroup]
2026-09-14T08:50:41.2918676Z ##[group]Determining the checkout info
2026-09-14T08:50:41.2919116Z ##[endgroup]
2026-09-14T08:50:41.2927750Z [command]"C:\Program Files\Git\bin\git.exe" sparse-checkout disable
2026-09-14T08:50:41.3579214Z [command]"C:\Program Files\Git\bin\git.exe" config --local --unset-all extensions.worktreeConfig
2026-09-14T08:50:41.3871810Z ##[group]Checking out the ref
2026-09-14T08:50:41.3882040Z [command]"C:\Program Files\Git\bin\git.exe" checkout --progress --force refs/remotes/pull/78/merge
2026-09-14T08:50:41.4989927Z Note: switching to 'refs/remotes/pull/78/merge'.
2026-09-14T08:50:41.4990258Z 
2026-09-14T08:50:41.4990467Z You are in 'detached HEAD' state. You can look around, make experimental
2026-09-14T08:50:41.4990983Z changes and commit them, and you can discard any commits you make in this
2026-09-14T08:50:41.4991512Z state without impacting any branches by switching back to a branch.
2026-09-14T08:50:41.4992050Z 
2026-09-14T08:50:41.4992459Z If you want to create a new branch to retain commits you create, you may
2026-09-14T08:50:41.4993620Z do so (now or later) by using -c with the switch command. Example:
2026-09-14T08:50:41.4994193Z 
2026-09-14T08:50:41.4994345Z   git switch -c <new-branch-name>
2026-09-14T08:50:41.4994607Z 
2026-09-14T08:50:41.4994723Z Or undo this operation with:
2026-09-14T08:50:41.4994912Z 
2026-09-14T08:50:41.4995008Z   git switch -
2026-09-14T08:50:41.4995145Z 
2026-09-14T08:50:41.4995395Z Turn off this advice by setting config variable advice.detachedHead to false
2026-09-14T08:50:41.4995795Z 
2026-09-14T08:50:41.4996252Z HEAD is now at 2bdf405 Merge 317006930073bbb1b5ec5edb5f6351c072762c58 into 42a77c630288a92901d0127cde05e7e033cf4dda
2026-09-14T08:50:41.5116005Z ##[endgroup]
2026-09-14T08:50:41.5487956Z [command]"C:\Program Files\Git\bin\git.exe" log -1 --format=%H
2026-09-14T08:50:41.5760834Z 2bdf40519de8b1fc40e50bcb75f2a69b62c26e6c
2026-09-14T08:50:41.5800348Z ##[group]Removing auth
2026-09-14T08:50:41.5800684Z Removing SSH command configuration
2026-09-14T08:50:41.5808238Z [command]"C:\Program Files\Git\bin\git.exe" config --local --name-only --get-regexp core\.sshCommand
2026-09-14T08:50:41.6106384Z [command]"C:\Program Files\Git\bin\git.exe" submodule foreach --recursive "sh -c \"git config --local --name-only --get-regexp 'core\.sshCommand' && git config --local --unset-all 'core.sshCommand' || :\""
2026-09-14T08:50:42.1692129Z Removing HTTP extra header
2026-09-14T08:50:42.1701076Z [command]"C:\Program Files\Git\bin\git.exe" config --local --name-only --get-regexp http\.https\:\/\/github\.com\/\.extraheader
2026-09-14T08:50:42.2000004Z [command]"C:\Program Files\Git\bin\git.exe" submodule foreach --recursive "sh -c \"git config --local --name-only --get-regexp 'http\.https\:\/\/github\.com\/\.extraheader' && git config --local --unset-all 'http.https://github.com/.extraheader' || :\""
2026-09-14T08:50:42.7567698Z Removing includeIf entries pointing to credentials config files
2026-09-14T08:50:42.7577212Z [command]"C:\Program Files\Git\bin\git.exe" config --local --name-only --get-regexp ^includeIf\.gitdir:
2026-09-14T08:50:42.7840335Z includeif.gitdir:D:/a/devbar/devbar/.git.path
2026-09-14T08:50:42.7841028Z includeif.gitdir:D:/a/devbar/devbar/.git/worktrees/*.path
2026-09-14T08:50:42.7841636Z includeif.gitdir:/github/workspace/.git.path
2026-09-14T08:50:42.7842173Z includeif.gitdir:/github/workspace/.git/worktrees/*.path
2026-09-14T08:50:42.7884121Z [command]"C:\Program Files\Git\bin\git.exe" config --local --get-all includeif.gitdir:D:/a/devbar/devbar/.git.path
2026-09-14T08:50:42.8137588Z D:\a\_temp\git-credentials-7cfae087-0a63-4ed4-9571-4a0c559cdae3.config
2026-09-14T08:50:42.8178238Z [command]"C:\Program Files\Git\bin\git.exe" config --local --unset includeif.gitdir:D:/a/devbar/devbar/.git.path D\:\\a\\_temp\\git\-credentials\-7cfae087\-0a63\-4ed4\-9571\-4a0c559cdae3\.config
2026-09-14T08:50:42.8475895Z [command]"C:\Program Files\Git\bin\git.exe" config --local --get-all includeif.gitdir:D:/a/devbar/devbar/.git/worktrees/*.path
2026-09-14T08:50:42.8726794Z D:\a\_temp\git-credentials-7cfae087-0a63-4ed4-9571-4a0c559cdae3.config
2026-09-14T08:50:42.8768058Z [command]"C:\Program Files\Git\bin\git.exe" config --local --unset includeif.gitdir:D:/a/devbar/devbar/.git/worktrees/*.path D\:\\a\\_temp\\git\-credentials\-7cfae087\-0a63\-4ed4\-9571\-4a0c559cdae3\.config
2026-09-14T08:50:42.9072626Z [command]"C:\Program Files\Git\bin\git.exe" config --local --get-all includeif.gitdir:/github/workspace/.git.path
2026-09-14T08:50:42.9332485Z /github/runner_temp/git-credentials-7cfae087-0a63-4ed4-9571-4a0c559cdae3.config
2026-09-14T08:50:42.9375973Z [command]"C:\Program Files\Git\bin\git.exe" config --local --unset includeif.gitdir:/github/workspace/.git.path \/github\/runner_temp\/git\-credentials\-7cfae087\-0a63\-4ed4\-9571\-4a0c559cdae3\.config
2026-09-14T08:50:42.9676014Z [command]"C:\Program Files\Git\bin\git.exe" config --local --get-all includeif.gitdir:/github/workspace/.git/worktrees/*.path
2026-09-14T08:50:42.9926721Z /github/runner_temp/git-credentials-7cfae087-0a63-4ed4-9571-4a0c559cdae3.config
2026-09-14T08:50:42.9974642Z [command]"C:\Program Files\Git\bin\git.exe" config --local --unset includeif.gitdir:/github/workspace/.git/worktrees/*.path \/github\/runner_temp\/git\-credentials\-7cfae087\-0a63\-4ed4\-9571\-4a0c559cdae3\.config
2026-09-14T08:50:43.0265159Z [command]"C:\Program Files\Git\bin\git.exe" submodule foreach --recursive "git config --local --show-origin --name-only --get-regexp remote.origin.url"
2026-09-14T08:50:43.5540660Z Removing credentials config 'D:\a\_temp\git-credentials-7cfae087-0a63-4ed4-9571-4a0c559cdae3.config'
2026-09-14T08:50:43.5551844Z ##[endgroup]
2026-09-14T08:50:43.5945075Z ##[group]Run pnpm/action-setup@0977fd99725f1db4007ccb2928dbb4e90d06cc86
2026-09-14T08:50:43.5945521Z with:
2026-09-14T08:50:43.5946042Z   dest: ~/setup-pnpm
2026-09-14T08:50:43.5946241Z   run_install: null
2026-09-14T08:50:43.5946420Z   cache: false
2026-09-14T08:50:43.5946633Z   cache_dependency_path: pnpm-lock.yaml
2026-09-14T08:50:43.5946906Z   package_json_file: package.json
2026-09-14T08:50:43.5947147Z   standalone: false
2026-09-14T08:50:43.5947338Z ##[endgroup]
2026-09-14T08:50:43.7791767Z ##[group]Running self-installer...
2026-09-14T08:50:43.7852252Z (node:2452) [DEP0190] DeprecationWarning: Passing args to a child process with shell option true can lead to security vulnerabilities, as the arguments are not escaped, only concatenated.
2026-09-14T08:50:43.7853634Z (Use `node --trace-deprecation ...` to show where the warning was created)
2026-09-14T08:51:01.0392302Z 
2026-09-14T08:51:01.0393226Z added 1 package, and audited 2 packages in 13s
2026-09-14T08:51:01.0394686Z 
2026-09-14T08:51:01.0394900Z 1 package is looking for funding
2026-09-14T08:51:01.0395301Z   run `npm fund` for details
2026-09-14T08:51:01.0404336Z 
2026-09-14T08:51:01.0404576Z found 0 vulnerabilities
2026-09-14T08:51:04.7155474Z Checking for updates...
2026-09-14T08:51:04.8636472Z Switching pnpm from v11.19.0 to v10.32.1...
2026-09-14T08:51:05.6962277Z .../2090-1a09f1ce287-067e10ac81fc8bb5    | Progress: resolved 1, reused 0, downloaded 0, added 0
2026-09-14T08:51:05.6995561Z .../2090-1a09f1ce287-067e10ac81fc8bb5    |   +1 +
2026-09-14T08:51:08.5020920Z .../2090-1a09f1ce287-067e10ac81fc8bb5    | Progress: resolved 1, reused 0, downloaded 1, added 0
2026-09-14T08:51:09.9124893Z .../2090-1a09f1ce287-067e10ac81fc8bb5    | Progress: resolved 1, reused 0, downloaded 1, added 1
2026-09-14T08:51:09.9129217Z .../2090-1a09f1ce287-067e10ac81fc8bb5    | Progress: resolved 1, reused 0, downloaded 1, added 1, done
2026-09-14T08:51:10.6398432Z [WARN] Detected a pnpm v10 installation layout at PNPM_HOME. The pnpm shims at PNPM_HOME have been refreshed so the new version is active, but pnpm v11 expects bins in PNPM_HOME/bin. Run "pnpm setup" to migrate your PATH to the v11 layout.
2026-09-14T08:51:10.6456619Z Successfully updated pnpm to v10.32.1
2026-09-14T08:51:10.7511088Z ##[endgroup]
2026-09-14T08:51:10.7511849Z Installation Completed!
2026-09-14T08:51:10.7967585Z ##[group]Run actions/setup-node@820762786026740c76f36085b0efc47a31fe5020
2026-09-14T08:51:10.7968148Z with:
2026-09-14T08:51:10.7968368Z   node-version: 22
2026-09-14T08:51:10.7968609Z   cache: pnpm
2026-09-14T08:51:10.7968842Z   check-latest: false
2026-09-14T08:51:10.7973334Z   token: ***
2026-09-14T08:51:10.7973596Z   package-manager-cache: true
2026-09-14T08:51:10.7973890Z env:
2026-09-14T08:51:10.7974206Z   PNPM_HOME: C:\Users\runneradmin\setup-pnpm\node_modules\.bin
2026-09-14T08:51:10.7974624Z ##[endgroup]
2026-09-14T08:51:10.9801711Z Found in cache @ C:\hostedtoolcache\windows\node\22.23.2\x64
2026-09-14T08:51:10.9874081Z ##[group]Environment details
2026-09-14T08:51:17.1286334Z node: v22.23.2
2026-09-14T08:51:17.1286696Z npm: 10.9.8
2026-09-14T08:51:17.1286917Z yarn: 1.22.22
2026-09-14T08:51:17.1287471Z ##[endgroup]
2026-09-14T08:51:17.2682064Z [command]C:\Windows\system32\cmd.exe /D /S /C "C:\Users\runneradmin\setup-pnpm\node_modules\.bin\bin\pnpm.CMD store path --silent"
2026-09-14T08:51:18.1235124Z D:\.pnpm-store\v10
2026-09-14T08:51:18.3554060Z pnpm cache is not found
2026-09-14T08:51:18.3847967Z ##[group]Run echo "version=$(node -p "require('./package.json').version")" >> "$GITHUB_OUTPUT"
2026-09-14T08:51:18.3848694Z [36;1mecho "version=$(node -p "require('./package.json').version")" >> "$GITHUB_OUTPUT"[0m
2026-09-14T08:51:18.3869845Z shell: C:\Program Files\Git\bin\bash.EXE --noprofile --norc -e -o pipefail {0}
2026-09-14T08:51:18.3870254Z env:
2026-09-14T08:51:18.3870517Z   PNPM_HOME: C:\Users\runneradmin\setup-pnpm\node_modules\.bin
2026-09-14T08:51:18.3870839Z ##[endgroup]
2026-09-14T08:51:18.8905632Z ##[group]Run actions/cache@55cc8345863c7cc4c66a329aec7e433d2d1c52a9
2026-09-14T08:51:18.8906085Z with:
2026-09-14T08:51:18.8906439Z   path: %LOCALAPPDATA%\electron\Cache
%LOCALAPPDATA%\electron-builder\Cache

2026-09-14T08:51:18.8907011Z   key: electron-win-bd7ccba579594a20f024796e585806d4af44b8ef510a056ddb8577e0e08c82b5
2026-09-14T08:51:18.8907479Z   enableCrossOsArchive: false
2026-09-14T08:51:18.8907715Z   fail-on-cache-miss: false
2026-09-14T08:51:18.8907935Z   lookup-only: false
2026-09-14T08:51:18.8908371Z   save-always: false
2026-09-14T08:51:18.8908550Z env:
2026-09-14T08:51:18.8908802Z   PNPM_HOME: C:\Users\runneradmin\setup-pnpm\node_modules\.bin
2026-09-14T08:51:18.8909343Z ##[endgroup]
2026-09-14T08:51:19.2101553Z Cache not found for input keys: electron-win-bd7ccba579594a20f024796e585806d4af44b8ef510a056ddb8577e0e08c82b5
2026-09-14T08:51:19.2350076Z ##[group]Run pnpm install --frozen-lockfile
2026-09-14T08:51:19.2350486Z [36;1mpnpm install --frozen-lockfile[0m
2026-09-14T08:51:19.3299025Z shell: C:\Program Files\PowerShell\7\pwsh.EXE -command ". '{0}'"
2026-09-14T08:51:19.3299553Z env:
2026-09-14T08:51:19.3299932Z   PNPM_HOME: C:\Users\runneradmin\setup-pnpm\node_modules\.bin
2026-09-14T08:51:19.3300426Z ##[endgroup]
2026-09-14T08:51:20.1579202Z Lockfile is up to date, resolution step is skipped
2026-09-14T08:51:20.3390374Z Packages: +481
2026-09-14T08:51:20.3391082Z ++++++++++++++++++++++++++++++++++++++++++++++++++++++++++++++++++++++++++++++++
2026-09-14T08:51:20.7719932Z Progress: resolved 0, reused 0, downloaded 1, added 0
2026-09-14T08:51:21.7712502Z Progress: resolved 0, reused 0, downloaded 36, added 8
2026-09-14T08:51:22.7837912Z Progress: resolved 0, reused 0, downloaded 141, added 40
2026-09-14T08:51:23.7893775Z Progress: resolved 0, reused 0, downloaded 214, added 63
2026-09-14T08:51:24.7880973Z Progress: resolved 0, reused 0, downloaded 337, added 104
2026-09-14T08:51:25.8006408Z Progress: resolved 0, reused 0, downloaded 465, added 166
2026-09-14T08:51:26.8140385Z Progress: resolved 0, reused 0, downloaded 465, added 481
2026-09-14T08:51:26.9536979Z Progress: resolved 0, reused 0, downloaded 465, added 481, done
2026-09-14T08:51:26.9682342Z node_modules/lefthook postinstall$ node postinstall.js
2026-09-14T08:51:27.0706112Z node_modules/lefthook postinstall: Done
2026-09-14T08:51:27.2846853Z 
2026-09-14T08:51:27.4534788Z 
2026-09-14T08:51:27.4535776Z > devbar@0.7.1 postinstall D:\a\devbar\devbar
2026-09-14T08:51:27.4536594Z > node --experimental-strip-types scripts/install-hooks.ts
2026-09-14T08:51:27.4537049Z 
2026-09-14T08:51:27.5650121Z ╭ Warning ─────────────────────────────────────────────────────────────────────╮
2026-09-14T08:51:27.5651845Z │                                                                              │
2026-09-14T08:51:27.5656949Z │   Ignored build scripts: electron-winstaller@5.4.0, esbuild@0.28.2.          │
2026-09-14T08:51:27.5663211Z │   Run "pnpm approve-builds" to pick which dependencies should be allowed     │
2026-09-14T08:51:27.5666579Z │   to run scripts.                                                            │
2026-09-14T08:51:27.5667828Z │                                                                              │
2026-09-14T08:51:27.5669064Z ╰──────────────────────────────────────────────────────────────────────────────╯
2026-09-14T08:51:27.5788254Z Done in 7.8s using pnpm v10.32.1
2026-09-14T08:51:27.7630029Z ##[group]Run pnpm run dist:win && pnpm run verify:win
2026-09-14T08:51:27.7630512Z [36;1mpnpm run dist:win && pnpm run verify:win[0m
2026-09-14T08:51:27.7648667Z shell: C:\Program Files\Git\bin\bash.EXE --noprofile --norc -e -o pipefail {0}
2026-09-14T08:51:27.7649066Z env:
2026-09-14T08:51:27.7649329Z   PNPM_HOME: C:\Users\runneradmin\setup-pnpm\node_modules\.bin
2026-09-14T08:51:27.7649658Z ##[endgroup]
2026-09-14T08:51:28.4842993Z 
2026-09-14T08:51:28.4843700Z > devbar@0.7.1 dist:win D:\a\devbar\devbar
2026-09-14T08:51:28.4844937Z > pnpm run build && node --experimental-strip-types scripts/package-win-linux.ts win
2026-09-14T08:51:28.4845616Z 
2026-09-14T08:51:28.8982198Z 
2026-09-14T08:51:28.8983060Z > devbar@0.7.1 build D:\a\devbar\devbar
2026-09-14T08:51:28.8983618Z > bash scripts/build.sh
2026-09-14T08:51:28.8983867Z 
2026-09-14T08:51:40.3069030Z 
2026-09-14T08:51:40.3070057Z   build\src\preload.cjs  8.9kb
2026-09-14T08:51:40.3070309Z 
2026-09-14T08:51:40.3070730Z Done in 5ms
2026-09-14T08:51:41.1977577Z   • electron-builder  version=26.16.1 os=10.0.26100
2026-09-14T08:51:41.1984353Z   • publishing will be skipped  reason=current build is a part of pull request solution=set env PUBLISH_FOR_PULL_REQUEST to true to force code signing
2026-09-14T08:51:41.1987150Z There are serious security concerns with PUBLISH_FOR_PULL_REQUEST=true (see the  CircleCI documentation (https://circleci.com/docs/1.0/fork-pr-builds/) for details)
2026-09-14T08:51:41.1989841Z If you have SSH keys, sensitive env vars or AWS credentials stored in your project settings and untrusted forks can make pull requests against your repo, then this option isn't for you.
2026-09-14T08:51:41.2108602Z   • author is missed in the package.json  appPackageFile=D:\a\devbar\devbar\package.json
2026-09-14T08:51:42.3021186Z   • executing @electron/rebuild  electronVersion=43.2.0 arch=x64 buildFromSource=false workspaceRoot=D:\a\devbar\devbar projectDir=./ appDir=./
2026-09-14T08:51:42.3022578Z   • installing native dependencies  arch=x64
2026-09-14T08:51:42.5705394Z   • completed installing native dependencies
2026-09-14T08:51:42.5768275Z   • packaging       platform=win32 arch=x64 electron=43.2.0 appOutDir=dist\electron-builder\win-unpacked
2026-09-14T08:51:42.7416188Z   • downloaded      label=electron progress=100%
2026-09-14T08:51:47.5916934Z   • downloaded electron zip extracted successfully  output=D:\a\devbar\devbar\dist\electron-builder\win-unpacked
2026-09-14T08:51:47.6330022Z   • searching for node modules  pm=pnpm searchDir=D:\a\devbar\devbar
2026-09-14T08:51:52.7483942Z   • duplicate dependency references  dependencies=["type-fest@5.7.0"]
2026-09-14T08:51:54.6196831Z   • updating asar integrity executable resource  executablePath=dist\electron-builder\win-unpacked\DevBar.exe
2026-09-14T08:51:54.9318653Z   • no code signing certificate configured, signing is skipped  path=dist\electron-builder\win-unpacked\DevBar.exe
2026-09-14T08:51:54.9335156Z   • building        target=nsis file=dist\electron-builder\DevBar-0.7.1-win-x64-setup.exe archs=x64 oneClick=true perMachine=false
2026-09-14T08:51:54.9894801Z   • downloaded      label=7zip-win-x64.tar.gz progress=100%
2026-09-14T08:52:32.6361883Z   • downloaded      label=nsis-3.0.4.1.7z progress=100%
2026-09-14T08:52:34.3892113Z   • no code signing certificate configured, signing is skipped  path=C:\Users\RUNNER~1\AppData\Local\Temp\t-A2sOBM\elevate-staging-3\resources\elevate.exe
2026-09-14T08:52:34.8280151Z   • downloaded      label=nsis-resources-3.4.1.7z progress=100%
2026-09-14T08:52:36.0505118Z   • no code signing certificate configured, signing is skipped  path=dist\electron-builder\DevBar-0.7.1-win-x64-setup.__uninstaller.exe
2026-09-14T08:52:37.2798596Z   • no code signing certificate configured, signing is skipped  path=dist\electron-builder\DevBar-0.7.1-win-x64-setup.exe
2026-09-14T08:52:37.2800689Z   • building block map  blockMapFile=dist\electron-builder\DevBar-0.7.1-win-x64-setup.exe.blockmap
2026-09-14T08:52:42.5628769Z   • building        target=portable file=dist\electron-builder\DevBar-0.7.1-win-x64-portable.exe archs=x64
2026-09-14T08:52:43.2466710Z   • no code signing certificate configured, signing is skipped  path=dist\electron-builder\DevBar-0.7.1-win-x64-portable.exe
2026-09-14T08:52:43.2616112Z [win] x64 done
2026-09-14T08:52:43.2626488Z   • electron-builder  version=26.16.1 os=10.0.26100
2026-09-14T08:52:43.2632524Z   • publishing will be skipped  reason=current build is a part of pull request solution=set env PUBLISH_FOR_PULL_REQUEST to true to force code signing
2026-09-14T08:52:43.2634302Z There are serious security concerns with PUBLISH_FOR_PULL_REQUEST=true (see the  CircleCI documentation (https://circleci.com/docs/1.0/fork-pr-builds/) for details)
2026-09-14T08:52:43.2636293Z If you have SSH keys, sensitive env vars or AWS credentials stored in your project settings and untrusted forks can make pull requests against your repo, then this option isn't for you.
2026-09-14T08:52:43.2677734Z   • author is missed in the package.json  appPackageFile=D:\a\devbar\devbar\package.json
2026-09-14T08:52:43.7031634Z   • executing @electron/rebuild  electronVersion=43.2.0 arch=arm64 buildFromSource=false workspaceRoot=D:\a\devbar\devbar projectDir=./ appDir=./
2026-09-14T08:52:43.7032492Z   • installing native dependencies  arch=arm64
2026-09-14T08:52:43.9757474Z   • completed installing native dependencies
2026-09-14T08:52:43.9819717Z   • packaging       platform=win32 arch=arm64 electron=43.2.0 appOutDir=dist\electron-builder\win-arm64-unpacked
2026-09-14T08:52:44.0767891Z   • downloaded      label=electron progress=100%
2026-09-14T08:52:49.2380790Z   • downloaded electron zip extracted successfully  output=D:\a\devbar\devbar\dist\electron-builder\win-arm64-unpacked
2026-09-14T08:52:49.2696581Z   • searching for node modules  pm=pnpm searchDir=D:\a\devbar\devbar
2026-09-14T08:52:51.8391533Z   • duplicate dependency references  dependencies=["type-fest@5.7.0"]
2026-09-14T08:52:53.6638353Z   • updating asar integrity executable resource  executablePath=dist\electron-builder\win-arm64-unpacked\DevBar.exe
2026-09-14T08:52:53.9608187Z   • no code signing certificate configured, signing is skipped  path=dist\electron-builder\win-arm64-unpacked\DevBar.exe
2026-09-14T08:52:53.9619445Z   • building        target=nsis file=dist\electron-builder\DevBar-0.7.1-win-arm64-setup.exe archs=arm64 oneClick=true perMachine=false
2026-09-14T08:53:31.1795495Z   • no code signing certificate configured, signing is skipped  path=C:\Users\RUNNER~1\AppData\Local\Temp\t-PL5ods\elevate-staging-9\resources\elevate.exe
2026-09-14T08:53:32.1464992Z   • no code signing certificate configured, signing is skipped  path=dist\electron-builder\DevBar-0.7.1-win-arm64-setup.__uninstaller.exe
2026-09-14T08:53:33.3232447Z   • no code signing certificate configured, signing is skipped  path=dist\electron-builder\DevBar-0.7.1-win-arm64-setup.exe
2026-09-14T08:53:33.3238612Z   • building block map  blockMapFile=dist\electron-builder\DevBar-0.7.1-win-arm64-setup.exe.blockmap
2026-09-14T08:53:38.7350651Z   • building        target=portable file=dist\electron-builder\DevBar-0.7.1-win-arm64-portable.exe archs=arm64
2026-09-14T08:53:39.3896033Z   • no code signing certificate configured, signing is skipped  path=dist\electron-builder\DevBar-0.7.1-win-arm64-portable.exe
2026-09-14T08:53:39.4021905Z [win] arm64 done
2026-09-14T08:53:40.0246529Z 
2026-09-14T08:53:40.0247347Z > devbar@0.7.1 verify:win D:\a\devbar\devbar
2026-09-14T08:53:40.0248344Z > pnpm run build && node build/scripts/verify-win-release.js
2026-09-14T08:53:40.0248787Z 
2026-09-14T08:53:40.4122038Z 
2026-09-14T08:53:40.4122767Z > devbar@0.7.1 build D:\a\devbar\devbar
2026-09-14T08:53:40.4123367Z > bash scripts/build.sh
2026-09-14T08:53:40.4123633Z 
2026-09-14T08:53:51.4619375Z 
2026-09-14T08:53:51.4620360Z   build\src\preload.cjs  8.9kb
2026-09-14T08:53:51.4620734Z 
2026-09-14T08:53:51.4622027Z Done in 4ms
2026-09-14T08:53:51.6091310Z DevBar-0.7.1-win-x64-setup.exe is missing or empty: D:\a\devbar\devbar\build\dist\electron-builder\DevBar-0.7.1-win-x64-setup.exe
2026-09-14T08:53:51.6297161Z  ELIFECYCLE  Command failed with exit code 1.
2026-09-14T08:53:51.6540948Z ##[error]Process completed with exit code 1.
2026-09-14T08:53:51.6791197Z Post job cleanup.
2026-09-14T08:53:51.8591176Z Pruning is unnecessary.
2026-09-14T08:53:51.8933440Z Post job cleanup.
2026-09-14T08:53:52.0957877Z [command]"C:\Program Files\Git\bin\git.exe" version
2026-09-14T08:53:52.1246427Z git version 2.55.0.windows.5
2026-09-14T08:53:52.1306749Z Temporarily overriding HOME='D:\a\_temp\f6888a2d-2384-4ed6-b267-1ae33f047856' before making global git config changes
2026-09-14T08:53:52.1307931Z Adding repository directory to the temporary git global config as a safe directory
2026-09-14T08:53:52.1317775Z [command]"C:\Program Files\Git\bin\git.exe" config --global --add safe.directory D:\a\devbar\devbar
2026-09-14T08:53:52.1611766Z Removing SSH command configuration
2026-09-14T08:53:52.1623107Z [command]"C:\Program Files\Git\bin\git.exe" config --local --name-only --get-regexp core\.sshCommand
2026-09-14T08:53:52.1938067Z [command]"C:\Program Files\Git\bin\git.exe" submodule foreach --recursive "sh -c \"git config --local --name-only --get-regexp 'core\.sshCommand' && git config --local --unset-all 'core.sshCommand' || :\""
2026-09-14T08:53:52.7571147Z Removing HTTP extra header
2026-09-14T08:53:52.7581028Z [command]"C:\Program Files\Git\bin\git.exe" config --local --name-only --get-regexp http\.https\:\/\/github\.com\/\.extraheader
2026-09-14T08:53:52.7875861Z [command]"C:\Program Files\Git\bin\git.exe" submodule foreach --recursive "sh -c \"git config --local --name-only --get-regexp 'http\.https\:\/\/github\.com\/\.extraheader' && git config --local --unset-all 'http.https://github.com/.extraheader' || :\""
2026-09-14T08:53:53.3029169Z Removing includeIf entries pointing to credentials config files
2026-09-14T08:53:53.3045203Z [command]"C:\Program Files\Git\bin\git.exe" config --local --name-only --get-regexp ^includeIf\.gitdir:
2026-09-14T08:53:53.3348158Z [command]"C:\Program Files\Git\bin\git.exe" submodule foreach --recursive "git config --local --show-origin --name-only --get-regexp remote.origin.url"
2026-09-14T08:53:53.9081209Z Cleaning up orphan processes
