2026-09-14T08:50:35.5193736Z Current runner version: '2.337.0'
2026-09-14T08:50:35.5229444Z ##[group]Runner Image Provisioner
2026-09-14T08:50:35.5230352Z Hosted Compute Agent
2026-09-14T08:50:35.5231076Z Version: 20260828.587
2026-09-14T08:50:35.5232110Z Commit: abac92662cab4cc7352de4f9f9d2e2419aad9c29
2026-09-14T08:50:35.5232994Z Build Date: 2026-08-28T16:44:25Z
2026-09-14T08:50:35.5233828Z Worker ID: {2c851153-32c3-47f0-971d-33f18d6da179}
2026-09-14T08:50:35.5234581Z Azure Region: centralus
2026-09-14T08:50:35.5235289Z ##[endgroup]
2026-09-14T08:50:35.5236795Z ##[group]Operating System
2026-09-14T08:50:35.5237426Z Ubuntu
2026-09-14T08:50:35.5238069Z 24.04.5
2026-09-14T08:50:35.5238625Z LTS
2026-09-14T08:50:35.5239224Z ##[endgroup]
2026-09-14T08:50:35.5239904Z ##[group]Runner Image
2026-09-14T08:50:35.5240526Z Image: ubuntu-24.04
2026-09-14T08:50:35.5241165Z Version: 20260907.300.1
2026-09-14T08:50:35.5242758Z Included Software: https://github.com/actions/runner-images/blob/ubuntu24/20260907.300/images/ubuntu/Ubuntu2404-Readme.md
2026-09-14T08:50:35.5244429Z Image Release: https://github.com/actions/runner-images/releases/tag/ubuntu24%2F20260907.300
2026-09-14T08:50:35.5245566Z ##[endgroup]
2026-09-14T08:50:35.5246805Z ##[group]GITHUB_TOKEN Permissions
2026-09-14T08:50:35.5248790Z Contents: read
2026-09-14T08:50:35.5249565Z Metadata: read
2026-09-14T08:50:35.5250202Z ##[endgroup]
2026-09-14T08:50:35.5252775Z Secret source: Actions
2026-09-14T08:50:35.5253782Z Cache mode: write
2026-09-14T08:50:35.5254596Z Prepare workflow directory
2026-09-14T08:50:35.5617607Z Prepare all required actions
2026-09-14T08:50:35.5667438Z Getting action download info
2026-09-14T08:50:35.9288947Z Download action repository 'actions/checkout@3d3c42e5aac5ba805825da76410c181273ba90b1' (SHA:3d3c42e5aac5ba805825da76410c181273ba90b1)
2026-09-14T08:50:36.0527841Z Download action repository 'pnpm/action-setup@0977fd99725f1db4007ccb2928dbb4e90d06cc86' (SHA:0977fd99725f1db4007ccb2928dbb4e90d06cc86)
2026-09-14T08:50:36.4133882Z Download action repository 'actions/setup-node@820762786026740c76f36085b0efc47a31fe5020' (SHA:820762786026740c76f36085b0efc47a31fe5020)
2026-09-14T08:50:36.4988459Z Download action repository 'actions/cache@55cc8345863c7cc4c66a329aec7e433d2d1c52a9' (SHA:55cc8345863c7cc4c66a329aec7e433d2d1c52a9)
2026-09-14T08:50:36.6730905Z Download action repository 'actions/upload-artifact@043fb46d1a93c77aae656e7c1c64a875d1fc6a0a' (SHA:043fb46d1a93c77aae656e7c1c64a875d1fc6a0a)
2026-09-14T08:50:36.8845970Z Complete job name: Linux release dry run (incl. Raspberry Pi)
2026-09-14T08:50:36.9774940Z ##[group]Run actions/checkout@3d3c42e5aac5ba805825da76410c181273ba90b1
2026-09-14T08:50:36.9776508Z with:
2026-09-14T08:50:36.9777225Z   persist-credentials: false
2026-09-14T08:50:36.9778092Z   repository: juanjoGonDev/devbar
2026-09-14T08:50:36.9786529Z   token: ***
2026-09-14T08:50:36.9787229Z   ssh-strict: true
2026-09-14T08:50:36.9787948Z   ssh-user: git
2026-09-14T08:50:36.9788619Z   clean: true
2026-09-14T08:50:36.9789341Z   sparse-checkout-cone-mode: true
2026-09-14T08:50:36.9790238Z   fetch-depth: 1
2026-09-14T08:50:36.9790932Z   fetch-tags: false
2026-09-14T08:50:36.9791790Z   show-progress: true
2026-09-14T08:50:36.9792545Z   lfs: false
2026-09-14T08:50:36.9793224Z   submodules: false
2026-09-14T08:50:36.9793969Z   set-safe-directory: true
2026-09-14T08:50:36.9794797Z   allow-unsafe-pr-checkout: false
2026-09-14T08:50:36.9796005Z ##[endgroup]
2026-09-14T08:50:37.0966739Z Syncing repository: juanjoGonDev/devbar
2026-09-14T08:50:37.0970915Z ##[group]Getting Git version info
2026-09-14T08:50:37.0972341Z Working directory is '/home/runner/work/devbar/devbar'
2026-09-14T08:50:37.0974061Z [command]/usr/bin/git version
2026-09-14T08:50:37.0977041Z git version 2.55.0
2026-09-14T08:50:37.0981468Z ##[endgroup]
2026-09-14T08:50:37.0993386Z Temporarily overriding HOME='/home/runner/work/_temp/1a1e3e7d-066a-49d5-8835-450456b6c96f' before making global git config changes
2026-09-14T08:50:37.1000595Z Adding repository directory to the temporary git global config as a safe directory
2026-09-14T08:50:37.1013886Z [command]/usr/bin/git config --global --add safe.directory /home/runner/work/devbar/devbar
2026-09-14T08:50:37.1057491Z Deleting the contents of '/home/runner/work/devbar/devbar'
2026-09-14T08:50:37.1061631Z ##[group]Determining repository object format
2026-09-14T08:50:37.1063758Z ##[endgroup]
2026-09-14T08:50:37.1065443Z ##[group]Initializing the repository
2026-09-14T08:50:37.1067880Z [command]/usr/bin/git init /home/runner/work/devbar/devbar
2026-09-14T08:50:37.1155699Z hint: Using 'master' as the name for the initial branch. This default branch name
2026-09-14T08:50:37.1158317Z hint: will change to "main" in Git 3.0. To configure the initial branch name
2026-09-14T08:50:37.1160805Z hint: to use in all of your new repositories, which will suppress this warning,
2026-09-14T08:50:37.1162882Z hint: call:
2026-09-14T08:50:37.1163792Z hint:
2026-09-14T08:50:37.1165007Z hint: 	git config --global init.defaultBranch <name>
2026-09-14T08:50:37.1166520Z hint:
2026-09-14T08:50:37.1167922Z hint: Names commonly chosen instead of 'master' are 'main', 'trunk' and
2026-09-14T08:50:37.1170150Z hint: 'development'. The just-created branch can be renamed via this command:
2026-09-14T08:50:37.1172361Z hint:
2026-09-14T08:50:37.1173318Z hint: 	git branch -m <name>
2026-09-14T08:50:37.1174444Z hint:
2026-09-14T08:50:37.1175994Z hint: Disable this message with "git config set advice.defaultBranchName false"
2026-09-14T08:50:37.1178615Z Initialized empty Git repository in /home/runner/work/devbar/devbar/.git/
2026-09-14T08:50:37.1183098Z [command]/usr/bin/git remote add origin https://github.com/juanjoGonDev/devbar
2026-09-14T08:50:37.1211143Z ##[endgroup]
2026-09-14T08:50:37.1213492Z ##[group]Disabling automatic garbage collection
2026-09-14T08:50:37.1215639Z [command]/usr/bin/git config --local gc.auto 0
2026-09-14T08:50:37.1249860Z ##[endgroup]
2026-09-14T08:50:37.1252062Z ##[group]Setting up auth
2026-09-14T08:50:37.1253280Z Removing SSH command configuration
2026-09-14T08:50:37.1255525Z [command]/usr/bin/git config --local --name-only --get-regexp core\.sshCommand
2026-09-14T08:50:37.1291787Z [command]/usr/bin/git submodule foreach --recursive sh -c "git config --local --name-only --get-regexp 'core\.sshCommand' && git config --local --unset-all 'core.sshCommand' || :"
2026-09-14T08:50:37.1651199Z Removing HTTP extra header
2026-09-14T08:50:37.1659643Z [command]/usr/bin/git config --local --name-only --get-regexp http\.https\:\/\/github\.com\/\.extraheader
2026-09-14T08:50:37.1704576Z [command]/usr/bin/git submodule foreach --recursive sh -c "git config --local --name-only --get-regexp 'http\.https\:\/\/github\.com\/\.extraheader' && git config --local --unset-all 'http.https://github.com/.extraheader' || :"
2026-09-14T08:50:37.1958550Z Removing includeIf entries pointing to credentials config files
2026-09-14T08:50:37.1965347Z [command]/usr/bin/git config --local --name-only --get-regexp ^includeIf\.gitdir:
2026-09-14T08:50:37.2005033Z [command]/usr/bin/git submodule foreach --recursive git config --local --show-origin --name-only --get-regexp remote.origin.url
2026-09-14T08:50:37.2253874Z [command]/usr/bin/git config --file /home/runner/work/_temp/git-credentials-86b03987-c8fb-4bd5-86da-73e38ac5cf0a.config http.https://github.com/.extraheader AUTHORIZATION: basic ***
2026-09-14T08:50:37.2299675Z [command]/usr/bin/git config --local includeIf.gitdir:/home/runner/work/devbar/devbar/.git.path /home/runner/work/_temp/git-credentials-86b03987-c8fb-4bd5-86da-73e38ac5cf0a.config
2026-09-14T08:50:37.2338270Z [command]/usr/bin/git config --local includeIf.gitdir:/home/runner/work/devbar/devbar/.git/worktrees/*.path /home/runner/work/_temp/git-credentials-86b03987-c8fb-4bd5-86da-73e38ac5cf0a.config
2026-09-14T08:50:37.2377956Z [command]/usr/bin/git config --local includeIf.gitdir:/github/workspace/.git.path /github/runner_temp/git-credentials-86b03987-c8fb-4bd5-86da-73e38ac5cf0a.config
2026-09-14T08:50:37.2416360Z [command]/usr/bin/git config --local includeIf.gitdir:/github/workspace/.git/worktrees/*.path /github/runner_temp/git-credentials-86b03987-c8fb-4bd5-86da-73e38ac5cf0a.config
2026-09-14T08:50:37.2451126Z ##[endgroup]
2026-09-14T08:50:37.2452909Z ##[group]Fetching the repository
2026-09-14T08:50:37.2458340Z [command]/usr/bin/git -c protocol.version=2 fetch --no-tags --prune --no-recurse-submodules --depth=1 origin +2bdf40519de8b1fc40e50bcb75f2a69b62c26e6c:refs/remotes/pull/78/merge
2026-09-14T08:50:37.9106827Z From https://github.com/juanjoGonDev/devbar
2026-09-14T08:50:37.9108046Z  * [new ref]         2bdf40519de8b1fc40e50bcb75f2a69b62c26e6c -> pull/78/merge
2026-09-14T08:50:37.9111104Z ##[endgroup]
2026-09-14T08:50:37.9112743Z ##[group]Determining the checkout info
2026-09-14T08:50:37.9113837Z ##[endgroup]
2026-09-14T08:50:37.9117501Z [command]/usr/bin/git sparse-checkout disable
2026-09-14T08:50:37.9171796Z [command]/usr/bin/git config --local --unset-all extensions.worktreeConfig
2026-09-14T08:50:37.9210630Z ##[group]Checking out the ref
2026-09-14T08:50:37.9215483Z [command]/usr/bin/git checkout --progress --force refs/remotes/pull/78/merge
2026-09-14T08:50:37.9416286Z Note: switching to 'refs/remotes/pull/78/merge'.
2026-09-14T08:50:37.9417113Z 
2026-09-14T08:50:37.9417776Z You are in 'detached HEAD' state. You can look around, make experimental
2026-09-14T08:50:37.9418876Z changes and commit them, and you can discard any commits you make in this
2026-09-14T08:50:37.9420038Z state without impacting any branches by switching back to a branch.
2026-09-14T08:50:37.9420709Z 
2026-09-14T08:50:37.9421616Z If you want to create a new branch to retain commits you create, you may
2026-09-14T08:50:37.9423027Z do so (now or later) by using -c with the switch command. Example:
2026-09-14T08:50:37.9423987Z 
2026-09-14T08:50:37.9424658Z   git switch -c <new-branch-name>
2026-09-14T08:50:37.9425412Z 
2026-09-14T08:50:37.9426058Z Or undo this operation with:
2026-09-14T08:50:37.9426762Z 
2026-09-14T08:50:37.9427291Z   git switch -
2026-09-14T08:50:37.9427946Z 
2026-09-14T08:50:37.9428902Z Turn off this advice by setting config variable advice.detachedHead to false
2026-09-14T08:50:37.9430094Z 
2026-09-14T08:50:37.9431470Z HEAD is now at 2bdf405 Merge 317006930073bbb1b5ec5edb5f6351c072762c58 into 42a77c630288a92901d0127cde05e7e033cf4dda
2026-09-14T08:50:37.9436238Z ##[endgroup]
2026-09-14T08:50:37.9483917Z [command]/usr/bin/git log -1 --format=%H
2026-09-14T08:50:37.9517103Z 2bdf40519de8b1fc40e50bcb75f2a69b62c26e6c
2026-09-14T08:50:37.9527958Z ##[group]Removing auth
2026-09-14T08:50:37.9531421Z Removing SSH command configuration
2026-09-14T08:50:37.9533249Z [command]/usr/bin/git config --local --name-only --get-regexp core\.sshCommand
2026-09-14T08:50:37.9571771Z [command]/usr/bin/git submodule foreach --recursive sh -c "git config --local --name-only --get-regexp 'core\.sshCommand' && git config --local --unset-all 'core.sshCommand' || :"
2026-09-14T08:50:37.9815272Z Removing HTTP extra header
2026-09-14T08:50:37.9818124Z [command]/usr/bin/git config --local --name-only --get-regexp http\.https\:\/\/github\.com\/\.extraheader
2026-09-14T08:50:37.9859049Z [command]/usr/bin/git submodule foreach --recursive sh -c "git config --local --name-only --get-regexp 'http\.https\:\/\/github\.com\/\.extraheader' && git config --local --unset-all 'http.https://github.com/.extraheader' || :"
2026-09-14T08:50:38.0107288Z Removing includeIf entries pointing to credentials config files
2026-09-14T08:50:38.0110777Z [command]/usr/bin/git config --local --name-only --get-regexp ^includeIf\.gitdir:
2026-09-14T08:50:38.0145584Z includeif.gitdir:/home/runner/work/devbar/devbar/.git.path
2026-09-14T08:50:38.0147174Z includeif.gitdir:/home/runner/work/devbar/devbar/.git/worktrees/*.path
2026-09-14T08:50:38.0148583Z includeif.gitdir:/github/workspace/.git.path
2026-09-14T08:50:38.0150028Z includeif.gitdir:/github/workspace/.git/worktrees/*.path
2026-09-14T08:50:38.0154982Z [command]/usr/bin/git config --local --get-all includeif.gitdir:/home/runner/work/devbar/devbar/.git.path
2026-09-14T08:50:38.0185942Z /home/runner/work/_temp/git-credentials-86b03987-c8fb-4bd5-86da-73e38ac5cf0a.config
2026-09-14T08:50:38.0197071Z [command]/usr/bin/git config --local --unset includeif.gitdir:/home/runner/work/devbar/devbar/.git.path \/home\/runner\/work\/_temp\/git\-credentials\-86b03987\-c8fb\-4bd5\-86da\-73e38ac5cf0a\.config
2026-09-14T08:50:38.0240786Z [command]/usr/bin/git config --local --get-all includeif.gitdir:/home/runner/work/devbar/devbar/.git/worktrees/*.path
2026-09-14T08:50:38.0272974Z /home/runner/work/_temp/git-credentials-86b03987-c8fb-4bd5-86da-73e38ac5cf0a.config
2026-09-14T08:50:38.0281086Z [command]/usr/bin/git config --local --unset includeif.gitdir:/home/runner/work/devbar/devbar/.git/worktrees/*.path \/home\/runner\/work\/_temp\/git\-credentials\-86b03987\-c8fb\-4bd5\-86da\-73e38ac5cf0a\.config
2026-09-14T08:50:38.0319944Z [command]/usr/bin/git config --local --get-all includeif.gitdir:/github/workspace/.git.path
2026-09-14T08:50:38.0349030Z /github/runner_temp/git-credentials-86b03987-c8fb-4bd5-86da-73e38ac5cf0a.config
2026-09-14T08:50:38.0359077Z [command]/usr/bin/git config --local --unset includeif.gitdir:/github/workspace/.git.path \/github\/runner_temp\/git\-credentials\-86b03987\-c8fb\-4bd5\-86da\-73e38ac5cf0a\.config
2026-09-14T08:50:38.0403958Z [command]/usr/bin/git config --local --get-all includeif.gitdir:/github/workspace/.git/worktrees/*.path
2026-09-14T08:50:38.0433804Z /github/runner_temp/git-credentials-86b03987-c8fb-4bd5-86da-73e38ac5cf0a.config
2026-09-14T08:50:38.0476207Z [command]/usr/bin/git config --local --unset includeif.gitdir:/github/workspace/.git/worktrees/*.path \/github\/runner_temp\/git\-credentials\-86b03987\-c8fb\-4bd5\-86da\-73e38ac5cf0a\.config
2026-09-14T08:50:38.0533313Z [command]/usr/bin/git submodule foreach --recursive git config --local --show-origin --name-only --get-regexp remote.origin.url
2026-09-14T08:50:38.0769889Z Removing credentials config '/home/runner/work/_temp/git-credentials-86b03987-c8fb-4bd5-86da-73e38ac5cf0a.config'
2026-09-14T08:50:38.0778351Z ##[endgroup]
2026-09-14T08:50:38.1038454Z ##[group]Run pnpm/action-setup@0977fd99725f1db4007ccb2928dbb4e90d06cc86
2026-09-14T08:50:38.1039484Z with:
2026-09-14T08:50:38.1040222Z   dest: ~/setup-pnpm
2026-09-14T08:50:38.1040993Z   run_install: null
2026-09-14T08:50:38.1041967Z   cache: false
2026-09-14T08:50:38.1042754Z   cache_dependency_path: pnpm-lock.yaml
2026-09-14T08:50:38.1043641Z   package_json_file: package.json
2026-09-14T08:50:38.1044461Z   standalone: false
2026-09-14T08:50:38.1045208Z ##[endgroup]
2026-09-14T08:50:38.2534772Z ##[group]Running self-installer...
2026-09-14T08:50:39.8687445Z 
2026-09-14T08:50:39.8688166Z added 1 package, and audited 2 packages in 1s
2026-09-14T08:50:39.8688521Z 
2026-09-14T08:50:39.8688688Z 1 package is looking for funding
2026-09-14T08:50:39.8689060Z   run `npm fund` for details
2026-09-14T08:50:39.8696922Z 
2026-09-14T08:50:39.8697740Z found 0 vulnerabilities
2026-09-14T08:50:40.4820717Z Checking for updates...
2026-09-14T08:50:40.6822010Z Switching pnpm from v11.19.0 to v10.32.1...
2026-09-14T08:50:41.1243755Z .../v11/945-1a09f1c82ce-0ff143c32feb9b48 | Progress: resolved 1, reused 0, downloaded 0, added 0
2026-09-14T08:50:41.1263255Z .../v11/945-1a09f1c82ce-0ff143c32feb9b48 |   +1 +
2026-09-14T08:50:41.4083911Z .../v11/945-1a09f1c82ce-0ff143c32feb9b48 | Progress: resolved 1, reused 0, downloaded 1, added 1, done
2026-09-14T08:50:41.8146612Z [WARN] Detected a pnpm v10 installation layout at PNPM_HOME. The pnpm shims at PNPM_HOME have been refreshed so the new version is active, but pnpm v11 expects bins in PNPM_HOME/bin. Run "pnpm setup" to migrate your PATH to the v11 layout.
2026-09-14T08:50:41.8180370Z Successfully updated pnpm to v10.32.1
2026-09-14T08:50:41.8511067Z ##[endgroup]
2026-09-14T08:50:41.8511855Z Installation Completed!
2026-09-14T08:50:41.8732287Z ##[group]Run actions/setup-node@820762786026740c76f36085b0efc47a31fe5020
2026-09-14T08:50:41.8732697Z with:
2026-09-14T08:50:41.8732909Z   node-version: 22
2026-09-14T08:50:41.8733139Z   cache: pnpm
2026-09-14T08:50:41.8733352Z   check-latest: false
2026-09-14T08:50:41.8735953Z   token: ***
2026-09-14T08:50:41.8736190Z   package-manager-cache: true
2026-09-14T08:50:41.8736448Z env:
2026-09-14T08:50:41.8736702Z   PNPM_HOME: /home/runner/setup-pnpm/node_modules/.bin
2026-09-14T08:50:41.8737019Z ##[endgroup]
2026-09-14T08:50:42.0049724Z Found in cache @ /opt/hostedtoolcache/node/22.23.2/x64
2026-09-14T08:50:42.0052152Z ##[group]Environment details
2026-09-14T08:50:42.3657652Z node: v22.23.2
2026-09-14T08:50:42.3658176Z npm: 10.9.8
2026-09-14T08:50:42.3658505Z yarn: 1.22.22
2026-09-14T08:50:42.3659306Z ##[endgroup]
2026-09-14T08:50:42.3678963Z [command]/home/runner/setup-pnpm/node_modules/.bin/bin/pnpm store path --silent
2026-09-14T08:50:42.6485421Z /home/runner/setup-pnpm/node_modules/.bin/store/v10
2026-09-14T08:50:42.7922761Z pnpm cache is not found
2026-09-14T08:50:42.8654945Z ##[group]Run actions/cache@55cc8345863c7cc4c66a329aec7e433d2d1c52a9
2026-09-14T08:50:42.8655327Z with:
2026-09-14T08:50:42.8655587Z   path: ~/.cache/electron
~/.cache/electron-builder

2026-09-14T08:50:42.8656166Z   key: linux-release-validation-83528be4bfacfab174cb4589cc6560b2987ff34bb71b9519b61a7c1fb63cbec1
2026-09-14T08:50:42.8656687Z   enableCrossOsArchive: false
2026-09-14T08:50:42.8656952Z   fail-on-cache-miss: false
2026-09-14T08:50:42.8657201Z   lookup-only: false
2026-09-14T08:50:42.8657420Z   save-always: false
2026-09-14T08:50:42.8657626Z env:
2026-09-14T08:50:42.8657875Z   PNPM_HOME: /home/runner/setup-pnpm/node_modules/.bin
2026-09-14T08:50:42.8658180Z ##[endgroup]
2026-09-14T08:50:43.1190795Z Cache not found for input keys: linux-release-validation-83528be4bfacfab174cb4589cc6560b2987ff34bb71b9519b61a7c1fb63cbec1
2026-09-14T08:50:43.1254280Z ##[group]Run pnpm install --frozen-lockfile
2026-09-14T08:50:43.1254715Z [36;1mpnpm install --frozen-lockfile[0m
2026-09-14T08:50:43.1304324Z shell: /usr/bin/bash -e {0}
2026-09-14T08:50:43.1304615Z env:
2026-09-14T08:50:43.1304902Z   PNPM_HOME: /home/runner/setup-pnpm/node_modules/.bin
2026-09-14T08:50:43.1305247Z ##[endgroup]
2026-09-14T08:50:43.4507671Z Lockfile is up to date, resolution step is skipped
2026-09-14T08:50:43.6032640Z Packages: +481
2026-09-14T08:50:43.6072368Z ++++++++++++++++++++++++++++++++++++++++++++++++++++++++++++++++++++++++++++++++
2026-09-14T08:50:43.7858955Z Progress: resolved 0, reused 0, downloaded 1, added 0
2026-09-14T08:50:44.7868763Z Progress: resolved 0, reused 0, downloaded 155, added 101
2026-09-14T08:50:45.7882663Z Progress: resolved 0, reused 0, downloaded 317, added 228
2026-09-14T08:50:46.4284710Z Progress: resolved 0, reused 0, downloaded 465, added 481, done
2026-09-14T08:50:46.4367620Z node_modules/lefthook postinstall$ node postinstall.js
2026-09-14T08:50:46.4778089Z node_modules/lefthook postinstall: Done
2026-09-14T08:50:46.5745360Z 
2026-09-14T08:50:46.6225850Z 
2026-09-14T08:50:46.6226734Z > devbar@0.7.1 postinstall /home/runner/work/devbar/devbar
2026-09-14T08:50:46.6227393Z > node --experimental-strip-types scripts/install-hooks.ts
2026-09-14T08:50:46.6227666Z 
2026-09-14T08:50:46.8210793Z ╭ Warning ─────────────────────────────────────────────────────────────────────╮
2026-09-14T08:50:46.8212055Z │                                                                              │
2026-09-14T08:50:46.8213038Z │   Ignored build scripts: electron-winstaller@5.4.0, esbuild@0.28.2.          │
2026-09-14T08:50:46.8214146Z │   Run "pnpm approve-builds" to pick which dependencies should be allowed     │
2026-09-14T08:50:46.8215172Z │   to run scripts.                                                            │
2026-09-14T08:50:46.8216040Z │                                                                              │
2026-09-14T08:50:46.8217172Z ╰──────────────────────────────────────────────────────────────────────────────╯
2026-09-14T08:50:46.8346131Z Done in 3.6s using pnpm v10.32.1
2026-09-14T08:50:46.8629323Z ##[group]Run pnpm run dist:linux && pnpm run verify:linux
2026-09-14T08:50:46.8629776Z [36;1mpnpm run dist:linux && pnpm run verify:linux[0m
2026-09-14T08:50:46.8669768Z shell: /usr/bin/bash -e {0}
2026-09-14T08:50:46.8670226Z env:
2026-09-14T08:50:46.8670489Z   PNPM_HOME: /home/runner/setup-pnpm/node_modules/.bin
2026-09-14T08:50:46.8670811Z ##[endgroup]
2026-09-14T08:50:47.1814557Z 
2026-09-14T08:50:47.1833056Z > devbar@0.7.1 dist:linux /home/runner/work/devbar/devbar
2026-09-14T08:50:47.1833856Z > pnpm run build && node --experimental-strip-types scripts/package-win-linux.ts linux
2026-09-14T08:50:47.1834228Z 
2026-09-14T08:50:47.4505408Z 
2026-09-14T08:50:47.4506262Z > devbar@0.7.1 build /home/runner/work/devbar/devbar
2026-09-14T08:50:47.4506914Z > bash scripts/build.sh
2026-09-14T08:50:47.4507162Z 
2026-09-14T08:50:56.6836359Z 
2026-09-14T08:50:56.6837886Z   build/src/preload.cjs  8.9kb
2026-09-14T08:50:56.6838276Z 
2026-09-14T08:50:56.6838718Z ⚡ Done in 2ms
2026-09-14T08:50:57.2181583Z   • electron-builder  version=26.16.1 os=6.17.0-1022-azure
2026-09-14T08:50:57.2203023Z   • publishing will be skipped  reason=current build is a part of pull request solution=set env PUBLISH_FOR_PULL_REQUEST to true to force code signing
2026-09-14T08:50:57.2205499Z There are serious security concerns with PUBLISH_FOR_PULL_REQUEST=true (see the  CircleCI documentation (https://circleci.com/docs/1.0/fork-pr-builds/) for details)
2026-09-14T08:50:57.2207769Z If you have SSH keys, sensitive env vars or AWS credentials stored in your project settings and untrusted forks can make pull requests against your repo, then this option isn't for you.
2026-09-14T08:50:57.2288728Z   • author is missed in the package.json  appPackageFile=/home/runner/work/devbar/devbar/package.json
2026-09-14T08:50:58.1715700Z   • executing @electron/rebuild  electronVersion=43.2.0 arch=x64 buildFromSource=false workspaceRoot=/home/runner/work/devbar/devbar projectDir=./ appDir=./
2026-09-14T08:50:58.1717413Z   • installing native dependencies  arch=x64
2026-09-14T08:50:58.3026128Z   • completed installing native dependencies
2026-09-14T08:50:58.3070859Z   • packaging       platform=linux arch=x64 electron=43.2.0 appOutDir=dist/electron-builder/linux-unpacked
2026-09-14T08:50:58.5571590Z   • downloaded      label=electron progress=100%
2026-09-14T08:51:01.5027469Z   • downloaded electron zip extracted successfully  output=/home/runner/work/devbar/devbar/dist/electron-builder/linux-unpacked
2026-09-14T08:51:01.5312244Z   • searching for node modules  pm=pnpm searchDir=/home/runner/work/devbar/devbar
2026-09-14T08:51:02.7248943Z   • duplicate dependency references  dependencies=["type-fest@5.7.0"]
2026-09-14T08:51:03.7277056Z   • building        target=AppImage arch=x64 file=dist/electron-builder/DevBar-0.7.1-linux-x64.AppImage
2026-09-14T08:51:03.7282893Z   • electron uses desktopName as app_id / WM_CLASS for window association. Without it desktop environments may not link running windows to this .desktop entry. Set desktopName in package.json and linux.syncDesktopName: true to fix.  reason=desktopName is not set in package.json docs=https://www.electron.build/linux#window-association-desktopname--syncdesktopname
2026-09-14T08:51:03.8492801Z   • downloaded      label=appimage-12.0.1.7z progress=100%
2026-09-14T08:51:03.9909504Z   • downloaded      label=7zip-linux-x64.tar.gz progress=100%
2026-09-14T08:51:13.2363289Z   • building embedded block map  file=dist/electron-builder/DevBar-0.7.1-linux-x64.AppImage
2026-09-14T08:51:19.5494202Z   • building        target=deb arch=x64 file=dist/electron-builder/DevBar-0.7.1-linux-x64.deb
2026-09-14T08:51:19.5516004Z   • electron uses desktopName as app_id / WM_CLASS for window association. Without it desktop environments may not link running windows to this .desktop entry. Set desktopName in package.json and linux.syncDesktopName: true to fix.  reason=desktopName is not set in package.json docs=https://www.electron.build/linux#window-association-desktopname--syncdesktopname
2026-09-14T08:51:19.7588045Z   • downloaded      label=fpm-1.17.0-ruby-3.4.3-linux-amd64.7z progress=100%
2026-09-14T08:52:30.4159192Z [linux] x64 done
2026-09-14T08:52:30.4166557Z   • electron-builder  version=26.16.1 os=6.17.0-1022-azure
2026-09-14T08:52:30.4171143Z   • publishing will be skipped  reason=current build is a part of pull request solution=set env PUBLISH_FOR_PULL_REQUEST to true to force code signing
2026-09-14T08:52:30.4174217Z There are serious security concerns with PUBLISH_FOR_PULL_REQUEST=true (see the  CircleCI documentation (https://circleci.com/docs/1.0/fork-pr-builds/) for details)
2026-09-14T08:52:30.4176848Z If you have SSH keys, sensitive env vars or AWS credentials stored in your project settings and untrusted forks can make pull requests against your repo, then this option isn't for you.
2026-09-14T08:52:30.4202570Z   • author is missed in the package.json  appPackageFile=/home/runner/work/devbar/devbar/package.json
2026-09-14T08:52:30.7097369Z   • executing @electron/rebuild  electronVersion=43.2.0 arch=arm64 buildFromSource=false workspaceRoot=/home/runner/work/devbar/devbar projectDir=./ appDir=./
2026-09-14T08:52:30.7098279Z   • installing native dependencies  arch=arm64
2026-09-14T08:52:30.8367759Z   • completed installing native dependencies
2026-09-14T08:52:30.8412549Z   • packaging       platform=linux arch=arm64 electron=43.2.0 appOutDir=dist/electron-builder/linux-arm64-unpacked
2026-09-14T08:52:31.0219537Z   • downloaded      label=electron progress=100%
2026-09-14T08:52:34.0743818Z   • downloaded electron zip extracted successfully  output=/home/runner/work/devbar/devbar/dist/electron-builder/linux-arm64-unpacked
2026-09-14T08:52:34.0942590Z   • searching for node modules  pm=pnpm searchDir=/home/runner/work/devbar/devbar
2026-09-14T08:52:35.2401206Z   • duplicate dependency references  dependencies=["type-fest@5.7.0"]
2026-09-14T08:52:36.2513768Z   • building        target=AppImage arch=arm64 file=dist/electron-builder/DevBar-0.7.1-linux-arm64.AppImage
2026-09-14T08:52:36.2520519Z   • electron uses desktopName as app_id / WM_CLASS for window association. Without it desktop environments may not link running windows to this .desktop entry. Set desktopName in package.json and linux.syncDesktopName: true to fix.  reason=desktopName is not set in package.json docs=https://www.electron.build/linux#window-association-desktopname--syncdesktopname
2026-09-14T08:52:44.0869936Z   • building embedded block map  file=dist/electron-builder/DevBar-0.7.1-linux-arm64.AppImage
2026-09-14T08:52:50.9519082Z   • building        target=deb arch=arm64 file=dist/electron-builder/DevBar-0.7.1-linux-arm64.deb
2026-09-14T08:52:50.9534425Z   • electron uses desktopName as app_id / WM_CLASS for window association. Without it desktop environments may not link running windows to this .desktop entry. Set desktopName in package.json and linux.syncDesktopName: true to fix.  reason=desktopName is not set in package.json docs=https://www.electron.build/linux#window-association-desktopname--syncdesktopname
2026-09-14T08:53:45.7061013Z [linux] arm64 done
2026-09-14T08:53:45.7068049Z   • electron-builder  version=26.16.1 os=6.17.0-1022-azure
2026-09-14T08:53:45.7073664Z   • publishing will be skipped  reason=current build is a part of pull request solution=set env PUBLISH_FOR_PULL_REQUEST to true to force code signing
2026-09-14T08:53:45.7076006Z There are serious security concerns with PUBLISH_FOR_PULL_REQUEST=true (see the  CircleCI documentation (https://circleci.com/docs/1.0/fork-pr-builds/) for details)
2026-09-14T08:53:45.7078596Z If you have SSH keys, sensitive env vars or AWS credentials stored in your project settings and untrusted forks can make pull requests against your repo, then this option isn't for you.
2026-09-14T08:53:45.7107341Z   • author is missed in the package.json  appPackageFile=/home/runner/work/devbar/devbar/package.json
2026-09-14T08:53:45.9966744Z   • executing @electron/rebuild  electronVersion=43.2.0 arch=armv7l buildFromSource=false workspaceRoot=/home/runner/work/devbar/devbar projectDir=./ appDir=./
2026-09-14T08:53:45.9967971Z   • installing native dependencies  arch=armv7l
2026-09-14T08:53:46.1213181Z   • completed installing native dependencies
2026-09-14T08:53:46.1256223Z   • packaging       platform=linux arch=armv7l electron=43.2.0 appOutDir=dist/electron-builder/linux-armv7l-unpacked
2026-09-14T08:53:46.2897331Z   • downloaded      label=electron progress=100%
2026-09-14T08:53:49.0188675Z   • downloaded electron zip extracted successfully  output=/home/runner/work/devbar/devbar/dist/electron-builder/linux-armv7l-unpacked
2026-09-14T08:53:49.0348985Z   • searching for node modules  pm=pnpm searchDir=/home/runner/work/devbar/devbar
2026-09-14T08:53:50.1855050Z   • duplicate dependency references  dependencies=["type-fest@5.7.0"]
2026-09-14T08:53:51.0665080Z   • building        target=AppImage arch=armv7l file=dist/electron-builder/DevBar-0.7.1-linux-armv7.AppImage
2026-09-14T08:53:51.0672076Z   • electron uses desktopName as app_id / WM_CLASS for window association. Without it desktop environments may not link running windows to this .desktop entry. Set desktopName in package.json and linux.syncDesktopName: true to fix.  reason=desktopName is not set in package.json docs=https://www.electron.build/linux#window-association-desktopname--syncdesktopname
2026-09-14T08:53:57.3375053Z   • building embedded block map  file=dist/electron-builder/DevBar-0.7.1-linux-armv7.AppImage
2026-09-14T08:54:03.9588357Z   • building        target=deb arch=armv7l file=dist/electron-builder/DevBar-0.7.1-linux-armv7.deb
2026-09-14T08:54:03.9605379Z   • electron uses desktopName as app_id / WM_CLASS for window association. Without it desktop environments may not link running windows to this .desktop entry. Set desktopName in package.json and linux.syncDesktopName: true to fix.  reason=desktopName is not set in package.json docs=https://www.electron.build/linux#window-association-desktopname--syncdesktopname
2026-09-14T08:54:51.0267336Z [linux] armv7 done
2026-09-14T08:54:51.3644225Z 
2026-09-14T08:54:51.3645103Z > devbar@0.7.1 verify:linux /home/runner/work/devbar/devbar
2026-09-14T08:54:51.3645977Z > pnpm run build && node build/scripts/verify-linux-release.js
2026-09-14T08:54:51.3646395Z 
2026-09-14T08:54:51.6309781Z 
2026-09-14T08:54:51.6310343Z > devbar@0.7.1 build /home/runner/work/devbar/devbar
2026-09-14T08:54:51.6310795Z > bash scripts/build.sh
2026-09-14T08:54:51.6310953Z 
2026-09-14T08:55:00.4049562Z 
2026-09-14T08:55:00.4050129Z   build/src/preload.cjs  8.9kb
2026-09-14T08:55:00.4050454Z 
2026-09-14T08:55:00.4050878Z ⚡ Done in 2ms
2026-09-14T08:55:00.4590311Z DevBar-0.7.1-linux-x64.AppImage is missing or empty: /home/runner/work/devbar/devbar/build/dist/electron-builder/DevBar-0.7.1-linux-x64.AppImage
2026-09-14T08:55:00.4769837Z  ELIFECYCLE  Command failed with exit code 1.
2026-09-14T08:55:00.5062224Z ##[error]Process completed with exit code 1.
2026-09-14T08:55:00.5172100Z Post job cleanup.
2026-09-14T08:55:00.6673876Z Pruning is unnecessary.
2026-09-14T08:55:00.6847735Z Post job cleanup.
2026-09-14T08:55:00.7774884Z [command]/usr/bin/git version
2026-09-14T08:55:00.7838255Z git version 2.55.0
2026-09-14T08:55:00.7863177Z Temporarily overriding HOME='/home/runner/work/_temp/a849725f-aa8b-4269-9f80-9b8673af7d43' before making global git config changes
2026-09-14T08:55:00.7866750Z Adding repository directory to the temporary git global config as a safe directory
2026-09-14T08:55:00.7868169Z [command]/usr/bin/git config --global --add safe.directory /home/runner/work/devbar/devbar
2026-09-14T08:55:00.7898464Z Removing SSH command configuration
2026-09-14T08:55:00.7905267Z [command]/usr/bin/git config --local --name-only --get-regexp core\.sshCommand
2026-09-14T08:55:00.7944955Z [command]/usr/bin/git submodule foreach --recursive sh -c "git config --local --name-only --get-regexp 'core\.sshCommand' && git config --local --unset-all 'core.sshCommand' || :"
2026-09-14T08:55:00.8221716Z Removing HTTP extra header
2026-09-14T08:55:00.8229690Z [command]/usr/bin/git config --local --name-only --get-regexp http\.https\:\/\/github\.com\/\.extraheader
2026-09-14T08:55:00.8271660Z [command]/usr/bin/git submodule foreach --recursive sh -c "git config --local --name-only --get-regexp 'http\.https\:\/\/github\.com\/\.extraheader' && git config --local --unset-all 'http.https://github.com/.extraheader' || :"
2026-09-14T08:55:00.8537304Z Removing includeIf entries pointing to credentials config files
2026-09-14T08:55:00.8544844Z [command]/usr/bin/git config --local --name-only --get-regexp ^includeIf\.gitdir:
2026-09-14T08:55:00.8589365Z [command]/usr/bin/git submodule foreach --recursive git config --local --show-origin --name-only --get-regexp remote.origin.url
2026-09-14T08:55:00.9024196Z Cleaning up orphan processes
