2026-09-14T09:55:58.3383012Z Current runner version: '2.337.0'
2026-09-14T09:55:58.3402196Z ##[group]Runner Image Provisioner
2026-09-14T09:55:58.3403023Z Hosted Compute Agent
2026-09-14T09:55:58.3403505Z Version: 20260828.587
2026-09-14T09:55:58.3404097Z Commit: abac92662cab4cc7352de4f9f9d2e2419aad9c29
2026-09-14T09:55:58.3404765Z Build Date: 2026-08-28T16:44:25Z
2026-09-14T09:55:58.3405316Z Worker ID: {a2bb9d67-f3fc-43f7-b889-3f3369c7cf89}
2026-09-14T09:55:58.3405988Z Azure Region: westus3
2026-09-14T09:55:58.3406460Z ##[endgroup]
2026-09-14T09:55:58.3407515Z ##[group]Operating System
2026-09-14T09:55:58.3408061Z Ubuntu
2026-09-14T09:55:58.3408524Z 24.04.5
2026-09-14T09:55:58.3408953Z LTS
2026-09-14T09:55:58.3409378Z ##[endgroup]
2026-09-14T09:55:58.3409960Z ##[group]Runner Image
2026-09-14T09:55:58.3410513Z Image: ubuntu-24.04
2026-09-14T09:55:58.3410970Z Version: 20260907.300.1
2026-09-14T09:55:58.3412002Z Included Software: https://github.com/actions/runner-images/blob/ubuntu24/20260907.300/images/ubuntu/Ubuntu2404-Readme.md
2026-09-14T09:55:58.3413206Z Image Release: https://github.com/actions/runner-images/releases/tag/ubuntu24%2F20260907.300
2026-09-14T09:55:58.3414031Z ##[endgroup]
2026-09-14T09:55:58.3414934Z ##[group]GITHUB_TOKEN Permissions
2026-09-14T09:55:58.3416708Z Contents: read
2026-09-14T09:55:58.3417189Z Metadata: read
2026-09-14T09:55:58.3417667Z ##[endgroup]
2026-09-14T09:55:58.3419282Z Secret source: Actions
2026-09-14T09:55:58.3420212Z Cache mode: write
2026-09-14T09:55:58.3420810Z Prepare workflow directory
2026-09-14T09:55:58.3680723Z Prepare all required actions
2026-09-14T09:55:58.3720989Z Getting action download info
2026-09-14T09:55:58.7173504Z Download action repository 'actions/checkout@3d3c42e5aac5ba805825da76410c181273ba90b1' (SHA:3d3c42e5aac5ba805825da76410c181273ba90b1)
2026-09-14T09:55:58.8478718Z Download action repository 'pnpm/action-setup@0977fd99725f1db4007ccb2928dbb4e90d06cc86' (SHA:0977fd99725f1db4007ccb2928dbb4e90d06cc86)
2026-09-14T09:55:59.3631634Z Download action repository 'actions/setup-node@820762786026740c76f36085b0efc47a31fe5020' (SHA:820762786026740c76f36085b0efc47a31fe5020)
2026-09-14T09:55:59.4775557Z Download action repository 'actions/cache@55cc8345863c7cc4c66a329aec7e433d2d1c52a9' (SHA:55cc8345863c7cc4c66a329aec7e433d2d1c52a9)
2026-09-14T09:55:59.8314054Z Download action repository 'actions/upload-artifact@043fb46d1a93c77aae656e7c1c64a875d1fc6a0a' (SHA:043fb46d1a93c77aae656e7c1c64a875d1fc6a0a)
2026-09-14T09:56:00.1587489Z Complete job name: Linux release dry run (incl. Raspberry Pi)
2026-09-14T09:56:00.2346272Z ##[group]Run actions/checkout@3d3c42e5aac5ba805825da76410c181273ba90b1
2026-09-14T09:56:00.2347918Z with:
2026-09-14T09:56:00.2348821Z   persist-credentials: false
2026-09-14T09:56:00.2350011Z   repository: juanjoGonDev/devbar
2026-09-14T09:56:00.2357086Z   token: ***
2026-09-14T09:56:00.2357936Z   ssh-strict: true
2026-09-14T09:56:00.2358778Z   ssh-user: git
2026-09-14T09:56:00.2359602Z   clean: true
2026-09-14T09:56:00.2360680Z   sparse-checkout-cone-mode: true
2026-09-14T09:56:00.2361745Z   fetch-depth: 1
2026-09-14T09:56:00.2362632Z   fetch-tags: false
2026-09-14T09:56:00.2363492Z   show-progress: true
2026-09-14T09:56:00.2364360Z   lfs: false
2026-09-14T09:56:00.2365139Z   submodules: false
2026-09-14T09:56:00.2365974Z   set-safe-directory: true
2026-09-14T09:56:00.2366970Z   allow-unsafe-pr-checkout: false
2026-09-14T09:56:00.2368176Z ##[endgroup]
2026-09-14T09:56:00.3258322Z Syncing repository: juanjoGonDev/devbar
2026-09-14T09:56:00.3262961Z ##[group]Getting Git version info
2026-09-14T09:56:00.3264683Z Working directory is '/home/runner/work/devbar/devbar'
2026-09-14T09:56:00.3267354Z [command]/usr/bin/git version
2026-09-14T09:56:00.4726979Z git version 2.55.0
2026-09-14T09:56:00.4746606Z ##[endgroup]
2026-09-14T09:56:00.4754062Z Temporarily overriding HOME='/home/runner/work/_temp/b2ff9b11-1b37-4ad1-a2fd-11be58835406' before making global git config changes
2026-09-14T09:56:00.4756593Z Adding repository directory to the temporary git global config as a safe directory
2026-09-14T09:56:00.4759558Z [command]/usr/bin/git config --global --add safe.directory /home/runner/work/devbar/devbar
2026-09-14T09:56:00.4807441Z Deleting the contents of '/home/runner/work/devbar/devbar'
2026-09-14T09:56:00.4810713Z ##[group]Determining repository object format
2026-09-14T09:56:00.4812529Z ##[endgroup]
2026-09-14T09:56:00.4813856Z ##[group]Initializing the repository
2026-09-14T09:56:00.4815487Z [command]/usr/bin/git init /home/runner/work/devbar/devbar
2026-09-14T09:56:00.4912646Z hint: Using 'master' as the name for the initial branch. This default branch name
2026-09-14T09:56:00.4914911Z hint: will change to "main" in Git 3.0. To configure the initial branch name
2026-09-14T09:56:00.4917376Z hint: to use in all of your new repositories, which will suppress this warning,
2026-09-14T09:56:00.4919181Z hint: call:
2026-09-14T09:56:00.4920547Z hint:
2026-09-14T09:56:00.4921807Z hint: 	git config --global init.defaultBranch <name>
2026-09-14T09:56:00.4923356Z hint:
2026-09-14T09:56:00.4924847Z hint: Names commonly chosen instead of 'master' are 'main', 'trunk' and
2026-09-14T09:56:00.4927055Z hint: 'development'. The just-created branch can be renamed via this command:
2026-09-14T09:56:00.4928930Z hint:
2026-09-14T09:56:00.4930347Z hint: 	git branch -m <name>
2026-09-14T09:56:00.4931323Z hint:
2026-09-14T09:56:00.4932577Z hint: Disable this message with "git config set advice.defaultBranchName false"
2026-09-14T09:56:00.4934366Z Initialized empty Git repository in /home/runner/work/devbar/devbar/.git/
2026-09-14T09:56:00.4937916Z [command]/usr/bin/git remote add origin https://github.com/juanjoGonDev/devbar
2026-09-14T09:56:00.5984244Z ##[endgroup]
2026-09-14T09:56:00.5985843Z ##[group]Disabling automatic garbage collection
2026-09-14T09:56:00.5987392Z [command]/usr/bin/git config --local gc.auto 0
2026-09-14T09:56:00.6416331Z ##[endgroup]
2026-09-14T09:56:00.6418195Z ##[group]Setting up auth
2026-09-14T09:56:00.6419235Z Removing SSH command configuration
2026-09-14T09:56:00.6421186Z [command]/usr/bin/git config --local --name-only --get-regexp core\.sshCommand
2026-09-14T09:56:00.6450628Z [command]/usr/bin/git submodule foreach --recursive sh -c "git config --local --name-only --get-regexp 'core\.sshCommand' && git config --local --unset-all 'core.sshCommand' || :"
2026-09-14T09:56:00.6728140Z Removing HTTP extra header
2026-09-14T09:56:00.6731722Z [command]/usr/bin/git config --local --name-only --get-regexp http\.https\:\/\/github\.com\/\.extraheader
2026-09-14T09:56:00.6755132Z [command]/usr/bin/git submodule foreach --recursive sh -c "git config --local --name-only --get-regexp 'http\.https\:\/\/github\.com\/\.extraheader' && git config --local --unset-all 'http.https://github.com/.extraheader' || :"
2026-09-14T09:56:00.6910962Z Removing includeIf entries pointing to credentials config files
2026-09-14T09:56:00.6913693Z [command]/usr/bin/git config --local --name-only --get-regexp ^includeIf\.gitdir:
2026-09-14T09:56:00.6936418Z [command]/usr/bin/git submodule foreach --recursive git config --local --show-origin --name-only --get-regexp remote.origin.url
2026-09-14T09:56:00.7094952Z [command]/usr/bin/git config --file /home/runner/work/_temp/git-credentials-aa668995-6ddf-4bda-9abd-90e50dd021bc.config http.https://github.com/.extraheader AUTHORIZATION: basic ***
2026-09-14T09:56:00.7126876Z [command]/usr/bin/git config --local includeIf.gitdir:/home/runner/work/devbar/devbar/.git.path /home/runner/work/_temp/git-credentials-aa668995-6ddf-4bda-9abd-90e50dd021bc.config
2026-09-14T09:56:00.7149380Z [command]/usr/bin/git config --local includeIf.gitdir:/home/runner/work/devbar/devbar/.git/worktrees/*.path /home/runner/work/_temp/git-credentials-aa668995-6ddf-4bda-9abd-90e50dd021bc.config
2026-09-14T09:56:00.7174534Z [command]/usr/bin/git config --local includeIf.gitdir:/github/workspace/.git.path /github/runner_temp/git-credentials-aa668995-6ddf-4bda-9abd-90e50dd021bc.config
2026-09-14T09:56:00.7198525Z [command]/usr/bin/git config --local includeIf.gitdir:/github/workspace/.git/worktrees/*.path /github/runner_temp/git-credentials-aa668995-6ddf-4bda-9abd-90e50dd021bc.config
2026-09-14T09:56:00.7218505Z ##[endgroup]
2026-09-14T09:56:00.7220051Z ##[group]Fetching the repository
2026-09-14T09:56:00.7224147Z [command]/usr/bin/git -c protocol.version=2 fetch --no-tags --prune --no-recurse-submodules --depth=1 origin +9f1ff06f3b228f0ac62da711e68900ed5df73df0:refs/remotes/pull/78/merge
2026-09-14T09:56:02.0799880Z From https://github.com/juanjoGonDev/devbar
2026-09-14T09:56:02.0801456Z  * [new ref]         9f1ff06f3b228f0ac62da711e68900ed5df73df0 -> pull/78/merge
2026-09-14T09:56:02.0803515Z ##[endgroup]
2026-09-14T09:56:02.0804153Z ##[group]Determining the checkout info
2026-09-14T09:56:02.0804660Z ##[endgroup]
2026-09-14T09:56:02.0808761Z [command]/usr/bin/git sparse-checkout disable
2026-09-14T09:56:02.1015560Z [command]/usr/bin/git config --local --unset-all extensions.worktreeConfig
2026-09-14T09:56:02.1213543Z ##[group]Checking out the ref
2026-09-14T09:56:02.1216652Z [command]/usr/bin/git checkout --progress --force refs/remotes/pull/78/merge
2026-09-14T09:56:02.1400812Z Note: switching to 'refs/remotes/pull/78/merge'.
2026-09-14T09:56:02.1401338Z 
2026-09-14T09:56:02.1401727Z You are in 'detached HEAD' state. You can look around, make experimental
2026-09-14T09:56:02.1403085Z changes and commit them, and you can discard any commits you make in this
2026-09-14T09:56:02.1403629Z state without impacting any branches by switching back to a branch.
2026-09-14T09:56:02.1404244Z 
2026-09-14T09:56:02.1404632Z If you want to create a new branch to retain commits you create, you may
2026-09-14T09:56:02.1405156Z do so (now or later) by using -c with the switch command. Example:
2026-09-14T09:56:02.1405436Z 
2026-09-14T09:56:02.1405649Z   git switch -c <new-branch-name>
2026-09-14T09:56:02.1405903Z 
2026-09-14T09:56:02.1406098Z Or undo this operation with:
2026-09-14T09:56:02.1406279Z 
2026-09-14T09:56:02.1406458Z   git switch -
2026-09-14T09:56:02.1406631Z 
2026-09-14T09:56:02.1406912Z Turn off this advice by setting config variable advice.detachedHead to false
2026-09-14T09:56:02.1407257Z 
2026-09-14T09:56:02.1407629Z HEAD is now at 9f1ff06 Merge 143117abb1a4e7c7e8a387b328f26ba08b8d68d6 into 42a77c630288a92901d0127cde05e7e033cf4dda
2026-09-14T09:56:02.1504223Z ##[endgroup]
2026-09-14T09:56:02.1536732Z [command]/usr/bin/git log -1 --format=%H
2026-09-14T09:56:02.1556025Z 9f1ff06f3b228f0ac62da711e68900ed5df73df0
2026-09-14T09:56:02.1563075Z ##[group]Removing auth
2026-09-14T09:56:02.1563505Z Removing SSH command configuration
2026-09-14T09:56:02.1568081Z [command]/usr/bin/git config --local --name-only --get-regexp core\.sshCommand
2026-09-14T09:56:02.1591929Z [command]/usr/bin/git submodule foreach --recursive sh -c "git config --local --name-only --get-regexp 'core\.sshCommand' && git config --local --unset-all 'core.sshCommand' || :"
2026-09-14T09:56:02.1752494Z Removing HTTP extra header
2026-09-14T09:56:02.1755674Z [command]/usr/bin/git config --local --name-only --get-regexp http\.https\:\/\/github\.com\/\.extraheader
2026-09-14T09:56:02.1778946Z [command]/usr/bin/git submodule foreach --recursive sh -c "git config --local --name-only --get-regexp 'http\.https\:\/\/github\.com\/\.extraheader' && git config --local --unset-all 'http.https://github.com/.extraheader' || :"
2026-09-14T09:56:02.1935546Z Removing includeIf entries pointing to credentials config files
2026-09-14T09:56:02.1937752Z [command]/usr/bin/git config --local --name-only --get-regexp ^includeIf\.gitdir:
2026-09-14T09:56:02.1957897Z includeif.gitdir:/home/runner/work/devbar/devbar/.git.path
2026-09-14T09:56:02.1958758Z includeif.gitdir:/home/runner/work/devbar/devbar/.git/worktrees/*.path
2026-09-14T09:56:02.1959461Z includeif.gitdir:/github/workspace/.git.path
2026-09-14T09:56:02.1960210Z includeif.gitdir:/github/workspace/.git/worktrees/*.path
2026-09-14T09:56:02.1963448Z [command]/usr/bin/git config --local --get-all includeif.gitdir:/home/runner/work/devbar/devbar/.git.path
2026-09-14T09:56:02.1980912Z /home/runner/work/_temp/git-credentials-aa668995-6ddf-4bda-9abd-90e50dd021bc.config
2026-09-14T09:56:02.1988510Z [command]/usr/bin/git config --local --unset includeif.gitdir:/home/runner/work/devbar/devbar/.git.path \/home\/runner\/work\/_temp\/git\-credentials\-aa668995\-6ddf\-4bda\-9abd\-90e50dd021bc\.config
2026-09-14T09:56:02.2048678Z [command]/usr/bin/git config --local --get-all includeif.gitdir:/home/runner/work/devbar/devbar/.git/worktrees/*.path
2026-09-14T09:56:02.2072325Z /home/runner/work/_temp/git-credentials-aa668995-6ddf-4bda-9abd-90e50dd021bc.config
2026-09-14T09:56:02.2078361Z [command]/usr/bin/git config --local --unset includeif.gitdir:/home/runner/work/devbar/devbar/.git/worktrees/*.path \/home\/runner\/work\/_temp\/git\-credentials\-aa668995\-6ddf\-4bda\-9abd\-90e50dd021bc\.config
2026-09-14T09:56:02.2106974Z [command]/usr/bin/git config --local --get-all includeif.gitdir:/github/workspace/.git.path
2026-09-14T09:56:02.2124750Z /github/runner_temp/git-credentials-aa668995-6ddf-4bda-9abd-90e50dd021bc.config
2026-09-14T09:56:02.2130236Z [command]/usr/bin/git config --local --unset includeif.gitdir:/github/workspace/.git.path \/github\/runner_temp\/git\-credentials\-aa668995\-6ddf\-4bda\-9abd\-90e50dd021bc\.config
2026-09-14T09:56:02.2206374Z [command]/usr/bin/git config --local --get-all includeif.gitdir:/github/workspace/.git/worktrees/*.path
2026-09-14T09:56:02.2226484Z /github/runner_temp/git-credentials-aa668995-6ddf-4bda-9abd-90e50dd021bc.config
2026-09-14T09:56:02.2271389Z [command]/usr/bin/git config --local --unset includeif.gitdir:/github/workspace/.git/worktrees/*.path \/github\/runner_temp\/git\-credentials\-aa668995\-6ddf\-4bda\-9abd\-90e50dd021bc\.config
2026-09-14T09:56:02.2430052Z [command]/usr/bin/git submodule foreach --recursive git config --local --show-origin --name-only --get-regexp remote.origin.url
2026-09-14T09:56:02.2581313Z Removing credentials config '/home/runner/work/_temp/git-credentials-aa668995-6ddf-4bda-9abd-90e50dd021bc.config'
2026-09-14T09:56:02.2586896Z ##[endgroup]
2026-09-14T09:56:02.2768134Z ##[group]Run pnpm/action-setup@0977fd99725f1db4007ccb2928dbb4e90d06cc86
2026-09-14T09:56:02.2768582Z with:
2026-09-14T09:56:02.2768876Z   dest: ~/setup-pnpm
2026-09-14T09:56:02.2769226Z   run_install: null
2026-09-14T09:56:02.2769536Z   cache: false
2026-09-14T09:56:02.2770062Z   cache_dependency_path: pnpm-lock.yaml
2026-09-14T09:56:02.2770437Z   package_json_file: package.json
2026-09-14T09:56:02.2770777Z   standalone: false
2026-09-14T09:56:02.2771113Z ##[endgroup]
2026-09-14T09:56:02.3996465Z ##[group]Running self-installer...
2026-09-14T09:56:04.3548028Z 
2026-09-14T09:56:04.3548876Z added 1 package, and audited 2 packages in 2s
2026-09-14T09:56:04.3549213Z 
2026-09-14T09:56:04.3549345Z 1 package is looking for funding
2026-09-14T09:56:04.3549768Z   run `npm fund` for details
2026-09-14T09:56:04.3554616Z 
2026-09-14T09:56:04.3554788Z found 0 vulnerabilities
2026-09-14T09:56:04.8314141Z Checking for updates...
2026-09-14T09:56:04.9915024Z Switching pnpm from v11.19.0 to v10.32.1...
2026-09-14T09:56:05.8526046Z .../v11/86e-1a09f5865b7-3a8848404e7d0748 | Progress: resolved 1, reused 0, downloaded 0, added 0
2026-09-14T09:56:05.8541654Z .../v11/86e-1a09f5865b7-3a8848404e7d0748 |   +1 +
2026-09-14T09:56:06.0560713Z .../v11/86e-1a09f5865b7-3a8848404e7d0748 | Progress: resolved 1, reused 0, downloaded 1, added 1, done
2026-09-14T09:56:06.4222667Z [WARN] Detected a pnpm v10 installation layout at PNPM_HOME. The pnpm shims at PNPM_HOME have been refreshed so the new version is active, but pnpm v11 expects bins in PNPM_HOME/bin. Run "pnpm setup" to migrate your PATH to the v11 layout.
2026-09-14T09:56:06.4245431Z Successfully updated pnpm to v10.32.1
2026-09-14T09:56:06.4427858Z ##[endgroup]
2026-09-14T09:56:06.4428410Z Installation Completed!
2026-09-14T09:56:06.4578861Z ##[group]Run actions/setup-node@820762786026740c76f36085b0efc47a31fe5020
2026-09-14T09:56:06.4579270Z with:
2026-09-14T09:56:06.4579541Z   node-version: 22
2026-09-14T09:56:06.4580041Z   cache: pnpm
2026-09-14T09:56:06.4580305Z   check-latest: false
2026-09-14T09:56:06.4582318Z   token: ***
2026-09-14T09:56:06.4582632Z   package-manager-cache: true
2026-09-14T09:56:06.4582918Z env:
2026-09-14T09:56:06.4583201Z   PNPM_HOME: /home/runner/setup-pnpm/node_modules/.bin
2026-09-14T09:56:06.4583540Z ##[endgroup]
2026-09-14T09:56:06.5688505Z Found in cache @ /opt/hostedtoolcache/node/22.23.2/x64
2026-09-14T09:56:06.5691816Z ##[group]Environment details
2026-09-14T09:56:07.0964157Z node: v22.23.2
2026-09-14T09:56:07.0964745Z npm: 10.9.8
2026-09-14T09:56:07.0965081Z yarn: 1.22.22
2026-09-14T09:56:07.0965890Z ##[endgroup]
2026-09-14T09:56:07.0981349Z [command]/home/runner/setup-pnpm/node_modules/.bin/bin/pnpm store path --silent
2026-09-14T09:56:07.3250450Z /home/runner/setup-pnpm/node_modules/.bin/store/v10
2026-09-14T09:56:07.5589630Z Cache hit for: node-cache-Linux-x64-pnpm-83528be4bfacfab174cb4589cc6560b2987ff34bb71b9519b61a7c1fb63cbec1
2026-09-14T09:56:08.8072363Z Received 33554432 of 72015995 (46.6%), 32.0 MBs/sec
2026-09-14T09:56:09.0643997Z Received 72015995 of 72015995 (100.0%), 54.6 MBs/sec
2026-09-14T09:56:09.0644897Z Cache Size: ~69 MB (72015995 B)
2026-09-14T09:56:09.0743690Z [command]/usr/bin/tar -xf /home/runner/work/_temp/c600e84c-1094-4798-9781-a8625e4df9f6/cache.tzst -P -C /home/runner/work/devbar/devbar --use-compress-program unzstd
2026-09-14T09:56:09.4749568Z Cache restored successfully
2026-09-14T09:56:09.4781802Z Cache restored from key: node-cache-Linux-x64-pnpm-83528be4bfacfab174cb4589cc6560b2987ff34bb71b9519b61a7c1fb63cbec1
2026-09-14T09:56:09.5366619Z ##[group]Run actions/cache@55cc8345863c7cc4c66a329aec7e433d2d1c52a9
2026-09-14T09:56:09.5367043Z with:
2026-09-14T09:56:09.5367335Z   path: ~/.cache/electron
~/.cache/electron-builder

2026-09-14T09:56:09.5367906Z   key: linux-release-validation-83528be4bfacfab174cb4589cc6560b2987ff34bb71b9519b61a7c1fb63cbec1
2026-09-14T09:56:09.5368390Z   enableCrossOsArchive: false
2026-09-14T09:56:09.5368668Z   fail-on-cache-miss: false
2026-09-14T09:56:09.5368991Z   lookup-only: false
2026-09-14T09:56:09.5369288Z   save-always: false
2026-09-14T09:56:09.5369564Z env:
2026-09-14T09:56:09.5369999Z   PNPM_HOME: /home/runner/setup-pnpm/node_modules/.bin
2026-09-14T09:56:09.5370311Z ##[endgroup]
2026-09-14T09:56:09.8465420Z Cache not found for input keys: linux-release-validation-83528be4bfacfab174cb4589cc6560b2987ff34bb71b9519b61a7c1fb63cbec1
2026-09-14T09:56:09.8533298Z ##[group]Run pnpm install --frozen-lockfile
2026-09-14T09:56:09.8533762Z [36;1mpnpm install --frozen-lockfile[0m
2026-09-14T09:56:09.8830602Z shell: /usr/bin/bash -e {0}
2026-09-14T09:56:09.8830938Z env:
2026-09-14T09:56:09.8831289Z   PNPM_HOME: /home/runner/setup-pnpm/node_modules/.bin
2026-09-14T09:56:09.8831670Z ##[endgroup]
2026-09-14T09:56:10.2187032Z Lockfile is up to date, resolution step is skipped
2026-09-14T09:56:10.3300908Z Packages: +481
2026-09-14T09:56:10.3301651Z ++++++++++++++++++++++++++++++++++++++++++++++++++++++++++++++++++++++++++++++++
2026-09-14T09:56:10.3687936Z Progress: resolved 0, reused 1, downloaded 0, added 0
2026-09-14T09:56:11.3686364Z Progress: resolved 0, reused 465, downloaded 0, added 476
2026-09-14T09:56:11.7081938Z Progress: resolved 0, reused 465, downloaded 0, added 481, done
2026-09-14T09:56:11.8889874Z 
2026-09-14T09:56:11.9346912Z 
2026-09-14T09:56:11.9348480Z > devbar@0.7.1 postinstall /home/runner/work/devbar/devbar
2026-09-14T09:56:11.9349869Z > node --experimental-strip-types scripts/install-hooks.ts
2026-09-14T09:56:11.9350310Z 
2026-09-14T09:56:12.1329864Z ╭ Warning ─────────────────────────────────────────────────────────────────────╮
2026-09-14T09:56:12.1331340Z │                                                                              │
2026-09-14T09:56:12.1333242Z │   Ignored build scripts: electron-winstaller@5.4.0, esbuild@0.28.2.          │
2026-09-14T09:56:12.1351136Z │   Run "pnpm approve-builds" to pick which dependencies should be allowed     │
2026-09-14T09:56:12.1352266Z │   to run scripts.                                                            │
2026-09-14T09:56:12.1354040Z │                                                                              │
2026-09-14T09:56:12.1355603Z ╰──────────────────────────────────────────────────────────────────────────────╯
2026-09-14T09:56:12.1437197Z Done in 2.2s using pnpm v10.32.1
2026-09-14T09:56:12.1569173Z ##[group]Run pnpm run dist:linux && pnpm run verify:linux
2026-09-14T09:56:12.1569627Z [36;1mpnpm run dist:linux && pnpm run verify:linux[0m
2026-09-14T09:56:12.1591350Z shell: /usr/bin/bash -e {0}
2026-09-14T09:56:12.1591632Z env:
2026-09-14T09:56:12.1591982Z   PNPM_HOME: /home/runner/setup-pnpm/node_modules/.bin
2026-09-14T09:56:12.1592323Z ##[endgroup]
2026-09-14T09:56:12.4308437Z 
2026-09-14T09:56:12.4309511Z > devbar@0.7.1 dist:linux /home/runner/work/devbar/devbar
2026-09-14T09:56:12.4310402Z > pnpm run build && node --experimental-strip-types scripts/package-win-linux.ts linux
2026-09-14T09:56:12.4310736Z 
2026-09-14T09:56:12.6463182Z 
2026-09-14T09:56:12.6464055Z > devbar@0.7.1 build /home/runner/work/devbar/devbar
2026-09-14T09:56:12.6464560Z > bash scripts/build.sh
2026-09-14T09:56:12.6464798Z 
2026-09-14T09:56:20.4460797Z 
2026-09-14T09:56:20.4465223Z   build/src/preload.cjs  8.9kb
2026-09-14T09:56:20.4465826Z 
2026-09-14T09:56:20.4466357Z ⚡ Done in 2ms
2026-09-14T09:56:20.8014490Z   • electron-builder  version=26.16.1 os=6.17.0-1022-azure
2026-09-14T09:56:20.8017438Z   • publishing will be skipped  reason=current build is a part of pull request solution=set env PUBLISH_FOR_PULL_REQUEST to true to force code signing
2026-09-14T09:56:20.8019625Z There are serious security concerns with PUBLISH_FOR_PULL_REQUEST=true (see the  CircleCI documentation (https://circleci.com/docs/1.0/fork-pr-builds/) for details)
2026-09-14T09:56:20.8022216Z If you have SSH keys, sensitive env vars or AWS credentials stored in your project settings and untrusted forks can make pull requests against your repo, then this option isn't for you.
2026-09-14T09:56:20.8123174Z   • author is missed in the package.json  appPackageFile=/home/runner/work/devbar/devbar/package.json
2026-09-14T09:56:21.5083800Z   • executing @electron/rebuild  electronVersion=43.2.0 arch=x64 buildFromSource=false workspaceRoot=/home/runner/work/devbar/devbar projectDir=./ appDir=./
2026-09-14T09:56:21.5085149Z   • installing native dependencies  arch=x64
2026-09-14T09:56:21.6085899Z   • completed installing native dependencies
2026-09-14T09:56:21.6107468Z   • packaging       platform=linux arch=x64 electron=43.2.0 appOutDir=dist/electron-builder/linux-unpacked
2026-09-14T09:56:21.8007719Z   • downloaded      label=electron progress=100%
2026-09-14T09:56:26.2690101Z   • downloaded electron zip extracted successfully  output=/home/runner/work/devbar/devbar/dist/electron-builder/linux-unpacked
2026-09-14T09:56:26.2945341Z   • searching for node modules  pm=pnpm searchDir=/home/runner/work/devbar/devbar
2026-09-14T09:56:27.2424811Z   • duplicate dependency references  dependencies=["type-fest@5.7.0"]
2026-09-14T09:56:27.9875419Z   • building        target=AppImage arch=x64 file=dist/electron-builder/DevBar-0.7.1-linux-x64.AppImage
2026-09-14T09:56:27.9880454Z   • electron uses desktopName as app_id / WM_CLASS for window association. Without it desktop environments may not link running windows to this .desktop entry. Set desktopName in package.json and linux.syncDesktopName: true to fix.  reason=desktopName is not set in package.json docs=https://www.electron.build/linux#window-association-desktopname--syncdesktopname
2026-09-14T09:56:28.0470142Z   • downloaded      label=appimage-12.0.1.7z progress=100%
2026-09-14T09:56:28.1476335Z   • downloaded      label=7zip-linux-x64.tar.gz progress=100%
2026-09-14T09:56:37.2321992Z   • building embedded block map  file=dist/electron-builder/DevBar-0.7.1-linux-x64.AppImage
2026-09-14T09:56:41.8367173Z   • building        target=deb arch=x64 file=dist/electron-builder/DevBar-0.7.1-linux-x64.deb
2026-09-14T09:56:41.8383224Z   • electron uses desktopName as app_id / WM_CLASS for window association. Without it desktop environments may not link running windows to this .desktop entry. Set desktopName in package.json and linux.syncDesktopName: true to fix.  reason=desktopName is not set in package.json docs=https://www.electron.build/linux#window-association-desktopname--syncdesktopname
2026-09-14T09:56:42.0886400Z   • downloaded      label=fpm-1.17.0-ruby-3.4.3-linux-amd64.7z progress=100%
2026-09-14T09:57:33.4662392Z [linux] x64 done
2026-09-14T09:57:33.4663333Z   • electron-builder  version=26.16.1 os=6.17.0-1022-azure
2026-09-14T09:57:33.4665224Z   • publishing will be skipped  reason=current build is a part of pull request solution=set env PUBLISH_FOR_PULL_REQUEST to true to force code signing
2026-09-14T09:57:33.4666314Z There are serious security concerns with PUBLISH_FOR_PULL_REQUEST=true (see the  CircleCI documentation (https://circleci.com/docs/1.0/fork-pr-builds/) for details)
2026-09-14T09:57:33.4667540Z If you have SSH keys, sensitive env vars or AWS credentials stored in your project settings and untrusted forks can make pull requests against your repo, then this option isn't for you.
2026-09-14T09:57:33.4689229Z   • author is missed in the package.json  appPackageFile=/home/runner/work/devbar/devbar/package.json
2026-09-14T09:57:33.6688051Z   • executing @electron/rebuild  electronVersion=43.2.0 arch=arm64 buildFromSource=false workspaceRoot=/home/runner/work/devbar/devbar projectDir=./ appDir=./
2026-09-14T09:57:33.6689059Z   • installing native dependencies  arch=arm64
2026-09-14T09:57:33.7637117Z   • completed installing native dependencies
2026-09-14T09:57:33.7663026Z   • packaging       platform=linux arch=arm64 electron=43.2.0 appOutDir=dist/electron-builder/linux-arm64-unpacked
2026-09-14T09:57:33.9965852Z   • downloaded      label=electron progress=100%
2026-09-14T09:57:36.8738528Z   • downloaded electron zip extracted successfully  output=/home/runner/work/devbar/devbar/dist/electron-builder/linux-arm64-unpacked
2026-09-14T09:57:36.8907602Z   • searching for node modules  pm=pnpm searchDir=/home/runner/work/devbar/devbar
2026-09-14T09:57:37.8120181Z   • duplicate dependency references  dependencies=["type-fest@5.7.0"]
2026-09-14T09:57:38.6714938Z   • building        target=AppImage arch=arm64 file=dist/electron-builder/DevBar-0.7.1-linux-arm64.AppImage
2026-09-14T09:57:38.6720685Z   • electron uses desktopName as app_id / WM_CLASS for window association. Without it desktop environments may not link running windows to this .desktop entry. Set desktopName in package.json and linux.syncDesktopName: true to fix.  reason=desktopName is not set in package.json docs=https://www.electron.build/linux#window-association-desktopname--syncdesktopname
2026-09-14T09:57:46.4535572Z   • building embedded block map  file=dist/electron-builder/DevBar-0.7.1-linux-arm64.AppImage
2026-09-14T09:57:51.4504819Z   • building        target=deb arch=arm64 file=dist/electron-builder/DevBar-0.7.1-linux-arm64.deb
2026-09-14T09:57:51.4516871Z   • electron uses desktopName as app_id / WM_CLASS for window association. Without it desktop environments may not link running windows to this .desktop entry. Set desktopName in package.json and linux.syncDesktopName: true to fix.  reason=desktopName is not set in package.json docs=https://www.electron.build/linux#window-association-desktopname--syncdesktopname
2026-09-14T09:58:40.8661704Z [linux] arm64 done
2026-09-14T09:58:40.8668011Z   • electron-builder  version=26.16.1 os=6.17.0-1022-azure
2026-09-14T09:58:40.8672601Z   • publishing will be skipped  reason=current build is a part of pull request solution=set env PUBLISH_FOR_PULL_REQUEST to true to force code signing
2026-09-14T09:58:40.8674304Z There are serious security concerns with PUBLISH_FOR_PULL_REQUEST=true (see the  CircleCI documentation (https://circleci.com/docs/1.0/fork-pr-builds/) for details)
2026-09-14T09:58:40.8676065Z If you have SSH keys, sensitive env vars or AWS credentials stored in your project settings and untrusted forks can make pull requests against your repo, then this option isn't for you.
2026-09-14T09:58:40.8697348Z   • author is missed in the package.json  appPackageFile=/home/runner/work/devbar/devbar/package.json
2026-09-14T09:58:41.1043252Z   • executing @electron/rebuild  electronVersion=43.2.0 arch=armv7l buildFromSource=false workspaceRoot=/home/runner/work/devbar/devbar projectDir=./ appDir=./
2026-09-14T09:58:41.1044653Z   • installing native dependencies  arch=armv7l
2026-09-14T09:58:41.1974212Z   • completed installing native dependencies
2026-09-14T09:58:41.1996000Z   • packaging       platform=linux arch=armv7l electron=43.2.0 appOutDir=dist/electron-builder/linux-armv7l-unpacked
2026-09-14T09:58:41.3727957Z   • downloaded      label=electron progress=100%
2026-09-14T09:58:44.0650460Z   • downloaded electron zip extracted successfully  output=/home/runner/work/devbar/devbar/dist/electron-builder/linux-armv7l-unpacked
2026-09-14T09:58:44.0779389Z   • searching for node modules  pm=pnpm searchDir=/home/runner/work/devbar/devbar
2026-09-14T09:58:45.0618555Z   • duplicate dependency references  dependencies=["type-fest@5.7.0"]
2026-09-14T09:58:45.8816049Z   • building        target=AppImage arch=armv7l file=dist/electron-builder/DevBar-0.7.1-linux-armv7.AppImage
2026-09-14T09:58:45.8821263Z   • electron uses desktopName as app_id / WM_CLASS for window association. Without it desktop environments may not link running windows to this .desktop entry. Set desktopName in package.json and linux.syncDesktopName: true to fix.  reason=desktopName is not set in package.json docs=https://www.electron.build/linux#window-association-desktopname--syncdesktopname
2026-09-14T09:58:52.0333564Z   • building embedded block map  file=dist/electron-builder/DevBar-0.7.1-linux-armv7.AppImage
2026-09-14T09:58:56.9239142Z   • building        target=deb arch=armv7l file=dist/electron-builder/DevBar-0.7.1-linux-armv7.deb
2026-09-14T09:58:56.9251106Z   • electron uses desktopName as app_id / WM_CLASS for window association. Without it desktop environments may not link running windows to this .desktop entry. Set desktopName in package.json and linux.syncDesktopName: true to fix.  reason=desktopName is not set in package.json docs=https://www.electron.build/linux#window-association-desktopname--syncdesktopname
2026-09-14T09:59:39.4895075Z [linux] armv7 done
2026-09-14T09:59:39.7510395Z 
2026-09-14T09:59:39.7511375Z > devbar@0.7.1 verify:linux /home/runner/work/devbar/devbar
2026-09-14T09:59:39.7512397Z > pnpm run build && node build/scripts/verify-linux-release.js
2026-09-14T09:59:39.7512744Z 
2026-09-14T09:59:39.9560606Z 
2026-09-14T09:59:39.9561578Z > devbar@0.7.1 build /home/runner/work/devbar/devbar
2026-09-14T09:59:39.9562372Z > bash scripts/build.sh
2026-09-14T09:59:39.9562662Z 
2026-09-14T09:59:47.0110219Z 
2026-09-14T09:59:47.0111071Z   build/src/preload.cjs  8.9kb
2026-09-14T09:59:47.0111626Z 
2026-09-14T09:59:47.0112159Z ⚡ Done in 2ms
2026-09-14T09:59:47.0504332Z Verified 6 linux artifacts for v0.7.1 in /home/runner/work/devbar/devbar/dist/electron-builder
2026-09-14T09:59:47.0506068Z ok: DevBar-0.7.1-linux-x64.AppImage (AppImage magic)
2026-09-14T09:59:47.0506800Z ok: DevBar-0.7.1-linux-arm64.AppImage (AppImage magic)
2026-09-14T09:59:47.0507629Z ok: DevBar-0.7.1-linux-armv7.AppImage (AppImage magic)
2026-09-14T09:59:51.8531054Z DevBar-0.7.1-linux-x64.deb is missing its 256px icon
2026-09-14T09:59:51.8697018Z  ELIFECYCLE  Command failed with exit code 1.
2026-09-14T09:59:51.8851963Z ##[error]Process completed with exit code 1.
2026-09-14T09:59:51.8952284Z Post job cleanup.
2026-09-14T09:59:52.0113555Z Pruning is unnecessary.
2026-09-14T09:59:52.0243323Z Post job cleanup.
2026-09-14T09:59:52.1090820Z [command]/usr/bin/git version
2026-09-14T09:59:52.1110681Z git version 2.55.0
2026-09-14T09:59:52.1148287Z Temporarily overriding HOME='/home/runner/work/_temp/fb1f70da-52a0-40ea-b6ef-4387821611ca' before making global git config changes
2026-09-14T09:59:52.1149517Z Adding repository directory to the temporary git global config as a safe directory
2026-09-14T09:59:52.1150836Z [command]/usr/bin/git config --global --add safe.directory /home/runner/work/devbar/devbar
2026-09-14T09:59:52.1190702Z Removing SSH command configuration
2026-09-14T09:59:52.1192030Z [command]/usr/bin/git config --local --name-only --get-regexp core\.sshCommand
2026-09-14T09:59:52.1231937Z [command]/usr/bin/git submodule foreach --recursive sh -c "git config --local --name-only --get-regexp 'core\.sshCommand' && git config --local --unset-all 'core.sshCommand' || :"
2026-09-14T09:59:52.1460708Z Removing HTTP extra header
2026-09-14T09:59:52.1467377Z [command]/usr/bin/git config --local --name-only --get-regexp http\.https\:\/\/github\.com\/\.extraheader
2026-09-14T09:59:52.1491312Z [command]/usr/bin/git submodule foreach --recursive sh -c "git config --local --name-only --get-regexp 'http\.https\:\/\/github\.com\/\.extraheader' && git config --local --unset-all 'http.https://github.com/.extraheader' || :"
2026-09-14T09:59:52.1666582Z Removing includeIf entries pointing to credentials config files
2026-09-14T09:59:52.1675275Z [command]/usr/bin/git config --local --name-only --get-regexp ^includeIf\.gitdir:
2026-09-14T09:59:52.1696329Z [command]/usr/bin/git submodule foreach --recursive git config --local --show-origin --name-only --get-regexp remote.origin.url
2026-09-14T09:59:52.1985463Z Cleaning up orphan processes
