2026-09-14T08:58:31.3042115Z Current runner version: '2.337.0'
2026-09-14T08:58:31.3325395Z ##[group]Runner Image Provisioner
2026-09-14T08:58:31.3326319Z Hosted Compute Agent
2026-09-14T08:58:31.3326913Z Version: 20260828.587
2026-09-14T08:58:31.3327580Z Commit: abac92662cab4cc7352de4f9f9d2e2419aad9c29
2026-09-14T08:58:31.3328356Z Build Date: 2026-08-28T16:44:25Z
2026-09-14T08:58:31.3329052Z Worker ID: {322691d3-2ef0-4bb0-9522-70cc4ef69fea}
2026-09-14T08:58:31.3330298Z Azure Region: eastus
2026-09-14T08:58:31.3330881Z ##[endgroup]
2026-09-14T08:58:31.3332499Z ##[group]Operating System
2026-09-14T08:58:31.3333264Z Microsoft Windows Server 2025
2026-09-14T08:58:31.3333917Z 10.0.26100
2026-09-14T08:58:31.3334422Z Datacenter
2026-09-14T08:58:31.3334934Z ##[endgroup]
2026-09-14T08:58:31.3335418Z ##[group]Runner Image
2026-09-14T08:58:31.3335962Z Image: windows-2025-vs2026
2026-09-14T08:58:31.3336555Z Version: 20260907.229.1
2026-09-14T08:58:31.3338028Z Included Software: https://github.com/actions/runner-images/blob/win25-vs2026/20260907.229/images/windows/Windows2025-VS2026-Readme.md
2026-09-14T08:58:31.3339635Z Image Release: https://github.com/actions/runner-images/releases/tag/win25-vs2026%2F20260907.229
2026-09-14T08:58:31.3340591Z ##[endgroup]
2026-09-14T08:58:31.3341647Z ##[group]GITHUB_TOKEN Permissions
2026-09-14T08:58:31.3343731Z Contents: read
2026-09-14T08:58:31.3344292Z Metadata: read
2026-09-14T08:58:31.3344795Z ##[endgroup]
2026-09-14T08:58:31.3346968Z Secret source: Actions
2026-09-14T08:58:31.3347855Z Cache mode: write
2026-09-14T08:58:31.3348579Z Prepare workflow directory
2026-09-14T08:58:31.4584445Z Prepare all required actions
2026-09-14T08:58:31.4636012Z Getting action download info
2026-09-14T08:58:31.6506218Z Download action repository 'actions/checkout@3d3c42e5aac5ba805825da76410c181273ba90b1' (SHA:3d3c42e5aac5ba805825da76410c181273ba90b1)
2026-09-14T08:58:31.8421881Z Download action repository 'pnpm/action-setup@0977fd99725f1db4007ccb2928dbb4e90d06cc86' (SHA:0977fd99725f1db4007ccb2928dbb4e90d06cc86)
2026-09-14T08:58:32.0254371Z Download action repository 'actions/setup-node@820762786026740c76f36085b0efc47a31fe5020' (SHA:820762786026740c76f36085b0efc47a31fe5020)
2026-09-14T08:58:32.2755276Z Download action repository 'actions/cache@55cc8345863c7cc4c66a329aec7e433d2d1c52a9' (SHA:55cc8345863c7cc4c66a329aec7e433d2d1c52a9)
2026-09-14T08:58:32.5458880Z Download action repository 'actions/upload-artifact@043fb46d1a93c77aae656e7c1c64a875d1fc6a0a' (SHA:043fb46d1a93c77aae656e7c1c64a875d1fc6a0a)
2026-09-14T08:58:33.3473677Z Complete job name: Windows release dry run
2026-09-14T08:58:34.2795909Z ##[group]Run actions/checkout@3d3c42e5aac5ba805825da76410c181273ba90b1
2026-09-14T08:58:34.2798299Z with:
2026-09-14T08:58:34.2799341Z   persist-credentials: false
2026-09-14T08:58:34.2800795Z   repository: juanjoGonDev/devbar
2026-09-14T08:58:34.2810774Z   token: ***
2026-09-14T08:58:34.2811576Z   ssh-strict: true
2026-09-14T08:58:34.2812642Z   ssh-user: git
2026-09-14T08:58:34.2813565Z   clean: true
2026-09-14T08:58:34.2814456Z   sparse-checkout-cone-mode: true
2026-09-14T08:58:34.2815461Z   fetch-depth: 1
2026-09-14T08:58:34.2816288Z   fetch-tags: false
2026-09-14T08:58:34.2817150Z   show-progress: true
2026-09-14T08:58:34.2818017Z   lfs: false
2026-09-14T08:58:34.2818804Z   submodules: false
2026-09-14T08:58:34.2819656Z   set-safe-directory: true
2026-09-14T08:58:34.2820640Z   allow-unsafe-pr-checkout: false
2026-09-14T08:58:34.2822350Z ##[endgroup]
2026-09-14T08:58:34.5068529Z Syncing repository: juanjoGonDev/devbar
2026-09-14T08:58:34.5071560Z ##[group]Getting Git version info
2026-09-14T08:58:34.5072707Z Working directory is 'D:\a\devbar\devbar'
2026-09-14T08:58:34.5997724Z [command]"C:\Program Files\Git\bin\git.exe" version
2026-09-14T08:58:34.9530615Z git version 2.55.0.windows.5
2026-09-14T08:58:34.9575853Z ##[endgroup]
2026-09-14T08:58:34.9619151Z Temporarily overriding HOME='D:\a\_temp\61cd7c98-4bcb-462b-8138-46aad18a8759' before making global git config changes
2026-09-14T08:58:34.9779220Z Adding repository directory to the temporary git global config as a safe directory
2026-09-14T08:58:34.9781990Z [command]"C:\Program Files\Git\bin\git.exe" config --global --add safe.directory D:\a\devbar\devbar
2026-09-14T08:58:35.0236826Z Deleting the contents of 'D:\a\devbar\devbar'
2026-09-14T08:58:35.0242449Z ##[group]Determining repository object format
2026-09-14T08:58:35.0244414Z ##[endgroup]
2026-09-14T08:58:35.0245821Z ##[group]Initializing the repository
2026-09-14T08:58:35.0253165Z [command]"C:\Program Files\Git\bin\git.exe" init D:\a\devbar\devbar
2026-09-14T08:58:35.1054036Z Initialized empty Git repository in D:/a/devbar/devbar/.git/
2026-09-14T08:58:35.1096754Z [command]"C:\Program Files\Git\bin\git.exe" remote add origin https://github.com/juanjoGonDev/devbar
2026-09-14T08:58:35.1722601Z ##[endgroup]
2026-09-14T08:58:35.1724809Z ##[group]Disabling automatic garbage collection
2026-09-14T08:58:35.1733444Z [command]"C:\Program Files\Git\bin\git.exe" config --local gc.auto 0
2026-09-14T08:58:35.2072412Z ##[endgroup]
2026-09-14T08:58:35.2074542Z ##[group]Setting up auth
2026-09-14T08:58:35.2076497Z Removing SSH command configuration
2026-09-14T08:58:35.2085975Z [command]"C:\Program Files\Git\bin\git.exe" config --local --name-only --get-regexp core\.sshCommand
2026-09-14T08:58:35.2539321Z [command]"C:\Program Files\Git\bin\git.exe" submodule foreach --recursive "sh -c \"git config --local --name-only --get-regexp 'core\.sshCommand' && git config --local --unset-all 'core.sshCommand' || :\""
2026-09-14T08:58:36.6708304Z Removing HTTP extra header
2026-09-14T08:58:36.6718441Z [command]"C:\Program Files\Git\bin\git.exe" config --local --name-only --get-regexp http\.https\:\/\/github\.com\/\.extraheader
2026-09-14T08:58:36.7009855Z [command]"C:\Program Files\Git\bin\git.exe" submodule foreach --recursive "sh -c \"git config --local --name-only --get-regexp 'http\.https\:\/\/github\.com\/\.extraheader' && git config --local --unset-all 'http.https://github.com/.extraheader' || :\""
2026-09-14T08:58:37.2607781Z Removing includeIf entries pointing to credentials config files
2026-09-14T08:58:37.2623001Z [command]"C:\Program Files\Git\bin\git.exe" config --local --name-only --get-regexp ^includeIf\.gitdir:
2026-09-14T08:58:37.2958154Z [command]"C:\Program Files\Git\bin\git.exe" submodule foreach --recursive "git config --local --show-origin --name-only --get-regexp remote.origin.url"
2026-09-14T08:58:37.8089627Z [command]"C:\Program Files\Git\bin\git.exe" config --file D:\a\_temp\git-credentials-02215808-8efa-4590-89fa-ad55b8e960af.config http.https://github.com/.extraheader "AUTHORIZATION: basic ***"
2026-09-14T08:58:37.8399003Z [command]"C:\Program Files\Git\bin\git.exe" config --local includeIf.gitdir:D:/a/devbar/devbar/.git.path D:\a\_temp\git-credentials-02215808-8efa-4590-89fa-ad55b8e960af.config
2026-09-14T08:58:37.8705930Z [command]"C:\Program Files\Git\bin\git.exe" config --local includeIf.gitdir:D:/a/devbar/devbar/.git/worktrees/*.path D:\a\_temp\git-credentials-02215808-8efa-4590-89fa-ad55b8e960af.config
2026-09-14T08:58:37.9052681Z [command]"C:\Program Files\Git\bin\git.exe" config --local includeIf.gitdir:/github/workspace/.git.path /github/runner_temp/git-credentials-02215808-8efa-4590-89fa-ad55b8e960af.config
2026-09-14T08:58:37.9373558Z [command]"C:\Program Files\Git\bin\git.exe" config --local includeIf.gitdir:/github/workspace/.git/worktrees/*.path /github/runner_temp/git-credentials-02215808-8efa-4590-89fa-ad55b8e960af.config
2026-09-14T08:58:37.9711669Z ##[endgroup]
2026-09-14T08:58:37.9712374Z ##[group]Fetching the repository
2026-09-14T08:58:37.9725385Z [command]"C:\Program Files\Git\bin\git.exe" -c protocol.version=2 fetch --no-tags --prune --no-recurse-submodules --depth=1 origin +a97b81eb914d55fefafeb84b56e525e402bfe8de:refs/remotes/pull/78/merge
2026-09-14T08:58:40.3520033Z From https://github.com/juanjoGonDev/devbar
2026-09-14T08:58:40.3521827Z  * [new ref]         a97b81eb914d55fefafeb84b56e525e402bfe8de -> pull/78/merge
2026-09-14T08:58:40.3567541Z ##[endgroup]
2026-09-14T08:58:40.3568145Z ##[group]Determining the checkout info
2026-09-14T08:58:40.3568861Z ##[endgroup]
2026-09-14T08:58:40.3579234Z [command]"C:\Program Files\Git\bin\git.exe" sparse-checkout disable
2026-09-14T08:58:40.4079608Z [command]"C:\Program Files\Git\bin\git.exe" config --local --unset-all extensions.worktreeConfig
2026-09-14T08:58:40.4390946Z ##[group]Checking out the ref
2026-09-14T08:58:40.4404603Z [command]"C:\Program Files\Git\bin\git.exe" checkout --progress --force refs/remotes/pull/78/merge
2026-09-14T08:58:40.5483933Z Note: switching to 'refs/remotes/pull/78/merge'.
2026-09-14T08:58:40.5484315Z 
2026-09-14T08:58:40.5484586Z You are in 'detached HEAD' state. You can look around, make experimental
2026-09-14T08:58:40.5485442Z changes and commit them, and you can discard any commits you make in this
2026-09-14T08:58:40.5486369Z state without impacting any branches by switching back to a branch.
2026-09-14T08:58:40.5486882Z 
2026-09-14T08:58:40.5487239Z If you want to create a new branch to retain commits you create, you may
2026-09-14T08:58:40.5488108Z do so (now or later) by using -c with the switch command. Example:
2026-09-14T08:58:40.5488676Z 
2026-09-14T08:58:40.5488903Z   git switch -c <new-branch-name>
2026-09-14T08:58:40.5489649Z 
2026-09-14T08:58:40.5489866Z Or undo this operation with:
2026-09-14T08:58:40.5490240Z 
2026-09-14T08:58:40.5490418Z   git switch -
2026-09-14T08:58:40.5490725Z 
2026-09-14T08:58:40.5492145Z Turn off this advice by setting config variable advice.detachedHead to false
2026-09-14T08:58:40.5492743Z 
2026-09-14T08:58:40.5493389Z HEAD is now at a97b81e Merge 07e99fe2e469f4e5155c71eb56144731b05d5c88 into 42a77c630288a92901d0127cde05e7e033cf4dda
2026-09-14T08:58:40.5634178Z ##[endgroup]
2026-09-14T08:58:40.6021228Z [command]"C:\Program Files\Git\bin\git.exe" log -1 --format=%H
2026-09-14T08:58:40.6292426Z a97b81eb914d55fefafeb84b56e525e402bfe8de
2026-09-14T08:58:40.6331258Z ##[group]Removing auth
2026-09-14T08:58:40.6331652Z Removing SSH command configuration
2026-09-14T08:58:40.6339169Z [command]"C:\Program Files\Git\bin\git.exe" config --local --name-only --get-regexp core\.sshCommand
2026-09-14T08:58:40.6632879Z [command]"C:\Program Files\Git\bin\git.exe" submodule foreach --recursive "sh -c \"git config --local --name-only --get-regexp 'core\.sshCommand' && git config --local --unset-all 'core.sshCommand' || :\""
2026-09-14T08:58:41.2014115Z Removing HTTP extra header
2026-09-14T08:58:41.2023449Z [command]"C:\Program Files\Git\bin\git.exe" config --local --name-only --get-regexp http\.https\:\/\/github\.com\/\.extraheader
2026-09-14T08:58:41.2344855Z [command]"C:\Program Files\Git\bin\git.exe" submodule foreach --recursive "sh -c \"git config --local --name-only --get-regexp 'http\.https\:\/\/github\.com\/\.extraheader' && git config --local --unset-all 'http.https://github.com/.extraheader' || :\""
2026-09-14T08:58:41.7738328Z Removing includeIf entries pointing to credentials config files
2026-09-14T08:58:41.7748192Z [command]"C:\Program Files\Git\bin\git.exe" config --local --name-only --get-regexp ^includeIf\.gitdir:
2026-09-14T08:58:41.8021506Z includeif.gitdir:D:/a/devbar/devbar/.git.path
2026-09-14T08:58:41.8022082Z includeif.gitdir:D:/a/devbar/devbar/.git/worktrees/*.path
2026-09-14T08:58:41.8022740Z includeif.gitdir:/github/workspace/.git.path
2026-09-14T08:58:41.8023215Z includeif.gitdir:/github/workspace/.git/worktrees/*.path
2026-09-14T08:58:41.8078133Z [command]"C:\Program Files\Git\bin\git.exe" config --local --get-all includeif.gitdir:D:/a/devbar/devbar/.git.path
2026-09-14T08:58:41.8377112Z D:\a\_temp\git-credentials-02215808-8efa-4590-89fa-ad55b8e960af.config
2026-09-14T08:58:41.8437343Z [command]"C:\Program Files\Git\bin\git.exe" config --local --unset includeif.gitdir:D:/a/devbar/devbar/.git.path D\:\\a\\_temp\\git\-credentials\-02215808\-8efa\-4590\-89fa\-ad55b8e960af\.config
2026-09-14T08:58:41.8770366Z [command]"C:\Program Files\Git\bin\git.exe" config --local --get-all includeif.gitdir:D:/a/devbar/devbar/.git/worktrees/*.path
2026-09-14T08:58:41.9038782Z D:\a\_temp\git-credentials-02215808-8efa-4590-89fa-ad55b8e960af.config
2026-09-14T08:58:41.9081250Z [command]"C:\Program Files\Git\bin\git.exe" config --local --unset includeif.gitdir:D:/a/devbar/devbar/.git/worktrees/*.path D\:\\a\\_temp\\git\-credentials\-02215808\-8efa\-4590\-89fa\-ad55b8e960af\.config
2026-09-14T08:58:41.9390234Z [command]"C:\Program Files\Git\bin\git.exe" config --local --get-all includeif.gitdir:/github/workspace/.git.path
2026-09-14T08:58:41.9658052Z /github/runner_temp/git-credentials-02215808-8efa-4590-89fa-ad55b8e960af.config
2026-09-14T08:58:41.9702044Z [command]"C:\Program Files\Git\bin\git.exe" config --local --unset includeif.gitdir:/github/workspace/.git.path \/github\/runner_temp\/git\-credentials\-02215808\-8efa\-4590\-89fa\-ad55b8e960af\.config
2026-09-14T08:58:42.0009660Z [command]"C:\Program Files\Git\bin\git.exe" config --local --get-all includeif.gitdir:/github/workspace/.git/worktrees/*.path
2026-09-14T08:58:42.0268340Z /github/runner_temp/git-credentials-02215808-8efa-4590-89fa-ad55b8e960af.config
2026-09-14T08:58:42.0317007Z [command]"C:\Program Files\Git\bin\git.exe" config --local --unset includeif.gitdir:/github/workspace/.git/worktrees/*.path \/github\/runner_temp\/git\-credentials\-02215808\-8efa\-4590\-89fa\-ad55b8e960af\.config
2026-09-14T08:58:42.0627350Z [command]"C:\Program Files\Git\bin\git.exe" submodule foreach --recursive "git config --local --show-origin --name-only --get-regexp remote.origin.url"
2026-09-14T08:58:42.6197918Z Removing credentials config 'D:\a\_temp\git-credentials-02215808-8efa-4590-89fa-ad55b8e960af.config'
2026-09-14T08:58:42.6210024Z ##[endgroup]
2026-09-14T08:58:42.6624253Z ##[group]Run pnpm/action-setup@0977fd99725f1db4007ccb2928dbb4e90d06cc86
2026-09-14T08:58:42.6624817Z with:
2026-09-14T08:58:42.6625002Z   dest: ~/setup-pnpm
2026-09-14T08:58:42.6625408Z   run_install: null
2026-09-14T08:58:42.6625591Z   cache: false
2026-09-14T08:58:42.6625804Z   cache_dependency_path: pnpm-lock.yaml
2026-09-14T08:58:42.6626079Z   package_json_file: package.json
2026-09-14T08:58:42.6626315Z   standalone: false
2026-09-14T08:58:42.6626499Z ##[endgroup]
2026-09-14T08:58:42.8502153Z ##[group]Running self-installer...
2026-09-14T08:58:42.8592620Z (node:6184) [DEP0190] DeprecationWarning: Passing args to a child process with shell option true can lead to security vulnerabilities, as the arguments are not escaped, only concatenated.
2026-09-14T08:58:42.8594803Z (Use `node --trace-deprecation ...` to show where the warning was created)
2026-09-14T08:58:58.5918254Z 
2026-09-14T08:58:58.5918664Z added 1 package, and audited 2 packages in 12s
2026-09-14T08:58:58.5919134Z 
2026-09-14T08:58:58.5920167Z 1 package is looking for funding
2026-09-14T08:58:58.5920777Z   run `npm fund` for details
2026-09-14T08:58:58.5933673Z 
2026-09-14T08:58:58.5933856Z found 0 vulnerabilities
2026-09-14T08:59:01.0341617Z Checking for updates...
2026-09-14T08:59:01.1787662Z Switching pnpm from v11.19.0 to v10.32.1...
2026-09-14T08:59:01.6605101Z .../1ae8-1a09f2425fc-811510a9d44cc5df    | Progress: resolved 1, reused 0, downloaded 0, added 0
2026-09-14T08:59:01.6624318Z .../1ae8-1a09f2425fc-811510a9d44cc5df    |   +1 +
2026-09-14T08:59:02.8444131Z .../1ae8-1a09f2425fc-811510a9d44cc5df    | Progress: resolved 1, reused 0, downloaded 1, added 0
2026-09-14T08:59:04.6506760Z .../1ae8-1a09f2425fc-811510a9d44cc5df    | Progress: resolved 1, reused 0, downloaded 1, added 1
2026-09-14T08:59:04.6510773Z .../1ae8-1a09f2425fc-811510a9d44cc5df    | Progress: resolved 1, reused 0, downloaded 1, added 1, done
2026-09-14T08:59:05.5752766Z [WARN] Detected a pnpm v10 installation layout at PNPM_HOME. The pnpm shims at PNPM_HOME have been refreshed so the new version is active, but pnpm v11 expects bins in PNPM_HOME/bin. Run "pnpm setup" to migrate your PATH to the v11 layout.
2026-09-14T08:59:05.5783809Z Successfully updated pnpm to v10.32.1
2026-09-14T08:59:05.6807672Z ##[endgroup]
2026-09-14T08:59:05.6808479Z Installation Completed!
2026-09-14T08:59:05.7211779Z ##[group]Run actions/setup-node@820762786026740c76f36085b0efc47a31fe5020
2026-09-14T08:59:05.7212588Z with:
2026-09-14T08:59:05.7212769Z   node-version: 22
2026-09-14T08:59:05.7212958Z   cache: pnpm
2026-09-14T08:59:05.7213165Z   check-latest: false
2026-09-14T08:59:05.7216226Z   token: ***
2026-09-14T08:59:05.7216441Z   package-manager-cache: true
2026-09-14T08:59:05.7216682Z env:
2026-09-14T08:59:05.7216948Z   PNPM_HOME: C:\Users\runneradmin\setup-pnpm\node_modules\.bin
2026-09-14T08:59:05.7217300Z ##[endgroup]
2026-09-14T08:59:05.8935359Z Found in cache @ C:\hostedtoolcache\windows\node\22.23.2\x64
2026-09-14T08:59:05.8940899Z ##[group]Environment details
2026-09-14T08:59:11.6211119Z node: v22.23.2
2026-09-14T08:59:11.6211509Z npm: 10.9.8
2026-09-14T08:59:11.6211771Z yarn: 1.22.22
2026-09-14T08:59:11.6212390Z ##[endgroup]
2026-09-14T08:59:11.7348362Z [command]C:\Windows\system32\cmd.exe /D /S /C "C:\Users\runneradmin\setup-pnpm\node_modules\.bin\bin\pnpm.CMD store path --silent"
2026-09-14T08:59:12.4849707Z D:\.pnpm-store\v10
2026-09-14T08:59:12.7055721Z pnpm cache is not found
2026-09-14T08:59:12.8687237Z ##[group]Run actions/cache@55cc8345863c7cc4c66a329aec7e433d2d1c52a9
2026-09-14T08:59:12.8687738Z with:
2026-09-14T08:59:12.8688167Z   path: %LOCALAPPDATA%\electron\Cache
%LOCALAPPDATA%\electron-builder\Cache

2026-09-14T08:59:12.8689132Z   key: windows-release-validation-bd7ccba579594a20f024796e585806d4af44b8ef510a056ddb8577e0e08c82b5
2026-09-14T08:59:12.8689816Z   enableCrossOsArchive: false
2026-09-14T08:59:12.8690109Z   fail-on-cache-miss: false
2026-09-14T08:59:12.8690375Z   lookup-only: false
2026-09-14T08:59:12.8690611Z   save-always: false
2026-09-14T08:59:12.8690827Z env:
2026-09-14T08:59:12.8691125Z   PNPM_HOME: C:\Users\runneradmin\setup-pnpm\node_modules\.bin
2026-09-14T08:59:12.8691531Z ##[endgroup]
2026-09-14T08:59:13.2107445Z Cache not found for input keys: windows-release-validation-bd7ccba579594a20f024796e585806d4af44b8ef510a056ddb8577e0e08c82b5
2026-09-14T08:59:13.2746430Z ##[group]Run pnpm install --frozen-lockfile
2026-09-14T08:59:13.2746960Z [36;1mpnpm install --frozen-lockfile[0m
2026-09-14T08:59:13.4654756Z shell: C:\Program Files\PowerShell\7\pwsh.EXE -command ". '{0}'"
2026-09-14T08:59:13.4655146Z env:
2026-09-14T08:59:13.4655428Z   PNPM_HOME: C:\Users\runneradmin\setup-pnpm\node_modules\.bin
2026-09-14T08:59:13.4655781Z ##[endgroup]
2026-09-14T08:59:14.6164039Z Lockfile is up to date, resolution step is skipped
2026-09-14T08:59:14.8291962Z Packages: +481
2026-09-14T08:59:14.8294838Z ++++++++++++++++++++++++++++++++++++++++++++++++++++++++++++++++++++++++++++++++
2026-09-14T08:59:15.1656189Z Progress: resolved 0, reused 0, downloaded 1, added 0
2026-09-14T08:59:16.1664323Z Progress: resolved 0, reused 0, downloaded 61, added 14
2026-09-14T08:59:17.1667215Z Progress: resolved 0, reused 0, downloaded 139, added 38
2026-09-14T08:59:18.1663603Z Progress: resolved 0, reused 0, downloaded 231, added 69
2026-09-14T08:59:19.1725905Z Progress: resolved 0, reused 0, downloaded 364, added 116
2026-09-14T08:59:20.1729487Z Progress: resolved 0, reused 0, downloaded 464, added 182
2026-09-14T08:59:21.1445345Z Progress: resolved 0, reused 0, downloaded 465, added 481, done
2026-09-14T08:59:21.1613470Z node_modules/lefthook postinstall$ node postinstall.js
2026-09-14T08:59:21.2334972Z node_modules/lefthook postinstall: Done
2026-09-14T08:59:21.4335397Z 
2026-09-14T08:59:21.5813478Z 
2026-09-14T08:59:21.6996218Z > devbar@0.7.1 postinstall D:\a\devbar\devbar
2026-09-14T08:59:21.6997431Z > node --experimental-strip-types scripts/install-hooks.ts
2026-09-14T08:59:21.6997916Z 
2026-09-14T08:59:21.6998510Z ╭ Warning ─────────────────────────────────────────────────────────────────────╮
2026-09-14T08:59:21.6999129Z │                                                                              │
2026-09-14T08:59:21.7000266Z │   Ignored build scripts: electron-winstaller@5.4.0, esbuild@0.28.2.          │
2026-09-14T08:59:21.7002124Z │   Run "pnpm approve-builds" to pick which dependencies should be allowed     │
2026-09-14T08:59:21.7002806Z │   to run scripts.                                                            │
2026-09-14T08:59:21.7003736Z │                                                                              │
2026-09-14T08:59:21.7004542Z ╰──────────────────────────────────────────────────────────────────────────────╯
2026-09-14T08:59:21.7114211Z Done in 7.5s using pnpm v10.32.1
2026-09-14T08:59:21.8818762Z ##[group]Run pnpm run dist:win && pnpm run verify:win
2026-09-14T08:59:21.8819223Z [36;1mpnpm run dist:win && pnpm run verify:win[0m
2026-09-14T08:59:21.8841344Z shell: C:\Program Files\Git\bin\bash.EXE --noprofile --norc -e -o pipefail {0}
2026-09-14T08:59:21.8841740Z env:
2026-09-14T08:59:21.8842004Z   PNPM_HOME: C:\Users\runneradmin\setup-pnpm\node_modules\.bin
2026-09-14T08:59:21.8842322Z ##[endgroup]
2026-09-14T08:59:22.8878942Z 
2026-09-14T08:59:22.8879740Z > devbar@0.7.1 dist:win D:\a\devbar\devbar
2026-09-14T08:59:22.8880961Z > pnpm run build && node --experimental-strip-types scripts/package-win-linux.ts win
2026-09-14T08:59:22.8881735Z 
2026-09-14T08:59:23.3194735Z 
2026-09-14T08:59:23.3195378Z > devbar@0.7.1 build D:\a\devbar\devbar
2026-09-14T08:59:23.3196108Z > bash scripts/build.sh
2026-09-14T08:59:23.3196358Z 
2026-09-14T08:59:35.2476963Z 
2026-09-14T08:59:35.2478706Z   build\src\preload.cjs  8.9kb
2026-09-14T08:59:35.2479065Z 
2026-09-14T08:59:35.2479292Z Done in 6ms
2026-09-14T08:59:36.1647416Z   • electron-builder  version=26.16.1 os=10.0.26100
2026-09-14T08:59:36.1654795Z   • publishing will be skipped  reason=current build is a part of pull request solution=set env PUBLISH_FOR_PULL_REQUEST to true to force code signing
2026-09-14T08:59:36.1656472Z There are serious security concerns with PUBLISH_FOR_PULL_REQUEST=true (see the  CircleCI documentation (https://circleci.com/docs/1.0/fork-pr-builds/) for details)
2026-09-14T08:59:36.1658209Z If you have SSH keys, sensitive env vars or AWS credentials stored in your project settings and untrusted forks can make pull requests against your repo, then this option isn't for you.
2026-09-14T08:59:36.1782499Z   • author is missed in the package.json  appPackageFile=D:\a\devbar\devbar\package.json
2026-09-14T08:59:37.3236564Z   • executing @electron/rebuild  electronVersion=43.2.0 arch=x64 buildFromSource=false workspaceRoot=D:\a\devbar\devbar projectDir=./ appDir=./
2026-09-14T08:59:37.3238083Z   • installing native dependencies  arch=x64
2026-09-14T08:59:37.6026616Z   • completed installing native dependencies
2026-09-14T08:59:37.6090631Z   • packaging       platform=win32 arch=x64 electron=43.2.0 appOutDir=dist\electron-builder\win-unpacked
2026-09-14T08:59:37.7335492Z   • downloaded      label=electron progress=100%
2026-09-14T08:59:42.7350977Z   • downloaded electron zip extracted successfully  output=D:\a\devbar\devbar\dist\electron-builder\win-unpacked
2026-09-14T08:59:42.7744616Z   • searching for node modules  pm=pnpm searchDir=D:\a\devbar\devbar
2026-09-14T08:59:47.4579389Z   • duplicate dependency references  dependencies=["type-fest@5.7.0"]
2026-09-14T08:59:49.3384198Z   • updating asar integrity executable resource  executablePath=dist\electron-builder\win-unpacked\DevBar.exe
2026-09-14T08:59:49.6681742Z   • no code signing certificate configured, signing is skipped  path=dist\electron-builder\win-unpacked\DevBar.exe
2026-09-14T08:59:49.6699102Z   • building        target=nsis file=dist\electron-builder\DevBar-0.7.1-win-x64-setup.exe archs=x64 oneClick=true perMachine=false
2026-09-14T08:59:49.7185914Z   • downloaded      label=7zip-win-x64.tar.gz progress=100%
2026-09-14T09:00:28.1704148Z   • downloaded      label=nsis-3.0.4.1.7z progress=100%
2026-09-14T09:00:29.7160306Z   • no code signing certificate configured, signing is skipped  path=C:\Users\RUNNER~1\AppData\Local\Temp\t-bNYd3S\elevate-staging-3\resources\elevate.exe
2026-09-14T09:00:30.1368710Z   • downloaded      label=nsis-resources-3.4.1.7z progress=100%
2026-09-14T09:00:31.3770229Z   • no code signing certificate configured, signing is skipped  path=dist\electron-builder\DevBar-0.7.1-win-x64-setup.__uninstaller.exe
2026-09-14T09:00:32.6458476Z   • no code signing certificate configured, signing is skipped  path=dist\electron-builder\DevBar-0.7.1-win-x64-setup.exe
2026-09-14T09:00:32.6461606Z   • building block map  blockMapFile=dist\electron-builder\DevBar-0.7.1-win-x64-setup.exe.blockmap
2026-09-14T09:00:37.9690563Z   • building        target=portable file=dist\electron-builder\DevBar-0.7.1-win-x64-portable.exe archs=x64
2026-09-14T09:00:38.6812802Z   • no code signing certificate configured, signing is skipped  path=dist\electron-builder\DevBar-0.7.1-win-x64-portable.exe
2026-09-14T09:00:38.6965793Z [win] x64 done
2026-09-14T09:00:38.6976076Z   • electron-builder  version=26.16.1 os=10.0.26100
2026-09-14T09:00:38.6982358Z   • publishing will be skipped  reason=current build is a part of pull request solution=set env PUBLISH_FOR_PULL_REQUEST to true to force code signing
2026-09-14T09:00:38.6983738Z There are serious security concerns with PUBLISH_FOR_PULL_REQUEST=true (see the  CircleCI documentation (https://circleci.com/docs/1.0/fork-pr-builds/) for details)
2026-09-14T09:00:38.6985155Z If you have SSH keys, sensitive env vars or AWS credentials stored in your project settings and untrusted forks can make pull requests against your repo, then this option isn't for you.
2026-09-14T09:00:38.7028728Z   • author is missed in the package.json  appPackageFile=D:\a\devbar\devbar\package.json
2026-09-14T09:00:39.1512462Z   • executing @electron/rebuild  electronVersion=43.2.0 arch=arm64 buildFromSource=false workspaceRoot=D:\a\devbar\devbar projectDir=./ appDir=./
2026-09-14T09:00:39.1513394Z   • installing native dependencies  arch=arm64
2026-09-14T09:00:39.4311992Z   • completed installing native dependencies
2026-09-14T09:00:39.4383178Z   • packaging       platform=win32 arch=arm64 electron=43.2.0 appOutDir=dist\electron-builder\win-arm64-unpacked
2026-09-14T09:00:39.5119905Z   • downloaded      label=electron progress=100%
2026-09-14T09:00:44.2743171Z   • downloaded electron zip extracted successfully  output=D:\a\devbar\devbar\dist\electron-builder\win-arm64-unpacked
2026-09-14T09:00:44.3052130Z   • searching for node modules  pm=pnpm searchDir=D:\a\devbar\devbar
2026-09-14T09:00:46.9054767Z   • duplicate dependency references  dependencies=["type-fest@5.7.0"]
2026-09-14T09:00:48.8159146Z   • updating asar integrity executable resource  executablePath=dist\electron-builder\win-arm64-unpacked\DevBar.exe
2026-09-14T09:00:49.1170366Z   • no code signing certificate configured, signing is skipped  path=dist\electron-builder\win-arm64-unpacked\DevBar.exe
2026-09-14T09:00:49.1183077Z   • building        target=nsis file=dist\electron-builder\DevBar-0.7.1-win-arm64-setup.exe archs=arm64 oneClick=true perMachine=false
2026-09-14T09:01:28.1281390Z   • no code signing certificate configured, signing is skipped  path=C:\Users\RUNNER~1\AppData\Local\Temp\t-Ln6NHd\elevate-staging-9\resources\elevate.exe
2026-09-14T09:01:29.0917769Z   • no code signing certificate configured, signing is skipped  path=dist\electron-builder\DevBar-0.7.1-win-arm64-setup.__uninstaller.exe
2026-09-14T09:01:30.4480403Z   • no code signing certificate configured, signing is skipped  path=dist\electron-builder\DevBar-0.7.1-win-arm64-setup.exe
2026-09-14T09:01:30.4483005Z   • building block map  blockMapFile=dist\electron-builder\DevBar-0.7.1-win-arm64-setup.exe.blockmap
2026-09-14T09:01:35.8747893Z   • building        target=portable file=dist\electron-builder\DevBar-0.7.1-win-arm64-portable.exe archs=arm64
2026-09-14T09:01:36.5103826Z   • no code signing certificate configured, signing is skipped  path=dist\electron-builder\DevBar-0.7.1-win-arm64-portable.exe
2026-09-14T09:01:36.5223415Z [win] arm64 done
2026-09-14T09:01:37.1533655Z 
2026-09-14T09:01:37.1534363Z > devbar@0.7.1 verify:win D:\a\devbar\devbar
2026-09-14T09:01:37.1535746Z > pnpm run build && node build/scripts/verify-win-release.js
2026-09-14T09:01:37.1536273Z 
2026-09-14T09:01:37.5406049Z 
2026-09-14T09:01:37.5406719Z > devbar@0.7.1 build D:\a\devbar\devbar
2026-09-14T09:01:37.5407198Z > bash scripts/build.sh
2026-09-14T09:01:37.5407439Z 
2026-09-14T09:01:48.5207981Z 
2026-09-14T09:01:48.5208885Z   build\src\preload.cjs  8.9kb
2026-09-14T09:01:48.5209196Z 
2026-09-14T09:01:48.5209335Z Done in 4ms
2026-09-14T09:01:48.6729110Z DevBar-0.7.1-win-x64-setup.exe is missing or empty: D:\a\devbar\devbar\build\dist\electron-builder\DevBar-0.7.1-win-x64-setup.exe
2026-09-14T09:01:48.6943146Z  ELIFECYCLE  Command failed with exit code 1.
2026-09-14T09:01:48.7171079Z ##[error]Process completed with exit code 1.
2026-09-14T09:01:48.7444167Z Post job cleanup.
2026-09-14T09:01:48.9277588Z Pruning is unnecessary.
2026-09-14T09:01:48.9709866Z Post job cleanup.
2026-09-14T09:01:49.1887760Z [command]"C:\Program Files\Git\bin\git.exe" version
2026-09-14T09:01:49.2159405Z git version 2.55.0.windows.5
2026-09-14T09:01:49.2223191Z Temporarily overriding HOME='D:\a\_temp\34a2df08-fdb1-48e4-b55a-b845211545ac' before making global git config changes
2026-09-14T09:01:49.2224389Z Adding repository directory to the temporary git global config as a safe directory
2026-09-14T09:01:49.2234058Z [command]"C:\Program Files\Git\bin\git.exe" config --global --add safe.directory D:\a\devbar\devbar
2026-09-14T09:01:49.2534816Z Removing SSH command configuration
2026-09-14T09:01:49.2544916Z [command]"C:\Program Files\Git\bin\git.exe" config --local --name-only --get-regexp core\.sshCommand
2026-09-14T09:01:49.2879354Z [command]"C:\Program Files\Git\bin\git.exe" submodule foreach --recursive "sh -c \"git config --local --name-only --get-regexp 'core\.sshCommand' && git config --local --unset-all 'core.sshCommand' || :\""
2026-09-14T09:01:49.8600959Z Removing HTTP extra header
2026-09-14T09:01:49.8612419Z [command]"C:\Program Files\Git\bin\git.exe" config --local --name-only --get-regexp http\.https\:\/\/github\.com\/\.extraheader
2026-09-14T09:01:49.8912311Z [command]"C:\Program Files\Git\bin\git.exe" submodule foreach --recursive "sh -c \"git config --local --name-only --get-regexp 'http\.https\:\/\/github\.com\/\.extraheader' && git config --local --unset-all 'http.https://github.com/.extraheader' || :\""
2026-09-14T09:01:50.4160217Z Removing includeIf entries pointing to credentials config files
2026-09-14T09:01:50.4176841Z [command]"C:\Program Files\Git\bin\git.exe" config --local --name-only --get-regexp ^includeIf\.gitdir:
2026-09-14T09:01:50.4467185Z [command]"C:\Program Files\Git\bin\git.exe" submodule foreach --recursive "git config --local --show-origin --name-only --get-regexp remote.origin.url"
2026-09-14T09:01:51.0075115Z Cleaning up orphan processes
