2026-09-14T09:42:42.1675483Z Current runner version: '2.337.0'
2026-09-14T09:42:42.1702992Z ##[group]Runner Image Provisioner
2026-09-14T09:42:42.1703956Z Hosted Compute Agent
2026-09-14T09:42:42.1704539Z Version: 20260828.587
2026-09-14T09:42:42.1705275Z Commit: abac92662cab4cc7352de4f9f9d2e2419aad9c29
2026-09-14T09:42:42.1706014Z Build Date: 2026-08-28T16:44:25Z
2026-09-14T09:42:42.1707032Z Worker ID: {b78b49df-5cef-4d95-a678-c2c0374d9c7f}
2026-09-14T09:42:42.1707876Z Azure Region: westus
2026-09-14T09:42:42.1708511Z ##[endgroup]
2026-09-14T09:42:42.1710178Z ##[group]Operating System
2026-09-14T09:42:42.1710814Z Ubuntu
2026-09-14T09:42:42.1711307Z 24.04.5
2026-09-14T09:42:42.1712065Z LTS
2026-09-14T09:42:42.1712575Z ##[endgroup]
2026-09-14T09:42:42.1713204Z ##[group]Runner Image
2026-09-14T09:42:42.1713821Z Image: ubuntu-24.04
2026-09-14T09:42:42.1714384Z Version: 20260907.300.1
2026-09-14T09:42:42.1715756Z Included Software: https://github.com/actions/runner-images/blob/ubuntu24/20260907.300/images/ubuntu/Ubuntu2404-Readme.md
2026-09-14T09:42:42.1717613Z Image Release: https://github.com/actions/runner-images/releases/tag/ubuntu24%2F20260907.300
2026-09-14T09:42:42.1718598Z ##[endgroup]
2026-09-14T09:42:42.1719777Z ##[group]GITHUB_TOKEN Permissions
2026-09-14T09:42:42.1721774Z Contents: read
2026-09-14T09:42:42.1722388Z Metadata: read
2026-09-14T09:42:42.1723116Z ##[endgroup]
2026-09-14T09:42:42.1725440Z Secret source: Actions
2026-09-14T09:42:42.1727034Z Cache mode: write
2026-09-14T09:42:42.1727818Z Prepare workflow directory
2026-09-14T09:42:42.2086205Z Prepare all required actions
2026-09-14T09:42:42.2139784Z Getting action download info
2026-09-14T09:42:42.6000281Z Download action repository 'actions/checkout@3d3c42e5aac5ba805825da76410c181273ba90b1' (SHA:3d3c42e5aac5ba805825da76410c181273ba90b1)
2026-09-14T09:42:42.7342389Z Download action repository 'pnpm/action-setup@0977fd99725f1db4007ccb2928dbb4e90d06cc86' (SHA:0977fd99725f1db4007ccb2928dbb4e90d06cc86)
2026-09-14T09:42:43.0735291Z Download action repository 'actions/setup-node@820762786026740c76f36085b0efc47a31fe5020' (SHA:820762786026740c76f36085b0efc47a31fe5020)
2026-09-14T09:42:43.1996004Z Download action repository 'actions/cache@55cc8345863c7cc4c66a329aec7e433d2d1c52a9' (SHA:55cc8345863c7cc4c66a329aec7e433d2d1c52a9)
2026-09-14T09:42:43.3133131Z Download action repository 'actions/upload-artifact@043fb46d1a93c77aae656e7c1c64a875d1fc6a0a' (SHA:043fb46d1a93c77aae656e7c1c64a875d1fc6a0a)
2026-09-14T09:42:43.5384746Z Complete job name: Build, verify & launch smoke — linux
2026-09-14T09:42:43.6449989Z ##[group]Run actions/checkout@3d3c42e5aac5ba805825da76410c181273ba90b1
2026-09-14T09:42:43.6451460Z with:
2026-09-14T09:42:43.6452001Z   persist-credentials: false
2026-09-14T09:42:43.6452698Z   repository: juanjoGonDev/devbar
2026-09-14T09:42:43.6460888Z   token: ***
2026-09-14T09:42:43.6461409Z   ssh-strict: true
2026-09-14T09:42:43.6461943Z   ssh-user: git
2026-09-14T09:42:43.6462456Z   clean: true
2026-09-14T09:42:43.6463015Z   sparse-checkout-cone-mode: true
2026-09-14T09:42:43.6463751Z   fetch-depth: 1
2026-09-14T09:42:43.6464276Z   fetch-tags: false
2026-09-14T09:42:43.6464823Z   show-progress: true
2026-09-14T09:42:43.6465393Z   lfs: false
2026-09-14T09:42:43.6465906Z   submodules: false
2026-09-14T09:42:43.6466621Z   set-safe-directory: true
2026-09-14T09:42:43.6467297Z   allow-unsafe-pr-checkout: false
2026-09-14T09:42:43.6468299Z ##[endgroup]
2026-09-14T09:42:43.7540892Z Syncing repository: juanjoGonDev/devbar
2026-09-14T09:42:43.7544378Z ##[group]Getting Git version info
2026-09-14T09:42:43.7545915Z Working directory is '/home/runner/work/devbar/devbar'
2026-09-14T09:42:43.7548439Z [command]/usr/bin/git version
2026-09-14T09:42:43.7619993Z git version 2.55.0
2026-09-14T09:42:43.7650131Z ##[endgroup]
2026-09-14T09:42:43.7662286Z Temporarily overriding HOME='/home/runner/work/_temp/2541e6e5-b380-45b6-9e3a-89cf29c8e2f6' before making global git config changes
2026-09-14T09:42:43.7666584Z Adding repository directory to the temporary git global config as a safe directory
2026-09-14T09:42:43.7671110Z [command]/usr/bin/git config --global --add safe.directory /home/runner/work/devbar/devbar
2026-09-14T09:42:43.7741630Z Deleting the contents of '/home/runner/work/devbar/devbar'
2026-09-14T09:42:43.7746726Z ##[group]Determining repository object format
2026-09-14T09:42:43.7749075Z ##[endgroup]
2026-09-14T09:42:43.7750702Z ##[group]Initializing the repository
2026-09-14T09:42:43.7754747Z [command]/usr/bin/git init /home/runner/work/devbar/devbar
2026-09-14T09:42:43.7929391Z hint: Using 'master' as the name for the initial branch. This default branch name
2026-09-14T09:42:43.7933227Z hint: will change to "main" in Git 3.0. To configure the initial branch name
2026-09-14T09:42:43.7936812Z hint: to use in all of your new repositories, which will suppress this warning,
2026-09-14T09:42:43.7939706Z hint: call:
2026-09-14T09:42:43.7941408Z hint:
2026-09-14T09:42:43.7943071Z hint: 	git config --global init.defaultBranch <name>
2026-09-14T09:42:43.7945088Z hint:
2026-09-14T09:42:43.7947181Z hint: Names commonly chosen instead of 'master' are 'main', 'trunk' and
2026-09-14T09:42:43.7950276Z hint: 'development'. The just-created branch can be renamed via this command:
2026-09-14T09:42:43.7952161Z hint:
2026-09-14T09:42:43.7952958Z hint: 	git branch -m <name>
2026-09-14T09:42:43.7953969Z hint:
2026-09-14T09:42:43.7955425Z hint: Disable this message with "git config set advice.defaultBranchName false"
2026-09-14T09:42:43.7958406Z Initialized empty Git repository in /home/runner/work/devbar/devbar/.git/
2026-09-14T09:42:43.7962586Z [command]/usr/bin/git remote add origin https://github.com/juanjoGonDev/devbar
2026-09-14T09:42:43.8002836Z ##[endgroup]
2026-09-14T09:42:43.8004548Z ##[group]Disabling automatic garbage collection
2026-09-14T09:42:43.8007736Z [command]/usr/bin/git config --local gc.auto 0
2026-09-14T09:42:43.8050227Z ##[endgroup]
2026-09-14T09:42:43.8052375Z ##[group]Setting up auth
2026-09-14T09:42:43.8058302Z Removing SSH command configuration
2026-09-14T09:42:43.8060959Z [command]/usr/bin/git config --local --name-only --get-regexp core\.sshCommand
2026-09-14T09:42:43.8102789Z [command]/usr/bin/git submodule foreach --recursive sh -c "git config --local --name-only --get-regexp 'core\.sshCommand' && git config --local --unset-all 'core.sshCommand' || :"
2026-09-14T09:42:43.8532128Z Removing HTTP extra header
2026-09-14T09:42:43.8537573Z [command]/usr/bin/git config --local --name-only --get-regexp http\.https\:\/\/github\.com\/\.extraheader
2026-09-14T09:42:43.8578080Z [command]/usr/bin/git submodule foreach --recursive sh -c "git config --local --name-only --get-regexp 'http\.https\:\/\/github\.com\/\.extraheader' && git config --local --unset-all 'http.https://github.com/.extraheader' || :"
2026-09-14T09:42:43.8815745Z Removing includeIf entries pointing to credentials config files
2026-09-14T09:42:43.8821264Z [command]/usr/bin/git config --local --name-only --get-regexp ^includeIf\.gitdir:
2026-09-14T09:42:43.8865156Z [command]/usr/bin/git submodule foreach --recursive git config --local --show-origin --name-only --get-regexp remote.origin.url
2026-09-14T09:42:43.9115869Z [command]/usr/bin/git config --file /home/runner/work/_temp/git-credentials-61dcd3f5-3bce-4d94-afc1-ab009e05b031.config http.https://github.com/.extraheader AUTHORIZATION: basic ***
2026-09-14T09:42:43.9161590Z [command]/usr/bin/git config --local includeIf.gitdir:/home/runner/work/devbar/devbar/.git.path /home/runner/work/_temp/git-credentials-61dcd3f5-3bce-4d94-afc1-ab009e05b031.config
2026-09-14T09:42:43.9201058Z [command]/usr/bin/git config --local includeIf.gitdir:/home/runner/work/devbar/devbar/.git/worktrees/*.path /home/runner/work/_temp/git-credentials-61dcd3f5-3bce-4d94-afc1-ab009e05b031.config
2026-09-14T09:42:43.9246579Z [command]/usr/bin/git config --local includeIf.gitdir:/github/workspace/.git.path /github/runner_temp/git-credentials-61dcd3f5-3bce-4d94-afc1-ab009e05b031.config
2026-09-14T09:42:43.9289345Z [command]/usr/bin/git config --local includeIf.gitdir:/github/workspace/.git/worktrees/*.path /github/runner_temp/git-credentials-61dcd3f5-3bce-4d94-afc1-ab009e05b031.config
2026-09-14T09:42:43.9327146Z ##[endgroup]
2026-09-14T09:42:43.9329008Z ##[group]Fetching the repository
2026-09-14T09:42:43.9337681Z [command]/usr/bin/git -c protocol.version=2 fetch --no-tags --prune --no-recurse-submodules --depth=1 origin +af03b49aa74b4f6805c996ad343d413856c341d8:refs/remotes/pull/78/merge
2026-09-14T09:42:44.5550366Z From https://github.com/juanjoGonDev/devbar
2026-09-14T09:42:44.5552504Z  * [new ref]         af03b49aa74b4f6805c996ad343d413856c341d8 -> pull/78/merge
2026-09-14T09:42:44.5557471Z ##[endgroup]
2026-09-14T09:42:44.5559041Z ##[group]Determining the checkout info
2026-09-14T09:42:44.5560438Z ##[endgroup]
2026-09-14T09:42:44.5566090Z [command]/usr/bin/git sparse-checkout disable
2026-09-14T09:42:44.5635418Z [command]/usr/bin/git config --local --unset-all extensions.worktreeConfig
2026-09-14T09:42:44.5687559Z ##[group]Checking out the ref
2026-09-14T09:42:44.5690254Z [command]/usr/bin/git checkout --progress --force refs/remotes/pull/78/merge
2026-09-14T09:42:44.5911024Z Note: switching to 'refs/remotes/pull/78/merge'.
2026-09-14T09:42:44.5912353Z 
2026-09-14T09:42:44.5913121Z You are in 'detached HEAD' state. You can look around, make experimental
2026-09-14T09:42:44.5915033Z changes and commit them, and you can discard any commits you make in this
2026-09-14T09:42:44.5917355Z state without impacting any branches by switching back to a branch.
2026-09-14T09:42:44.5918484Z 
2026-09-14T09:42:44.5919357Z If you want to create a new branch to retain commits you create, you may
2026-09-14T09:42:44.5921457Z do so (now or later) by using -c with the switch command. Example:
2026-09-14T09:42:44.5922564Z 
2026-09-14T09:42:44.5923041Z   git switch -c <new-branch-name>
2026-09-14T09:42:44.5923786Z 
2026-09-14T09:42:44.5924232Z Or undo this operation with:
2026-09-14T09:42:44.5924914Z 
2026-09-14T09:42:44.5925345Z   git switch -
2026-09-14T09:42:44.5925884Z 
2026-09-14T09:42:44.5927046Z Turn off this advice by setting config variable advice.detachedHead to false
2026-09-14T09:42:44.5928295Z 
2026-09-14T09:42:44.5929770Z HEAD is now at af03b49 Merge ae811d1f859ea94fd2825ca531992c3c3dc4a654 into 42a77c630288a92901d0127cde05e7e033cf4dda
2026-09-14T09:42:44.5933820Z ##[endgroup]
2026-09-14T09:42:44.5976670Z [command]/usr/bin/git log -1 --format=%H
2026-09-14T09:42:44.6009060Z af03b49aa74b4f6805c996ad343d413856c341d8
2026-09-14T09:42:44.6021153Z ##[group]Removing auth
2026-09-14T09:42:44.6022854Z Removing SSH command configuration
2026-09-14T09:42:44.6026913Z [command]/usr/bin/git config --local --name-only --get-regexp core\.sshCommand
2026-09-14T09:42:44.6069259Z [command]/usr/bin/git submodule foreach --recursive sh -c "git config --local --name-only --get-regexp 'core\.sshCommand' && git config --local --unset-all 'core.sshCommand' || :"
2026-09-14T09:42:44.6313736Z Removing HTTP extra header
2026-09-14T09:42:44.6317978Z [command]/usr/bin/git config --local --name-only --get-regexp http\.https\:\/\/github\.com\/\.extraheader
2026-09-14T09:42:44.6363403Z [command]/usr/bin/git submodule foreach --recursive sh -c "git config --local --name-only --get-regexp 'http\.https\:\/\/github\.com\/\.extraheader' && git config --local --unset-all 'http.https://github.com/.extraheader' || :"
2026-09-14T09:42:44.6608533Z Removing includeIf entries pointing to credentials config files
2026-09-14T09:42:44.6611690Z [command]/usr/bin/git config --local --name-only --get-regexp ^includeIf\.gitdir:
2026-09-14T09:42:44.6649354Z includeif.gitdir:/home/runner/work/devbar/devbar/.git.path
2026-09-14T09:42:44.6651849Z includeif.gitdir:/home/runner/work/devbar/devbar/.git/worktrees/*.path
2026-09-14T09:42:44.6653751Z includeif.gitdir:/github/workspace/.git.path
2026-09-14T09:42:44.6655402Z includeif.gitdir:/github/workspace/.git/worktrees/*.path
2026-09-14T09:42:44.6660121Z [command]/usr/bin/git config --local --get-all includeif.gitdir:/home/runner/work/devbar/devbar/.git.path
2026-09-14T09:42:44.6692201Z /home/runner/work/_temp/git-credentials-61dcd3f5-3bce-4d94-afc1-ab009e05b031.config
2026-09-14T09:42:44.6706554Z [command]/usr/bin/git config --local --unset includeif.gitdir:/home/runner/work/devbar/devbar/.git.path \/home\/runner\/work\/_temp\/git\-credentials\-61dcd3f5\-3bce\-4d94\-afc1\-ab009e05b031\.config
2026-09-14T09:42:44.6751735Z [command]/usr/bin/git config --local --get-all includeif.gitdir:/home/runner/work/devbar/devbar/.git/worktrees/*.path
2026-09-14T09:42:44.6812478Z /home/runner/work/_temp/git-credentials-61dcd3f5-3bce-4d94-afc1-ab009e05b031.config
2026-09-14T09:42:44.6823557Z [command]/usr/bin/git config --local --unset includeif.gitdir:/home/runner/work/devbar/devbar/.git/worktrees/*.path \/home\/runner\/work\/_temp\/git\-credentials\-61dcd3f5\-3bce\-4d94\-afc1\-ab009e05b031\.config
2026-09-14T09:42:44.6872139Z [command]/usr/bin/git config --local --get-all includeif.gitdir:/github/workspace/.git.path
2026-09-14T09:42:44.6906873Z /github/runner_temp/git-credentials-61dcd3f5-3bce-4d94-afc1-ab009e05b031.config
2026-09-14T09:42:44.6919979Z [command]/usr/bin/git config --local --unset includeif.gitdir:/github/workspace/.git.path \/github\/runner_temp\/git\-credentials\-61dcd3f5\-3bce\-4d94\-afc1\-ab009e05b031\.config
2026-09-14T09:42:44.6970297Z [command]/usr/bin/git config --local --get-all includeif.gitdir:/github/workspace/.git/worktrees/*.path
2026-09-14T09:42:44.7005484Z /github/runner_temp/git-credentials-61dcd3f5-3bce-4d94-afc1-ab009e05b031.config
2026-09-14T09:42:44.7042014Z [command]/usr/bin/git config --local --unset includeif.gitdir:/github/workspace/.git/worktrees/*.path \/github\/runner_temp\/git\-credentials\-61dcd3f5\-3bce\-4d94\-afc1\-ab009e05b031\.config
2026-09-14T09:42:44.7063563Z [command]/usr/bin/git submodule foreach --recursive git config --local --show-origin --name-only --get-regexp remote.origin.url
2026-09-14T09:42:44.7329838Z Removing credentials config '/home/runner/work/_temp/git-credentials-61dcd3f5-3bce-4d94-afc1-ab009e05b031.config'
2026-09-14T09:42:44.7339801Z ##[endgroup]
2026-09-14T09:42:44.7616900Z ##[group]Run pnpm/action-setup@0977fd99725f1db4007ccb2928dbb4e90d06cc86
2026-09-14T09:42:44.7618029Z with:
2026-09-14T09:42:44.7618813Z   dest: ~/setup-pnpm
2026-09-14T09:42:44.7619631Z   run_install: null
2026-09-14T09:42:44.7620439Z   cache: false
2026-09-14T09:42:44.7621258Z   cache_dependency_path: pnpm-lock.yaml
2026-09-14T09:42:44.7622186Z   package_json_file: package.json
2026-09-14T09:42:44.7623061Z   standalone: false
2026-09-14T09:42:44.7623868Z ##[endgroup]
2026-09-14T09:42:44.9231630Z ##[group]Running self-installer...
2026-09-14T09:42:48.6565740Z 
2026-09-14T09:42:48.6566611Z added 1 package, and audited 2 packages in 3s
2026-09-14T09:42:48.6568804Z 
2026-09-14T09:42:48.6569491Z 1 package is looking for funding
2026-09-14T09:42:48.6570230Z   run `npm fund` for details
2026-09-14T09:42:48.6575270Z 
2026-09-14T09:42:48.6575716Z found 0 vulnerabilities
2026-09-14T09:42:49.3169791Z Checking for updates...
2026-09-14T09:42:49.4345123Z Switching pnpm from v11.19.0 to v10.32.1...
2026-09-14T09:42:49.8667013Z .../v11/967-1a09f4c4069-f13b06829b0efea9 | Progress: resolved 1, reused 0, downloaded 0, added 0
2026-09-14T09:42:49.8690130Z .../v11/967-1a09f4c4069-f13b06829b0efea9 |   +1 +
2026-09-14T09:42:50.1455046Z .../v11/967-1a09f4c4069-f13b06829b0efea9 | Progress: resolved 1, reused 0, downloaded 1, added 1, done
2026-09-14T09:42:50.5753594Z [WARN] Detected a pnpm v10 installation layout at PNPM_HOME. The pnpm shims at PNPM_HOME have been refreshed so the new version is active, but pnpm v11 expects bins in PNPM_HOME/bin. Run "pnpm setup" to migrate your PATH to the v11 layout.
2026-09-14T09:42:50.5786910Z Successfully updated pnpm to v10.32.1
2026-09-14T09:42:50.6079832Z ##[endgroup]
2026-09-14T09:42:50.6080212Z Installation Completed!
2026-09-14T09:42:50.6303257Z ##[group]Run actions/setup-node@820762786026740c76f36085b0efc47a31fe5020
2026-09-14T09:42:50.6303689Z with:
2026-09-14T09:42:50.6303894Z   node-version: 22
2026-09-14T09:42:50.6304120Z   cache: pnpm
2026-09-14T09:42:50.6304341Z   check-latest: false
2026-09-14T09:42:50.6307454Z   token: ***
2026-09-14T09:42:50.6307692Z   package-manager-cache: true
2026-09-14T09:42:50.6307943Z env:
2026-09-14T09:42:50.6308189Z   PNPM_HOME: /home/runner/setup-pnpm/node_modules/.bin
2026-09-14T09:42:50.6308517Z ##[endgroup]
2026-09-14T09:42:50.7646787Z Found in cache @ /opt/hostedtoolcache/node/22.23.2/x64
2026-09-14T09:42:50.7651510Z ##[group]Environment details
2026-09-14T09:42:53.7164320Z node: v22.23.2
2026-09-14T09:42:53.7165124Z npm: 10.9.8
2026-09-14T09:42:53.7165467Z yarn: 1.22.22
2026-09-14T09:42:53.7166601Z ##[endgroup]
2026-09-14T09:42:53.7188768Z [command]/home/runner/setup-pnpm/node_modules/.bin/bin/pnpm store path --silent
2026-09-14T09:42:54.2760849Z /home/runner/setup-pnpm/node_modules/.bin/store/v10
2026-09-14T09:42:54.5536109Z Cache hit for: node-cache-Linux-x64-pnpm-83528be4bfacfab174cb4589cc6560b2987ff34bb71b9519b61a7c1fb63cbec1
2026-09-14T09:42:55.8516913Z Received 0 of 72015995 (0.0%), 0.0 MBs/sec
2026-09-14T09:42:56.5625098Z Received 72015995 of 72015995 (100.0%), 40.0 MBs/sec
2026-09-14T09:42:56.5626569Z Cache Size: ~69 MB (72015995 B)
2026-09-14T09:42:56.5694452Z [command]/usr/bin/tar -xf /home/runner/work/_temp/53f38941-aa42-4d61-b8f9-e2e8d3e41063/cache.tzst -P -C /home/runner/work/devbar/devbar --use-compress-program unzstd
2026-09-14T09:42:57.3682962Z Cache restored successfully
2026-09-14T09:42:57.3724014Z Cache restored from key: node-cache-Linux-x64-pnpm-83528be4bfacfab174cb4589cc6560b2987ff34bb71b9519b61a7c1fb63cbec1
2026-09-14T09:42:57.3893619Z ##[group]Run echo "version=$(node -p "require('./package.json').version")" >> "$GITHUB_OUTPUT"
2026-09-14T09:42:57.3894346Z [36;1mecho "version=$(node -p "require('./package.json').version")" >> "$GITHUB_OUTPUT"[0m
2026-09-14T09:42:57.3943791Z shell: /usr/bin/bash --noprofile --norc -e -o pipefail {0}
2026-09-14T09:42:57.3944157Z env:
2026-09-14T09:42:57.3944429Z   PNPM_HOME: /home/runner/setup-pnpm/node_modules/.bin
2026-09-14T09:42:57.3944751Z ##[endgroup]
2026-09-14T09:42:57.5109181Z ##[group]Run actions/cache@55cc8345863c7cc4c66a329aec7e433d2d1c52a9
2026-09-14T09:42:57.5109625Z with:
2026-09-14T09:42:57.5109887Z   path: ~/.cache/electron
~/.cache/electron-builder

2026-09-14T09:42:57.5110386Z   key: electron-linux-83528be4bfacfab174cb4589cc6560b2987ff34bb71b9519b61a7c1fb63cbec1
2026-09-14T09:42:57.5110867Z   enableCrossOsArchive: false
2026-09-14T09:42:57.5111126Z   fail-on-cache-miss: false
2026-09-14T09:42:57.5111366Z   lookup-only: false
2026-09-14T09:42:57.5111584Z   save-always: false
2026-09-14T09:42:57.5111799Z env:
2026-09-14T09:42:57.5112037Z   PNPM_HOME: /home/runner/setup-pnpm/node_modules/.bin
2026-09-14T09:42:57.5112344Z ##[endgroup]
2026-09-14T09:42:57.8900830Z Cache not found for input keys: electron-linux-83528be4bfacfab174cb4589cc6560b2987ff34bb71b9519b61a7c1fb63cbec1
2026-09-14T09:42:57.8983600Z ##[group]Run pnpm install --frozen-lockfile
2026-09-14T09:42:57.8984005Z [36;1mpnpm install --frozen-lockfile[0m
2026-09-14T09:42:57.9023609Z shell: /usr/bin/bash -e {0}
2026-09-14T09:42:57.9023869Z env:
2026-09-14T09:42:57.9024143Z   PNPM_HOME: /home/runner/setup-pnpm/node_modules/.bin
2026-09-14T09:42:57.9024455Z ##[endgroup]
2026-09-14T09:42:58.2570303Z Lockfile is up to date, resolution step is skipped
2026-09-14T09:42:58.4280219Z Packages: +481
2026-09-14T09:42:58.4281003Z ++++++++++++++++++++++++++++++++++++++++++++++++++++++++++++++++++++++++++++++++
2026-09-14T09:42:58.4638316Z Progress: resolved 0, reused 1, downloaded 0, added 0
2026-09-14T09:42:59.1745371Z Progress: resolved 0, reused 465, downloaded 0, added 481, done
2026-09-14T09:42:59.2885890Z 
2026-09-14T09:42:59.3481149Z 
2026-09-14T09:42:59.3482113Z > devbar@0.7.1 postinstall /home/runner/work/devbar/devbar
2026-09-14T09:42:59.3482771Z > node --experimental-strip-types scripts/install-hooks.ts
2026-09-14T09:42:59.3483147Z 
2026-09-14T09:42:59.5597294Z ╭ Warning ─────────────────────────────────────────────────────────────────────╮
2026-09-14T09:42:59.5598974Z │                                                                              │
2026-09-14T09:42:59.5600791Z │   Ignored build scripts: electron-winstaller@5.4.0, esbuild@0.28.2.          │
2026-09-14T09:42:59.5602204Z │   Run "pnpm approve-builds" to pick which dependencies should be allowed     │
2026-09-14T09:42:59.5603514Z │   to run scripts.                                                            │
2026-09-14T09:42:59.5604501Z │                                                                              │
2026-09-14T09:42:59.5605521Z ╰──────────────────────────────────────────────────────────────────────────────╯
2026-09-14T09:42:59.5708471Z Done in 1.6s using pnpm v10.32.1
2026-09-14T09:42:59.5940818Z ##[group]Run pnpm run dist:linux && pnpm run verify:linux
2026-09-14T09:42:59.5941616Z [36;1mpnpm run dist:linux && pnpm run verify:linux[0m
2026-09-14T09:42:59.5979170Z shell: /usr/bin/bash -e {0}
2026-09-14T09:42:59.5979431Z env:
2026-09-14T09:42:59.5979696Z   PNPM_HOME: /home/runner/setup-pnpm/node_modules/.bin
2026-09-14T09:42:59.5980021Z ##[endgroup]
2026-09-14T09:42:59.9547098Z 
2026-09-14T09:42:59.9548035Z > devbar@0.7.1 dist:linux /home/runner/work/devbar/devbar
2026-09-14T09:42:59.9549248Z > pnpm run build && node --experimental-strip-types scripts/package-win-linux.ts linux
2026-09-14T09:42:59.9549929Z 
2026-09-14T09:43:00.2502437Z 
2026-09-14T09:43:00.2503255Z > devbar@0.7.1 build /home/runner/work/devbar/devbar
2026-09-14T09:43:00.2503792Z > bash scripts/build.sh
2026-09-14T09:43:00.2503965Z 
2026-09-14T09:43:10.4467769Z 
2026-09-14T09:43:10.4468520Z   build/src/preload.cjs  8.9kb
2026-09-14T09:43:10.4469032Z 
2026-09-14T09:43:10.4469722Z ⚡ Done in 3ms
2026-09-14T09:43:11.0044592Z   • electron-builder  version=26.16.1 os=6.17.0-1022-azure
2026-09-14T09:43:11.0049623Z   • publishing will be skipped  reason=current build is a part of pull request solution=set env PUBLISH_FOR_PULL_REQUEST to true to force code signing
2026-09-14T09:43:11.0052222Z There are serious security concerns with PUBLISH_FOR_PULL_REQUEST=true (see the  CircleCI documentation (https://circleci.com/docs/1.0/fork-pr-builds/) for details)
2026-09-14T09:43:11.0055128Z If you have SSH keys, sensitive env vars or AWS credentials stored in your project settings and untrusted forks can make pull requests against your repo, then this option isn't for you.
2026-09-14T09:43:11.0152865Z   • author is missed in the package.json  appPackageFile=/home/runner/work/devbar/devbar/package.json
2026-09-14T09:43:12.0182168Z   • executing @electron/rebuild  electronVersion=43.2.0 arch=x64 buildFromSource=false workspaceRoot=/home/runner/work/devbar/devbar projectDir=./ appDir=./
2026-09-14T09:43:12.0184223Z   • installing native dependencies  arch=x64
2026-09-14T09:43:12.1718654Z   • completed installing native dependencies
2026-09-14T09:43:12.1762923Z   • packaging       platform=linux arch=x64 electron=43.2.0 appOutDir=dist/electron-builder/linux-unpacked
2026-09-14T09:43:12.4015528Z   • downloaded      label=electron progress=100%
2026-09-14T09:43:15.8710578Z   • downloaded electron zip extracted successfully  output=/home/runner/work/devbar/devbar/dist/electron-builder/linux-unpacked
2026-09-14T09:43:15.9004783Z   • searching for node modules  pm=pnpm searchDir=/home/runner/work/devbar/devbar
2026-09-14T09:43:17.2501710Z   • duplicate dependency references  dependencies=["type-fest@5.7.0"]
2026-09-14T09:43:18.4919080Z   • building        target=AppImage arch=x64 file=dist/electron-builder/DevBar-0.7.1-linux-x64.AppImage
2026-09-14T09:43:18.4927757Z   • electron uses desktopName as app_id / WM_CLASS for window association. Without it desktop environments may not link running windows to this .desktop entry. Set desktopName in package.json and linux.syncDesktopName: true to fix.  reason=desktopName is not set in package.json docs=https://www.electron.build/linux#window-association-desktopname--syncdesktopname
2026-09-14T09:43:18.7658629Z   • downloaded      label=appimage-12.0.1.7z progress=100%
2026-09-14T09:43:18.9676558Z   • downloaded      label=7zip-linux-x64.tar.gz progress=100%
2026-09-14T09:43:27.3330839Z   • building embedded block map  file=dist/electron-builder/DevBar-0.7.1-linux-x64.AppImage
2026-09-14T09:43:33.3561626Z   • building        target=deb arch=x64 file=dist/electron-builder/DevBar-0.7.1-linux-x64.deb
2026-09-14T09:43:33.3586759Z   • electron uses desktopName as app_id / WM_CLASS for window association. Without it desktop environments may not link running windows to this .desktop entry. Set desktopName in package.json and linux.syncDesktopName: true to fix.  reason=desktopName is not set in package.json docs=https://www.electron.build/linux#window-association-desktopname--syncdesktopname
2026-09-14T09:43:33.5809300Z   • downloaded      label=fpm-1.17.0-ruby-3.4.3-linux-amd64.7z progress=100%
2026-09-14T09:44:54.1115383Z [linux] x64 done
2026-09-14T09:44:54.1125299Z   • electron-builder  version=26.16.1 os=6.17.0-1022-azure
2026-09-14T09:44:54.1130305Z   • publishing will be skipped  reason=current build is a part of pull request solution=set env PUBLISH_FOR_PULL_REQUEST to true to force code signing
2026-09-14T09:44:54.1132763Z There are serious security concerns with PUBLISH_FOR_PULL_REQUEST=true (see the  CircleCI documentation (https://circleci.com/docs/1.0/fork-pr-builds/) for details)
2026-09-14T09:44:54.1135301Z If you have SSH keys, sensitive env vars or AWS credentials stored in your project settings and untrusted forks can make pull requests against your repo, then this option isn't for you.
2026-09-14T09:44:54.1164312Z   • author is missed in the package.json  appPackageFile=/home/runner/work/devbar/devbar/package.json
2026-09-14T09:44:54.4232172Z   • executing @electron/rebuild  electronVersion=43.2.0 arch=arm64 buildFromSource=false workspaceRoot=/home/runner/work/devbar/devbar projectDir=./ appDir=./
2026-09-14T09:44:54.4233241Z   • installing native dependencies  arch=arm64
2026-09-14T09:44:54.5620852Z   • completed installing native dependencies
2026-09-14T09:44:54.5663445Z   • packaging       platform=linux arch=arm64 electron=43.2.0 appOutDir=dist/electron-builder/linux-arm64-unpacked
2026-09-14T09:44:54.7896693Z   • downloaded      label=electron progress=100%
2026-09-14T09:44:57.9094200Z   • downloaded electron zip extracted successfully  output=/home/runner/work/devbar/devbar/dist/electron-builder/linux-arm64-unpacked
2026-09-14T09:44:57.9352009Z   • searching for node modules  pm=pnpm searchDir=/home/runner/work/devbar/devbar
2026-09-14T09:44:59.2277561Z   • duplicate dependency references  dependencies=["type-fest@5.7.0"]
2026-09-14T09:45:00.3908859Z   • building        target=AppImage arch=arm64 file=dist/electron-builder/DevBar-0.7.1-linux-arm64.AppImage
2026-09-14T09:45:00.3913968Z   • electron uses desktopName as app_id / WM_CLASS for window association. Without it desktop environments may not link running windows to this .desktop entry. Set desktopName in package.json and linux.syncDesktopName: true to fix.  reason=desktopName is not set in package.json docs=https://www.electron.build/linux#window-association-desktopname--syncdesktopname
2026-09-14T09:45:07.5309129Z   • building embedded block map  file=dist/electron-builder/DevBar-0.7.1-linux-arm64.AppImage
2026-09-14T09:45:14.3361872Z   • building        target=deb arch=arm64 file=dist/electron-builder/DevBar-0.7.1-linux-arm64.deb
2026-09-14T09:45:14.3379382Z   • electron uses desktopName as app_id / WM_CLASS for window association. Without it desktop environments may not link running windows to this .desktop entry. Set desktopName in package.json and linux.syncDesktopName: true to fix.  reason=desktopName is not set in package.json docs=https://www.electron.build/linux#window-association-desktopname--syncdesktopname
2026-09-14T09:46:25.2337094Z [linux] arm64 done
2026-09-14T09:46:25.2344427Z   • electron-builder  version=26.16.1 os=6.17.0-1022-azure
2026-09-14T09:46:25.2349951Z   • publishing will be skipped  reason=current build is a part of pull request solution=set env PUBLISH_FOR_PULL_REQUEST to true to force code signing
2026-09-14T09:46:25.2352555Z There are serious security concerns with PUBLISH_FOR_PULL_REQUEST=true (see the  CircleCI documentation (https://circleci.com/docs/1.0/fork-pr-builds/) for details)
2026-09-14T09:46:25.2354889Z If you have SSH keys, sensitive env vars or AWS credentials stored in your project settings and untrusted forks can make pull requests against your repo, then this option isn't for you.
2026-09-14T09:46:25.2390367Z   • author is missed in the package.json  appPackageFile=/home/runner/work/devbar/devbar/package.json
2026-09-14T09:46:25.5481841Z   • executing @electron/rebuild  electronVersion=43.2.0 arch=armv7l buildFromSource=false workspaceRoot=/home/runner/work/devbar/devbar projectDir=./ appDir=./
2026-09-14T09:46:25.5483863Z   • installing native dependencies  arch=armv7l
2026-09-14T09:46:25.6801032Z   • completed installing native dependencies
2026-09-14T09:46:25.6836664Z   • packaging       platform=linux arch=armv7l electron=43.2.0 appOutDir=dist/electron-builder/linux-armv7l-unpacked
2026-09-14T09:46:25.9162906Z   • downloaded      label=electron progress=100%
2026-09-14T09:46:28.8475422Z   • downloaded electron zip extracted successfully  output=/home/runner/work/devbar/devbar/dist/electron-builder/linux-armv7l-unpacked
2026-09-14T09:46:28.8638885Z   • searching for node modules  pm=pnpm searchDir=/home/runner/work/devbar/devbar
2026-09-14T09:46:30.1297850Z   • duplicate dependency references  dependencies=["type-fest@5.7.0"]
2026-09-14T09:46:31.2110958Z   • building        target=AppImage arch=armv7l file=dist/electron-builder/DevBar-0.7.1-linux-armv7.AppImage
2026-09-14T09:46:31.2117192Z   • electron uses desktopName as app_id / WM_CLASS for window association. Without it desktop environments may not link running windows to this .desktop entry. Set desktopName in package.json and linux.syncDesktopName: true to fix.  reason=desktopName is not set in package.json docs=https://www.electron.build/linux#window-association-desktopname--syncdesktopname
2026-09-14T09:46:37.0837538Z   • building embedded block map  file=dist/electron-builder/DevBar-0.7.1-linux-armv7.AppImage
2026-09-14T09:46:43.3958640Z   • building        target=deb arch=armv7l file=dist/electron-builder/DevBar-0.7.1-linux-armv7.deb
2026-09-14T09:46:43.3974666Z   • electron uses desktopName as app_id / WM_CLASS for window association. Without it desktop environments may not link running windows to this .desktop entry. Set desktopName in package.json and linux.syncDesktopName: true to fix.  reason=desktopName is not set in package.json docs=https://www.electron.build/linux#window-association-desktopname--syncdesktopname
2026-09-14T09:47:37.5300005Z [linux] armv7 done
2026-09-14T09:47:37.8838457Z 
2026-09-14T09:47:37.8839307Z > devbar@0.7.1 verify:linux /home/runner/work/devbar/devbar
2026-09-14T09:47:37.8839969Z > pnpm run build && node build/scripts/verify-linux-release.js
2026-09-14T09:47:37.8840240Z 
2026-09-14T09:47:38.1684819Z 
2026-09-14T09:47:38.1685610Z > devbar@0.7.1 build /home/runner/work/devbar/devbar
2026-09-14T09:47:38.1686161Z > bash scripts/build.sh
2026-09-14T09:47:38.1686720Z 
2026-09-14T09:47:47.6325998Z 
2026-09-14T09:47:47.6331037Z   build/src/preload.cjs  8.9kb
2026-09-14T09:47:47.6331400Z 
2026-09-14T09:47:47.6331776Z ⚡ Done in 3ms
2026-09-14T09:47:47.6911649Z Verified 6 linux artifacts for v0.7.1 in /home/runner/work/devbar/devbar/dist/electron-builder
2026-09-14T09:47:47.6913976Z ok: DevBar-0.7.1-linux-x64.AppImage (AppImage magic)
2026-09-14T09:47:47.6915146Z ok: DevBar-0.7.1-linux-arm64.AppImage (AppImage magic)
2026-09-14T09:47:47.6916534Z ok: DevBar-0.7.1-linux-armv7.AppImage (AppImage magic)
2026-09-14T09:47:53.0584103Z DevBar-0.7.1-linux-x64.deb is missing its 256px icon
2026-09-14T09:47:53.0752811Z  ELIFECYCLE  Command failed with exit code 1.
2026-09-14T09:47:53.1042527Z ##[error]Process completed with exit code 1.
2026-09-14T09:47:53.1153058Z Post job cleanup.
2026-09-14T09:47:53.2686594Z Pruning is unnecessary.
2026-09-14T09:47:53.2912294Z Post job cleanup.
2026-09-14T09:47:53.3957645Z [command]/usr/bin/git version
2026-09-14T09:47:53.4023363Z git version 2.55.0
2026-09-14T09:47:53.4082911Z Temporarily overriding HOME='/home/runner/work/_temp/9318bdf3-fa7a-4603-ad3e-8632252e3d8e' before making global git config changes
2026-09-14T09:47:53.4085139Z Adding repository directory to the temporary git global config as a safe directory
2026-09-14T09:47:53.4086931Z [command]/usr/bin/git config --global --add safe.directory /home/runner/work/devbar/devbar
2026-09-14T09:47:53.4112165Z Removing SSH command configuration
2026-09-14T09:47:53.4120845Z [command]/usr/bin/git config --local --name-only --get-regexp core\.sshCommand
2026-09-14T09:47:53.4173536Z [command]/usr/bin/git submodule foreach --recursive sh -c "git config --local --name-only --get-regexp 'core\.sshCommand' && git config --local --unset-all 'core.sshCommand' || :"
2026-09-14T09:47:53.4494345Z Removing HTTP extra header
2026-09-14T09:47:53.4502059Z [command]/usr/bin/git config --local --name-only --get-regexp http\.https\:\/\/github\.com\/\.extraheader
2026-09-14T09:47:53.4549681Z [command]/usr/bin/git submodule foreach --recursive sh -c "git config --local --name-only --get-regexp 'http\.https\:\/\/github\.com\/\.extraheader' && git config --local --unset-all 'http.https://github.com/.extraheader' || :"
2026-09-14T09:47:53.4858558Z Removing includeIf entries pointing to credentials config files
2026-09-14T09:47:53.4859690Z [command]/usr/bin/git config --local --name-only --get-regexp ^includeIf\.gitdir:
2026-09-14T09:47:53.4898040Z [command]/usr/bin/git submodule foreach --recursive git config --local --show-origin --name-only --get-regexp remote.origin.url
2026-09-14T09:47:53.5315331Z Cleaning up orphan processes
