2026-09-14T08:50:35.8491780Z Current runner version: '2.337.0'
2026-09-14T08:50:35.8517032Z ##[group]Runner Image Provisioner
2026-09-14T08:50:35.8517941Z Hosted Compute Agent
2026-09-14T08:50:35.8518607Z Version: 20260828.587
2026-09-14T08:50:35.8519292Z Commit: abac92662cab4cc7352de4f9f9d2e2419aad9c29
2026-09-14T08:50:35.8520038Z Build Date: 2026-08-28T16:44:25Z
2026-09-14T08:50:35.8520840Z Worker ID: {0291a19a-4a5b-4770-816a-f94c994f8908}
2026-09-14T08:50:35.8521566Z Azure Region: westus
2026-09-14T08:50:35.8522606Z ##[endgroup]
2026-09-14T08:50:35.8524316Z ##[group]Operating System
2026-09-14T08:50:35.8525008Z Ubuntu
2026-09-14T08:50:35.8525662Z 24.04.5
2026-09-14T08:50:35.8526189Z LTS
2026-09-14T08:50:35.8526707Z ##[endgroup]
2026-09-14T08:50:35.8527335Z ##[group]Runner Image
2026-09-14T08:50:35.8527952Z Image: ubuntu-24.04
2026-09-14T08:50:35.8528593Z Version: 20260907.300.1
2026-09-14T08:50:35.8529879Z Included Software: https://github.com/actions/runner-images/blob/ubuntu24/20260907.300/images/ubuntu/Ubuntu2404-Readme.md
2026-09-14T08:50:35.8531473Z Image Release: https://github.com/actions/runner-images/releases/tag/ubuntu24%2F20260907.300
2026-09-14T08:50:35.8532937Z ##[endgroup]
2026-09-14T08:50:35.8534138Z ##[group]GITHUB_TOKEN Permissions
2026-09-14T08:50:35.8536095Z Contents: read
2026-09-14T08:50:35.8536823Z Metadata: read
2026-09-14T08:50:35.8537417Z ##[endgroup]
2026-09-14T08:50:35.8539519Z Secret source: Actions
2026-09-14T08:50:35.8540578Z Cache mode: write
2026-09-14T08:50:35.8541281Z Prepare workflow directory
2026-09-14T08:50:35.8885270Z Prepare all required actions
2026-09-14T08:50:35.8935261Z Getting action download info
2026-09-14T08:50:36.3008116Z Download action repository 'actions/checkout@3d3c42e5aac5ba805825da76410c181273ba90b1' (SHA:3d3c42e5aac5ba805825da76410c181273ba90b1)
2026-09-14T08:50:36.4277201Z Download action repository 'pnpm/action-setup@0977fd99725f1db4007ccb2928dbb4e90d06cc86' (SHA:0977fd99725f1db4007ccb2928dbb4e90d06cc86)
2026-09-14T08:50:36.7360121Z Download action repository 'actions/setup-node@820762786026740c76f36085b0efc47a31fe5020' (SHA:820762786026740c76f36085b0efc47a31fe5020)
2026-09-14T08:50:36.8151186Z Download action repository 'actions/cache@55cc8345863c7cc4c66a329aec7e433d2d1c52a9' (SHA:55cc8345863c7cc4c66a329aec7e433d2d1c52a9)
2026-09-14T08:50:37.0025060Z Download action repository 'actions/upload-artifact@043fb46d1a93c77aae656e7c1c64a875d1fc6a0a' (SHA:043fb46d1a93c77aae656e7c1c64a875d1fc6a0a)
2026-09-14T08:50:37.2368930Z Complete job name: Build, verify & launch smoke — linux
2026-09-14T08:50:37.3394753Z ##[group]Run actions/checkout@3d3c42e5aac5ba805825da76410c181273ba90b1
2026-09-14T08:50:37.3395881Z with:
2026-09-14T08:50:37.3396360Z   persist-credentials: false
2026-09-14T08:50:37.3396924Z   repository: juanjoGonDev/devbar
2026-09-14T08:50:37.3400984Z   token: ***
2026-09-14T08:50:37.3401461Z   ssh-strict: true
2026-09-14T08:50:37.3402302Z   ssh-user: git
2026-09-14T08:50:37.3402831Z   clean: true
2026-09-14T08:50:37.3403326Z   sparse-checkout-cone-mode: true
2026-09-14T08:50:37.3403903Z   fetch-depth: 1
2026-09-14T08:50:37.3404365Z   fetch-tags: false
2026-09-14T08:50:37.3404860Z   show-progress: true
2026-09-14T08:50:37.3405359Z   lfs: false
2026-09-14T08:50:37.3405814Z   submodules: false
2026-09-14T08:50:37.3406296Z   set-safe-directory: true
2026-09-14T08:50:37.3406841Z   allow-unsafe-pr-checkout: false
2026-09-14T08:50:37.3407732Z ##[endgroup]
2026-09-14T08:50:37.4440895Z Syncing repository: juanjoGonDev/devbar
2026-09-14T08:50:37.4443685Z ##[group]Getting Git version info
2026-09-14T08:50:37.4444474Z Working directory is '/home/runner/work/devbar/devbar'
2026-09-14T08:50:37.4445902Z [command]/usr/bin/git version
2026-09-14T08:50:37.4505406Z git version 2.55.0
2026-09-14T08:50:37.4533635Z ##[endgroup]
2026-09-14T08:50:37.4547491Z Temporarily overriding HOME='/home/runner/work/_temp/25b67b79-3d51-4a0c-89d4-9f84c3093888' before making global git config changes
2026-09-14T08:50:37.4550747Z Adding repository directory to the temporary git global config as a safe directory
2026-09-14T08:50:37.4555229Z [command]/usr/bin/git config --global --add safe.directory /home/runner/work/devbar/devbar
2026-09-14T08:50:37.4607245Z Deleting the contents of '/home/runner/work/devbar/devbar'
2026-09-14T08:50:37.4611319Z ##[group]Determining repository object format
2026-09-14T08:50:37.4613957Z ##[endgroup]
2026-09-14T08:50:37.4615368Z ##[group]Initializing the repository
2026-09-14T08:50:37.4618542Z [command]/usr/bin/git init /home/runner/work/devbar/devbar
2026-09-14T08:50:37.4733054Z hint: Using 'master' as the name for the initial branch. This default branch name
2026-09-14T08:50:37.4735004Z hint: will change to "main" in Git 3.0. To configure the initial branch name
2026-09-14T08:50:37.4736395Z hint: to use in all of your new repositories, which will suppress this warning,
2026-09-14T08:50:37.4737231Z hint: call:
2026-09-14T08:50:37.4737718Z hint:
2026-09-14T08:50:37.4738357Z hint: 	git config --global init.defaultBranch <name>
2026-09-14T08:50:37.4739059Z hint:
2026-09-14T08:50:37.4739710Z hint: Names commonly chosen instead of 'master' are 'main', 'trunk' and
2026-09-14T08:50:37.4740735Z hint: 'development'. The just-created branch can be renamed via this command:
2026-09-14T08:50:37.4741551Z hint:
2026-09-14T08:50:37.4742432Z hint: 	git branch -m <name>
2026-09-14T08:50:37.4743022Z hint:
2026-09-14T08:50:37.4743729Z hint: Disable this message with "git config set advice.defaultBranchName false"
2026-09-14T08:50:37.4749664Z Initialized empty Git repository in /home/runner/work/devbar/devbar/.git/
2026-09-14T08:50:37.4759032Z [command]/usr/bin/git remote add origin https://github.com/juanjoGonDev/devbar
2026-09-14T08:50:37.4820657Z ##[endgroup]
2026-09-14T08:50:37.4822561Z ##[group]Disabling automatic garbage collection
2026-09-14T08:50:37.4825799Z [command]/usr/bin/git config --local gc.auto 0
2026-09-14T08:50:37.4861393Z ##[endgroup]
2026-09-14T08:50:37.4863520Z ##[group]Setting up auth
2026-09-14T08:50:37.4864548Z Removing SSH command configuration
2026-09-14T08:50:37.4868775Z [command]/usr/bin/git config --local --name-only --get-regexp core\.sshCommand
2026-09-14T08:50:37.4908614Z [command]/usr/bin/git submodule foreach --recursive sh -c "git config --local --name-only --get-regexp 'core\.sshCommand' && git config --local --unset-all 'core.sshCommand' || :"
2026-09-14T08:50:37.5277258Z Removing HTTP extra header
2026-09-14T08:50:37.5283528Z [command]/usr/bin/git config --local --name-only --get-regexp http\.https\:\/\/github\.com\/\.extraheader
2026-09-14T08:50:37.5319493Z [command]/usr/bin/git submodule foreach --recursive sh -c "git config --local --name-only --get-regexp 'http\.https\:\/\/github\.com\/\.extraheader' && git config --local --unset-all 'http.https://github.com/.extraheader' || :"
2026-09-14T08:50:37.5543009Z Removing includeIf entries pointing to credentials config files
2026-09-14T08:50:37.5547585Z [command]/usr/bin/git config --local --name-only --get-regexp ^includeIf\.gitdir:
2026-09-14T08:50:37.5582924Z [command]/usr/bin/git submodule foreach --recursive git config --local --show-origin --name-only --get-regexp remote.origin.url
2026-09-14T08:50:37.5812269Z [command]/usr/bin/git config --file /home/runner/work/_temp/git-credentials-2348ed83-7f8f-4d60-97de-b656afee1d9e.config http.https://github.com/.extraheader AUTHORIZATION: basic ***
2026-09-14T08:50:37.5855630Z [command]/usr/bin/git config --local includeIf.gitdir:/home/runner/work/devbar/devbar/.git.path /home/runner/work/_temp/git-credentials-2348ed83-7f8f-4d60-97de-b656afee1d9e.config
2026-09-14T08:50:37.5891139Z [command]/usr/bin/git config --local includeIf.gitdir:/home/runner/work/devbar/devbar/.git/worktrees/*.path /home/runner/work/_temp/git-credentials-2348ed83-7f8f-4d60-97de-b656afee1d9e.config
2026-09-14T08:50:37.5930052Z [command]/usr/bin/git config --local includeIf.gitdir:/github/workspace/.git.path /github/runner_temp/git-credentials-2348ed83-7f8f-4d60-97de-b656afee1d9e.config
2026-09-14T08:50:37.5965323Z [command]/usr/bin/git config --local includeIf.gitdir:/github/workspace/.git/worktrees/*.path /github/runner_temp/git-credentials-2348ed83-7f8f-4d60-97de-b656afee1d9e.config
2026-09-14T08:50:37.5996061Z ##[endgroup]
2026-09-14T08:50:37.5996855Z ##[group]Fetching the repository
2026-09-14T08:50:37.6002774Z [command]/usr/bin/git -c protocol.version=2 fetch --no-tags --prune --no-recurse-submodules --depth=1 origin +2bdf40519de8b1fc40e50bcb75f2a69b62c26e6c:refs/remotes/pull/78/merge
2026-09-14T08:50:38.2015175Z From https://github.com/juanjoGonDev/devbar
2026-09-14T08:50:38.2017046Z  * [new ref]         2bdf40519de8b1fc40e50bcb75f2a69b62c26e6c -> pull/78/merge
2026-09-14T08:50:38.2021399Z ##[endgroup]
2026-09-14T08:50:38.2023390Z ##[group]Determining the checkout info
2026-09-14T08:50:38.2025652Z ##[endgroup]
2026-09-14T08:50:38.2029634Z [command]/usr/bin/git sparse-checkout disable
2026-09-14T08:50:38.2085065Z [command]/usr/bin/git config --local --unset-all extensions.worktreeConfig
2026-09-14T08:50:38.2118006Z ##[group]Checking out the ref
2026-09-14T08:50:38.2122971Z [command]/usr/bin/git checkout --progress --force refs/remotes/pull/78/merge
2026-09-14T08:50:38.2313889Z Note: switching to 'refs/remotes/pull/78/merge'.
2026-09-14T08:50:38.2314793Z 
2026-09-14T08:50:38.2315507Z You are in 'detached HEAD' state. You can look around, make experimental
2026-09-14T08:50:38.2317173Z changes and commit them, and you can discard any commits you make in this
2026-09-14T08:50:38.2318839Z state without impacting any branches by switching back to a branch.
2026-09-14T08:50:38.2319769Z 
2026-09-14T08:50:38.2320421Z If you want to create a new branch to retain commits you create, you may
2026-09-14T08:50:38.2322132Z do so (now or later) by using -c with the switch command. Example:
2026-09-14T08:50:38.2323025Z 
2026-09-14T08:50:38.2323492Z   git switch -c <new-branch-name>
2026-09-14T08:50:38.2324214Z 
2026-09-14T08:50:38.2324638Z Or undo this operation with:
2026-09-14T08:50:38.2325222Z 
2026-09-14T08:50:38.2325628Z   git switch -
2026-09-14T08:50:38.2326121Z 
2026-09-14T08:50:38.2326780Z Turn off this advice by setting config variable advice.detachedHead to false
2026-09-14T08:50:38.2327882Z 
2026-09-14T08:50:38.2329084Z HEAD is now at 2bdf405 Merge 317006930073bbb1b5ec5edb5f6351c072762c58 into 42a77c630288a92901d0127cde05e7e033cf4dda
2026-09-14T08:50:38.2333024Z ##[endgroup]
2026-09-14T08:50:38.2382514Z [command]/usr/bin/git log -1 --format=%H
2026-09-14T08:50:38.2411751Z 2bdf40519de8b1fc40e50bcb75f2a69b62c26e6c
2026-09-14T08:50:38.2421701Z ##[group]Removing auth
2026-09-14T08:50:38.2422888Z Removing SSH command configuration
2026-09-14T08:50:38.2425428Z [command]/usr/bin/git config --local --name-only --get-regexp core\.sshCommand
2026-09-14T08:50:38.2461351Z [command]/usr/bin/git submodule foreach --recursive sh -c "git config --local --name-only --get-regexp 'core\.sshCommand' && git config --local --unset-all 'core.sshCommand' || :"
2026-09-14T08:50:38.2684398Z Removing HTTP extra header
2026-09-14T08:50:38.2689920Z [command]/usr/bin/git config --local --name-only --get-regexp http\.https\:\/\/github\.com\/\.extraheader
2026-09-14T08:50:38.2728799Z [command]/usr/bin/git submodule foreach --recursive sh -c "git config --local --name-only --get-regexp 'http\.https\:\/\/github\.com\/\.extraheader' && git config --local --unset-all 'http.https://github.com/.extraheader' || :"
2026-09-14T08:50:38.2960702Z Removing includeIf entries pointing to credentials config files
2026-09-14T08:50:38.2961750Z [command]/usr/bin/git config --local --name-only --get-regexp ^includeIf\.gitdir:
2026-09-14T08:50:38.2992599Z includeif.gitdir:/home/runner/work/devbar/devbar/.git.path
2026-09-14T08:50:38.2994347Z includeif.gitdir:/home/runner/work/devbar/devbar/.git/worktrees/*.path
2026-09-14T08:50:38.2995802Z includeif.gitdir:/github/workspace/.git.path
2026-09-14T08:50:38.2997074Z includeif.gitdir:/github/workspace/.git/worktrees/*.path
2026-09-14T08:50:38.3003191Z [command]/usr/bin/git config --local --get-all includeif.gitdir:/home/runner/work/devbar/devbar/.git.path
2026-09-14T08:50:38.3030668Z /home/runner/work/_temp/git-credentials-2348ed83-7f8f-4d60-97de-b656afee1d9e.config
2026-09-14T08:50:38.3040534Z [command]/usr/bin/git config --local --unset includeif.gitdir:/home/runner/work/devbar/devbar/.git.path \/home\/runner\/work\/_temp\/git\-credentials\-2348ed83\-7f8f\-4d60\-97de\-b656afee1d9e\.config
2026-09-14T08:50:38.3076290Z [command]/usr/bin/git config --local --get-all includeif.gitdir:/home/runner/work/devbar/devbar/.git/worktrees/*.path
2026-09-14T08:50:38.3130878Z /home/runner/work/_temp/git-credentials-2348ed83-7f8f-4d60-97de-b656afee1d9e.config
2026-09-14T08:50:38.3138691Z [command]/usr/bin/git config --local --unset includeif.gitdir:/home/runner/work/devbar/devbar/.git/worktrees/*.path \/home\/runner\/work\/_temp\/git\-credentials\-2348ed83\-7f8f\-4d60\-97de\-b656afee1d9e\.config
2026-09-14T08:50:38.3174270Z [command]/usr/bin/git config --local --get-all includeif.gitdir:/github/workspace/.git.path
2026-09-14T08:50:38.3200717Z /github/runner_temp/git-credentials-2348ed83-7f8f-4d60-97de-b656afee1d9e.config
2026-09-14T08:50:38.3210720Z [command]/usr/bin/git config --local --unset includeif.gitdir:/github/workspace/.git.path \/github\/runner_temp\/git\-credentials\-2348ed83\-7f8f\-4d60\-97de\-b656afee1d9e\.config
2026-09-14T08:50:38.3293213Z [command]/usr/bin/git config --local --get-all includeif.gitdir:/github/workspace/.git/worktrees/*.path
2026-09-14T08:50:38.3320434Z /github/runner_temp/git-credentials-2348ed83-7f8f-4d60-97de-b656afee1d9e.config
2026-09-14T08:50:38.3335013Z [command]/usr/bin/git config --local --unset includeif.gitdir:/github/workspace/.git/worktrees/*.path \/github\/runner_temp\/git\-credentials\-2348ed83\-7f8f\-4d60\-97de\-b656afee1d9e\.config
2026-09-14T08:50:38.3371338Z [command]/usr/bin/git submodule foreach --recursive git config --local --show-origin --name-only --get-regexp remote.origin.url
2026-09-14T08:50:38.3593425Z Removing credentials config '/home/runner/work/_temp/git-credentials-2348ed83-7f8f-4d60-97de-b656afee1d9e.config'
2026-09-14T08:50:38.3602221Z ##[endgroup]
2026-09-14T08:50:38.3835939Z ##[group]Run pnpm/action-setup@0977fd99725f1db4007ccb2928dbb4e90d06cc86
2026-09-14T08:50:38.3836760Z with:
2026-09-14T08:50:38.3837198Z   dest: ~/setup-pnpm
2026-09-14T08:50:38.3837670Z   run_install: null
2026-09-14T08:50:38.3838137Z   cache: false
2026-09-14T08:50:38.3838612Z   cache_dependency_path: pnpm-lock.yaml
2026-09-14T08:50:38.3839215Z   package_json_file: package.json
2026-09-14T08:50:38.3839752Z   standalone: false
2026-09-14T08:50:38.3840216Z ##[endgroup]
2026-09-14T08:50:38.5346711Z ##[group]Running self-installer...
2026-09-14T08:50:40.4446958Z 
2026-09-14T08:50:40.4447750Z added 1 package, and audited 2 packages in 2s
2026-09-14T08:50:40.4448396Z 
2026-09-14T08:50:40.4448727Z 1 package is looking for funding
2026-09-14T08:50:40.4449646Z   run `npm fund` for details
2026-09-14T08:50:40.4458297Z 
2026-09-14T08:50:40.4458672Z found 0 vulnerabilities
2026-09-14T08:50:41.0711502Z Checking for updates...
2026-09-14T08:50:41.2125682Z Switching pnpm from v11.19.0 to v10.32.1...
2026-09-14T08:50:41.6254599Z .../v11/94b-1a09f1c84cd-fc2992ca92a7bab4 | Progress: resolved 1, reused 0, downloaded 0, added 0
2026-09-14T08:50:41.6279260Z .../v11/94b-1a09f1c84cd-fc2992ca92a7bab4 |   +1 +
2026-09-14T08:50:41.8814661Z .../v11/94b-1a09f1c84cd-fc2992ca92a7bab4 | Progress: resolved 1, reused 0, downloaded 1, added 1, done
2026-09-14T08:50:42.2980856Z [WARN] Detected a pnpm v10 installation layout at PNPM_HOME. The pnpm shims at PNPM_HOME have been refreshed so the new version is active, but pnpm v11 expects bins in PNPM_HOME/bin. Run "pnpm setup" to migrate your PATH to the v11 layout.
2026-09-14T08:50:42.3034183Z Successfully updated pnpm to v10.32.1
2026-09-14T08:50:42.3385607Z ##[endgroup]
2026-09-14T08:50:42.3386304Z Installation Completed!
2026-09-14T08:50:42.3663246Z ##[group]Run actions/setup-node@820762786026740c76f36085b0efc47a31fe5020
2026-09-14T08:50:42.3663916Z with:
2026-09-14T08:50:42.3664233Z   node-version: 22
2026-09-14T08:50:42.3664594Z   cache: pnpm
2026-09-14T08:50:42.3664932Z   check-latest: false
2026-09-14T08:50:42.3670425Z   token: ***
2026-09-14T08:50:42.3670793Z   package-manager-cache: true
2026-09-14T08:50:42.3671201Z env:
2026-09-14T08:50:42.3671601Z   PNPM_HOME: /home/runner/setup-pnpm/node_modules/.bin
2026-09-14T08:50:42.3672351Z ##[endgroup]
2026-09-14T08:50:42.5150588Z Found in cache @ /opt/hostedtoolcache/node/22.23.2/x64
2026-09-14T08:50:42.5154313Z ##[group]Environment details
2026-09-14T08:50:42.9586650Z node: v22.23.2
2026-09-14T08:50:42.9587119Z npm: 10.9.8
2026-09-14T08:50:42.9587498Z yarn: 1.22.22
2026-09-14T08:50:42.9588262Z ##[endgroup]
2026-09-14T08:50:42.9610760Z [command]/home/runner/setup-pnpm/node_modules/.bin/bin/pnpm store path --silent
2026-09-14T08:50:43.3547253Z /home/runner/setup-pnpm/node_modules/.bin/store/v10
2026-09-14T08:50:43.6219592Z pnpm cache is not found
2026-09-14T08:50:43.6383512Z ##[group]Run echo "version=$(node -p "require('./package.json').version")" >> "$GITHUB_OUTPUT"
2026-09-14T08:50:43.6384683Z [36;1mecho "version=$(node -p "require('./package.json').version")" >> "$GITHUB_OUTPUT"[0m
2026-09-14T08:50:43.6433304Z shell: /usr/bin/bash --noprofile --norc -e -o pipefail {0}
2026-09-14T08:50:43.6433662Z env:
2026-09-14T08:50:43.6433926Z   PNPM_HOME: /home/runner/setup-pnpm/node_modules/.bin
2026-09-14T08:50:43.6434245Z ##[endgroup]
2026-09-14T08:50:43.7556423Z ##[group]Run actions/cache@55cc8345863c7cc4c66a329aec7e433d2d1c52a9
2026-09-14T08:50:43.7556831Z with:
2026-09-14T08:50:43.7557105Z   path: ~/.cache/electron
~/.cache/electron-builder

2026-09-14T08:50:43.7557609Z   key: electron-linux-83528be4bfacfab174cb4589cc6560b2987ff34bb71b9519b61a7c1fb63cbec1
2026-09-14T08:50:43.7558084Z   enableCrossOsArchive: false
2026-09-14T08:50:43.7558341Z   fail-on-cache-miss: false
2026-09-14T08:50:43.7558580Z   lookup-only: false
2026-09-14T08:50:43.7558787Z   save-always: false
2026-09-14T08:50:43.7558982Z env:
2026-09-14T08:50:43.7559230Z   PNPM_HOME: /home/runner/setup-pnpm/node_modules/.bin
2026-09-14T08:50:43.7559541Z ##[endgroup]
2026-09-14T08:50:44.1163529Z Cache not found for input keys: electron-linux-83528be4bfacfab174cb4589cc6560b2987ff34bb71b9519b61a7c1fb63cbec1
2026-09-14T08:50:44.1284988Z ##[group]Run pnpm install --frozen-lockfile
2026-09-14T08:50:44.1285600Z [36;1mpnpm install --frozen-lockfile[0m
2026-09-14T08:50:44.1333549Z shell: /usr/bin/bash -e {0}
2026-09-14T08:50:44.1333848Z env:
2026-09-14T08:50:44.1334148Z   PNPM_HOME: /home/runner/setup-pnpm/node_modules/.bin
2026-09-14T08:50:44.1334526Z ##[endgroup]
2026-09-14T08:50:44.5763359Z Lockfile is up to date, resolution step is skipped
2026-09-14T08:50:44.7935225Z Packages: +481
2026-09-14T08:50:44.7962958Z ++++++++++++++++++++++++++++++++++++++++++++++++++++++++++++++++++++++++++++++++
2026-09-14T08:50:45.0283818Z Progress: resolved 0, reused 0, downloaded 1, added 0
2026-09-14T08:50:46.0318905Z Progress: resolved 0, reused 0, downloaded 163, added 67
2026-09-14T08:50:47.0327552Z Progress: resolved 0, reused 0, downloaded 464, added 475
2026-09-14T08:50:47.1660896Z Progress: resolved 0, reused 0, downloaded 465, added 481, done
2026-09-14T08:50:47.1749409Z node_modules/lefthook postinstall$ node postinstall.js
2026-09-14T08:50:47.2154171Z node_modules/lefthook postinstall: Done
2026-09-14T08:50:47.3235950Z 
2026-09-14T08:50:47.3799508Z 
2026-09-14T08:50:47.3800373Z > devbar@0.7.1 postinstall /home/runner/work/devbar/devbar
2026-09-14T08:50:47.3801120Z > node --experimental-strip-types scripts/install-hooks.ts
2026-09-14T08:50:47.3801448Z 
2026-09-14T08:50:47.4627208Z ╭ Warning ─────────────────────────────────────────────────────────────────────╮
2026-09-14T08:50:47.4628531Z │                                                                              │
2026-09-14T08:50:47.4629965Z │   Ignored build scripts: electron-winstaller@5.4.0, esbuild@0.28.2.          │
2026-09-14T08:50:47.4632150Z │   Run "pnpm approve-builds" to pick which dependencies should be allowed     │
2026-09-14T08:50:47.4635024Z │   to run scripts.                                                            │
2026-09-14T08:50:47.4635834Z │                                                                              │
2026-09-14T08:50:47.4636822Z ╰──────────────────────────────────────────────────────────────────────────────╯
2026-09-14T08:50:47.4747414Z Done in 3.3s using pnpm v10.32.1
2026-09-14T08:50:47.5031639Z ##[group]Run pnpm run dist:linux && pnpm run verify:linux
2026-09-14T08:50:47.5032485Z [36;1mpnpm run dist:linux && pnpm run verify:linux[0m
2026-09-14T08:50:47.5068809Z shell: /usr/bin/bash -e {0}
2026-09-14T08:50:47.5069059Z env:
2026-09-14T08:50:47.5069316Z   PNPM_HOME: /home/runner/setup-pnpm/node_modules/.bin
2026-09-14T08:50:47.5069637Z ##[endgroup]
2026-09-14T08:50:47.8379115Z 
2026-09-14T08:50:47.8383905Z > devbar@0.7.1 dist:linux /home/runner/work/devbar/devbar
2026-09-14T08:50:47.8384761Z > pnpm run build && node --experimental-strip-types scripts/package-win-linux.ts linux
2026-09-14T08:50:47.8385151Z 
2026-09-14T08:50:48.1162815Z 
2026-09-14T08:50:48.1163711Z > devbar@0.7.1 build /home/runner/work/devbar/devbar
2026-09-14T08:50:48.1164225Z > bash scripts/build.sh
2026-09-14T08:50:48.1164478Z 
2026-09-14T08:50:57.7679672Z 
2026-09-14T08:50:57.7680379Z   build/src/preload.cjs  8.9kb
2026-09-14T08:50:57.7680735Z 
2026-09-14T08:50:57.7681156Z ⚡ Done in 2ms
2026-09-14T08:50:58.3176661Z   • electron-builder  version=26.16.1 os=6.17.0-1022-azure
2026-09-14T08:50:58.3181653Z   • publishing will be skipped  reason=current build is a part of pull request solution=set env PUBLISH_FOR_PULL_REQUEST to true to force code signing
2026-09-14T08:50:58.3184345Z There are serious security concerns with PUBLISH_FOR_PULL_REQUEST=true (see the  CircleCI documentation (https://circleci.com/docs/1.0/fork-pr-builds/) for details)
2026-09-14T08:50:58.3187073Z If you have SSH keys, sensitive env vars or AWS credentials stored in your project settings and untrusted forks can make pull requests against your repo, then this option isn't for you.
2026-09-14T08:50:58.3281428Z   • author is missed in the package.json  appPackageFile=/home/runner/work/devbar/devbar/package.json
2026-09-14T08:50:59.2345242Z   • executing @electron/rebuild  electronVersion=43.2.0 arch=x64 buildFromSource=false workspaceRoot=/home/runner/work/devbar/devbar projectDir=./ appDir=./
2026-09-14T08:50:59.2346868Z   • installing native dependencies  arch=x64
2026-09-14T08:50:59.3827467Z   • completed installing native dependencies
2026-09-14T08:50:59.3873858Z   • packaging       platform=linux arch=x64 electron=43.2.0 appOutDir=dist/electron-builder/linux-unpacked
2026-09-14T08:50:59.8275949Z   • downloaded      label=electron progress=100%
2026-09-14T08:51:02.9659513Z   • downloaded electron zip extracted successfully  output=/home/runner/work/devbar/devbar/dist/electron-builder/linux-unpacked
2026-09-14T08:51:02.9967853Z   • searching for node modules  pm=pnpm searchDir=/home/runner/work/devbar/devbar
2026-09-14T08:51:04.3057215Z   • duplicate dependency references  dependencies=["type-fest@5.7.0"]
2026-09-14T08:51:05.4383999Z   • building        target=AppImage arch=x64 file=dist/electron-builder/DevBar-0.7.1-linux-x64.AppImage
2026-09-14T08:51:05.4392775Z   • electron uses desktopName as app_id / WM_CLASS for window association. Without it desktop environments may not link running windows to this .desktop entry. Set desktopName in package.json and linux.syncDesktopName: true to fix.  reason=desktopName is not set in package.json docs=https://www.electron.build/linux#window-association-desktopname--syncdesktopname
2026-09-14T08:51:05.5970783Z   • downloaded      label=appimage-12.0.1.7z progress=100%
2026-09-14T08:51:05.7652223Z   • downloaded      label=7zip-linux-x64.tar.gz progress=100%
2026-09-14T08:51:14.0303192Z   • building embedded block map  file=dist/electron-builder/DevBar-0.7.1-linux-x64.AppImage
2026-09-14T08:51:19.9525857Z   • building        target=deb arch=x64 file=dist/electron-builder/DevBar-0.7.1-linux-x64.deb
2026-09-14T08:51:19.9548084Z   • electron uses desktopName as app_id / WM_CLASS for window association. Without it desktop environments may not link running windows to this .desktop entry. Set desktopName in package.json and linux.syncDesktopName: true to fix.  reason=desktopName is not set in package.json docs=https://www.electron.build/linux#window-association-desktopname--syncdesktopname
2026-09-14T08:51:20.1620136Z   • downloaded      label=fpm-1.17.0-ruby-3.4.3-linux-amd64.7z progress=100%
2026-09-14T08:52:18.4076518Z [linux] x64 done
2026-09-14T08:52:18.4087613Z   • electron-builder  version=26.16.1 os=6.17.0-1022-azure
2026-09-14T08:52:18.4091114Z   • publishing will be skipped  reason=current build is a part of pull request solution=set env PUBLISH_FOR_PULL_REQUEST to true to force code signing
2026-09-14T08:52:18.4093762Z There are serious security concerns with PUBLISH_FOR_PULL_REQUEST=true (see the  CircleCI documentation (https://circleci.com/docs/1.0/fork-pr-builds/) for details)
2026-09-14T08:52:18.4095499Z If you have SSH keys, sensitive env vars or AWS credentials stored in your project settings and untrusted forks can make pull requests against your repo, then this option isn't for you.
2026-09-14T08:52:18.4124894Z   • author is missed in the package.json  appPackageFile=/home/runner/work/devbar/devbar/package.json
2026-09-14T08:52:18.7144727Z   • executing @electron/rebuild  electronVersion=43.2.0 arch=arm64 buildFromSource=false workspaceRoot=/home/runner/work/devbar/devbar projectDir=./ appDir=./
2026-09-14T08:52:18.7146294Z   • installing native dependencies  arch=arm64
2026-09-14T08:52:18.8500715Z   • completed installing native dependencies
2026-09-14T08:52:18.8541758Z   • packaging       platform=linux arch=arm64 electron=43.2.0 appOutDir=dist/electron-builder/linux-arm64-unpacked
2026-09-14T08:52:19.1178954Z   • downloaded      label=electron progress=100%
2026-09-14T08:52:23.3689694Z   • downloaded electron zip extracted successfully  output=/home/runner/work/devbar/devbar/dist/electron-builder/linux-arm64-unpacked
2026-09-14T08:52:23.3939856Z   • searching for node modules  pm=pnpm searchDir=/home/runner/work/devbar/devbar
2026-09-14T08:52:24.6448289Z   • duplicate dependency references  dependencies=["type-fest@5.7.0"]
2026-09-14T08:52:25.9008890Z   • building        target=AppImage arch=arm64 file=dist/electron-builder/DevBar-0.7.1-linux-arm64.AppImage
2026-09-14T08:52:25.9014999Z   • electron uses desktopName as app_id / WM_CLASS for window association. Without it desktop environments may not link running windows to this .desktop entry. Set desktopName in package.json and linux.syncDesktopName: true to fix.  reason=desktopName is not set in package.json docs=https://www.electron.build/linux#window-association-desktopname--syncdesktopname
2026-09-14T08:52:33.0108499Z   • building embedded block map  file=dist/electron-builder/DevBar-0.7.1-linux-arm64.AppImage
2026-09-14T08:52:39.4769545Z   • building        target=deb arch=arm64 file=dist/electron-builder/DevBar-0.7.1-linux-arm64.deb
2026-09-14T08:52:39.4784491Z   • electron uses desktopName as app_id / WM_CLASS for window association. Without it desktop environments may not link running windows to this .desktop entry. Set desktopName in package.json and linux.syncDesktopName: true to fix.  reason=desktopName is not set in package.json docs=https://www.electron.build/linux#window-association-desktopname--syncdesktopname
2026-09-14T08:53:31.7155120Z [linux] arm64 done
2026-09-14T08:53:31.7167817Z   • electron-builder  version=26.16.1 os=6.17.0-1022-azure
2026-09-14T08:53:31.7170013Z   • publishing will be skipped  reason=current build is a part of pull request solution=set env PUBLISH_FOR_PULL_REQUEST to true to force code signing
2026-09-14T08:53:31.7172493Z There are serious security concerns with PUBLISH_FOR_PULL_REQUEST=true (see the  CircleCI documentation (https://circleci.com/docs/1.0/fork-pr-builds/) for details)
2026-09-14T08:53:31.7175051Z If you have SSH keys, sensitive env vars or AWS credentials stored in your project settings and untrusted forks can make pull requests against your repo, then this option isn't for you.
2026-09-14T08:53:31.7202199Z   • author is missed in the package.json  appPackageFile=/home/runner/work/devbar/devbar/package.json
2026-09-14T08:53:32.0219257Z   • executing @electron/rebuild  electronVersion=43.2.0 arch=armv7l buildFromSource=false workspaceRoot=/home/runner/work/devbar/devbar projectDir=./ appDir=./
2026-09-14T08:53:32.0221064Z   • installing native dependencies  arch=armv7l
2026-09-14T08:53:32.1569913Z   • completed installing native dependencies
2026-09-14T08:53:32.1615819Z   • packaging       platform=linux arch=armv7l electron=43.2.0 appOutDir=dist/electron-builder/linux-armv7l-unpacked
2026-09-14T08:53:32.4144191Z   • downloaded      label=electron progress=100%
2026-09-14T08:53:37.4362125Z   • downloaded electron zip extracted successfully  output=/home/runner/work/devbar/devbar/dist/electron-builder/linux-armv7l-unpacked
2026-09-14T08:53:37.4529072Z   • searching for node modules  pm=pnpm searchDir=/home/runner/work/devbar/devbar
2026-09-14T08:53:38.7013459Z   • duplicate dependency references  dependencies=["type-fest@5.7.0"]
2026-09-14T08:53:39.7671525Z   • building        target=AppImage arch=armv7l file=dist/electron-builder/DevBar-0.7.1-linux-armv7.AppImage
2026-09-14T08:53:39.7677736Z   • electron uses desktopName as app_id / WM_CLASS for window association. Without it desktop environments may not link running windows to this .desktop entry. Set desktopName in package.json and linux.syncDesktopName: true to fix.  reason=desktopName is not set in package.json docs=https://www.electron.build/linux#window-association-desktopname--syncdesktopname
2026-09-14T08:53:45.4926993Z   • building embedded block map  file=dist/electron-builder/DevBar-0.7.1-linux-armv7.AppImage
2026-09-14T08:53:51.7193916Z   • building        target=deb arch=armv7l file=dist/electron-builder/DevBar-0.7.1-linux-armv7.deb
2026-09-14T08:53:51.7208050Z   • electron uses desktopName as app_id / WM_CLASS for window association. Without it desktop environments may not link running windows to this .desktop entry. Set desktopName in package.json and linux.syncDesktopName: true to fix.  reason=desktopName is not set in package.json docs=https://www.electron.build/linux#window-association-desktopname--syncdesktopname
2026-09-14T08:54:36.4184084Z [linux] armv7 done
2026-09-14T08:54:36.7663969Z 
2026-09-14T08:54:36.7666819Z > devbar@0.7.1 verify:linux /home/runner/work/devbar/devbar
2026-09-14T08:54:36.7667688Z > pnpm run build && node build/scripts/verify-linux-release.js
2026-09-14T08:54:36.7667985Z 
2026-09-14T08:54:37.0457968Z 
2026-09-14T08:54:37.0458748Z > devbar@0.7.1 build /home/runner/work/devbar/devbar
2026-09-14T08:54:37.0459426Z > bash scripts/build.sh
2026-09-14T08:54:37.0459701Z 
2026-09-14T08:54:46.3226833Z 
2026-09-14T08:54:46.3229033Z   build/src/preload.cjs  8.9kb
2026-09-14T08:54:46.3229310Z 
2026-09-14T08:54:46.3229754Z ⚡ Done in 2ms
2026-09-14T08:54:46.3721437Z DevBar-0.7.1-linux-x64.AppImage is missing or empty: /home/runner/work/devbar/devbar/build/dist/electron-builder/DevBar-0.7.1-linux-x64.AppImage
2026-09-14T08:54:46.3883674Z  ELIFECYCLE  Command failed with exit code 1.
2026-09-14T08:54:46.4167990Z ##[error]Process completed with exit code 1.
2026-09-14T08:54:46.4279481Z Post job cleanup.
2026-09-14T08:54:46.5750745Z Pruning is unnecessary.
2026-09-14T08:54:46.5918558Z Post job cleanup.
2026-09-14T08:54:46.6859769Z [command]/usr/bin/git version
2026-09-14T08:54:46.6906948Z git version 2.55.0
2026-09-14T08:54:46.6948105Z Temporarily overriding HOME='/home/runner/work/_temp/9410cdb1-cb72-4fd8-872f-0f47e6f095fd' before making global git config changes
2026-09-14T08:54:46.6949830Z Adding repository directory to the temporary git global config as a safe directory
2026-09-14T08:54:46.6955675Z [command]/usr/bin/git config --global --add safe.directory /home/runner/work/devbar/devbar
2026-09-14T08:54:46.6988992Z Removing SSH command configuration
2026-09-14T08:54:46.6996257Z [command]/usr/bin/git config --local --name-only --get-regexp core\.sshCommand
2026-09-14T08:54:46.7054519Z [command]/usr/bin/git submodule foreach --recursive sh -c "git config --local --name-only --get-regexp 'core\.sshCommand' && git config --local --unset-all 'core.sshCommand' || :"
2026-09-14T08:54:46.7274821Z Removing HTTP extra header
2026-09-14T08:54:46.7280497Z [command]/usr/bin/git config --local --name-only --get-regexp http\.https\:\/\/github\.com\/\.extraheader
2026-09-14T08:54:46.7318893Z [command]/usr/bin/git submodule foreach --recursive sh -c "git config --local --name-only --get-regexp 'http\.https\:\/\/github\.com\/\.extraheader' && git config --local --unset-all 'http.https://github.com/.extraheader' || :"
2026-09-14T08:54:46.7577004Z Removing includeIf entries pointing to credentials config files
2026-09-14T08:54:46.7583303Z [command]/usr/bin/git config --local --name-only --get-regexp ^includeIf\.gitdir:
2026-09-14T08:54:46.7624987Z [command]/usr/bin/git submodule foreach --recursive git config --local --show-origin --name-only --get-regexp remote.origin.url
2026-09-14T08:54:46.8010170Z Cleaning up orphan processes
