2026-09-14T09:55:54.7286664Z Current runner version: '2.337.0'
2026-09-14T09:55:54.7312458Z ##[group]Runner Image Provisioner
2026-09-14T09:55:54.7313389Z Hosted Compute Agent
2026-09-14T09:55:54.7313979Z Version: 20260828.587
2026-09-14T09:55:54.7314730Z Commit: abac92662cab4cc7352de4f9f9d2e2419aad9c29
2026-09-14T09:55:54.7315451Z Build Date: 2026-08-28T16:44:25Z
2026-09-14T09:55:54.7316172Z Worker ID: {ea8301a6-9e69-40f0-b451-a96ea04037a4}
2026-09-14T09:55:54.7316897Z Azure Region: eastus
2026-09-14T09:55:54.7317730Z ##[endgroup]
2026-09-14T09:55:54.7319318Z ##[group]Operating System
2026-09-14T09:55:54.7319952Z Ubuntu
2026-09-14T09:55:54.7320544Z 24.04.5
2026-09-14T09:55:54.7321137Z LTS
2026-09-14T09:55:54.7321650Z ##[endgroup]
2026-09-14T09:55:54.7322282Z ##[group]Runner Image
2026-09-14T09:55:54.7322865Z Image: ubuntu-24.04
2026-09-14T09:55:54.7323400Z Version: 20260907.300.1
2026-09-14T09:55:54.7324726Z Included Software: https://github.com/actions/runner-images/blob/ubuntu24/20260907.300/images/ubuntu/Ubuntu2404-Readme.md
2026-09-14T09:55:54.7326375Z Image Release: https://github.com/actions/runner-images/releases/tag/ubuntu24%2F20260907.300
2026-09-14T09:55:54.7327553Z ##[endgroup]
2026-09-14T09:55:54.7328698Z ##[group]GITHUB_TOKEN Permissions
2026-09-14T09:55:54.7330866Z Contents: read
2026-09-14T09:55:54.7331590Z Metadata: read
2026-09-14T09:55:54.7332149Z ##[endgroup]
2026-09-14T09:55:54.7334436Z Secret source: Actions
2026-09-14T09:55:54.7335511Z Cache mode: write
2026-09-14T09:55:54.7336507Z Prepare workflow directory
2026-09-14T09:55:54.7666483Z Prepare all required actions
2026-09-14T09:55:54.7714921Z Getting action download info
2026-09-14T09:55:55.0282461Z Download action repository 'actions/checkout@3d3c42e5aac5ba805825da76410c181273ba90b1' (SHA:3d3c42e5aac5ba805825da76410c181273ba90b1)
2026-09-14T09:55:55.1457910Z Download action repository 'pnpm/action-setup@0977fd99725f1db4007ccb2928dbb4e90d06cc86' (SHA:0977fd99725f1db4007ccb2928dbb4e90d06cc86)
2026-09-14T09:55:55.3379236Z Download action repository 'actions/setup-node@820762786026740c76f36085b0efc47a31fe5020' (SHA:820762786026740c76f36085b0efc47a31fe5020)
2026-09-14T09:55:55.4578021Z Download action repository 'actions/cache@55cc8345863c7cc4c66a329aec7e433d2d1c52a9' (SHA:55cc8345863c7cc4c66a329aec7e433d2d1c52a9)
2026-09-14T09:55:55.5659412Z Download action repository 'actions/upload-artifact@043fb46d1a93c77aae656e7c1c64a875d1fc6a0a' (SHA:043fb46d1a93c77aae656e7c1c64a875d1fc6a0a)
2026-09-14T09:55:55.8277511Z Complete job name: Build, verify & launch smoke — linux
2026-09-14T09:55:55.9346239Z ##[group]Run actions/checkout@3d3c42e5aac5ba805825da76410c181273ba90b1
2026-09-14T09:55:55.9348288Z with:
2026-09-14T09:55:55.9349151Z   persist-credentials: false
2026-09-14T09:55:55.9350214Z   repository: juanjoGonDev/devbar
2026-09-14T09:55:55.9358865Z   token: ***
2026-09-14T09:55:55.9359734Z   ssh-strict: true
2026-09-14T09:55:55.9360627Z   ssh-user: git
2026-09-14T09:55:55.9361468Z   clean: true
2026-09-14T09:55:55.9362353Z   sparse-checkout-cone-mode: true
2026-09-14T09:55:55.9363421Z   fetch-depth: 1
2026-09-14T09:55:55.9364285Z   fetch-tags: false
2026-09-14T09:55:55.9365167Z   show-progress: true
2026-09-14T09:55:55.9366065Z   lfs: false
2026-09-14T09:55:55.9367060Z   submodules: false
2026-09-14T09:55:55.9367977Z   set-safe-directory: true
2026-09-14T09:55:55.9368996Z   allow-unsafe-pr-checkout: false
2026-09-14T09:55:55.9370357Z ##[endgroup]
2026-09-14T09:55:56.0429651Z Syncing repository: juanjoGonDev/devbar
2026-09-14T09:55:56.0432994Z ##[group]Getting Git version info
2026-09-14T09:55:56.0434392Z Working directory is '/home/runner/work/devbar/devbar'
2026-09-14T09:55:56.0436745Z [command]/usr/bin/git version
2026-09-14T09:55:56.0466283Z git version 2.55.0
2026-09-14T09:55:56.0493450Z ##[endgroup]
2026-09-14T09:55:56.0503614Z Temporarily overriding HOME='/home/runner/work/_temp/e8492d8b-edf7-47b8-8ed4-d49f67637ba5' before making global git config changes
2026-09-14T09:55:56.0509581Z Adding repository directory to the temporary git global config as a safe directory
2026-09-14T09:55:56.0513841Z [command]/usr/bin/git config --global --add safe.directory /home/runner/work/devbar/devbar
2026-09-14T09:55:56.0564805Z Deleting the contents of '/home/runner/work/devbar/devbar'
2026-09-14T09:55:56.0569473Z ##[group]Determining repository object format
2026-09-14T09:55:56.0572790Z ##[endgroup]
2026-09-14T09:55:56.0575587Z ##[group]Initializing the repository
2026-09-14T09:55:56.0578263Z [command]/usr/bin/git init /home/runner/work/devbar/devbar
2026-09-14T09:55:56.0687752Z hint: Using 'master' as the name for the initial branch. This default branch name
2026-09-14T09:55:56.0691285Z hint: will change to "main" in Git 3.0. To configure the initial branch name
2026-09-14T09:55:56.0694677Z hint: to use in all of your new repositories, which will suppress this warning,
2026-09-14T09:55:56.0697681Z hint: call:
2026-09-14T09:55:56.0699137Z hint:
2026-09-14T09:55:56.0700934Z hint: 	git config --global init.defaultBranch <name>
2026-09-14T09:55:56.0703050Z hint:
2026-09-14T09:55:56.0705175Z hint: Names commonly chosen instead of 'master' are 'main', 'trunk' and
2026-09-14T09:55:56.0708909Z hint: 'development'. The just-created branch can be renamed via this command:
2026-09-14T09:55:56.0711503Z hint:
2026-09-14T09:55:56.0712921Z hint: 	git branch -m <name>
2026-09-14T09:55:56.0714730Z hint:
2026-09-14T09:55:56.0716066Z hint: Disable this message with "git config set advice.defaultBranchName false"
2026-09-14T09:55:56.0718510Z Initialized empty Git repository in /home/runner/work/devbar/devbar/.git/
2026-09-14T09:55:56.0721781Z [command]/usr/bin/git remote add origin https://github.com/juanjoGonDev/devbar
2026-09-14T09:55:56.0763361Z ##[endgroup]
2026-09-14T09:55:56.0766624Z ##[group]Disabling automatic garbage collection
2026-09-14T09:55:56.0769695Z [command]/usr/bin/git config --local gc.auto 0
2026-09-14T09:55:56.0802414Z ##[endgroup]
2026-09-14T09:55:56.0805111Z ##[group]Setting up auth
2026-09-14T09:55:56.0807169Z Removing SSH command configuration
2026-09-14T09:55:56.0809813Z [command]/usr/bin/git config --local --name-only --get-regexp core\.sshCommand
2026-09-14T09:55:56.0843595Z [command]/usr/bin/git submodule foreach --recursive sh -c "git config --local --name-only --get-regexp 'core\.sshCommand' && git config --local --unset-all 'core.sshCommand' || :"
2026-09-14T09:55:56.1207881Z Removing HTTP extra header
2026-09-14T09:55:56.1214995Z [command]/usr/bin/git config --local --name-only --get-regexp http\.https\:\/\/github\.com\/\.extraheader
2026-09-14T09:55:56.1260825Z [command]/usr/bin/git submodule foreach --recursive sh -c "git config --local --name-only --get-regexp 'http\.https\:\/\/github\.com\/\.extraheader' && git config --local --unset-all 'http.https://github.com/.extraheader' || :"
2026-09-14T09:55:56.1488660Z Removing includeIf entries pointing to credentials config files
2026-09-14T09:55:56.1493372Z [command]/usr/bin/git config --local --name-only --get-regexp ^includeIf\.gitdir:
2026-09-14T09:55:56.1529155Z [command]/usr/bin/git submodule foreach --recursive git config --local --show-origin --name-only --get-regexp remote.origin.url
2026-09-14T09:55:56.1751842Z [command]/usr/bin/git config --file /home/runner/work/_temp/git-credentials-e7c61d49-94a7-4ad5-88cb-13f26c1d9238.config http.https://github.com/.extraheader AUTHORIZATION: basic ***
2026-09-14T09:55:56.1791100Z [command]/usr/bin/git config --local includeIf.gitdir:/home/runner/work/devbar/devbar/.git.path /home/runner/work/_temp/git-credentials-e7c61d49-94a7-4ad5-88cb-13f26c1d9238.config
2026-09-14T09:55:56.1825342Z [command]/usr/bin/git config --local includeIf.gitdir:/home/runner/work/devbar/devbar/.git/worktrees/*.path /home/runner/work/_temp/git-credentials-e7c61d49-94a7-4ad5-88cb-13f26c1d9238.config
2026-09-14T09:55:56.1860663Z [command]/usr/bin/git config --local includeIf.gitdir:/github/workspace/.git.path /github/runner_temp/git-credentials-e7c61d49-94a7-4ad5-88cb-13f26c1d9238.config
2026-09-14T09:55:56.1896101Z [command]/usr/bin/git config --local includeIf.gitdir:/github/workspace/.git/worktrees/*.path /github/runner_temp/git-credentials-e7c61d49-94a7-4ad5-88cb-13f26c1d9238.config
2026-09-14T09:55:56.1926878Z ##[endgroup]
2026-09-14T09:55:56.1929433Z ##[group]Fetching the repository
2026-09-14T09:55:56.1933862Z [command]/usr/bin/git -c protocol.version=2 fetch --no-tags --prune --no-recurse-submodules --depth=1 origin +9f1ff06f3b228f0ac62da711e68900ed5df73df0:refs/remotes/pull/78/merge
2026-09-14T09:55:56.5204256Z From https://github.com/juanjoGonDev/devbar
2026-09-14T09:55:56.5206893Z  * [new ref]         9f1ff06f3b228f0ac62da711e68900ed5df73df0 -> pull/78/merge
2026-09-14T09:55:56.5214922Z ##[endgroup]
2026-09-14T09:55:56.5215706Z ##[group]Determining the checkout info
2026-09-14T09:55:56.5216568Z ##[endgroup]
2026-09-14T09:55:56.5217682Z [command]/usr/bin/git sparse-checkout disable
2026-09-14T09:55:56.5271491Z [command]/usr/bin/git config --local --unset-all extensions.worktreeConfig
2026-09-14T09:55:56.5303260Z ##[group]Checking out the ref
2026-09-14T09:55:56.5307486Z [command]/usr/bin/git checkout --progress --force refs/remotes/pull/78/merge
2026-09-14T09:55:56.5515420Z Note: switching to 'refs/remotes/pull/78/merge'.
2026-09-14T09:55:56.5516407Z 
2026-09-14T09:55:56.5517547Z You are in 'detached HEAD' state. You can look around, make experimental
2026-09-14T09:55:56.5519497Z changes and commit them, and you can discard any commits you make in this
2026-09-14T09:55:56.5521375Z state without impacting any branches by switching back to a branch.
2026-09-14T09:55:56.5522583Z 
2026-09-14T09:55:56.5523301Z If you want to create a new branch to retain commits you create, you may
2026-09-14T09:55:56.5524628Z do so (now or later) by using -c with the switch command. Example:
2026-09-14T09:55:56.5525249Z 
2026-09-14T09:55:56.5525451Z   git switch -c <new-branch-name>
2026-09-14T09:55:56.5525819Z 
2026-09-14T09:55:56.5525987Z Or undo this operation with:
2026-09-14T09:55:56.5526399Z 
2026-09-14T09:55:56.5526616Z   git switch -
2026-09-14T09:55:56.5527264Z 
2026-09-14T09:55:56.5528102Z Turn off this advice by setting config variable advice.detachedHead to false
2026-09-14T09:55:56.5529198Z 
2026-09-14T09:55:56.5530060Z HEAD is now at 9f1ff06 Merge 143117abb1a4e7c7e8a387b328f26ba08b8d68d6 into 42a77c630288a92901d0127cde05e7e033cf4dda
2026-09-14T09:55:56.5532753Z ##[endgroup]
2026-09-14T09:55:56.5574511Z [command]/usr/bin/git log -1 --format=%H
2026-09-14T09:55:56.5604065Z 9f1ff06f3b228f0ac62da711e68900ed5df73df0
2026-09-14T09:55:56.5617737Z ##[group]Removing auth
2026-09-14T09:55:56.5618491Z Removing SSH command configuration
2026-09-14T09:55:56.5621488Z [command]/usr/bin/git config --local --name-only --get-regexp core\.sshCommand
2026-09-14T09:55:56.5657686Z [command]/usr/bin/git submodule foreach --recursive sh -c "git config --local --name-only --get-regexp 'core\.sshCommand' && git config --local --unset-all 'core.sshCommand' || :"
2026-09-14T09:55:56.5876851Z Removing HTTP extra header
2026-09-14T09:55:56.5881334Z [command]/usr/bin/git config --local --name-only --get-regexp http\.https\:\/\/github\.com\/\.extraheader
2026-09-14T09:55:56.5919457Z [command]/usr/bin/git submodule foreach --recursive sh -c "git config --local --name-only --get-regexp 'http\.https\:\/\/github\.com\/\.extraheader' && git config --local --unset-all 'http.https://github.com/.extraheader' || :"
2026-09-14T09:55:56.6140144Z Removing includeIf entries pointing to credentials config files
2026-09-14T09:55:56.6144132Z [command]/usr/bin/git config --local --name-only --get-regexp ^includeIf\.gitdir:
2026-09-14T09:55:56.6174834Z includeif.gitdir:/home/runner/work/devbar/devbar/.git.path
2026-09-14T09:55:56.6176795Z includeif.gitdir:/home/runner/work/devbar/devbar/.git/worktrees/*.path
2026-09-14T09:55:56.6178700Z includeif.gitdir:/github/workspace/.git.path
2026-09-14T09:55:56.6180109Z includeif.gitdir:/github/workspace/.git/worktrees/*.path
2026-09-14T09:55:56.6185109Z [command]/usr/bin/git config --local --get-all includeif.gitdir:/home/runner/work/devbar/devbar/.git.path
2026-09-14T09:55:56.6212017Z /home/runner/work/_temp/git-credentials-e7c61d49-94a7-4ad5-88cb-13f26c1d9238.config
2026-09-14T09:55:56.6222386Z [command]/usr/bin/git config --local --unset includeif.gitdir:/home/runner/work/devbar/devbar/.git.path \/home\/runner\/work\/_temp\/git\-credentials\-e7c61d49\-94a7\-4ad5\-88cb\-13f26c1d9238\.config
2026-09-14T09:55:56.6258727Z [command]/usr/bin/git config --local --get-all includeif.gitdir:/home/runner/work/devbar/devbar/.git/worktrees/*.path
2026-09-14T09:55:56.6284941Z /home/runner/work/_temp/git-credentials-e7c61d49-94a7-4ad5-88cb-13f26c1d9238.config
2026-09-14T09:55:56.6292911Z [command]/usr/bin/git config --local --unset includeif.gitdir:/home/runner/work/devbar/devbar/.git/worktrees/*.path \/home\/runner\/work\/_temp\/git\-credentials\-e7c61d49\-94a7\-4ad5\-88cb\-13f26c1d9238\.config
2026-09-14T09:55:56.6326502Z [command]/usr/bin/git config --local --get-all includeif.gitdir:/github/workspace/.git.path
2026-09-14T09:55:56.6352369Z /github/runner_temp/git-credentials-e7c61d49-94a7-4ad5-88cb-13f26c1d9238.config
2026-09-14T09:55:56.6361337Z [command]/usr/bin/git config --local --unset includeif.gitdir:/github/workspace/.git.path \/github\/runner_temp\/git\-credentials\-e7c61d49\-94a7\-4ad5\-88cb\-13f26c1d9238\.config
2026-09-14T09:55:56.6399366Z [command]/usr/bin/git config --local --get-all includeif.gitdir:/github/workspace/.git/worktrees/*.path
2026-09-14T09:55:56.6425703Z /github/runner_temp/git-credentials-e7c61d49-94a7-4ad5-88cb-13f26c1d9238.config
2026-09-14T09:55:56.6521989Z [command]/usr/bin/git config --local --unset includeif.gitdir:/github/workspace/.git/worktrees/*.path \/github\/runner_temp\/git\-credentials\-e7c61d49\-94a7\-4ad5\-88cb\-13f26c1d9238\.config
2026-09-14T09:55:56.6560123Z [command]/usr/bin/git submodule foreach --recursive git config --local --show-origin --name-only --get-regexp remote.origin.url
2026-09-14T09:55:56.6777608Z Removing credentials config '/home/runner/work/_temp/git-credentials-e7c61d49-94a7-4ad5-88cb-13f26c1d9238.config'
2026-09-14T09:55:56.6784627Z ##[endgroup]
2026-09-14T09:55:56.7035476Z ##[group]Run pnpm/action-setup@0977fd99725f1db4007ccb2928dbb4e90d06cc86
2026-09-14T09:55:56.7036341Z with:
2026-09-14T09:55:56.7036698Z   dest: ~/setup-pnpm
2026-09-14T09:55:56.7037369Z   run_install: null
2026-09-14T09:55:56.7037766Z   cache: false
2026-09-14T09:55:56.7038195Z   cache_dependency_path: pnpm-lock.yaml
2026-09-14T09:55:56.7038807Z   package_json_file: package.json
2026-09-14T09:55:56.7039332Z   standalone: false
2026-09-14T09:55:56.7039718Z ##[endgroup]
2026-09-14T09:55:56.8594180Z ##[group]Running self-installer...
2026-09-14T09:55:58.6870524Z 
2026-09-14T09:55:58.6871343Z added 1 package, and audited 2 packages in 2s
2026-09-14T09:55:58.6871771Z 
2026-09-14T09:55:58.6872133Z 1 package is looking for funding
2026-09-14T09:55:58.6872671Z   run `npm fund` for details
2026-09-14T09:55:58.6879001Z 
2026-09-14T09:55:58.6879552Z found 0 vulnerabilities
2026-09-14T09:55:59.3129094Z Checking for updates...
2026-09-14T09:55:59.4479696Z Switching pnpm from v11.19.0 to v10.32.1...
2026-09-14T09:55:59.8447949Z .../v11/936-1a09f584e55-e9916c4ae2edaca8 | Progress: resolved 1, reused 0, downloaded 0, added 0
2026-09-14T09:55:59.8467998Z .../v11/936-1a09f584e55-e9916c4ae2edaca8 |   +1 +
2026-09-14T09:56:00.0809131Z .../v11/936-1a09f584e55-e9916c4ae2edaca8 | Progress: resolved 1, reused 0, downloaded 1, added 1, done
2026-09-14T09:56:00.4878967Z [WARN] Detected a pnpm v10 installation layout at PNPM_HOME. The pnpm shims at PNPM_HOME have been refreshed so the new version is active, but pnpm v11 expects bins in PNPM_HOME/bin. Run "pnpm setup" to migrate your PATH to the v11 layout.
2026-09-14T09:56:00.4908160Z Successfully updated pnpm to v10.32.1
2026-09-14T09:56:00.5204922Z ##[endgroup]
2026-09-14T09:56:00.5206152Z Installation Completed!
2026-09-14T09:56:00.5424209Z ##[group]Run actions/setup-node@820762786026740c76f36085b0efc47a31fe5020
2026-09-14T09:56:00.5424595Z with:
2026-09-14T09:56:00.5424786Z   node-version: 22
2026-09-14T09:56:00.5424997Z   cache: pnpm
2026-09-14T09:56:00.5425211Z   check-latest: false
2026-09-14T09:56:00.5427998Z   token: ***
2026-09-14T09:56:00.5428239Z   package-manager-cache: true
2026-09-14T09:56:00.5428481Z env:
2026-09-14T09:56:00.5428716Z   PNPM_HOME: /home/runner/setup-pnpm/node_modules/.bin
2026-09-14T09:56:00.5429025Z ##[endgroup]
2026-09-14T09:56:00.6705033Z Found in cache @ /opt/hostedtoolcache/node/22.23.2/x64
2026-09-14T09:56:00.6709322Z ##[group]Environment details
2026-09-14T09:56:01.0489631Z node: v22.23.2
2026-09-14T09:56:01.0490161Z npm: 10.9.8
2026-09-14T09:56:01.0490516Z yarn: 1.22.22
2026-09-14T09:56:01.0491284Z ##[endgroup]
2026-09-14T09:56:01.0512125Z [command]/home/runner/setup-pnpm/node_modules/.bin/bin/pnpm store path --silent
2026-09-14T09:56:01.3459294Z /home/runner/setup-pnpm/node_modules/.bin/store/v10
2026-09-14T09:56:01.4466835Z Cache hit for: node-cache-Linux-x64-pnpm-83528be4bfacfab174cb4589cc6560b2987ff34bb71b9519b61a7c1fb63cbec1
2026-09-14T09:56:01.8546648Z Received 72015995 of 72015995 (100.0%), 186.6 MBs/sec
2026-09-14T09:56:01.8547798Z Cache Size: ~69 MB (72015995 B)
2026-09-14T09:56:01.8612845Z [command]/usr/bin/tar -xf /home/runner/work/_temp/fe2d79f5-af48-4d1a-ab7a-dc5a4dc695ee/cache.tzst -P -C /home/runner/work/devbar/devbar --use-compress-program unzstd
2026-09-14T09:56:02.6605676Z Cache restored successfully
2026-09-14T09:56:02.6626247Z Cache restored from key: node-cache-Linux-x64-pnpm-83528be4bfacfab174cb4589cc6560b2987ff34bb71b9519b61a7c1fb63cbec1
2026-09-14T09:56:02.6823670Z ##[group]Run echo "version=$(node -p "require('./package.json').version")" >> "$GITHUB_OUTPUT"
2026-09-14T09:56:02.6825095Z [36;1mecho "version=$(node -p "require('./package.json').version")" >> "$GITHUB_OUTPUT"[0m
2026-09-14T09:56:02.6874264Z shell: /usr/bin/bash --noprofile --norc -e -o pipefail {0}
2026-09-14T09:56:02.6874628Z env:
2026-09-14T09:56:02.6874893Z   PNPM_HOME: /home/runner/setup-pnpm/node_modules/.bin
2026-09-14T09:56:02.6875201Z ##[endgroup]
2026-09-14T09:56:02.7873186Z ##[group]Run actions/cache@55cc8345863c7cc4c66a329aec7e433d2d1c52a9
2026-09-14T09:56:02.7873561Z with:
2026-09-14T09:56:02.7873832Z   path: ~/.cache/electron
~/.cache/electron-builder

2026-09-14T09:56:02.7874314Z   key: electron-linux-83528be4bfacfab174cb4589cc6560b2987ff34bb71b9519b61a7c1fb63cbec1
2026-09-14T09:56:02.7874780Z   enableCrossOsArchive: false
2026-09-14T09:56:02.7875030Z   fail-on-cache-miss: false
2026-09-14T09:56:02.7875262Z   lookup-only: false
2026-09-14T09:56:02.7875471Z   save-always: false
2026-09-14T09:56:02.7875665Z env:
2026-09-14T09:56:02.7875903Z   PNPM_HOME: /home/runner/setup-pnpm/node_modules/.bin
2026-09-14T09:56:02.7876193Z ##[endgroup]
2026-09-14T09:56:02.9555801Z Cache not found for input keys: electron-linux-83528be4bfacfab174cb4589cc6560b2987ff34bb71b9519b61a7c1fb63cbec1
2026-09-14T09:56:02.9681224Z ##[group]Run pnpm install --frozen-lockfile
2026-09-14T09:56:02.9681616Z [36;1mpnpm install --frozen-lockfile[0m
2026-09-14T09:56:02.9731452Z shell: /usr/bin/bash -e {0}
2026-09-14T09:56:02.9731736Z env:
2026-09-14T09:56:02.9732003Z   PNPM_HOME: /home/runner/setup-pnpm/node_modules/.bin
2026-09-14T09:56:02.9732347Z ##[endgroup]
2026-09-14T09:56:03.3011530Z Lockfile is up to date, resolution step is skipped
2026-09-14T09:56:03.4598278Z Packages: +481
2026-09-14T09:56:03.4631799Z ++++++++++++++++++++++++++++++++++++++++++++++++++++++++++++++++++++++++++++++++
2026-09-14T09:56:03.4898479Z Progress: resolved 0, reused 1, downloaded 0, added 0
2026-09-14T09:56:04.2660275Z Progress: resolved 0, reused 465, downloaded 0, added 481, done
2026-09-14T09:56:04.3727599Z 
2026-09-14T09:56:04.4285185Z 
2026-09-14T09:56:04.4286399Z > devbar@0.7.1 postinstall /home/runner/work/devbar/devbar
2026-09-14T09:56:04.4287523Z > node --experimental-strip-types scripts/install-hooks.ts
2026-09-14T09:56:04.4288065Z 
2026-09-14T09:56:04.5089805Z ╭ Warning ─────────────────────────────────────────────────────────────────────╮
2026-09-14T09:56:04.5090878Z │                                                                              │
2026-09-14T09:56:04.5092198Z │   Ignored build scripts: electron-winstaller@5.4.0, esbuild@0.28.2.          │
2026-09-14T09:56:04.5094032Z │   Run "pnpm approve-builds" to pick which dependencies should be allowed     │
2026-09-14T09:56:04.5095208Z │   to run scripts.                                                            │
2026-09-14T09:56:04.5096032Z │                                                                              │
2026-09-14T09:56:04.5096600Z ╰──────────────────────────────────────────────────────────────────────────────╯
2026-09-14T09:56:04.5189640Z Done in 1.5s using pnpm v10.32.1
2026-09-14T09:56:04.5376515Z ##[group]Run pnpm run dist:linux && pnpm run verify:linux
2026-09-14T09:56:04.5377252Z [36;1mpnpm run dist:linux && pnpm run verify:linux[0m
2026-09-14T09:56:04.5414006Z shell: /usr/bin/bash -e {0}
2026-09-14T09:56:04.5414268Z env:
2026-09-14T09:56:04.5414524Z   PNPM_HOME: /home/runner/setup-pnpm/node_modules/.bin
2026-09-14T09:56:04.5414869Z ##[endgroup]
2026-09-14T09:56:04.8688350Z 
2026-09-14T09:56:04.8689183Z > devbar@0.7.1 dist:linux /home/runner/work/devbar/devbar
2026-09-14T09:56:04.8690309Z > pnpm run build && node --experimental-strip-types scripts/package-win-linux.ts linux
2026-09-14T09:56:04.8690924Z 
2026-09-14T09:56:05.1514429Z 
2026-09-14T09:56:05.1515159Z > devbar@0.7.1 build /home/runner/work/devbar/devbar
2026-09-14T09:56:05.1515666Z > bash scripts/build.sh
2026-09-14T09:56:05.1515868Z 
2026-09-14T09:56:14.7626373Z 
2026-09-14T09:56:14.7627319Z   build/src/preload.cjs  8.9kb
2026-09-14T09:56:14.7627723Z 
2026-09-14T09:56:14.7628155Z ⚡ Done in 2ms
2026-09-14T09:56:15.2868361Z   • electron-builder  version=26.16.1 os=6.17.0-1022-azure
2026-09-14T09:56:15.2875376Z   • publishing will be skipped  reason=current build is a part of pull request solution=set env PUBLISH_FOR_PULL_REQUEST to true to force code signing
2026-09-14T09:56:15.2877935Z There are serious security concerns with PUBLISH_FOR_PULL_REQUEST=true (see the  CircleCI documentation (https://circleci.com/docs/1.0/fork-pr-builds/) for details)
2026-09-14T09:56:15.2880442Z If you have SSH keys, sensitive env vars or AWS credentials stored in your project settings and untrusted forks can make pull requests against your repo, then this option isn't for you.
2026-09-14T09:56:15.2975805Z   • author is missed in the package.json  appPackageFile=/home/runner/work/devbar/devbar/package.json
2026-09-14T09:56:16.2315716Z   • executing @electron/rebuild  electronVersion=43.2.0 arch=x64 buildFromSource=false workspaceRoot=/home/runner/work/devbar/devbar projectDir=./ appDir=./
2026-09-14T09:56:16.2317413Z   • installing native dependencies  arch=x64
2026-09-14T09:56:16.3720728Z   • completed installing native dependencies
2026-09-14T09:56:16.3761027Z   • packaging       platform=linux arch=x64 electron=43.2.0 appOutDir=dist/electron-builder/linux-unpacked
2026-09-14T09:56:16.4114378Z   • downloaded      label=electron progress=100%
2026-09-14T09:56:19.6913559Z   • downloaded electron zip extracted successfully  output=/home/runner/work/devbar/devbar/dist/electron-builder/linux-unpacked
2026-09-14T09:56:19.7222394Z   • searching for node modules  pm=pnpm searchDir=/home/runner/work/devbar/devbar
2026-09-14T09:56:20.9900011Z   • duplicate dependency references  dependencies=["type-fest@5.7.0"]
2026-09-14T09:56:22.2425989Z   • building        target=AppImage arch=x64 file=dist/electron-builder/DevBar-0.7.1-linux-x64.AppImage
2026-09-14T09:56:22.2434216Z   • electron uses desktopName as app_id / WM_CLASS for window association. Without it desktop environments may not link running windows to this .desktop entry. Set desktopName in package.json and linux.syncDesktopName: true to fix.  reason=desktopName is not set in package.json docs=https://www.electron.build/linux#window-association-desktopname--syncdesktopname
2026-09-14T09:56:22.2747009Z   • downloaded      label=appimage-12.0.1.7z progress=100%
2026-09-14T09:56:22.3275743Z   • downloaded      label=7zip-linux-x64.tar.gz progress=100%
2026-09-14T09:56:30.7427449Z   • building embedded block map  file=dist/electron-builder/DevBar-0.7.1-linux-x64.AppImage
2026-09-14T09:56:36.6986263Z   • building        target=deb arch=x64 file=dist/electron-builder/DevBar-0.7.1-linux-x64.deb
2026-09-14T09:56:36.7009003Z   • electron uses desktopName as app_id / WM_CLASS for window association. Without it desktop environments may not link running windows to this .desktop entry. Set desktopName in package.json and linux.syncDesktopName: true to fix.  reason=desktopName is not set in package.json docs=https://www.electron.build/linux#window-association-desktopname--syncdesktopname
2026-09-14T09:56:36.7798853Z   • downloaded      label=fpm-1.17.0-ruby-3.4.3-linux-amd64.7z progress=100%
2026-09-14T09:57:32.2788264Z [linux] x64 done
2026-09-14T09:57:32.2797977Z   • electron-builder  version=26.16.1 os=6.17.0-1022-azure
2026-09-14T09:57:32.2802639Z   • publishing will be skipped  reason=current build is a part of pull request solution=set env PUBLISH_FOR_PULL_REQUEST to true to force code signing
2026-09-14T09:57:32.2804970Z There are serious security concerns with PUBLISH_FOR_PULL_REQUEST=true (see the  CircleCI documentation (https://circleci.com/docs/1.0/fork-pr-builds/) for details)
2026-09-14T09:57:32.2807506Z If you have SSH keys, sensitive env vars or AWS credentials stored in your project settings and untrusted forks can make pull requests against your repo, then this option isn't for you.
2026-09-14T09:57:32.2839573Z   • author is missed in the package.json  appPackageFile=/home/runner/work/devbar/devbar/package.json
2026-09-14T09:57:32.5885082Z   • executing @electron/rebuild  electronVersion=43.2.0 arch=arm64 buildFromSource=false workspaceRoot=/home/runner/work/devbar/devbar projectDir=./ appDir=./
2026-09-14T09:57:32.5886112Z   • installing native dependencies  arch=arm64
2026-09-14T09:57:32.7137726Z   • completed installing native dependencies
2026-09-14T09:57:32.7189630Z   • packaging       platform=linux arch=arm64 electron=43.2.0 appOutDir=dist/electron-builder/linux-arm64-unpacked
2026-09-14T09:57:32.8131834Z   • downloaded      label=electron progress=100%
2026-09-14T09:57:35.8367464Z   • downloaded electron zip extracted successfully  output=/home/runner/work/devbar/devbar/dist/electron-builder/linux-arm64-unpacked
2026-09-14T09:57:35.8589823Z   • searching for node modules  pm=pnpm searchDir=/home/runner/work/devbar/devbar
2026-09-14T09:57:37.1220678Z   • duplicate dependency references  dependencies=["type-fest@5.7.0"]
2026-09-14T09:57:38.2848438Z   • building        target=AppImage arch=arm64 file=dist/electron-builder/DevBar-0.7.1-linux-arm64.AppImage
2026-09-14T09:57:38.2854910Z   • electron uses desktopName as app_id / WM_CLASS for window association. Without it desktop environments may not link running windows to this .desktop entry. Set desktopName in package.json and linux.syncDesktopName: true to fix.  reason=desktopName is not set in package.json docs=https://www.electron.build/linux#window-association-desktopname--syncdesktopname
2026-09-14T09:57:45.3100836Z   • building embedded block map  file=dist/electron-builder/DevBar-0.7.1-linux-arm64.AppImage
2026-09-14T09:57:51.7310859Z   • building        target=deb arch=arm64 file=dist/electron-builder/DevBar-0.7.1-linux-arm64.deb
2026-09-14T09:57:51.7325267Z   • electron uses desktopName as app_id / WM_CLASS for window association. Without it desktop environments may not link running windows to this .desktop entry. Set desktopName in package.json and linux.syncDesktopName: true to fix.  reason=desktopName is not set in package.json docs=https://www.electron.build/linux#window-association-desktopname--syncdesktopname
2026-09-14T09:58:37.3497559Z [linux] arm64 done
2026-09-14T09:58:37.3504848Z   • electron-builder  version=26.16.1 os=6.17.0-1022-azure
2026-09-14T09:58:37.3510316Z   • publishing will be skipped  reason=current build is a part of pull request solution=set env PUBLISH_FOR_PULL_REQUEST to true to force code signing
2026-09-14T09:58:37.3512553Z There are serious security concerns with PUBLISH_FOR_PULL_REQUEST=true (see the  CircleCI documentation (https://circleci.com/docs/1.0/fork-pr-builds/) for details)
2026-09-14T09:58:37.3514666Z If you have SSH keys, sensitive env vars or AWS credentials stored in your project settings and untrusted forks can make pull requests against your repo, then this option isn't for you.
2026-09-14T09:58:37.3543706Z   • author is missed in the package.json  appPackageFile=/home/runner/work/devbar/devbar/package.json
2026-09-14T09:58:37.6577417Z   • executing @electron/rebuild  electronVersion=43.2.0 arch=armv7l buildFromSource=false workspaceRoot=/home/runner/work/devbar/devbar projectDir=./ appDir=./
2026-09-14T09:58:37.6579422Z   • installing native dependencies  arch=armv7l
2026-09-14T09:58:37.7925385Z   • completed installing native dependencies
2026-09-14T09:58:37.7966077Z   • packaging       platform=linux arch=armv7l electron=43.2.0 appOutDir=dist/electron-builder/linux-armv7l-unpacked
2026-09-14T09:58:37.9173366Z   • downloaded      label=electron progress=100%
2026-09-14T09:58:40.6089196Z   • downloaded electron zip extracted successfully  output=/home/runner/work/devbar/devbar/dist/electron-builder/linux-armv7l-unpacked
2026-09-14T09:58:40.6305942Z   • searching for node modules  pm=pnpm searchDir=/home/runner/work/devbar/devbar
2026-09-14T09:58:41.8631152Z   • duplicate dependency references  dependencies=["type-fest@5.7.0"]
2026-09-14T09:58:42.9302172Z   • building        target=AppImage arch=armv7l file=dist/electron-builder/DevBar-0.7.1-linux-armv7.AppImage
2026-09-14T09:58:42.9308007Z   • electron uses desktopName as app_id / WM_CLASS for window association. Without it desktop environments may not link running windows to this .desktop entry. Set desktopName in package.json and linux.syncDesktopName: true to fix.  reason=desktopName is not set in package.json docs=https://www.electron.build/linux#window-association-desktopname--syncdesktopname
2026-09-14T09:58:48.7010633Z   • building embedded block map  file=dist/electron-builder/DevBar-0.7.1-linux-armv7.AppImage
2026-09-14T09:58:54.9660061Z   • building        target=deb arch=armv7l file=dist/electron-builder/DevBar-0.7.1-linux-armv7.deb
2026-09-14T09:58:54.9673640Z   • electron uses desktopName as app_id / WM_CLASS for window association. Without it desktop environments may not link running windows to this .desktop entry. Set desktopName in package.json and linux.syncDesktopName: true to fix.  reason=desktopName is not set in package.json docs=https://www.electron.build/linux#window-association-desktopname--syncdesktopname
2026-09-14T09:59:34.7516342Z [linux] armv7 done
2026-09-14T09:59:35.0988699Z 
2026-09-14T09:59:35.0991508Z > devbar@0.7.1 verify:linux /home/runner/work/devbar/devbar
2026-09-14T09:59:35.0992608Z > pnpm run build && node build/scripts/verify-linux-release.js
2026-09-14T09:59:35.0993182Z 
2026-09-14T09:59:35.3716549Z 
2026-09-14T09:59:35.3717438Z > devbar@0.7.1 build /home/runner/work/devbar/devbar
2026-09-14T09:59:35.3717954Z > bash scripts/build.sh
2026-09-14T09:59:35.3718145Z 
2026-09-14T09:59:44.5552226Z 
2026-09-14T09:59:44.5557235Z   build/src/preload.cjs  8.9kb
2026-09-14T09:59:44.6063508Z 
2026-09-14T09:59:44.6064251Z ⚡ Done in 3ms
2026-09-14T09:59:44.6065268Z Verified 6 linux artifacts for v0.7.1 in /home/runner/work/devbar/devbar/dist/electron-builder
2026-09-14T09:59:44.6067286Z ok: DevBar-0.7.1-linux-x64.AppImage (AppImage magic)
2026-09-14T09:59:44.6068511Z ok: DevBar-0.7.1-linux-arm64.AppImage (AppImage magic)
2026-09-14T09:59:44.6069713Z ok: DevBar-0.7.1-linux-armv7.AppImage (AppImage magic)
2026-09-14T09:59:49.9796299Z DevBar-0.7.1-linux-x64.deb is missing its 256px icon
2026-09-14T09:59:49.9964314Z  ELIFECYCLE  Command failed with exit code 1.
2026-09-14T09:59:50.0221064Z ##[error]Process completed with exit code 1.
2026-09-14T09:59:50.0331123Z Post job cleanup.
2026-09-14T09:59:50.1771360Z Pruning is unnecessary.
2026-09-14T09:59:50.1939665Z Post job cleanup.
2026-09-14T09:59:50.3008042Z [command]/usr/bin/git version
2026-09-14T09:59:50.3027722Z git version 2.55.0
2026-09-14T09:59:50.3068341Z Temporarily overriding HOME='/home/runner/work/_temp/0acb9267-71b6-45db-bfae-d30c23d2a97e' before making global git config changes
2026-09-14T09:59:50.3070568Z Adding repository directory to the temporary git global config as a safe directory
2026-09-14T09:59:50.3074861Z [command]/usr/bin/git config --global --add safe.directory /home/runner/work/devbar/devbar
2026-09-14T09:59:50.3110516Z Removing SSH command configuration
2026-09-14T09:59:50.3118056Z [command]/usr/bin/git config --local --name-only --get-regexp core\.sshCommand
2026-09-14T09:59:50.3154864Z [command]/usr/bin/git submodule foreach --recursive sh -c "git config --local --name-only --get-regexp 'core\.sshCommand' && git config --local --unset-all 'core.sshCommand' || :"
2026-09-14T09:59:50.3393215Z Removing HTTP extra header
2026-09-14T09:59:50.3399357Z [command]/usr/bin/git config --local --name-only --get-regexp http\.https\:\/\/github\.com\/\.extraheader
2026-09-14T09:59:50.3440505Z [command]/usr/bin/git submodule foreach --recursive sh -c "git config --local --name-only --get-regexp 'http\.https\:\/\/github\.com\/\.extraheader' && git config --local --unset-all 'http.https://github.com/.extraheader' || :"
2026-09-14T09:59:50.3685583Z Removing includeIf entries pointing to credentials config files
2026-09-14T09:59:50.3695560Z [command]/usr/bin/git config --local --name-only --get-regexp ^includeIf\.gitdir:
2026-09-14T09:59:50.3733534Z [command]/usr/bin/git submodule foreach --recursive git config --local --show-origin --name-only --get-regexp remote.origin.url
2026-09-14T09:59:50.4125182Z Cleaning up orphan processes
