2026-09-14T08:25:35.4462338Z Current runner version: '2.337.0'
2026-09-14T08:25:35.4496717Z ##[group]Runner Image Provisioner
2026-09-14T08:25:35.4497781Z Hosted Compute Agent
2026-09-14T08:25:35.4498640Z Version: 20260828.587
2026-09-14T08:25:35.4499510Z Commit: abac92662cab4cc7352de4f9f9d2e2419aad9c29
2026-09-14T08:25:35.4500501Z Build Date: 2026-08-28T16:44:25Z
2026-09-14T08:25:35.4501442Z Worker ID: {d87a0c87-f2d7-4e1c-ade6-f054922bc0aa}
2026-09-14T08:25:35.4502432Z Azure Region: centralus
2026-09-14T08:25:35.4503246Z ##[endgroup]
2026-09-14T08:25:35.4505122Z ##[group]Operating System
2026-09-14T08:25:35.4506006Z Microsoft Windows Server 2025
2026-09-14T08:25:35.4506849Z 10.0.26100
2026-09-14T08:25:35.4507566Z Datacenter
2026-09-14T08:25:35.4508271Z ##[endgroup]
2026-09-14T08:25:35.4509024Z ##[group]Runner Image
2026-09-14T08:25:35.4509818Z Image: windows-2025-vs2026
2026-09-14T08:25:35.4510678Z Version: 20260907.229.1
2026-09-14T08:25:35.4513313Z Included Software: https://github.com/actions/runner-images/blob/win25-vs2026/20260907.229/images/windows/Windows2025-VS2026-Readme.md
2026-09-14T08:25:35.4515751Z Image Release: https://github.com/actions/runner-images/releases/tag/win25-vs2026%2F20260907.229
2026-09-14T08:25:35.4517095Z ##[endgroup]
2026-09-14T08:25:35.4518682Z ##[group]GITHUB_TOKEN Permissions
2026-09-14T08:25:35.4521365Z Contents: read
2026-09-14T08:25:35.4522206Z Metadata: read
2026-09-14T08:25:35.4523010Z ##[endgroup]
2026-09-14T08:25:35.4525545Z Secret source: Actions
2026-09-14T08:25:35.4526646Z Cache mode: write
2026-09-14T08:25:35.4527635Z Prepare workflow directory
2026-09-14T08:25:35.4976923Z Prepare all required actions
2026-09-14T08:25:35.5050750Z Getting action download info
2026-09-14T08:25:35.7379294Z Download action repository 'actions/checkout@3d3c42e5aac5ba805825da76410c181273ba90b1' (SHA:3d3c42e5aac5ba805825da76410c181273ba90b1)
2026-09-14T08:25:35.8426094Z Download action repository 'pnpm/action-setup@0977fd99725f1db4007ccb2928dbb4e90d06cc86' (SHA:0977fd99725f1db4007ccb2928dbb4e90d06cc86)
2026-09-14T08:25:36.1120560Z Download action repository 'actions/setup-node@820762786026740c76f36085b0efc47a31fe5020' (SHA:820762786026740c76f36085b0efc47a31fe5020)
2026-09-14T08:25:36.2514602Z Download action repository 'actions/cache@55cc8345863c7cc4c66a329aec7e433d2d1c52a9' (SHA:55cc8345863c7cc4c66a329aec7e433d2d1c52a9)
2026-09-14T08:25:36.3795054Z Download action repository 'actions/upload-artifact@043fb46d1a93c77aae656e7c1c64a875d1fc6a0a' (SHA:043fb46d1a93c77aae656e7c1c64a875d1fc6a0a)
2026-09-14T08:25:36.6107949Z Complete job name: Build, verify & launch smoke — win
2026-09-14T08:25:36.7664056Z ##[group]Run actions/checkout@3d3c42e5aac5ba805825da76410c181273ba90b1
2026-09-14T08:25:36.7665905Z with:
2026-09-14T08:25:36.7666567Z   persist-credentials: false
2026-09-14T08:25:36.7667308Z   repository: juanjoGonDev/devbar
2026-09-14T08:25:36.7671695Z   token: ***
2026-09-14T08:25:36.7672351Z   ssh-strict: true
2026-09-14T08:25:36.7672993Z   ssh-user: git
2026-09-14T08:25:36.7673629Z   clean: true
2026-09-14T08:25:36.7674248Z   sparse-checkout-cone-mode: true
2026-09-14T08:25:36.7675347Z   fetch-depth: 1
2026-09-14T08:25:36.7675920Z   fetch-tags: false
2026-09-14T08:25:36.7676514Z   show-progress: true
2026-09-14T08:25:36.7677088Z   lfs: false
2026-09-14T08:25:36.7677597Z   submodules: false
2026-09-14T08:25:36.7678140Z   set-safe-directory: true
2026-09-14T08:25:36.7678738Z   allow-unsafe-pr-checkout: false
2026-09-14T08:25:36.7679714Z ##[endgroup]
2026-09-14T08:25:36.9178889Z Syncing repository: juanjoGonDev/devbar
2026-09-14T08:25:36.9181218Z ##[group]Getting Git version info
2026-09-14T08:25:36.9181970Z Working directory is 'D:\a\devbar\devbar'
2026-09-14T08:25:36.9932203Z [command]"C:\Program Files\Git\bin\git.exe" version
2026-09-14T08:25:37.3113484Z git version 2.55.0.windows.5
2026-09-14T08:25:37.3167820Z ##[endgroup]
2026-09-14T08:25:37.3183079Z Temporarily overriding HOME='D:\a\_temp\04ed4882-ce60-4ec2-b43b-e45a9e16c202' before making global git config changes
2026-09-14T08:25:37.3188240Z Adding repository directory to the temporary git global config as a safe directory
2026-09-14T08:25:37.3194852Z [command]"C:\Program Files\Git\bin\git.exe" config --global --add safe.directory D:\a\devbar\devbar
2026-09-14T08:25:37.3802470Z Deleting the contents of 'D:\a\devbar\devbar'
2026-09-14T08:25:37.3808210Z ##[group]Determining repository object format
2026-09-14T08:25:37.3811109Z ##[endgroup]
2026-09-14T08:25:37.3812758Z ##[group]Initializing the repository
2026-09-14T08:25:37.3819706Z [command]"C:\Program Files\Git\bin\git.exe" init D:\a\devbar\devbar
2026-09-14T08:25:37.4540759Z Initialized empty Git repository in D:/a/devbar/devbar/.git/
2026-09-14T08:25:37.4597570Z [command]"C:\Program Files\Git\bin\git.exe" remote add origin https://github.com/juanjoGonDev/devbar
2026-09-14T08:25:37.5280291Z ##[endgroup]
2026-09-14T08:25:37.5281844Z ##[group]Disabling automatic garbage collection
2026-09-14T08:25:37.5290937Z [command]"C:\Program Files\Git\bin\git.exe" config --local gc.auto 0
2026-09-14T08:25:37.5610215Z ##[endgroup]
2026-09-14T08:25:37.5612033Z ##[group]Setting up auth
2026-09-14T08:25:37.5614000Z Removing SSH command configuration
2026-09-14T08:25:37.5627466Z [command]"C:\Program Files\Git\bin\git.exe" config --local --name-only --get-regexp core\.sshCommand
2026-09-14T08:25:37.6064879Z [command]"C:\Program Files\Git\bin\git.exe" submodule foreach --recursive "sh -c \"git config --local --name-only --get-regexp 'core\.sshCommand' && git config --local --unset-all 'core.sshCommand' || :\""
2026-09-14T08:25:39.0596931Z Removing HTTP extra header
2026-09-14T08:25:39.0605265Z [command]"C:\Program Files\Git\bin\git.exe" config --local --name-only --get-regexp http\.https\:\/\/github\.com\/\.extraheader
2026-09-14T08:25:39.0899333Z [command]"C:\Program Files\Git\bin\git.exe" submodule foreach --recursive "sh -c \"git config --local --name-only --get-regexp 'http\.https\:\/\/github\.com\/\.extraheader' && git config --local --unset-all 'http.https://github.com/.extraheader' || :\""
2026-09-14T08:25:39.6180037Z Removing includeIf entries pointing to credentials config files
2026-09-14T08:25:39.6191991Z [command]"C:\Program Files\Git\bin\git.exe" config --local --name-only --get-regexp ^includeIf\.gitdir:
2026-09-14T08:25:39.6491209Z [command]"C:\Program Files\Git\bin\git.exe" submodule foreach --recursive "git config --local --show-origin --name-only --get-regexp remote.origin.url"
2026-09-14T08:25:40.1874597Z [command]"C:\Program Files\Git\bin\git.exe" config --file D:\a\_temp\git-credentials-323792c9-0fef-42be-81b6-60f5025b7fa3.config http.https://github.com/.extraheader "AUTHORIZATION: basic ***"
2026-09-14T08:25:40.2189006Z [command]"C:\Program Files\Git\bin\git.exe" config --local includeIf.gitdir:D:/a/devbar/devbar/.git.path D:\a\_temp\git-credentials-323792c9-0fef-42be-81b6-60f5025b7fa3.config
2026-09-14T08:25:40.2501017Z [command]"C:\Program Files\Git\bin\git.exe" config --local includeIf.gitdir:D:/a/devbar/devbar/.git/worktrees/*.path D:\a\_temp\git-credentials-323792c9-0fef-42be-81b6-60f5025b7fa3.config
2026-09-14T08:25:40.2840640Z [command]"C:\Program Files\Git\bin\git.exe" config --local includeIf.gitdir:/github/workspace/.git.path /github/runner_temp/git-credentials-323792c9-0fef-42be-81b6-60f5025b7fa3.config
2026-09-14T08:25:40.3139676Z [command]"C:\Program Files\Git\bin\git.exe" config --local includeIf.gitdir:/github/workspace/.git/worktrees/*.path /github/runner_temp/git-credentials-323792c9-0fef-42be-81b6-60f5025b7fa3.config
2026-09-14T08:25:40.3471452Z ##[endgroup]
2026-09-14T08:25:40.3472559Z ##[group]Fetching the repository
2026-09-14T08:25:40.3488793Z [command]"C:\Program Files\Git\bin\git.exe" -c protocol.version=2 fetch --no-tags --prune --no-recurse-submodules --depth=1 origin +a6e6136ab5be83e905728769cf0af04a878a6514:refs/remotes/pull/78/merge
2026-09-14T08:25:41.4215177Z From https://github.com/juanjoGonDev/devbar
2026-09-14T08:25:41.4217197Z  * [new ref]         a6e6136ab5be83e905728769cf0af04a878a6514 -> pull/78/merge
2026-09-14T08:25:41.4273618Z ##[endgroup]
2026-09-14T08:25:41.4274537Z ##[group]Determining the checkout info
2026-09-14T08:25:41.4275223Z ##[endgroup]
2026-09-14T08:25:41.4288032Z [command]"C:\Program Files\Git\bin\git.exe" sparse-checkout disable
2026-09-14T08:25:41.4760520Z [command]"C:\Program Files\Git\bin\git.exe" config --local --unset-all extensions.worktreeConfig
2026-09-14T08:25:41.5084254Z ##[group]Checking out the ref
2026-09-14T08:25:41.5093600Z [command]"C:\Program Files\Git\bin\git.exe" checkout --progress --force refs/remotes/pull/78/merge
2026-09-14T08:25:41.6017860Z Note: switching to 'refs/remotes/pull/78/merge'.
2026-09-14T08:25:41.6018665Z 
2026-09-14T08:25:41.6019071Z You are in 'detached HEAD' state. You can look around, make experimental
2026-09-14T08:25:41.6020526Z changes and commit them, and you can discard any commits you make in this
2026-09-14T08:25:41.6021303Z state without impacting any branches by switching back to a branch.
2026-09-14T08:25:41.6021831Z 
2026-09-14T08:25:41.6022367Z If you want to create a new branch to retain commits you create, you may
2026-09-14T08:25:41.6023241Z do so (now or later) by using -c with the switch command. Example:
2026-09-14T08:25:41.6023847Z 
2026-09-14T08:25:41.6024140Z   git switch -c <new-branch-name>
2026-09-14T08:25:41.6024591Z 
2026-09-14T08:25:41.6024779Z Or undo this operation with:
2026-09-14T08:25:41.6025102Z 
2026-09-14T08:25:41.6025294Z   git switch -
2026-09-14T08:25:41.6025521Z 
2026-09-14T08:25:41.6070693Z Turn off this advice by setting config variable advice.detachedHead to false
2026-09-14T08:25:41.6071522Z 
2026-09-14T08:25:41.6072990Z HEAD is now at a6e6136 Merge 0b3dc0ad66959ef3d8153f6faefddbeed5aaab58 into 42a77c630288a92901d0127cde05e7e033cf4dda
2026-09-14T08:25:41.6162017Z ##[endgroup]
2026-09-14T08:25:41.6526494Z [command]"C:\Program Files\Git\bin\git.exe" log -1 --format=%H
2026-09-14T08:25:41.6785442Z a6e6136ab5be83e905728769cf0af04a878a6514
2026-09-14T08:25:41.6829505Z ##[group]Removing auth
2026-09-14T08:25:41.6830672Z Removing SSH command configuration
2026-09-14T08:25:41.6837615Z [command]"C:\Program Files\Git\bin\git.exe" config --local --name-only --get-regexp core\.sshCommand
2026-09-14T08:25:41.7125437Z [command]"C:\Program Files\Git\bin\git.exe" submodule foreach --recursive "sh -c \"git config --local --name-only --get-regexp 'core\.sshCommand' && git config --local --unset-all 'core.sshCommand' || :\""
2026-09-14T08:25:42.2229041Z Removing HTTP extra header
2026-09-14T08:25:42.2238367Z [command]"C:\Program Files\Git\bin\git.exe" config --local --name-only --get-regexp http\.https\:\/\/github\.com\/\.extraheader
2026-09-14T08:25:42.2529962Z [command]"C:\Program Files\Git\bin\git.exe" submodule foreach --recursive "sh -c \"git config --local --name-only --get-regexp 'http\.https\:\/\/github\.com\/\.extraheader' && git config --local --unset-all 'http.https://github.com/.extraheader' || :\""
2026-09-14T08:25:42.7670266Z Removing includeIf entries pointing to credentials config files
2026-09-14T08:25:42.7677172Z [command]"C:\Program Files\Git\bin\git.exe" config --local --name-only --get-regexp ^includeIf\.gitdir:
2026-09-14T08:25:42.7917199Z includeif.gitdir:D:/a/devbar/devbar/.git.path
2026-09-14T08:25:42.7918062Z includeif.gitdir:D:/a/devbar/devbar/.git/worktrees/*.path
2026-09-14T08:25:42.7918731Z includeif.gitdir:/github/workspace/.git.path
2026-09-14T08:25:42.7919381Z includeif.gitdir:/github/workspace/.git/worktrees/*.path
2026-09-14T08:25:42.7967169Z [command]"C:\Program Files\Git\bin\git.exe" config --local --get-all includeif.gitdir:D:/a/devbar/devbar/.git.path
2026-09-14T08:25:42.8204925Z D:\a\_temp\git-credentials-323792c9-0fef-42be-81b6-60f5025b7fa3.config
2026-09-14T08:25:42.8247577Z [command]"C:\Program Files\Git\bin\git.exe" config --local --unset includeif.gitdir:D:/a/devbar/devbar/.git.path D\:\\a\\_temp\\git\-credentials\-323792c9\-0fef\-42be\-81b6\-60f5025b7fa3\.config
2026-09-14T08:25:42.8530451Z [command]"C:\Program Files\Git\bin\git.exe" config --local --get-all includeif.gitdir:D:/a/devbar/devbar/.git/worktrees/*.path
2026-09-14T08:25:42.8771211Z D:\a\_temp\git-credentials-323792c9-0fef-42be-81b6-60f5025b7fa3.config
2026-09-14T08:25:42.8813858Z [command]"C:\Program Files\Git\bin\git.exe" config --local --unset includeif.gitdir:D:/a/devbar/devbar/.git/worktrees/*.path D\:\\a\\_temp\\git\-credentials\-323792c9\-0fef\-42be\-81b6\-60f5025b7fa3\.config
2026-09-14T08:25:42.9104349Z [command]"C:\Program Files\Git\bin\git.exe" config --local --get-all includeif.gitdir:/github/workspace/.git.path
2026-09-14T08:25:42.9341464Z /github/runner_temp/git-credentials-323792c9-0fef-42be-81b6-60f5025b7fa3.config
2026-09-14T08:25:42.9384967Z [command]"C:\Program Files\Git\bin\git.exe" config --local --unset includeif.gitdir:/github/workspace/.git.path \/github\/runner_temp\/git\-credentials\-323792c9\-0fef\-42be\-81b6\-60f5025b7fa3\.config
2026-09-14T08:25:42.9665603Z [command]"C:\Program Files\Git\bin\git.exe" config --local --get-all includeif.gitdir:/github/workspace/.git/worktrees/*.path
2026-09-14T08:25:42.9902532Z /github/runner_temp/git-credentials-323792c9-0fef-42be-81b6-60f5025b7fa3.config
2026-09-14T08:25:42.9947401Z [command]"C:\Program Files\Git\bin\git.exe" config --local --unset includeif.gitdir:/github/workspace/.git/worktrees/*.path \/github\/runner_temp\/git\-credentials\-323792c9\-0fef\-42be\-81b6\-60f5025b7fa3\.config
2026-09-14T08:25:43.0235102Z [command]"C:\Program Files\Git\bin\git.exe" submodule foreach --recursive "git config --local --show-origin --name-only --get-regexp remote.origin.url"
2026-09-14T08:25:43.5270567Z Removing credentials config 'D:\a\_temp\git-credentials-323792c9-0fef-42be-81b6-60f5025b7fa3.config'
2026-09-14T08:25:43.5282701Z ##[endgroup]
2026-09-14T08:25:43.5676682Z ##[group]Run pnpm/action-setup@0977fd99725f1db4007ccb2928dbb4e90d06cc86
2026-09-14T08:25:43.5677216Z with:
2026-09-14T08:25:43.5677516Z   dest: ~/setup-pnpm
2026-09-14T08:25:43.5677798Z   run_install: null
2026-09-14T08:25:43.5678101Z   cache: false
2026-09-14T08:25:43.5678427Z   cache_dependency_path: pnpm-lock.yaml
2026-09-14T08:25:43.5678776Z   package_json_file: package.json
2026-09-14T08:25:43.5679130Z   standalone: false
2026-09-14T08:25:43.5679414Z ##[endgroup]
2026-09-14T08:25:43.7486668Z ##[group]Running self-installer...
2026-09-14T08:25:43.7546029Z (node:3964) [DEP0190] DeprecationWarning: Passing args to a child process with shell option true can lead to security vulnerabilities, as the arguments are not escaped, only concatenated.
2026-09-14T08:25:43.7547789Z (Use `node --trace-deprecation ...` to show where the warning was created)
2026-09-14T08:25:55.6623244Z 
2026-09-14T08:25:55.6624480Z added 1 package, and audited 2 packages in 9s
2026-09-14T08:25:55.6624981Z 
2026-09-14T08:25:55.6625126Z 1 package is looking for funding
2026-09-14T08:25:55.6625484Z   run `npm fund` for details
2026-09-14T08:25:55.6632488Z 
2026-09-14T08:25:55.6633175Z found 0 vulnerabilities
2026-09-14T08:25:57.5459857Z Checking for updates...
2026-09-14T08:25:57.7377032Z Switching pnpm from v11.19.0 to v10.32.1...
2026-09-14T08:25:58.2328587Z .../1a04-1a09f05e239-cf52398d5c6b86da    | Progress: resolved 1, reused 0, downloaded 0, added 0
2026-09-14T08:25:58.2345734Z .../1a04-1a09f05e239-cf52398d5c6b86da    |   +1 +
2026-09-14T08:25:59.2488942Z .../1a04-1a09f05e239-cf52398d5c6b86da    | Progress: resolved 1, reused 0, downloaded 1, added 0
2026-09-14T08:26:00.4593323Z .../1a04-1a09f05e239-cf52398d5c6b86da    | Progress: resolved 1, reused 0, downloaded 1, added 1
2026-09-14T08:26:00.4596232Z .../1a04-1a09f05e239-cf52398d5c6b86da    | Progress: resolved 1, reused 0, downloaded 1, added 1, done
2026-09-14T08:26:01.3023726Z [WARN] Detected a pnpm v10 installation layout at PNPM_HOME. The pnpm shims at PNPM_HOME have been refreshed so the new version is active, but pnpm v11 expects bins in PNPM_HOME/bin. Run "pnpm setup" to migrate your PATH to the v11 layout.
2026-09-14T08:26:01.3065655Z Successfully updated pnpm to v10.32.1
2026-09-14T08:26:01.3810527Z ##[endgroup]
2026-09-14T08:26:01.3811536Z Installation Completed!
2026-09-14T08:26:01.4222453Z ##[group]Run actions/setup-node@820762786026740c76f36085b0efc47a31fe5020
2026-09-14T08:26:01.4223223Z with:
2026-09-14T08:26:01.4223555Z   node-version: 22
2026-09-14T08:26:01.4223877Z   cache: pnpm
2026-09-14T08:26:01.4224222Z   check-latest: false
2026-09-14T08:26:01.4226769Z   token: ***
2026-09-14T08:26:01.4227094Z   package-manager-cache: true
2026-09-14T08:26:01.4227404Z env:
2026-09-14T08:26:01.4227731Z   PNPM_HOME: C:\Users\runneradmin\setup-pnpm\node_modules\.bin
2026-09-14T08:26:01.4228254Z ##[endgroup]
2026-09-14T08:26:01.6009152Z Found in cache @ C:\hostedtoolcache\windows\node\22.23.2\x64
2026-09-14T08:26:01.6016636Z ##[group]Environment details
2026-09-14T08:26:06.3988446Z node: v22.23.2
2026-09-14T08:26:06.3988934Z npm: 10.9.8
2026-09-14T08:26:06.3989252Z yarn: 1.22.22
2026-09-14T08:26:06.3989953Z ##[endgroup]
2026-09-14T08:26:06.4622533Z [command]C:\Windows\system32\cmd.exe /D /S /C "C:\Users\runneradmin\setup-pnpm\node_modules\.bin\bin\pnpm.CMD store path --silent"
2026-09-14T08:26:07.1402899Z D:\.pnpm-store\v10
2026-09-14T08:26:07.4179708Z pnpm cache is not found
2026-09-14T08:26:07.4539597Z ##[group]Run echo "version=$(node -p "require('./package.json').version")" >> "$GITHUB_OUTPUT"
2026-09-14T08:26:07.4540679Z [36;1mecho "version=$(node -p "require('./package.json').version")" >> "$GITHUB_OUTPUT"[0m
2026-09-14T08:26:07.4558847Z shell: C:\Program Files\Git\bin\bash.EXE --noprofile --norc -e -o pipefail {0}
2026-09-14T08:26:07.4559347Z env:
2026-09-14T08:26:07.4559766Z   PNPM_HOME: C:\Users\runneradmin\setup-pnpm\node_modules\.bin
2026-09-14T08:26:07.4560184Z ##[endgroup]
2026-09-14T08:26:07.8321215Z ##[group]Run actions/cache@55cc8345863c7cc4c66a329aec7e433d2d1c52a9
2026-09-14T08:26:07.8322279Z with:
2026-09-14T08:26:07.8322717Z   path: %LOCALAPPDATA%\electron\Cache
%LOCALAPPDATA%\electron-builder\Cache

2026-09-14T08:26:07.8323336Z   key: electron-win-d2cfed8ec1797fcd3621ec0ebf4c88b74e671e9372ed8498f4bf4fecc17aecfa
2026-09-14T08:26:07.8323886Z   enableCrossOsArchive: false
2026-09-14T08:26:07.8324213Z   fail-on-cache-miss: false
2026-09-14T08:26:07.8324538Z   lookup-only: false
2026-09-14T08:26:07.8324816Z   save-always: false
2026-09-14T08:26:07.8325070Z env:
2026-09-14T08:26:07.8325438Z   PNPM_HOME: C:\Users\runneradmin\setup-pnpm\node_modules\.bin
2026-09-14T08:26:07.8325878Z ##[endgroup]
2026-09-14T08:26:08.1857036Z Cache not found for input keys: electron-win-d2cfed8ec1797fcd3621ec0ebf4c88b74e671e9372ed8498f4bf4fecc17aecfa
2026-09-14T08:26:08.2120890Z ##[group]Run pnpm install --frozen-lockfile
2026-09-14T08:26:08.2121613Z [36;1mpnpm install --frozen-lockfile[0m
2026-09-14T08:26:08.2728308Z shell: C:\Program Files\PowerShell\7\pwsh.EXE -command ". '{0}'"
2026-09-14T08:26:08.2728843Z env:
2026-09-14T08:26:08.2729339Z   PNPM_HOME: C:\Users\runneradmin\setup-pnpm\node_modules\.bin
2026-09-14T08:26:08.2729847Z ##[endgroup]
2026-09-14T08:26:09.0147379Z Lockfile is up to date, resolution step is skipped
2026-09-14T08:26:09.1551103Z Packages: +481
2026-09-14T08:26:09.1551928Z ++++++++++++++++++++++++++++++++++++++++++++++++++++++++++++++++++++++++++++++++
2026-09-14T08:26:09.6075454Z Progress: resolved 0, reused 0, downloaded 1, added 0
2026-09-14T08:26:10.6154401Z Progress: resolved 0, reused 0, downloaded 70, added 20
2026-09-14T08:26:11.6257447Z Progress: resolved 0, reused 0, downloaded 138, added 45
2026-09-14T08:26:12.6260010Z Progress: resolved 0, reused 0, downloaded 186, added 64
2026-09-14T08:26:13.6273362Z Progress: resolved 0, reused 0, downloaded 305, added 128
2026-09-14T08:26:14.6334502Z Progress: resolved 0, reused 0, downloaded 455, added 183
2026-09-14T08:26:15.6338429Z Progress: resolved 0, reused 0, downloaded 465, added 385
2026-09-14T08:26:15.9122504Z Progress: resolved 0, reused 0, downloaded 465, added 481, done
2026-09-14T08:26:15.9247884Z node_modules/lefthook postinstall$ node postinstall.js
2026-09-14T08:26:15.9954349Z node_modules/lefthook postinstall: Done
2026-09-14T08:26:16.2624877Z 
2026-09-14T08:26:16.3686324Z 
2026-09-14T08:26:16.3687344Z > devbar@0.7.1 postinstall D:\a\devbar\devbar
2026-09-14T08:26:16.3688146Z > node --experimental-strip-types scripts/install-hooks.ts
2026-09-14T08:26:16.3688442Z 
2026-09-14T08:26:16.8270334Z ╭ Warning ─────────────────────────────────────────────────────────────────────╮
2026-09-14T08:26:16.8271594Z │                                                                              │
2026-09-14T08:26:16.8272527Z │   Ignored build scripts: electron-winstaller@5.4.0, esbuild@0.28.2.          │
2026-09-14T08:26:16.8273288Z │   Run "pnpm approve-builds" to pick which dependencies should be allowed     │
2026-09-14T08:26:16.8273909Z │   to run scripts.                                                            │
2026-09-14T08:26:16.8274831Z │                                                                              │
2026-09-14T08:26:16.8275444Z ╰──────────────────────────────────────────────────────────────────────────────╯
2026-09-14T08:26:16.8425302Z Done in 8.1s using pnpm v10.32.1
2026-09-14T08:26:16.9964756Z ##[group]Run pnpm run dist:win && pnpm run verify:win
2026-09-14T08:26:16.9965424Z [36;1mpnpm run dist:win && pnpm run verify:win[0m
2026-09-14T08:26:16.9977498Z shell: C:\Program Files\Git\bin\bash.EXE --noprofile --norc -e -o pipefail {0}
2026-09-14T08:26:16.9978002Z env:
2026-09-14T08:26:16.9978458Z   PNPM_HOME: C:\Users\runneradmin\setup-pnpm\node_modules\.bin
2026-09-14T08:26:16.9978838Z ##[endgroup]
2026-09-14T08:26:17.5917424Z 
2026-09-14T08:26:17.5918708Z > devbar@0.7.1 dist:win D:\a\devbar\devbar
2026-09-14T08:26:17.5920000Z > pnpm run build && node --experimental-strip-types scripts/package-win-linux.ts win
2026-09-14T08:26:17.5920789Z 
2026-09-14T08:26:17.9486106Z 
2026-09-14T08:26:17.9487440Z > devbar@0.7.1 build D:\a\devbar\devbar
2026-09-14T08:26:17.9488137Z > bash scripts/build.sh
2026-09-14T08:26:17.9488458Z 
2026-09-14T08:26:27.9362116Z 
2026-09-14T08:26:27.9362982Z   build\src\preload.cjs  8.9kb
2026-09-14T08:26:27.9363736Z 
2026-09-14T08:26:27.9364313Z Done in 5ms
2026-09-14T08:26:28.7957042Z   • electron-builder  version=26.16.1 os=10.0.26100
2026-09-14T08:26:28.7962067Z   • publishing will be skipped  reason=current build is a part of pull request solution=set env PUBLISH_FOR_PULL_REQUEST to true to force code signing
2026-09-14T08:26:28.7964161Z There are serious security concerns with PUBLISH_FOR_PULL_REQUEST=true (see the  CircleCI documentation (https://circleci.com/docs/1.0/fork-pr-builds/) for details)
2026-09-14T08:26:28.7966148Z If you have SSH keys, sensitive env vars or AWS credentials stored in your project settings and untrusted forks can make pull requests against your repo, then this option isn't for you.
2026-09-14T08:26:28.8078229Z   • author is missed in the package.json  appPackageFile=D:\a\devbar\devbar\package.json
2026-09-14T08:26:29.8718552Z   • executing @electron/rebuild  electronVersion=43.2.0 arch=x64 buildFromSource=false workspaceRoot=D:\a\devbar\devbar projectDir=./ appDir=./
2026-09-14T08:26:29.8720049Z   • installing native dependencies  arch=x64
2026-09-14T08:26:30.1102147Z   • completed installing native dependencies
2026-09-14T08:26:30.1169250Z   • packaging       platform=win32 arch=x64 electron=43.2.0 appOutDir=dist\electron-builder\win-unpacked
2026-09-14T08:26:30.2940697Z   • downloaded      label=electron progress=100%
2026-09-14T08:26:35.6679043Z   • downloaded electron zip extracted successfully  output=D:\a\devbar\devbar\dist\electron-builder\win-unpacked
2026-09-14T08:26:35.7026680Z   • searching for node modules  pm=pnpm searchDir=D:\a\devbar\devbar
2026-09-14T08:26:40.0095165Z   • duplicate dependency references  dependencies=["type-fest@5.7.0"]
2026-09-14T08:26:41.6557663Z   • updating asar integrity executable resource  executablePath=dist\electron-builder\win-unpacked\DevBar.exe
2026-09-14T08:26:42.1071515Z   • no code signing certificate configured, signing is skipped  path=dist\electron-builder\win-unpacked\DevBar.exe
2026-09-14T08:26:42.1086987Z   • building        target=nsis file=dist\electron-builder\DevBar-0.7.1-win-x64-setup.exe archs=x64 oneClick=true perMachine=false
2026-09-14T08:26:42.2193444Z   • downloaded      label=7zip-win-x64.tar.gz progress=100%
2026-09-14T08:27:23.4227054Z   • downloaded      label=nsis-3.0.4.1.7z progress=100%
2026-09-14T08:27:24.7449052Z   • no code signing certificate configured, signing is skipped  path=C:\Users\RUNNER~1\AppData\Local\Temp\t-J4KMai\elevate-staging-3\resources\elevate.exe
2026-09-14T08:27:25.5409277Z   • downloaded      label=nsis-resources-3.4.1.7z progress=100%
2026-09-14T08:27:26.8604694Z   • no code signing certificate configured, signing is skipped  path=dist\electron-builder\DevBar-0.7.1-win-x64-setup.__uninstaller.exe
2026-09-14T08:27:28.4227566Z   • no code signing certificate configured, signing is skipped  path=dist\electron-builder\DevBar-0.7.1-win-x64-setup.exe
2026-09-14T08:27:28.4230732Z   • building block map  blockMapFile=dist\electron-builder\DevBar-0.7.1-win-x64-setup.exe.blockmap
2026-09-14T08:27:33.1115671Z   • building        target=portable file=dist\electron-builder\DevBar-0.7.1-win-x64-portable.exe archs=x64
2026-09-14T08:27:34.1441582Z   • no code signing certificate configured, signing is skipped  path=dist\electron-builder\DevBar-0.7.1-win-x64-portable.exe
2026-09-14T08:27:34.1657614Z [win] x64 done
2026-09-14T08:27:34.1665604Z   • electron-builder  version=26.16.1 os=10.0.26100
2026-09-14T08:27:34.1671229Z   • publishing will be skipped  reason=current build is a part of pull request solution=set env PUBLISH_FOR_PULL_REQUEST to true to force code signing
2026-09-14T08:27:34.1673073Z There are serious security concerns with PUBLISH_FOR_PULL_REQUEST=true (see the  CircleCI documentation (https://circleci.com/docs/1.0/fork-pr-builds/) for details)
2026-09-14T08:27:34.1674846Z If you have SSH keys, sensitive env vars or AWS credentials stored in your project settings and untrusted forks can make pull requests against your repo, then this option isn't for you.
2026-09-14T08:27:34.1770138Z TypeError: Cannot read properties of null (reading 'from')
2026-09-14T08:27:34.1771503Z     at normalizeFiles (D:\a\devbar\devbar\node_modules\app-builder-lib\src\util\config\config.ts:143:14)
2026-09-14T08:27:34.1772735Z     at doMergeConfigs (D:\a\devbar\devbar\node_modules\app-builder-lib\src\util\config\config.ts:192:5)
2026-09-14T08:27:34.1773928Z     at getConfig (D:\a\devbar\devbar\node_modules\app-builder-lib\src\util\config\config.ts:82:10)
2026-09-14T08:27:34.1775094Z     at Packager.validateConfig (D:\a\devbar\devbar\node_modules\app-builder-lib\src\packager.ts:376:27)
2026-09-14T08:27:34.1776151Z     at Packager.build (D:\a\devbar\devbar\node_modules\app-builder-lib\src\packager.ts:407:5)
2026-09-14T08:27:34.1777099Z     at executeFinally (D:\a\devbar\devbar\node_modules\builder-util\src\promise.ts:12:14)
2026-09-14T08:27:34.1777933Z     at buildWindows (file:///D:/a/devbar/devbar/scripts/package-win-linux.ts:47:5)
2026-09-14T08:27:34.2163168Z  ELIFECYCLE  Command failed with exit code 1.
2026-09-14T08:27:34.2511521Z ##[error]Process completed with exit code 1.
2026-09-14T08:27:34.2760019Z Post job cleanup.
2026-09-14T08:27:34.4531199Z Pruning is unnecessary.
2026-09-14T08:27:34.4846088Z Post job cleanup.
2026-09-14T08:27:34.6899341Z [command]"C:\Program Files\Git\bin\git.exe" version
2026-09-14T08:27:34.7164241Z git version 2.55.0.windows.5
2026-09-14T08:27:34.7225243Z Temporarily overriding HOME='D:\a\_temp\ca008102-7b01-45bd-85d8-1263e8c70d24' before making global git config changes
2026-09-14T08:27:34.7226246Z Adding repository directory to the temporary git global config as a safe directory
2026-09-14T08:27:34.7235393Z [command]"C:\Program Files\Git\bin\git.exe" config --global --add safe.directory D:\a\devbar\devbar
2026-09-14T08:27:34.7514400Z Removing SSH command configuration
2026-09-14T08:27:34.7526529Z [command]"C:\Program Files\Git\bin\git.exe" config --local --name-only --get-regexp core\.sshCommand
2026-09-14T08:27:34.7815942Z [command]"C:\Program Files\Git\bin\git.exe" submodule foreach --recursive "sh -c \"git config --local --name-only --get-regexp 'core\.sshCommand' && git config --local --unset-all 'core.sshCommand' || :\""
2026-09-14T08:27:35.3376877Z Removing HTTP extra header
2026-09-14T08:27:35.3387544Z [command]"C:\Program Files\Git\bin\git.exe" config --local --name-only --get-regexp http\.https\:\/\/github\.com\/\.extraheader
2026-09-14T08:27:35.3692887Z [command]"C:\Program Files\Git\bin\git.exe" submodule foreach --recursive "sh -c \"git config --local --name-only --get-regexp 'http\.https\:\/\/github\.com\/\.extraheader' && git config --local --unset-all 'http.https://github.com/.extraheader' || :\""
2026-09-14T08:27:35.9040077Z Removing includeIf entries pointing to credentials config files
2026-09-14T08:27:35.9058243Z [command]"C:\Program Files\Git\bin\git.exe" config --local --name-only --get-regexp ^includeIf\.gitdir:
2026-09-14T08:27:35.9344244Z [command]"C:\Program Files\Git\bin\git.exe" submodule foreach --recursive "git config --local --show-origin --name-only --get-regexp remote.origin.url"
2026-09-14T08:27:36.4986535Z Cleaning up orphan processes
