2026-09-14T09:18:46.4511511Z Current runner version: '2.337.0'
2026-09-14T09:18:46.4547205Z ##[group]Runner Image Provisioner
2026-09-14T09:18:46.4548489Z Hosted Compute Agent
2026-09-14T09:18:46.4549575Z Version: 20260828.587
2026-09-14T09:18:46.4550703Z Commit: abac92662cab4cc7352de4f9f9d2e2419aad9c29
2026-09-14T09:18:46.4552363Z Build Date: 2026-08-28T16:44:25Z
2026-09-14T09:18:46.4553491Z Worker ID: {e63744c8-517f-4207-9f1e-d13d17c0ec4d}
2026-09-14T09:18:46.4554843Z Azure Region: eastus
2026-09-14T09:18:46.4555818Z ##[endgroup]
2026-09-14T09:18:46.4558656Z ##[group]Operating System
2026-09-14T09:18:46.4559774Z Ubuntu
2026-09-14T09:18:46.4560597Z 24.04.5
2026-09-14T09:18:46.4561619Z LTS
2026-09-14T09:18:46.4562795Z ##[endgroup]
2026-09-14T09:18:46.4563723Z ##[group]Runner Image
2026-09-14T09:18:46.4564875Z Image: ubuntu-24.04
2026-09-14T09:18:46.4565859Z Version: 20260907.300.1
2026-09-14T09:18:46.4568123Z Included Software: https://github.com/actions/runner-images/blob/ubuntu24/20260907.300/images/ubuntu/Ubuntu2404-Readme.md
2026-09-14T09:18:46.4570867Z Image Release: https://github.com/actions/runner-images/releases/tag/ubuntu24%2F20260907.300
2026-09-14T09:18:46.4572944Z ##[endgroup]
2026-09-14T09:18:46.4574724Z ##[group]GITHUB_TOKEN Permissions
2026-09-14T09:18:46.4577778Z Contents: read
2026-09-14T09:18:46.4578706Z Metadata: read
2026-09-14T09:18:46.4579685Z ##[endgroup]
2026-09-14T09:18:46.4582921Z Secret source: Actions
2026-09-14T09:18:46.4584642Z Cache mode: write
2026-09-14T09:18:46.4586186Z Prepare workflow directory
2026-09-14T09:18:46.5065631Z Prepare all required actions
2026-09-14T09:18:46.5136720Z Getting action download info
2026-09-14T09:18:46.7299210Z Download action repository 'actions/checkout@3d3c42e5aac5ba805825da76410c181273ba90b1' (SHA:3d3c42e5aac5ba805825da76410c181273ba90b1)
2026-09-14T09:18:46.8478119Z Download action repository 'pnpm/action-setup@0977fd99725f1db4007ccb2928dbb4e90d06cc86' (SHA:0977fd99725f1db4007ccb2928dbb4e90d06cc86)
2026-09-14T09:18:46.9755684Z Download action repository 'actions/setup-node@820762786026740c76f36085b0efc47a31fe5020' (SHA:820762786026740c76f36085b0efc47a31fe5020)
2026-09-14T09:18:47.1008560Z Download action repository 'actions/cache@55cc8345863c7cc4c66a329aec7e433d2d1c52a9' (SHA:55cc8345863c7cc4c66a329aec7e433d2d1c52a9)
2026-09-14T09:18:47.2166504Z Download action repository 'actions/upload-artifact@043fb46d1a93c77aae656e7c1c64a875d1fc6a0a' (SHA:043fb46d1a93c77aae656e7c1c64a875d1fc6a0a)
2026-09-14T09:18:47.4691633Z Complete job name: Linux release dry run (incl. Raspberry Pi)
2026-09-14T09:18:47.5638231Z ##[group]Run actions/checkout@3d3c42e5aac5ba805825da76410c181273ba90b1
2026-09-14T09:18:47.5639969Z with:
2026-09-14T09:18:47.5640750Z   persist-credentials: false
2026-09-14T09:18:47.5641713Z   repository: juanjoGonDev/devbar
2026-09-14T09:18:47.5650162Z   token: ***
2026-09-14T09:18:47.5651004Z   ssh-strict: true
2026-09-14T09:18:47.5651787Z   ssh-user: git
2026-09-14T09:18:47.5652671Z   clean: true
2026-09-14T09:18:47.5653480Z   sparse-checkout-cone-mode: true
2026-09-14T09:18:47.5654470Z   fetch-depth: 1
2026-09-14T09:18:47.5655239Z   fetch-tags: false
2026-09-14T09:18:47.5656043Z   show-progress: true
2026-09-14T09:18:47.5656861Z   lfs: false
2026-09-14T09:18:47.5657617Z   submodules: false
2026-09-14T09:18:47.5658485Z   set-safe-directory: true
2026-09-14T09:18:47.5659416Z   allow-unsafe-pr-checkout: false
2026-09-14T09:18:47.5660679Z ##[endgroup]
2026-09-14T09:18:47.6766502Z Syncing repository: juanjoGonDev/devbar
2026-09-14T09:18:47.6770829Z ##[group]Getting Git version info
2026-09-14T09:18:47.6773294Z Working directory is '/home/runner/work/devbar/devbar'
2026-09-14T09:18:47.6776485Z [command]/usr/bin/git version
2026-09-14T09:18:47.6787395Z git version 2.55.0
2026-09-14T09:18:47.6807081Z ##[endgroup]
2026-09-14T09:18:47.6817178Z Temporarily overriding HOME='/home/runner/work/_temp/fe85f1aa-83c7-4ff7-bb4c-91e3fa026c19' before making global git config changes
2026-09-14T09:18:47.6822304Z Adding repository directory to the temporary git global config as a safe directory
2026-09-14T09:18:47.6826423Z [command]/usr/bin/git config --global --add safe.directory /home/runner/work/devbar/devbar
2026-09-14T09:18:47.6877342Z Deleting the contents of '/home/runner/work/devbar/devbar'
2026-09-14T09:18:47.6881207Z ##[group]Determining repository object format
2026-09-14T09:18:47.6884294Z ##[endgroup]
2026-09-14T09:18:47.6886517Z ##[group]Initializing the repository
2026-09-14T09:18:47.6888543Z [command]/usr/bin/git init /home/runner/work/devbar/devbar
2026-09-14T09:18:47.7002376Z hint: Using 'master' as the name for the initial branch. This default branch name
2026-09-14T09:18:47.7006143Z hint: will change to "main" in Git 3.0. To configure the initial branch name
2026-09-14T09:18:47.7010119Z hint: to use in all of your new repositories, which will suppress this warning,
2026-09-14T09:18:47.7012886Z hint: call:
2026-09-14T09:18:47.7014489Z hint:
2026-09-14T09:18:47.7016556Z hint: 	git config --global init.defaultBranch <name>
2026-09-14T09:18:47.7018929Z hint:
2026-09-14T09:18:47.7021167Z hint: Names commonly chosen instead of 'master' are 'main', 'trunk' and
2026-09-14T09:18:47.7024855Z hint: 'development'. The just-created branch can be renamed via this command:
2026-09-14T09:18:47.7027217Z hint:
2026-09-14T09:18:47.7028381Z hint: 	git branch -m <name>
2026-09-14T09:18:47.7029791Z hint:
2026-09-14T09:18:47.7031715Z hint: Disable this message with "git config set advice.defaultBranchName false"
2026-09-14T09:18:47.7035468Z Initialized empty Git repository in /home/runner/work/devbar/devbar/.git/
2026-09-14T09:18:47.7045958Z [command]/usr/bin/git remote add origin https://github.com/juanjoGonDev/devbar
2026-09-14T09:18:47.7116960Z ##[endgroup]
2026-09-14T09:18:47.7119760Z ##[group]Disabling automatic garbage collection
2026-09-14T09:18:47.7121887Z [command]/usr/bin/git config --local gc.auto 0
2026-09-14T09:18:47.7163577Z ##[endgroup]
2026-09-14T09:18:47.7166071Z ##[group]Setting up auth
2026-09-14T09:18:47.7168031Z Removing SSH command configuration
2026-09-14T09:18:47.7170629Z [command]/usr/bin/git config --local --name-only --get-regexp core\.sshCommand
2026-09-14T09:18:47.7203681Z [command]/usr/bin/git submodule foreach --recursive sh -c "git config --local --name-only --get-regexp 'core\.sshCommand' && git config --local --unset-all 'core.sshCommand' || :"
2026-09-14T09:18:47.7586955Z Removing HTTP extra header
2026-09-14T09:18:47.7593837Z [command]/usr/bin/git config --local --name-only --get-regexp http\.https\:\/\/github\.com\/\.extraheader
2026-09-14T09:18:47.7637010Z [command]/usr/bin/git submodule foreach --recursive sh -c "git config --local --name-only --get-regexp 'http\.https\:\/\/github\.com\/\.extraheader' && git config --local --unset-all 'http.https://github.com/.extraheader' || :"
2026-09-14T09:18:47.7861635Z Removing includeIf entries pointing to credentials config files
2026-09-14T09:18:47.7868590Z [command]/usr/bin/git config --local --name-only --get-regexp ^includeIf\.gitdir:
2026-09-14T09:18:47.7907744Z [command]/usr/bin/git submodule foreach --recursive git config --local --show-origin --name-only --get-regexp remote.origin.url
2026-09-14T09:18:47.8137841Z [command]/usr/bin/git config --file /home/runner/work/_temp/git-credentials-a1eca990-dab2-4e6a-bb61-e3a82de9470a.config http.https://github.com/.extraheader AUTHORIZATION: basic ***
2026-09-14T09:18:47.8178193Z [command]/usr/bin/git config --local includeIf.gitdir:/home/runner/work/devbar/devbar/.git.path /home/runner/work/_temp/git-credentials-a1eca990-dab2-4e6a-bb61-e3a82de9470a.config
2026-09-14T09:18:47.8213021Z [command]/usr/bin/git config --local includeIf.gitdir:/home/runner/work/devbar/devbar/.git/worktrees/*.path /home/runner/work/_temp/git-credentials-a1eca990-dab2-4e6a-bb61-e3a82de9470a.config
2026-09-14T09:18:47.8248853Z [command]/usr/bin/git config --local includeIf.gitdir:/github/workspace/.git.path /github/runner_temp/git-credentials-a1eca990-dab2-4e6a-bb61-e3a82de9470a.config
2026-09-14T09:18:47.8284969Z [command]/usr/bin/git config --local includeIf.gitdir:/github/workspace/.git/worktrees/*.path /github/runner_temp/git-credentials-a1eca990-dab2-4e6a-bb61-e3a82de9470a.config
2026-09-14T09:18:47.8318007Z ##[endgroup]
2026-09-14T09:18:47.8319690Z ##[group]Fetching the repository
2026-09-14T09:18:47.8323701Z [command]/usr/bin/git -c protocol.version=2 fetch --no-tags --prune --no-recurse-submodules --depth=1 origin +8529a1108338a7d3e89fcc428cd7401a3b6ec70b:refs/remotes/pull/78/merge
2026-09-14T09:18:48.1509796Z From https://github.com/juanjoGonDev/devbar
2026-09-14T09:18:48.1513243Z  * [new ref]         8529a1108338a7d3e89fcc428cd7401a3b6ec70b -> pull/78/merge
2026-09-14T09:18:48.1520303Z ##[endgroup]
2026-09-14T09:18:48.1523101Z ##[group]Determining the checkout info
2026-09-14T09:18:48.1525931Z ##[endgroup]
2026-09-14T09:18:48.1527911Z [command]/usr/bin/git sparse-checkout disable
2026-09-14T09:18:48.1581200Z [command]/usr/bin/git config --local --unset-all extensions.worktreeConfig
2026-09-14T09:18:48.1614150Z ##[group]Checking out the ref
2026-09-14T09:18:48.1618580Z [command]/usr/bin/git checkout --progress --force refs/remotes/pull/78/merge
2026-09-14T09:18:48.1809633Z Note: switching to 'refs/remotes/pull/78/merge'.
2026-09-14T09:18:48.1811127Z 
2026-09-14T09:18:48.1812207Z You are in 'detached HEAD' state. You can look around, make experimental
2026-09-14T09:18:48.1814436Z changes and commit them, and you can discard any commits you make in this
2026-09-14T09:18:48.1817566Z state without impacting any branches by switching back to a branch.
2026-09-14T09:18:48.1819592Z 
2026-09-14T09:18:48.1821361Z If you want to create a new branch to retain commits you create, you may
2026-09-14T09:18:48.1825300Z do so (now or later) by using -c with the switch command. Example:
2026-09-14T09:18:48.1827266Z 
2026-09-14T09:18:48.1828162Z   git switch -c <new-branch-name>
2026-09-14T09:18:48.1829442Z 
2026-09-14T09:18:48.1830146Z Or undo this operation with:
2026-09-14T09:18:48.1831250Z 
2026-09-14T09:18:48.1831881Z   git switch -
2026-09-14T09:18:48.1832975Z 
2026-09-14T09:18:48.1834307Z Turn off this advice by setting config variable advice.detachedHead to false
2026-09-14T09:18:48.1836307Z 
2026-09-14T09:18:48.1838339Z HEAD is now at 8529a11 Merge 54b2db7af9a2c81a83c9e795b9ccc79ccb0c4ebb into 42a77c630288a92901d0127cde05e7e033cf4dda
2026-09-14T09:18:48.1842784Z ##[endgroup]
2026-09-14T09:18:48.1873455Z [command]/usr/bin/git log -1 --format=%H
2026-09-14T09:18:48.1901893Z 8529a1108338a7d3e89fcc428cd7401a3b6ec70b
2026-09-14T09:18:48.1914264Z ##[group]Removing auth
2026-09-14T09:18:48.1915688Z Removing SSH command configuration
2026-09-14T09:18:48.1917929Z [command]/usr/bin/git config --local --name-only --get-regexp core\.sshCommand
2026-09-14T09:18:48.1953724Z [command]/usr/bin/git submodule foreach --recursive sh -c "git config --local --name-only --get-regexp 'core\.sshCommand' && git config --local --unset-all 'core.sshCommand' || :"
2026-09-14T09:18:48.2176399Z Removing HTTP extra header
2026-09-14T09:18:48.2180112Z [command]/usr/bin/git config --local --name-only --get-regexp http\.https\:\/\/github\.com\/\.extraheader
2026-09-14T09:18:48.2221128Z [command]/usr/bin/git submodule foreach --recursive sh -c "git config --local --name-only --get-regexp 'http\.https\:\/\/github\.com\/\.extraheader' && git config --local --unset-all 'http.https://github.com/.extraheader' || :"
2026-09-14T09:18:48.2447817Z Removing includeIf entries pointing to credentials config files
2026-09-14T09:18:48.2451149Z [command]/usr/bin/git config --local --name-only --get-regexp ^includeIf\.gitdir:
2026-09-14T09:18:48.2481494Z includeif.gitdir:/home/runner/work/devbar/devbar/.git.path
2026-09-14T09:18:48.2483871Z includeif.gitdir:/home/runner/work/devbar/devbar/.git/worktrees/*.path
2026-09-14T09:18:48.2485986Z includeif.gitdir:/github/workspace/.git.path
2026-09-14T09:18:48.2487420Z includeif.gitdir:/github/workspace/.git/worktrees/*.path
2026-09-14T09:18:48.2491486Z [command]/usr/bin/git config --local --get-all includeif.gitdir:/home/runner/work/devbar/devbar/.git.path
2026-09-14T09:18:48.2517651Z /home/runner/work/_temp/git-credentials-a1eca990-dab2-4e6a-bb61-e3a82de9470a.config
2026-09-14T09:18:48.2529101Z [command]/usr/bin/git config --local --unset includeif.gitdir:/home/runner/work/devbar/devbar/.git.path \/home\/runner\/work\/_temp\/git\-credentials\-a1eca990\-dab2\-4e6a\-bb61\-e3a82de9470a\.config
2026-09-14T09:18:48.2564267Z [command]/usr/bin/git config --local --get-all includeif.gitdir:/home/runner/work/devbar/devbar/.git/worktrees/*.path
2026-09-14T09:18:48.2591532Z /home/runner/work/_temp/git-credentials-a1eca990-dab2-4e6a-bb61-e3a82de9470a.config
2026-09-14T09:18:48.2600531Z [command]/usr/bin/git config --local --unset includeif.gitdir:/home/runner/work/devbar/devbar/.git/worktrees/*.path \/home\/runner\/work\/_temp\/git\-credentials\-a1eca990\-dab2\-4e6a\-bb61\-e3a82de9470a\.config
2026-09-14T09:18:48.2634793Z [command]/usr/bin/git config --local --get-all includeif.gitdir:/github/workspace/.git.path
2026-09-14T09:18:48.2663634Z /github/runner_temp/git-credentials-a1eca990-dab2-4e6a-bb61-e3a82de9470a.config
2026-09-14T09:18:48.2672541Z [command]/usr/bin/git config --local --unset includeif.gitdir:/github/workspace/.git.path \/github\/runner_temp\/git\-credentials\-a1eca990\-dab2\-4e6a\-bb61\-e3a82de9470a\.config
2026-09-14T09:18:48.2714513Z [command]/usr/bin/git config --local --get-all includeif.gitdir:/github/workspace/.git/worktrees/*.path
2026-09-14T09:18:48.2740966Z /github/runner_temp/git-credentials-a1eca990-dab2-4e6a-bb61-e3a82de9470a.config
2026-09-14T09:18:48.2766415Z [command]/usr/bin/git config --local --unset includeif.gitdir:/github/workspace/.git/worktrees/*.path \/github\/runner_temp\/git\-credentials\-a1eca990\-dab2\-4e6a\-bb61\-e3a82de9470a\.config
2026-09-14T09:18:48.2803719Z [command]/usr/bin/git submodule foreach --recursive git config --local --show-origin --name-only --get-regexp remote.origin.url
2026-09-14T09:18:48.3044034Z Removing credentials config '/home/runner/work/_temp/git-credentials-a1eca990-dab2-4e6a-bb61-e3a82de9470a.config'
2026-09-14T09:18:48.3049840Z ##[endgroup]
2026-09-14T09:18:48.3329153Z ##[group]Run pnpm/action-setup@0977fd99725f1db4007ccb2928dbb4e90d06cc86
2026-09-14T09:18:48.3330620Z with:
2026-09-14T09:18:48.3331399Z   dest: ~/setup-pnpm
2026-09-14T09:18:48.3332436Z   run_install: null
2026-09-14T09:18:48.3333273Z   cache: false
2026-09-14T09:18:48.3334150Z   cache_dependency_path: pnpm-lock.yaml
2026-09-14T09:18:48.3335274Z   package_json_file: package.json
2026-09-14T09:18:48.3336284Z   standalone: false
2026-09-14T09:18:48.3337117Z ##[endgroup]
2026-09-14T09:18:48.4953040Z ##[group]Running self-installer...
2026-09-14T09:18:51.7636873Z 
2026-09-14T09:18:51.7637714Z added 1 package, and audited 2 packages in 3s
2026-09-14T09:18:51.7639145Z 
2026-09-14T09:18:51.7639406Z 1 package is looking for funding
2026-09-14T09:18:51.7640013Z   run `npm fund` for details
2026-09-14T09:18:51.7645297Z 
2026-09-14T09:18:51.7645592Z found 0 vulnerabilities
2026-09-14T09:18:52.3865195Z Checking for updates...
2026-09-14T09:18:52.5315065Z Switching pnpm from v11.19.0 to v10.32.1...
2026-09-14T09:18:52.9267689Z .../v11/92f-1a09f36536b-773fdae1657ae20c | Progress: resolved 1, reused 0, downloaded 0, added 0
2026-09-14T09:18:52.9289195Z .../v11/92f-1a09f36536b-773fdae1657ae20c |   +1 +
2026-09-14T09:18:53.1701687Z .../v11/92f-1a09f36536b-773fdae1657ae20c | Progress: resolved 1, reused 0, downloaded 1, added 1, done
2026-09-14T09:18:53.5802760Z [WARN] Detected a pnpm v10 installation layout at PNPM_HOME. The pnpm shims at PNPM_HOME have been refreshed so the new version is active, but pnpm v11 expects bins in PNPM_HOME/bin. Run "pnpm setup" to migrate your PATH to the v11 layout.
2026-09-14T09:18:53.5830010Z Successfully updated pnpm to v10.32.1
2026-09-14T09:18:53.6114470Z ##[endgroup]
2026-09-14T09:18:53.6115812Z Installation Completed!
2026-09-14T09:18:53.6319364Z ##[group]Run actions/setup-node@820762786026740c76f36085b0efc47a31fe5020
2026-09-14T09:18:53.6319858Z with:
2026-09-14T09:18:53.6320055Z   node-version: 22
2026-09-14T09:18:53.6320266Z   cache: pnpm
2026-09-14T09:18:53.6320477Z   check-latest: false
2026-09-14T09:18:53.6323381Z   token: ***
2026-09-14T09:18:53.6323633Z   package-manager-cache: true
2026-09-14T09:18:53.6323883Z env:
2026-09-14T09:18:53.6324120Z   PNPM_HOME: /home/runner/setup-pnpm/node_modules/.bin
2026-09-14T09:18:53.6324434Z ##[endgroup]
2026-09-14T09:18:53.7621017Z Found in cache @ /opt/hostedtoolcache/node/22.23.2/x64
2026-09-14T09:18:53.7625134Z ##[group]Environment details
2026-09-14T09:18:54.2061023Z node: v22.23.2
2026-09-14T09:18:54.2061925Z npm: 10.9.8
2026-09-14T09:18:54.2062757Z yarn: 1.22.22
2026-09-14T09:18:54.2063797Z ##[endgroup]
2026-09-14T09:18:54.2093903Z [command]/home/runner/setup-pnpm/node_modules/.bin/bin/pnpm store path --silent
2026-09-14T09:18:54.5019308Z /home/runner/setup-pnpm/node_modules/.bin/store/v10
2026-09-14T09:18:54.5948877Z Cache hit for: node-cache-Linux-x64-pnpm-83528be4bfacfab174cb4589cc6560b2987ff34bb71b9519b61a7c1fb63cbec1
2026-09-14T09:18:55.0147001Z Received 72015995 of 72015995 (100.0%), 182.7 MBs/sec
2026-09-14T09:18:55.0148155Z Cache Size: ~69 MB (72015995 B)
2026-09-14T09:18:55.0260528Z [command]/usr/bin/tar -xf /home/runner/work/_temp/1d0a4cde-b796-4e08-af76-e0951eeec2e7/cache.tzst -P -C /home/runner/work/devbar/devbar --use-compress-program unzstd
2026-09-14T09:18:55.7984391Z Cache restored successfully
2026-09-14T09:18:55.8025873Z Cache restored from key: node-cache-Linux-x64-pnpm-83528be4bfacfab174cb4589cc6560b2987ff34bb71b9519b61a7c1fb63cbec1
2026-09-14T09:18:55.8874247Z ##[group]Run actions/cache@55cc8345863c7cc4c66a329aec7e433d2d1c52a9
2026-09-14T09:18:55.8874646Z with:
2026-09-14T09:18:55.8874901Z   path: ~/.cache/electron
~/.cache/electron-builder

2026-09-14T09:18:55.8875456Z   key: linux-release-validation-83528be4bfacfab174cb4589cc6560b2987ff34bb71b9519b61a7c1fb63cbec1
2026-09-14T09:18:55.8875992Z   enableCrossOsArchive: false
2026-09-14T09:18:55.8876250Z   fail-on-cache-miss: false
2026-09-14T09:18:55.8876487Z   lookup-only: false
2026-09-14T09:18:55.8876702Z   save-always: false
2026-09-14T09:18:55.8876902Z env:
2026-09-14T09:18:55.8877142Z   PNPM_HOME: /home/runner/setup-pnpm/node_modules/.bin
2026-09-14T09:18:55.8877468Z ##[endgroup]
2026-09-14T09:18:56.0773941Z Cache not found for input keys: linux-release-validation-83528be4bfacfab174cb4589cc6560b2987ff34bb71b9519b61a7c1fb63cbec1
2026-09-14T09:18:56.0919186Z ##[group]Run pnpm install --frozen-lockfile
2026-09-14T09:18:56.0919807Z [36;1mpnpm install --frozen-lockfile[0m
2026-09-14T09:18:56.1161510Z shell: /usr/bin/bash -e {0}
2026-09-14T09:18:56.1161803Z env:
2026-09-14T09:18:56.1162434Z   PNPM_HOME: /home/runner/setup-pnpm/node_modules/.bin
2026-09-14T09:18:56.1162821Z ##[endgroup]
2026-09-14T09:18:56.4793840Z Lockfile is up to date, resolution step is skipped
2026-09-14T09:18:56.9830190Z Packages: +481
2026-09-14T09:18:56.9873373Z ++++++++++++++++++++++++++++++++++++++++++++++++++++++++++++++++++++++++++++++++
2026-09-14T09:18:57.0371162Z Progress: resolved 0, reused 1, downloaded 0, added 0
2026-09-14T09:18:57.6741554Z Progress: resolved 0, reused 465, downloaded 0, added 481, done
2026-09-14T09:18:57.7964929Z 
2026-09-14T09:18:57.8550649Z 
2026-09-14T09:18:57.8551673Z > devbar@0.7.1 postinstall /home/runner/work/devbar/devbar
2026-09-14T09:18:57.8552830Z > node --experimental-strip-types scripts/install-hooks.ts
2026-09-14T09:18:57.8553383Z 
2026-09-14T09:18:57.9796419Z ╭ Warning ─────────────────────────────────────────────────────────────────────╮
2026-09-14T09:18:57.9798339Z │                                                                              │
2026-09-14T09:18:57.9800313Z │   Ignored build scripts: electron-winstaller@5.4.0, esbuild@0.28.2.          │
2026-09-14T09:18:57.9801934Z │   Run "pnpm approve-builds" to pick which dependencies should be allowed     │
2026-09-14T09:18:57.9803756Z │   to run scripts.                                                            │
2026-09-14T09:18:57.9804912Z │                                                                              │
2026-09-14T09:18:57.9806031Z ╰──────────────────────────────────────────────────────────────────────────────╯
2026-09-14T09:18:57.9918172Z Done in 1.8s using pnpm v10.32.1
2026-09-14T09:18:58.0097972Z ##[group]Run pnpm run dist:linux && pnpm run verify:linux
2026-09-14T09:18:58.0098432Z [36;1mpnpm run dist:linux && pnpm run verify:linux[0m
2026-09-14T09:18:58.0135872Z shell: /usr/bin/bash -e {0}
2026-09-14T09:18:58.0136132Z env:
2026-09-14T09:18:58.0136389Z   PNPM_HOME: /home/runner/setup-pnpm/node_modules/.bin
2026-09-14T09:18:58.0136716Z ##[endgroup]
2026-09-14T09:18:58.3529709Z 
2026-09-14T09:18:58.3530583Z > devbar@0.7.1 dist:linux /home/runner/work/devbar/devbar
2026-09-14T09:18:58.3531645Z > pnpm run build && node --experimental-strip-types scripts/package-win-linux.ts linux
2026-09-14T09:18:58.3532428Z 
2026-09-14T09:18:58.6269124Z 
2026-09-14T09:18:58.6270113Z > devbar@0.7.1 build /home/runner/work/devbar/devbar
2026-09-14T09:18:58.6270776Z > bash scripts/build.sh
2026-09-14T09:18:58.6271046Z 
2026-09-14T09:19:08.6356494Z 
2026-09-14T09:19:08.6357149Z   build/src/preload.cjs  8.9kb
2026-09-14T09:19:08.6357545Z 
2026-09-14T09:19:08.6357978Z ⚡ Done in 3ms
2026-09-14T09:19:09.1353642Z   • electron-builder  version=26.16.1 os=6.17.0-1022-azure
2026-09-14T09:19:09.1358455Z   • publishing will be skipped  reason=current build is a part of pull request solution=set env PUBLISH_FOR_PULL_REQUEST to true to force code signing
2026-09-14T09:19:09.1360972Z There are serious security concerns with PUBLISH_FOR_PULL_REQUEST=true (see the  CircleCI documentation (https://circleci.com/docs/1.0/fork-pr-builds/) for details)
2026-09-14T09:19:09.1363671Z If you have SSH keys, sensitive env vars or AWS credentials stored in your project settings and untrusted forks can make pull requests against your repo, then this option isn't for you.
2026-09-14T09:19:09.1455824Z   • author is missed in the package.json  appPackageFile=/home/runner/work/devbar/devbar/package.json
2026-09-14T09:19:10.0118582Z   • executing @electron/rebuild  electronVersion=43.2.0 arch=x64 buildFromSource=false workspaceRoot=/home/runner/work/devbar/devbar projectDir=./ appDir=./
2026-09-14T09:19:10.0120231Z   • installing native dependencies  arch=x64
2026-09-14T09:19:10.1517306Z   • completed installing native dependencies
2026-09-14T09:19:10.1557485Z   • packaging       platform=linux arch=x64 electron=43.2.0 appOutDir=dist/electron-builder/linux-unpacked
2026-09-14T09:19:10.2552294Z   • downloaded      label=electron progress=100%
2026-09-14T09:19:13.0037279Z   • downloaded electron zip extracted successfully  output=/home/runner/work/devbar/devbar/dist/electron-builder/linux-unpacked
2026-09-14T09:19:13.0371427Z   • searching for node modules  pm=pnpm searchDir=/home/runner/work/devbar/devbar
2026-09-14T09:19:14.3167103Z   • duplicate dependency references  dependencies=["type-fest@5.7.0"]
2026-09-14T09:19:15.4244517Z   • building        target=AppImage arch=x64 file=dist/electron-builder/DevBar-0.7.1-linux-x64.AppImage
2026-09-14T09:19:15.4252772Z   • electron uses desktopName as app_id / WM_CLASS for window association. Without it desktop environments may not link running windows to this .desktop entry. Set desktopName in package.json and linux.syncDesktopName: true to fix.  reason=desktopName is not set in package.json docs=https://www.electron.build/linux#window-association-desktopname--syncdesktopname
2026-09-14T09:19:15.5133114Z   • downloaded      label=appimage-12.0.1.7z progress=100%
2026-09-14T09:19:15.6144714Z   • downloaded      label=7zip-linux-x64.tar.gz progress=100%
2026-09-14T09:19:23.7911788Z   • building embedded block map  file=dist/electron-builder/DevBar-0.7.1-linux-x64.AppImage
2026-09-14T09:19:29.7106668Z   • building        target=deb arch=x64 file=dist/electron-builder/DevBar-0.7.1-linux-x64.deb
2026-09-14T09:19:29.7124835Z   • electron uses desktopName as app_id / WM_CLASS for window association. Without it desktop environments may not link running windows to this .desktop entry. Set desktopName in package.json and linux.syncDesktopName: true to fix.  reason=desktopName is not set in package.json docs=https://www.electron.build/linux#window-association-desktopname--syncdesktopname
2026-09-14T09:19:29.7344301Z   • downloaded      label=fpm-1.17.0-ruby-3.4.3-linux-amd64.7z progress=100%
2026-09-14T09:20:34.5630001Z [linux] x64 done
2026-09-14T09:20:34.5638830Z   • electron-builder  version=26.16.1 os=6.17.0-1022-azure
2026-09-14T09:20:34.5646137Z   • publishing will be skipped  reason=current build is a part of pull request solution=set env PUBLISH_FOR_PULL_REQUEST to true to force code signing
2026-09-14T09:20:34.5648520Z There are serious security concerns with PUBLISH_FOR_PULL_REQUEST=true (see the  CircleCI documentation (https://circleci.com/docs/1.0/fork-pr-builds/) for details)
2026-09-14T09:20:34.5651156Z If you have SSH keys, sensitive env vars or AWS credentials stored in your project settings and untrusted forks can make pull requests against your repo, then this option isn't for you.
2026-09-14T09:20:34.5678338Z   • author is missed in the package.json  appPackageFile=/home/runner/work/devbar/devbar/package.json
2026-09-14T09:20:34.8720970Z   • executing @electron/rebuild  electronVersion=43.2.0 arch=arm64 buildFromSource=false workspaceRoot=/home/runner/work/devbar/devbar projectDir=./ appDir=./
2026-09-14T09:20:34.8721928Z   • installing native dependencies  arch=arm64
2026-09-14T09:20:34.9977343Z   • completed installing native dependencies
2026-09-14T09:20:35.0013656Z   • packaging       platform=linux arch=arm64 electron=43.2.0 appOutDir=dist/electron-builder/linux-arm64-unpacked
2026-09-14T09:20:35.0838132Z   • downloaded      label=electron progress=100%
2026-09-14T09:20:38.1784463Z   • downloaded electron zip extracted successfully  output=/home/runner/work/devbar/devbar/dist/electron-builder/linux-arm64-unpacked
2026-09-14T09:20:38.2043005Z   • searching for node modules  pm=pnpm searchDir=/home/runner/work/devbar/devbar
2026-09-14T09:20:39.4791271Z   • duplicate dependency references  dependencies=["type-fest@5.7.0"]
2026-09-14T09:20:40.6676820Z   • building        target=AppImage arch=arm64 file=dist/electron-builder/DevBar-0.7.1-linux-arm64.AppImage
2026-09-14T09:20:40.6683117Z   • electron uses desktopName as app_id / WM_CLASS for window association. Without it desktop environments may not link running windows to this .desktop entry. Set desktopName in package.json and linux.syncDesktopName: true to fix.  reason=desktopName is not set in package.json docs=https://www.electron.build/linux#window-association-desktopname--syncdesktopname
2026-09-14T09:20:47.8160024Z   • building embedded block map  file=dist/electron-builder/DevBar-0.7.1-linux-arm64.AppImage
2026-09-14T09:20:54.2586651Z   • building        target=deb arch=arm64 file=dist/electron-builder/DevBar-0.7.1-linux-arm64.deb
2026-09-14T09:20:54.2601220Z   • electron uses desktopName as app_id / WM_CLASS for window association. Without it desktop environments may not link running windows to this .desktop entry. Set desktopName in package.json and linux.syncDesktopName: true to fix.  reason=desktopName is not set in package.json docs=https://www.electron.build/linux#window-association-desktopname--syncdesktopname
2026-09-14T09:21:47.4463275Z [linux] arm64 done
2026-09-14T09:21:47.4470874Z   • electron-builder  version=26.16.1 os=6.17.0-1022-azure
2026-09-14T09:21:47.4476537Z   • publishing will be skipped  reason=current build is a part of pull request solution=set env PUBLISH_FOR_PULL_REQUEST to true to force code signing
2026-09-14T09:21:47.4478757Z There are serious security concerns with PUBLISH_FOR_PULL_REQUEST=true (see the  CircleCI documentation (https://circleci.com/docs/1.0/fork-pr-builds/) for details)
2026-09-14T09:21:47.4481235Z If you have SSH keys, sensitive env vars or AWS credentials stored in your project settings and untrusted forks can make pull requests against your repo, then this option isn't for you.
2026-09-14T09:21:47.4509140Z   • author is missed in the package.json  appPackageFile=/home/runner/work/devbar/devbar/package.json
2026-09-14T09:21:47.7520812Z   • executing @electron/rebuild  electronVersion=43.2.0 arch=armv7l buildFromSource=false workspaceRoot=/home/runner/work/devbar/devbar projectDir=./ appDir=./
2026-09-14T09:21:47.7523696Z   • installing native dependencies  arch=armv7l
2026-09-14T09:21:47.8839292Z   • completed installing native dependencies
2026-09-14T09:21:47.8880435Z   • packaging       platform=linux arch=armv7l electron=43.2.0 appOutDir=dist/electron-builder/linux-armv7l-unpacked
2026-09-14T09:21:47.9147278Z   • downloaded      label=electron progress=100%
2026-09-14T09:21:50.5493644Z   • downloaded electron zip extracted successfully  output=/home/runner/work/devbar/devbar/dist/electron-builder/linux-armv7l-unpacked
2026-09-14T09:21:50.5655352Z   • searching for node modules  pm=pnpm searchDir=/home/runner/work/devbar/devbar
2026-09-14T09:21:51.8328338Z   • duplicate dependency references  dependencies=["type-fest@5.7.0"]
2026-09-14T09:21:52.9140741Z   • building        target=AppImage arch=armv7l file=dist/electron-builder/DevBar-0.7.1-linux-armv7.AppImage
2026-09-14T09:21:52.9148457Z   • electron uses desktopName as app_id / WM_CLASS for window association. Without it desktop environments may not link running windows to this .desktop entry. Set desktopName in package.json and linux.syncDesktopName: true to fix.  reason=desktopName is not set in package.json docs=https://www.electron.build/linux#window-association-desktopname--syncdesktopname
2026-09-14T09:21:58.6922732Z   • building embedded block map  file=dist/electron-builder/DevBar-0.7.1-linux-armv7.AppImage
2026-09-14T09:22:04.9345454Z   • building        target=deb arch=armv7l file=dist/electron-builder/DevBar-0.7.1-linux-armv7.deb
2026-09-14T09:22:04.9360149Z   • electron uses desktopName as app_id / WM_CLASS for window association. Without it desktop environments may not link running windows to this .desktop entry. Set desktopName in package.json and linux.syncDesktopName: true to fix.  reason=desktopName is not set in package.json docs=https://www.electron.build/linux#window-association-desktopname--syncdesktopname
2026-09-14T09:22:50.8366173Z [linux] armv7 done
2026-09-14T09:22:51.1812134Z 
2026-09-14T09:22:51.1813063Z > devbar@0.7.1 verify:linux /home/runner/work/devbar/devbar
2026-09-14T09:22:51.1813701Z > pnpm run build && node build/scripts/verify-linux-release.js
2026-09-14T09:22:51.1814159Z 
2026-09-14T09:22:51.4564490Z 
2026-09-14T09:22:51.4565208Z > devbar@0.7.1 build /home/runner/work/devbar/devbar
2026-09-14T09:22:51.4565634Z > bash scripts/build.sh
2026-09-14T09:22:51.4565801Z 
2026-09-14T09:23:00.6514179Z 
2026-09-14T09:23:00.6515007Z   build/src/preload.cjs  8.9kb
2026-09-14T09:23:00.6515289Z 
2026-09-14T09:23:00.6515709Z ⚡ Done in 2ms
2026-09-14T09:23:00.7009543Z DevBar-0.7.1-linux-x64.AppImage is missing or empty: /home/runner/work/devbar/devbar/build/dist/electron-builder/DevBar-0.7.1-linux-x64.AppImage
2026-09-14T09:23:00.7172522Z  ELIFECYCLE  Command failed with exit code 1.
2026-09-14T09:23:00.7453183Z ##[error]Process completed with exit code 1.
2026-09-14T09:23:00.7562781Z Post job cleanup.
2026-09-14T09:23:00.9018854Z Pruning is unnecessary.
2026-09-14T09:23:00.9196673Z Post job cleanup.
2026-09-14T09:23:01.0106471Z [command]/usr/bin/git version
2026-09-14T09:23:01.0154906Z git version 2.55.0
2026-09-14T09:23:01.0196938Z Temporarily overriding HOME='/home/runner/work/_temp/bdfa3e80-84dd-43a6-9792-6f3dda5e6f45' before making global git config changes
2026-09-14T09:23:01.0198404Z Adding repository directory to the temporary git global config as a safe directory
2026-09-14T09:23:01.0203100Z [command]/usr/bin/git config --global --add safe.directory /home/runner/work/devbar/devbar
2026-09-14T09:23:01.0235690Z Removing SSH command configuration
2026-09-14T09:23:01.0242673Z [command]/usr/bin/git config --local --name-only --get-regexp core\.sshCommand
2026-09-14T09:23:01.0279760Z [command]/usr/bin/git submodule foreach --recursive sh -c "git config --local --name-only --get-regexp 'core\.sshCommand' && git config --local --unset-all 'core.sshCommand' || :"
2026-09-14T09:23:01.0534429Z Removing HTTP extra header
2026-09-14T09:23:01.0541852Z [command]/usr/bin/git config --local --name-only --get-regexp http\.https\:\/\/github\.com\/\.extraheader
2026-09-14T09:23:01.0587130Z [command]/usr/bin/git submodule foreach --recursive sh -c "git config --local --name-only --get-regexp 'http\.https\:\/\/github\.com\/\.extraheader' && git config --local --unset-all 'http.https://github.com/.extraheader' || :"
2026-09-14T09:23:01.0852430Z Removing includeIf entries pointing to credentials config files
2026-09-14T09:23:01.0859187Z [command]/usr/bin/git config --local --name-only --get-regexp ^includeIf\.gitdir:
2026-09-14T09:23:01.0910651Z [command]/usr/bin/git submodule foreach --recursive git config --local --show-origin --name-only --get-regexp remote.origin.url
2026-09-14T09:23:01.1308043Z Cleaning up orphan processes
