2026-09-14T09:28:58.2795660Z Current runner version: '2.337.0'
2026-09-14T09:28:58.2820399Z ##[group]Runner Image Provisioner
2026-09-14T09:28:58.2821330Z Hosted Compute Agent
2026-09-14T09:28:58.2821940Z Version: 20260828.587
2026-09-14T09:28:58.2822566Z Commit: abac92662cab4cc7352de4f9f9d2e2419aad9c29
2026-09-14T09:28:58.2823412Z Build Date: 2026-08-28T16:44:25Z
2026-09-14T09:28:58.2824351Z Worker ID: {c4f72988-ee8b-4efc-acf8-d3fdfcd44ef6}
2026-09-14T09:28:58.2825141Z Azure Region: northcentralus
2026-09-14T09:28:58.2825783Z ##[endgroup]
2026-09-14T09:28:58.2827306Z ##[group]Operating System
2026-09-14T09:28:58.2828082Z Ubuntu
2026-09-14T09:28:58.2828614Z 24.04.5
2026-09-14T09:28:58.2829158Z LTS
2026-09-14T09:28:58.2829694Z ##[endgroup]
2026-09-14T09:28:58.2830252Z ##[group]Runner Image
2026-09-14T09:28:58.2830919Z Image: ubuntu-24.04
2026-09-14T09:28:58.2831484Z Version: 20260907.300.1
2026-09-14T09:28:58.2832778Z Included Software: https://github.com/actions/runner-images/blob/ubuntu24/20260907.300/images/ubuntu/Ubuntu2404-Readme.md
2026-09-14T09:28:58.2834830Z Image Release: https://github.com/actions/runner-images/releases/tag/ubuntu24%2F20260907.300
2026-09-14T09:28:58.2835953Z ##[endgroup]
2026-09-14T09:28:58.2837066Z ##[group]GITHUB_TOKEN Permissions
2026-09-14T09:28:58.2838998Z Contents: read
2026-09-14T09:28:58.2839612Z Metadata: read
2026-09-14T09:28:58.2840306Z ##[endgroup]
2026-09-14T09:28:58.2842435Z Secret source: Actions
2026-09-14T09:28:58.2843371Z Cache mode: write
2026-09-14T09:28:58.2844459Z Prepare workflow directory
2026-09-14T09:28:58.3212194Z Prepare all required actions
2026-09-14T09:28:58.3260656Z Getting action download info
2026-09-14T09:28:58.5995035Z Download action repository 'actions/checkout@3d3c42e5aac5ba805825da76410c181273ba90b1' (SHA:3d3c42e5aac5ba805825da76410c181273ba90b1)
2026-09-14T09:28:58.7052808Z Download action repository 'pnpm/action-setup@0977fd99725f1db4007ccb2928dbb4e90d06cc86' (SHA:0977fd99725f1db4007ccb2928dbb4e90d06cc86)
2026-09-14T09:28:58.9547158Z Download action repository 'actions/setup-node@820762786026740c76f36085b0efc47a31fe5020' (SHA:820762786026740c76f36085b0efc47a31fe5020)
2026-09-14T09:28:59.0375525Z Download action repository 'actions/cache@55cc8345863c7cc4c66a329aec7e433d2d1c52a9' (SHA:55cc8345863c7cc4c66a329aec7e433d2d1c52a9)
2026-09-14T09:28:59.2166410Z Download action repository 'actions/upload-artifact@043fb46d1a93c77aae656e7c1c64a875d1fc6a0a' (SHA:043fb46d1a93c77aae656e7c1c64a875d1fc6a0a)
2026-09-14T09:28:59.4164329Z Complete job name: Linux release dry run (incl. Raspberry Pi)
2026-09-14T09:28:59.5039585Z ##[group]Run actions/checkout@3d3c42e5aac5ba805825da76410c181273ba90b1
2026-09-14T09:28:59.5040977Z with:
2026-09-14T09:28:59.5041471Z   persist-credentials: false
2026-09-14T09:28:59.5042146Z   repository: juanjoGonDev/devbar
2026-09-14T09:28:59.5051507Z   token: ***
2026-09-14T09:28:59.5052014Z   ssh-strict: true
2026-09-14T09:28:59.5052519Z   ssh-user: git
2026-09-14T09:28:59.5052994Z   clean: true
2026-09-14T09:28:59.5053517Z   sparse-checkout-cone-mode: true
2026-09-14T09:28:59.5054577Z   fetch-depth: 1
2026-09-14T09:28:59.5055079Z   fetch-tags: false
2026-09-14T09:28:59.5055593Z   show-progress: true
2026-09-14T09:28:59.5056144Z   lfs: false
2026-09-14T09:28:59.5056619Z   submodules: false
2026-09-14T09:28:59.5057155Z   set-safe-directory: true
2026-09-14T09:28:59.5057795Z   allow-unsafe-pr-checkout: false
2026-09-14T09:28:59.5058819Z ##[endgroup]
2026-09-14T09:28:59.6095809Z Syncing repository: juanjoGonDev/devbar
2026-09-14T09:28:59.6099008Z ##[group]Getting Git version info
2026-09-14T09:28:59.6100506Z Working directory is '/home/runner/work/devbar/devbar'
2026-09-14T09:28:59.6190672Z [command]/usr/bin/git version
2026-09-14T09:28:59.6194392Z git version 2.55.0
2026-09-14T09:28:59.6199051Z ##[endgroup]
2026-09-14T09:28:59.6208461Z Temporarily overriding HOME='/home/runner/work/_temp/61f54474-af56-418b-8b54-ec569da5a3d7' before making global git config changes
2026-09-14T09:28:59.6212482Z Adding repository directory to the temporary git global config as a safe directory
2026-09-14T09:28:59.6216173Z [command]/usr/bin/git config --global --add safe.directory /home/runner/work/devbar/devbar
2026-09-14T09:28:59.6262056Z Deleting the contents of '/home/runner/work/devbar/devbar'
2026-09-14T09:28:59.6266026Z ##[group]Determining repository object format
2026-09-14T09:28:59.6268018Z ##[endgroup]
2026-09-14T09:28:59.6269448Z ##[group]Initializing the repository
2026-09-14T09:28:59.6272136Z [command]/usr/bin/git init /home/runner/work/devbar/devbar
2026-09-14T09:28:59.6365306Z hint: Using 'master' as the name for the initial branch. This default branch name
2026-09-14T09:28:59.6367914Z hint: will change to "main" in Git 3.0. To configure the initial branch name
2026-09-14T09:28:59.6371440Z hint: to use in all of your new repositories, which will suppress this warning,
2026-09-14T09:28:59.6373307Z hint: call:
2026-09-14T09:28:59.6374239Z hint:
2026-09-14T09:28:59.6375254Z hint: 	git config --global init.defaultBranch <name>
2026-09-14T09:28:59.6376665Z hint:
2026-09-14T09:28:59.6378015Z hint: Names commonly chosen instead of 'master' are 'main', 'trunk' and
2026-09-14T09:28:59.6380408Z hint: 'development'. The just-created branch can be renamed via this command:
2026-09-14T09:28:59.6382185Z hint:
2026-09-14T09:28:59.6382659Z hint: 	git branch -m <name>
2026-09-14T09:28:59.6383251Z hint:
2026-09-14T09:28:59.6385289Z hint: Disable this message with "git config set advice.defaultBranchName false"
2026-09-14T09:28:59.6388029Z Initialized empty Git repository in /home/runner/work/devbar/devbar/.git/
2026-09-14T09:28:59.6391933Z [command]/usr/bin/git remote add origin https://github.com/juanjoGonDev/devbar
2026-09-14T09:28:59.6435711Z ##[endgroup]
2026-09-14T09:28:59.6436744Z ##[group]Disabling automatic garbage collection
2026-09-14T09:28:59.6440081Z [command]/usr/bin/git config --local gc.auto 0
2026-09-14T09:28:59.6476007Z ##[endgroup]
2026-09-14T09:28:59.6478014Z ##[group]Setting up auth
2026-09-14T09:28:59.6479242Z Removing SSH command configuration
2026-09-14T09:28:59.6483602Z [command]/usr/bin/git config --local --name-only --get-regexp core\.sshCommand
2026-09-14T09:28:59.6518941Z [command]/usr/bin/git submodule foreach --recursive sh -c "git config --local --name-only --get-regexp 'core\.sshCommand' && git config --local --unset-all 'core.sshCommand' || :"
2026-09-14T09:28:59.6852088Z Removing HTTP extra header
2026-09-14T09:28:59.6859129Z [command]/usr/bin/git config --local --name-only --get-regexp http\.https\:\/\/github\.com\/\.extraheader
2026-09-14T09:28:59.6906208Z [command]/usr/bin/git submodule foreach --recursive sh -c "git config --local --name-only --get-regexp 'http\.https\:\/\/github\.com\/\.extraheader' && git config --local --unset-all 'http.https://github.com/.extraheader' || :"
2026-09-14T09:28:59.7143488Z Removing includeIf entries pointing to credentials config files
2026-09-14T09:28:59.7149433Z [command]/usr/bin/git config --local --name-only --get-regexp ^includeIf\.gitdir:
2026-09-14T09:28:59.7186248Z [command]/usr/bin/git submodule foreach --recursive git config --local --show-origin --name-only --get-regexp remote.origin.url
2026-09-14T09:28:59.7411390Z [command]/usr/bin/git config --file /home/runner/work/_temp/git-credentials-f5c6216b-95f7-432b-9dbc-aac0ef00f97f.config http.https://github.com/.extraheader AUTHORIZATION: basic ***
2026-09-14T09:28:59.7452236Z [command]/usr/bin/git config --local includeIf.gitdir:/home/runner/work/devbar/devbar/.git.path /home/runner/work/_temp/git-credentials-f5c6216b-95f7-432b-9dbc-aac0ef00f97f.config
2026-09-14T09:28:59.7485994Z [command]/usr/bin/git config --local includeIf.gitdir:/home/runner/work/devbar/devbar/.git/worktrees/*.path /home/runner/work/_temp/git-credentials-f5c6216b-95f7-432b-9dbc-aac0ef00f97f.config
2026-09-14T09:28:59.7521682Z [command]/usr/bin/git config --local includeIf.gitdir:/github/workspace/.git.path /github/runner_temp/git-credentials-f5c6216b-95f7-432b-9dbc-aac0ef00f97f.config
2026-09-14T09:28:59.7558608Z [command]/usr/bin/git config --local includeIf.gitdir:/github/workspace/.git/worktrees/*.path /github/runner_temp/git-credentials-f5c6216b-95f7-432b-9dbc-aac0ef00f97f.config
2026-09-14T09:28:59.7590077Z ##[endgroup]
2026-09-14T09:28:59.7591823Z ##[group]Fetching the repository
2026-09-14T09:28:59.7600199Z [command]/usr/bin/git -c protocol.version=2 fetch --no-tags --prune --no-recurse-submodules --depth=1 origin +00f4218a0685520baa99ab517824c27b1906046a:refs/remotes/pull/78/merge
2026-09-14T09:29:00.2576823Z From https://github.com/juanjoGonDev/devbar
2026-09-14T09:29:00.2578080Z  * [new ref]         00f4218a0685520baa99ab517824c27b1906046a -> pull/78/merge
2026-09-14T09:29:00.2584594Z ##[endgroup]
2026-09-14T09:29:00.2586431Z ##[group]Determining the checkout info
2026-09-14T09:29:00.2587592Z ##[endgroup]
2026-09-14T09:29:00.2592886Z [command]/usr/bin/git sparse-checkout disable
2026-09-14T09:29:00.2646089Z [command]/usr/bin/git config --local --unset-all extensions.worktreeConfig
2026-09-14T09:29:00.2684082Z ##[group]Checking out the ref
2026-09-14T09:29:00.2687718Z [command]/usr/bin/git checkout --progress --force refs/remotes/pull/78/merge
2026-09-14T09:29:00.2897322Z Note: switching to 'refs/remotes/pull/78/merge'.
2026-09-14T09:29:00.2898209Z 
2026-09-14T09:29:00.2899078Z You are in 'detached HEAD' state. You can look around, make experimental
2026-09-14T09:29:00.2900793Z changes and commit them, and you can discard any commits you make in this
2026-09-14T09:29:00.2903022Z state without impacting any branches by switching back to a branch.
2026-09-14T09:29:00.2904159Z 
2026-09-14T09:29:00.2904784Z If you want to create a new branch to retain commits you create, you may
2026-09-14T09:29:00.2906237Z do so (now or later) by using -c with the switch command. Example:
2026-09-14T09:29:00.2907448Z 
2026-09-14T09:29:00.2908372Z   git switch -c <new-branch-name>
2026-09-14T09:29:00.2909455Z 
2026-09-14T09:29:00.2910315Z Or undo this operation with:
2026-09-14T09:29:00.2911228Z 
2026-09-14T09:29:00.2911879Z   git switch -
2026-09-14T09:29:00.2912603Z 
2026-09-14T09:29:00.2913462Z Turn off this advice by setting config variable advice.detachedHead to false
2026-09-14T09:29:00.2914628Z 
2026-09-14T09:29:00.2915495Z HEAD is now at 00f4218 Merge 77f765af80be88c0d595798067dacd722ac4b450 into 42a77c630288a92901d0127cde05e7e033cf4dda
2026-09-14T09:29:00.2918876Z ##[endgroup]
2026-09-14T09:29:00.2956383Z [command]/usr/bin/git log -1 --format=%H
2026-09-14T09:29:00.2984858Z 00f4218a0685520baa99ab517824c27b1906046a
2026-09-14T09:29:00.3005799Z ##[group]Removing auth
2026-09-14T09:29:00.3007903Z Removing SSH command configuration
2026-09-14T09:29:00.3010900Z [command]/usr/bin/git config --local --name-only --get-regexp core\.sshCommand
2026-09-14T09:29:00.3051397Z [command]/usr/bin/git submodule foreach --recursive sh -c "git config --local --name-only --get-regexp 'core\.sshCommand' && git config --local --unset-all 'core.sshCommand' || :"
2026-09-14T09:29:00.3299932Z Removing HTTP extra header
2026-09-14T09:29:00.3303424Z [command]/usr/bin/git config --local --name-only --get-regexp http\.https\:\/\/github\.com\/\.extraheader
2026-09-14T09:29:00.3346752Z [command]/usr/bin/git submodule foreach --recursive sh -c "git config --local --name-only --get-regexp 'http\.https\:\/\/github\.com\/\.extraheader' && git config --local --unset-all 'http.https://github.com/.extraheader' || :"
2026-09-14T09:29:00.3614700Z Removing includeIf entries pointing to credentials config files
2026-09-14T09:29:00.3618775Z [command]/usr/bin/git config --local --name-only --get-regexp ^includeIf\.gitdir:
2026-09-14T09:29:00.3651010Z includeif.gitdir:/home/runner/work/devbar/devbar/.git.path
2026-09-14T09:29:00.3652636Z includeif.gitdir:/home/runner/work/devbar/devbar/.git/worktrees/*.path
2026-09-14T09:29:00.3654444Z includeif.gitdir:/github/workspace/.git.path
2026-09-14T09:29:00.3656055Z includeif.gitdir:/github/workspace/.git/worktrees/*.path
2026-09-14T09:29:00.3660341Z [command]/usr/bin/git config --local --get-all includeif.gitdir:/home/runner/work/devbar/devbar/.git.path
2026-09-14T09:29:00.3687336Z /home/runner/work/_temp/git-credentials-f5c6216b-95f7-432b-9dbc-aac0ef00f97f.config
2026-09-14T09:29:00.3696526Z [command]/usr/bin/git config --local --unset includeif.gitdir:/home/runner/work/devbar/devbar/.git.path \/home\/runner\/work\/_temp\/git\-credentials\-f5c6216b\-95f7\-432b\-9dbc\-aac0ef00f97f\.config
2026-09-14T09:29:00.3731759Z [command]/usr/bin/git config --local --get-all includeif.gitdir:/home/runner/work/devbar/devbar/.git/worktrees/*.path
2026-09-14T09:29:00.3758175Z /home/runner/work/_temp/git-credentials-f5c6216b-95f7-432b-9dbc-aac0ef00f97f.config
2026-09-14T09:29:00.3772173Z [command]/usr/bin/git config --local --unset includeif.gitdir:/home/runner/work/devbar/devbar/.git/worktrees/*.path \/home\/runner\/work\/_temp\/git\-credentials\-f5c6216b\-95f7\-432b\-9dbc\-aac0ef00f97f\.config
2026-09-14T09:29:00.3806584Z [command]/usr/bin/git config --local --get-all includeif.gitdir:/github/workspace/.git.path
2026-09-14T09:29:00.3831785Z /github/runner_temp/git-credentials-f5c6216b-95f7-432b-9dbc-aac0ef00f97f.config
2026-09-14T09:29:00.3841872Z [command]/usr/bin/git config --local --unset includeif.gitdir:/github/workspace/.git.path \/github\/runner_temp\/git\-credentials\-f5c6216b\-95f7\-432b\-9dbc\-aac0ef00f97f\.config
2026-09-14T09:29:00.3879877Z [command]/usr/bin/git config --local --get-all includeif.gitdir:/github/workspace/.git/worktrees/*.path
2026-09-14T09:29:00.3907169Z /github/runner_temp/git-credentials-f5c6216b-95f7-432b-9dbc-aac0ef00f97f.config
2026-09-14T09:29:00.3956613Z [command]/usr/bin/git config --local --unset includeif.gitdir:/github/workspace/.git/worktrees/*.path \/github\/runner_temp\/git\-credentials\-f5c6216b\-95f7\-432b\-9dbc\-aac0ef00f97f\.config
2026-09-14T09:29:00.4016632Z [command]/usr/bin/git submodule foreach --recursive git config --local --show-origin --name-only --get-regexp remote.origin.url
2026-09-14T09:29:00.4241532Z Removing credentials config '/home/runner/work/_temp/git-credentials-f5c6216b-95f7-432b-9dbc-aac0ef00f97f.config'
2026-09-14T09:29:00.4252198Z ##[endgroup]
2026-09-14T09:29:00.4515629Z ##[group]Run pnpm/action-setup@0977fd99725f1db4007ccb2928dbb4e90d06cc86
2026-09-14T09:29:00.4516793Z with:
2026-09-14T09:29:00.4517647Z   dest: ~/setup-pnpm
2026-09-14T09:29:00.4518505Z   run_install: null
2026-09-14T09:29:00.4519345Z   cache: false
2026-09-14T09:29:00.4520211Z   cache_dependency_path: pnpm-lock.yaml
2026-09-14T09:29:00.4521164Z   package_json_file: package.json
2026-09-14T09:29:00.4522065Z   standalone: false
2026-09-14T09:29:00.4522899Z ##[endgroup]
2026-09-14T09:29:00.6011938Z ##[group]Running self-installer...
2026-09-14T09:29:02.3778813Z 
2026-09-14T09:29:02.3779345Z added 1 package, and audited 2 packages in 2s
2026-09-14T09:29:02.3779995Z 
2026-09-14T09:29:02.3780389Z 1 package is looking for funding
2026-09-14T09:29:02.3780764Z   run `npm fund` for details
2026-09-14T09:29:02.3788172Z 
2026-09-14T09:29:02.3788408Z found 0 vulnerabilities
2026-09-14T09:29:03.0024586Z Checking for updates...
2026-09-14T09:29:03.1488209Z Switching pnpm from v11.19.0 to v10.32.1...
2026-09-14T09:29:03.5569288Z .../v11/8eb-1a09f3fa4ba-9524ad10d43acd59 | Progress: resolved 1, reused 0, downloaded 0, added 0
2026-09-14T09:29:03.5588298Z .../v11/8eb-1a09f3fa4ba-9524ad10d43acd59 |   +1 +
2026-09-14T09:29:03.8046755Z .../v11/8eb-1a09f3fa4ba-9524ad10d43acd59 | Progress: resolved 1, reused 0, downloaded 1, added 1, done
2026-09-14T09:29:04.2114472Z [WARN] Detected a pnpm v10 installation layout at PNPM_HOME. The pnpm shims at PNPM_HOME have been refreshed so the new version is active, but pnpm v11 expects bins in PNPM_HOME/bin. Run "pnpm setup" to migrate your PATH to the v11 layout.
2026-09-14T09:29:04.2140331Z Successfully updated pnpm to v10.32.1
2026-09-14T09:29:04.2425334Z ##[endgroup]
2026-09-14T09:29:04.2425891Z Installation Completed!
2026-09-14T09:29:04.2614222Z ##[group]Run actions/setup-node@820762786026740c76f36085b0efc47a31fe5020
2026-09-14T09:29:04.2614655Z with:
2026-09-14T09:29:04.2614864Z   node-version: 22
2026-09-14T09:29:04.2615071Z   cache: pnpm
2026-09-14T09:29:04.2615275Z   check-latest: false
2026-09-14T09:29:04.2618010Z   token: ***
2026-09-14T09:29:04.2618238Z   package-manager-cache: true
2026-09-14T09:29:04.2618489Z env:
2026-09-14T09:29:04.2618735Z   PNPM_HOME: /home/runner/setup-pnpm/node_modules/.bin
2026-09-14T09:29:04.2619041Z ##[endgroup]
2026-09-14T09:29:04.3921993Z Found in cache @ /opt/hostedtoolcache/node/22.23.2/x64
2026-09-14T09:29:04.3926194Z ##[group]Environment details
2026-09-14T09:29:04.7800571Z node: v22.23.2
2026-09-14T09:29:04.7801182Z npm: 10.9.8
2026-09-14T09:29:04.7809573Z yarn: 1.22.22
2026-09-14T09:29:04.7810701Z ##[endgroup]
2026-09-14T09:29:04.7828907Z [command]/home/runner/setup-pnpm/node_modules/.bin/bin/pnpm store path --silent
2026-09-14T09:29:05.0676185Z /home/runner/setup-pnpm/node_modules/.bin/store/v10
2026-09-14T09:29:05.2009423Z Cache hit for: node-cache-Linux-x64-pnpm-83528be4bfacfab174cb4589cc6560b2987ff34bb71b9519b61a7c1fb63cbec1
2026-09-14T09:29:05.8822044Z Received 72015995 of 72015995 (100.0%), 121.8 MBs/sec
2026-09-14T09:29:05.8823616Z Cache Size: ~69 MB (72015995 B)
2026-09-14T09:29:05.8927666Z [command]/usr/bin/tar -xf /home/runner/work/_temp/d22eeb8b-326b-4f03-99d4-5dfaa94ba88a/cache.tzst -P -C /home/runner/work/devbar/devbar --use-compress-program unzstd
2026-09-14T09:29:06.6556568Z Cache restored successfully
2026-09-14T09:29:06.6596699Z Cache restored from key: node-cache-Linux-x64-pnpm-83528be4bfacfab174cb4589cc6560b2987ff34bb71b9519b61a7c1fb63cbec1
2026-09-14T09:29:06.7384204Z ##[group]Run actions/cache@55cc8345863c7cc4c66a329aec7e433d2d1c52a9
2026-09-14T09:29:06.7384632Z with:
2026-09-14T09:29:06.7384903Z   path: ~/.cache/electron
~/.cache/electron-builder

2026-09-14T09:29:06.7385466Z   key: linux-release-validation-83528be4bfacfab174cb4589cc6560b2987ff34bb71b9519b61a7c1fb63cbec1
2026-09-14T09:29:06.7386014Z   enableCrossOsArchive: false
2026-09-14T09:29:06.7386282Z   fail-on-cache-miss: false
2026-09-14T09:29:06.7386524Z   lookup-only: false
2026-09-14T09:29:06.7386754Z   save-always: false
2026-09-14T09:29:06.7386965Z env:
2026-09-14T09:29:06.7387213Z   PNPM_HOME: /home/runner/setup-pnpm/node_modules/.bin
2026-09-14T09:29:06.7387555Z ##[endgroup]
2026-09-14T09:29:06.9482683Z Cache not found for input keys: linux-release-validation-83528be4bfacfab174cb4589cc6560b2987ff34bb71b9519b61a7c1fb63cbec1
2026-09-14T09:29:06.9570679Z ##[group]Run pnpm install --frozen-lockfile
2026-09-14T09:29:06.9571103Z [36;1mpnpm install --frozen-lockfile[0m
2026-09-14T09:29:06.9619029Z shell: /usr/bin/bash -e {0}
2026-09-14T09:29:06.9619313Z env:
2026-09-14T09:29:06.9619579Z   PNPM_HOME: /home/runner/setup-pnpm/node_modules/.bin
2026-09-14T09:29:06.9619907Z ##[endgroup]
2026-09-14T09:29:07.2928276Z Lockfile is up to date, resolution step is skipped
2026-09-14T09:29:07.4815456Z Packages: +481
2026-09-14T09:29:07.4850196Z ++++++++++++++++++++++++++++++++++++++++++++++++++++++++++++++++++++++++++++++++
2026-09-14T09:29:07.4964762Z Progress: resolved 0, reused 1, downloaded 0, added 0
2026-09-14T09:29:08.4398978Z Progress: resolved 0, reused 465, downloaded 0, added 481, done
2026-09-14T09:29:08.5891965Z 
2026-09-14T09:29:08.6433725Z 
2026-09-14T09:29:08.6434997Z > devbar@0.7.1 postinstall /home/runner/work/devbar/devbar
2026-09-14T09:29:08.6436078Z > node --experimental-strip-types scripts/install-hooks.ts
2026-09-14T09:29:08.7252748Z 
2026-09-14T09:29:08.7254570Z ╭ Warning ─────────────────────────────────────────────────────────────────────╮
2026-09-14T09:29:08.7255632Z │                                                                              │
2026-09-14T09:29:08.7257278Z │   Ignored build scripts: electron-winstaller@5.4.0, esbuild@0.28.2.          │
2026-09-14T09:29:08.7258539Z │   Run "pnpm approve-builds" to pick which dependencies should be allowed     │
2026-09-14T09:29:08.7259663Z │   to run scripts.                                                            │
2026-09-14T09:29:08.7260601Z │                                                                              │
2026-09-14T09:29:08.7261600Z ╰──────────────────────────────────────────────────────────────────────────────╯
2026-09-14T09:29:08.7376981Z Done in 1.7s using pnpm v10.32.1
2026-09-14T09:29:08.7563675Z ##[group]Run pnpm run dist:linux && pnpm run verify:linux
2026-09-14T09:29:08.7564444Z [36;1mpnpm run dist:linux && pnpm run verify:linux[0m
2026-09-14T09:29:08.7601236Z shell: /usr/bin/bash -e {0}
2026-09-14T09:29:08.7601489Z env:
2026-09-14T09:29:08.7601747Z   PNPM_HOME: /home/runner/setup-pnpm/node_modules/.bin
2026-09-14T09:29:08.7602068Z ##[endgroup]
2026-09-14T09:29:09.2083459Z 
2026-09-14T09:29:09.2084709Z > devbar@0.7.1 dist:linux /home/runner/work/devbar/devbar
2026-09-14T09:29:09.2085697Z > pnpm run build && node --experimental-strip-types scripts/package-win-linux.ts linux
2026-09-14T09:29:09.2086251Z 
2026-09-14T09:29:09.4945448Z 
2026-09-14T09:29:09.4946230Z > devbar@0.7.1 build /home/runner/work/devbar/devbar
2026-09-14T09:29:09.4946702Z > bash scripts/build.sh
2026-09-14T09:29:09.4946878Z 
2026-09-14T09:29:19.3204229Z 
2026-09-14T09:29:19.3205138Z   build/src/preload.cjs  8.9kb
2026-09-14T09:29:19.3205925Z 
2026-09-14T09:29:19.3206386Z ⚡ Done in 3ms
2026-09-14T09:29:19.8313412Z   • electron-builder  version=26.16.1 os=6.17.0-1022-azure
2026-09-14T09:29:19.8319004Z   • publishing will be skipped  reason=current build is a part of pull request solution=set env PUBLISH_FOR_PULL_REQUEST to true to force code signing
2026-09-14T09:29:19.8321244Z There are serious security concerns with PUBLISH_FOR_PULL_REQUEST=true (see the  CircleCI documentation (https://circleci.com/docs/1.0/fork-pr-builds/) for details)
2026-09-14T09:29:19.8324040Z If you have SSH keys, sensitive env vars or AWS credentials stored in your project settings and untrusted forks can make pull requests against your repo, then this option isn't for you.
2026-09-14T09:29:19.8421615Z   • author is missed in the package.json  appPackageFile=/home/runner/work/devbar/devbar/package.json
2026-09-14T09:29:20.7086456Z   • executing @electron/rebuild  electronVersion=43.2.0 arch=x64 buildFromSource=false workspaceRoot=/home/runner/work/devbar/devbar projectDir=./ appDir=./
2026-09-14T09:29:20.7088114Z   • installing native dependencies  arch=x64
2026-09-14T09:29:20.8390860Z   • completed installing native dependencies
2026-09-14T09:29:20.8434344Z   • packaging       platform=linux arch=x64 electron=43.2.0 appOutDir=dist/electron-builder/linux-unpacked
2026-09-14T09:29:21.0081771Z   • downloaded      label=electron progress=100%
2026-09-14T09:29:24.0925471Z   • downloaded electron zip extracted successfully  output=/home/runner/work/devbar/devbar/dist/electron-builder/linux-unpacked
2026-09-14T09:29:24.1220738Z   • searching for node modules  pm=pnpm searchDir=/home/runner/work/devbar/devbar
2026-09-14T09:29:25.3994430Z   • duplicate dependency references  dependencies=["type-fest@5.7.0"]
2026-09-14T09:29:26.6026285Z   • building        target=AppImage arch=x64 file=dist/electron-builder/DevBar-0.7.1-linux-x64.AppImage
2026-09-14T09:29:26.6034626Z   • electron uses desktopName as app_id / WM_CLASS for window association. Without it desktop environments may not link running windows to this .desktop entry. Set desktopName in package.json and linux.syncDesktopName: true to fix.  reason=desktopName is not set in package.json docs=https://www.electron.build/linux#window-association-desktopname--syncdesktopname
2026-09-14T09:29:26.7252833Z   • downloaded      label=appimage-12.0.1.7z progress=100%
2026-09-14T09:29:26.7925736Z   • downloaded      label=7zip-linux-x64.tar.gz progress=100%
2026-09-14T09:29:35.0600137Z   • building embedded block map  file=dist/electron-builder/DevBar-0.7.1-linux-x64.AppImage
2026-09-14T09:29:41.0636000Z   • building        target=deb arch=x64 file=dist/electron-builder/DevBar-0.7.1-linux-x64.deb
2026-09-14T09:29:41.0660099Z   • electron uses desktopName as app_id / WM_CLASS for window association. Without it desktop environments may not link running windows to this .desktop entry. Set desktopName in package.json and linux.syncDesktopName: true to fix.  reason=desktopName is not set in package.json docs=https://www.electron.build/linux#window-association-desktopname--syncdesktopname
2026-09-14T09:29:41.1905498Z   • downloaded      label=fpm-1.17.0-ruby-3.4.3-linux-amd64.7z progress=100%
2026-09-14T09:30:46.2136658Z [linux] x64 done
2026-09-14T09:30:46.2144279Z   • electron-builder  version=26.16.1 os=6.17.0-1022-azure
2026-09-14T09:30:46.2151860Z   • publishing will be skipped  reason=current build is a part of pull request solution=set env PUBLISH_FOR_PULL_REQUEST to true to force code signing
2026-09-14T09:30:46.2155057Z There are serious security concerns with PUBLISH_FOR_PULL_REQUEST=true (see the  CircleCI documentation (https://circleci.com/docs/1.0/fork-pr-builds/) for details)
2026-09-14T09:30:46.2157600Z If you have SSH keys, sensitive env vars or AWS credentials stored in your project settings and untrusted forks can make pull requests against your repo, then this option isn't for you.
2026-09-14T09:30:46.2185755Z   • author is missed in the package.json  appPackageFile=/home/runner/work/devbar/devbar/package.json
2026-09-14T09:30:46.5236123Z   • executing @electron/rebuild  electronVersion=43.2.0 arch=arm64 buildFromSource=false workspaceRoot=/home/runner/work/devbar/devbar projectDir=./ appDir=./
2026-09-14T09:30:46.5237250Z   • installing native dependencies  arch=arm64
2026-09-14T09:30:46.6595068Z   • completed installing native dependencies
2026-09-14T09:30:46.6645048Z   • packaging       platform=linux arch=arm64 electron=43.2.0 appOutDir=dist/electron-builder/linux-arm64-unpacked
2026-09-14T09:30:46.8262852Z   • downloaded      label=electron progress=100%
2026-09-14T09:30:49.9375719Z   • downloaded electron zip extracted successfully  output=/home/runner/work/devbar/devbar/dist/electron-builder/linux-arm64-unpacked
2026-09-14T09:30:49.9621867Z   • searching for node modules  pm=pnpm searchDir=/home/runner/work/devbar/devbar
2026-09-14T09:30:51.2315885Z   • duplicate dependency references  dependencies=["type-fest@5.7.0"]
2026-09-14T09:30:52.3715854Z   • building        target=AppImage arch=arm64 file=dist/electron-builder/DevBar-0.7.1-linux-arm64.AppImage
2026-09-14T09:30:52.3724185Z   • electron uses desktopName as app_id / WM_CLASS for window association. Without it desktop environments may not link running windows to this .desktop entry. Set desktopName in package.json and linux.syncDesktopName: true to fix.  reason=desktopName is not set in package.json docs=https://www.electron.build/linux#window-association-desktopname--syncdesktopname
2026-09-14T09:30:59.4766554Z   • building embedded block map  file=dist/electron-builder/DevBar-0.7.1-linux-arm64.AppImage
2026-09-14T09:31:05.9224944Z   • building        target=deb arch=arm64 file=dist/electron-builder/DevBar-0.7.1-linux-arm64.deb
2026-09-14T09:31:05.9240228Z   • electron uses desktopName as app_id / WM_CLASS for window association. Without it desktop environments may not link running windows to this .desktop entry. Set desktopName in package.json and linux.syncDesktopName: true to fix.  reason=desktopName is not set in package.json docs=https://www.electron.build/linux#window-association-desktopname--syncdesktopname
2026-09-14T09:31:58.0173998Z [linux] arm64 done
2026-09-14T09:31:58.0180987Z   • electron-builder  version=26.16.1 os=6.17.0-1022-azure
2026-09-14T09:31:58.0186010Z   • publishing will be skipped  reason=current build is a part of pull request solution=set env PUBLISH_FOR_PULL_REQUEST to true to force code signing
2026-09-14T09:31:58.0188099Z There are serious security concerns with PUBLISH_FOR_PULL_REQUEST=true (see the  CircleCI documentation (https://circleci.com/docs/1.0/fork-pr-builds/) for details)
2026-09-14T09:31:58.0189660Z If you have SSH keys, sensitive env vars or AWS credentials stored in your project settings and untrusted forks can make pull requests against your repo, then this option isn't for you.
2026-09-14T09:31:58.0219479Z   • author is missed in the package.json  appPackageFile=/home/runner/work/devbar/devbar/package.json
2026-09-14T09:31:58.3277458Z   • executing @electron/rebuild  electronVersion=43.2.0 arch=armv7l buildFromSource=false workspaceRoot=/home/runner/work/devbar/devbar projectDir=./ appDir=./
2026-09-14T09:31:58.3279017Z   • installing native dependencies  arch=armv7l
2026-09-14T09:31:58.4585337Z   • completed installing native dependencies
2026-09-14T09:31:58.4624753Z   • packaging       platform=linux arch=armv7l electron=43.2.0 appOutDir=dist/electron-builder/linux-armv7l-unpacked
2026-09-14T09:31:58.6485758Z   • downloaded      label=electron progress=100%
2026-09-14T09:32:01.4107408Z   • downloaded electron zip extracted successfully  output=/home/runner/work/devbar/devbar/dist/electron-builder/linux-armv7l-unpacked
2026-09-14T09:32:01.4280532Z   • searching for node modules  pm=pnpm searchDir=/home/runner/work/devbar/devbar
2026-09-14T09:32:02.6922078Z   • duplicate dependency references  dependencies=["type-fest@5.7.0"]
2026-09-14T09:32:03.8386924Z   • building        target=AppImage arch=armv7l file=dist/electron-builder/DevBar-0.7.1-linux-armv7.AppImage
2026-09-14T09:32:03.8392581Z   • electron uses desktopName as app_id / WM_CLASS for window association. Without it desktop environments may not link running windows to this .desktop entry. Set desktopName in package.json and linux.syncDesktopName: true to fix.  reason=desktopName is not set in package.json docs=https://www.electron.build/linux#window-association-desktopname--syncdesktopname
2026-09-14T09:32:09.6152952Z   • building embedded block map  file=dist/electron-builder/DevBar-0.7.1-linux-armv7.AppImage
2026-09-14T09:32:15.8681955Z   • building        target=deb arch=armv7l file=dist/electron-builder/DevBar-0.7.1-linux-armv7.deb
2026-09-14T09:32:15.8696273Z   • electron uses desktopName as app_id / WM_CLASS for window association. Without it desktop environments may not link running windows to this .desktop entry. Set desktopName in package.json and linux.syncDesktopName: true to fix.  reason=desktopName is not set in package.json docs=https://www.electron.build/linux#window-association-desktopname--syncdesktopname
2026-09-14T09:32:51.0216202Z [linux] armv7 done
2026-09-14T09:32:51.3594759Z 
2026-09-14T09:32:51.3595552Z > devbar@0.7.1 verify:linux /home/runner/work/devbar/devbar
2026-09-14T09:32:51.3596187Z > pnpm run build && node build/scripts/verify-linux-release.js
2026-09-14T09:32:51.3596659Z 
2026-09-14T09:32:51.6332324Z 
2026-09-14T09:32:51.6333102Z > devbar@0.7.1 build /home/runner/work/devbar/devbar
2026-09-14T09:32:51.6334016Z > bash scripts/build.sh
2026-09-14T09:32:51.6334302Z 
2026-09-14T09:33:00.7567731Z 
2026-09-14T09:33:00.7572719Z   build/src/preload.cjs  8.9kb
2026-09-14T09:33:00.7573135Z 
2026-09-14T09:33:00.7573593Z ⚡ Done in 3ms
2026-09-14T09:33:00.8075360Z Verified 6 linux artifacts for v0.7.1 in /home/runner/work/devbar/devbar/dist/electron-builder
2026-09-14T09:33:00.8079396Z DevBar-0.7.1-linux-x64.AppImage is not a valid AppImage (magic missing)
2026-09-14T09:33:00.8232099Z  ELIFECYCLE  Command failed with exit code 1.
2026-09-14T09:33:00.8529189Z ##[error]Process completed with exit code 1.
2026-09-14T09:33:00.8640142Z Post job cleanup.
2026-09-14T09:33:01.0062779Z Pruning is unnecessary.
2026-09-14T09:33:01.0274101Z Post job cleanup.
2026-09-14T09:33:01.1156891Z [command]/usr/bin/git version
2026-09-14T09:33:01.1198190Z git version 2.55.0
2026-09-14T09:33:01.1235698Z Temporarily overriding HOME='/home/runner/work/_temp/9297c307-ad38-4b6e-83f9-b7cb572cce62' before making global git config changes
2026-09-14T09:33:01.1237245Z Adding repository directory to the temporary git global config as a safe directory
2026-09-14T09:33:01.1240119Z [command]/usr/bin/git config --global --add safe.directory /home/runner/work/devbar/devbar
2026-09-14T09:33:01.1273193Z Removing SSH command configuration
2026-09-14T09:33:01.1280326Z [command]/usr/bin/git config --local --name-only --get-regexp core\.sshCommand
2026-09-14T09:33:01.1315324Z [command]/usr/bin/git submodule foreach --recursive sh -c "git config --local --name-only --get-regexp 'core\.sshCommand' && git config --local --unset-all 'core.sshCommand' || :"
2026-09-14T09:33:01.1555068Z Removing HTTP extra header
2026-09-14T09:33:01.1560074Z [command]/usr/bin/git config --local --name-only --get-regexp http\.https\:\/\/github\.com\/\.extraheader
2026-09-14T09:33:01.1595971Z [command]/usr/bin/git submodule foreach --recursive sh -c "git config --local --name-only --get-regexp 'http\.https\:\/\/github\.com\/\.extraheader' && git config --local --unset-all 'http.https://github.com/.extraheader' || :"
2026-09-14T09:33:01.1849485Z Removing includeIf entries pointing to credentials config files
2026-09-14T09:33:01.1858051Z [command]/usr/bin/git config --local --name-only --get-regexp ^includeIf\.gitdir:
2026-09-14T09:33:01.1897009Z [command]/usr/bin/git submodule foreach --recursive git config --local --show-origin --name-only --get-regexp remote.origin.url
2026-09-14T09:33:01.2314069Z Cleaning up orphan processes
