2026-09-14T08:25:36.0828484Z Current runner version: '2.337.0'
2026-09-14T08:25:36.0853599Z ##[group]Runner Image Provisioner
2026-09-14T08:25:36.0854519Z Hosted Compute Agent
2026-09-14T08:25:36.0855114Z Version: 20260828.587
2026-09-14T08:25:36.0855859Z Commit: abac92662cab4cc7352de4f9f9d2e2419aad9c29
2026-09-14T08:25:36.0857058Z Build Date: 2026-08-28T16:44:25Z
2026-09-14T08:25:36.0857871Z Worker ID: {822a5264-73b9-4dc2-869b-0ac9c94ef9d5}
2026-09-14T08:25:36.0858646Z Azure Region: westus
2026-09-14T08:25:36.0859219Z ##[endgroup]
2026-09-14T08:25:36.0860812Z ##[group]Operating System
2026-09-14T08:25:36.0861479Z Ubuntu
2026-09-14T08:25:36.0862091Z 24.04.5
2026-09-14T08:25:36.0862665Z LTS
2026-09-14T08:25:36.0863196Z ##[endgroup]
2026-09-14T08:25:36.0863807Z ##[group]Runner Image
2026-09-14T08:25:36.0864443Z Image: ubuntu-24.04
2026-09-14T08:25:36.0865047Z Version: 20260907.300.1
2026-09-14T08:25:36.0866711Z Included Software: https://github.com/actions/runner-images/blob/ubuntu24/20260907.300/images/ubuntu/Ubuntu2404-Readme.md
2026-09-14T08:25:36.0868440Z Image Release: https://github.com/actions/runner-images/releases/tag/ubuntu24%2F20260907.300
2026-09-14T08:25:36.0869432Z ##[endgroup]
2026-09-14T08:25:36.0870581Z ##[group]GITHUB_TOKEN Permissions
2026-09-14T08:25:36.0872528Z Contents: read
2026-09-14T08:25:36.0873237Z Metadata: read
2026-09-14T08:25:36.0873843Z ##[endgroup]
2026-09-14T08:25:36.0875897Z Secret source: Actions
2026-09-14T08:25:36.0877269Z Cache mode: write
2026-09-14T08:25:36.0877999Z Prepare workflow directory
2026-09-14T08:25:36.1220150Z Prepare all required actions
2026-09-14T08:25:36.1269326Z Getting action download info
2026-09-14T08:25:36.5085191Z Download action repository 'actions/checkout@3d3c42e5aac5ba805825da76410c181273ba90b1' (SHA:3d3c42e5aac5ba805825da76410c181273ba90b1)
2026-09-14T08:25:36.6487557Z Download action repository 'pnpm/action-setup@0977fd99725f1db4007ccb2928dbb4e90d06cc86' (SHA:0977fd99725f1db4007ccb2928dbb4e90d06cc86)
2026-09-14T08:25:36.9492797Z Download action repository 'actions/setup-node@820762786026740c76f36085b0efc47a31fe5020' (SHA:820762786026740c76f36085b0efc47a31fe5020)
2026-09-14T08:25:37.0927530Z Download action repository 'actions/cache@55cc8345863c7cc4c66a329aec7e433d2d1c52a9' (SHA:55cc8345863c7cc4c66a329aec7e433d2d1c52a9)
2026-09-14T08:25:37.2013790Z Download action repository 'actions/upload-artifact@043fb46d1a93c77aae656e7c1c64a875d1fc6a0a' (SHA:043fb46d1a93c77aae656e7c1c64a875d1fc6a0a)
2026-09-14T08:25:37.4446189Z Complete job name: Build, verify & launch smoke — linux
2026-09-14T08:25:37.5535663Z ##[group]Run actions/checkout@3d3c42e5aac5ba805825da76410c181273ba90b1
2026-09-14T08:25:37.5537772Z with:
2026-09-14T08:25:37.5538642Z   persist-credentials: false
2026-09-14T08:25:37.5539696Z   repository: juanjoGonDev/devbar
2026-09-14T08:25:37.5548193Z   token: ***
2026-09-14T08:25:37.5549059Z   ssh-strict: true
2026-09-14T08:25:37.5549932Z   ssh-user: git
2026-09-14T08:25:37.5550772Z   clean: true
2026-09-14T08:25:37.5551667Z   sparse-checkout-cone-mode: true
2026-09-14T08:25:37.5552750Z   fetch-depth: 1
2026-09-14T08:25:37.5553611Z   fetch-tags: false
2026-09-14T08:25:37.5554502Z   show-progress: true
2026-09-14T08:25:37.5555396Z   lfs: false
2026-09-14T08:25:37.5556352Z   submodules: false
2026-09-14T08:25:37.5557321Z   set-safe-directory: true
2026-09-14T08:25:37.5558350Z   allow-unsafe-pr-checkout: false
2026-09-14T08:25:37.5559695Z ##[endgroup]
2026-09-14T08:25:37.6609006Z Syncing repository: juanjoGonDev/devbar
2026-09-14T08:25:37.6613473Z ##[group]Getting Git version info
2026-09-14T08:25:37.6615762Z Working directory is '/home/runner/work/devbar/devbar'
2026-09-14T08:25:37.6619159Z [command]/usr/bin/git version
2026-09-14T08:25:37.6668710Z git version 2.55.0
2026-09-14T08:25:37.6693014Z ##[endgroup]
2026-09-14T08:25:37.6703266Z Temporarily overriding HOME='/home/runner/work/_temp/a8cebb23-61ab-484a-8b00-8be41c65fe01' before making global git config changes
2026-09-14T08:25:37.6708900Z Adding repository directory to the temporary git global config as a safe directory
2026-09-14T08:25:37.6713735Z [command]/usr/bin/git config --global --add safe.directory /home/runner/work/devbar/devbar
2026-09-14T08:25:37.6757152Z Deleting the contents of '/home/runner/work/devbar/devbar'
2026-09-14T08:25:37.6760789Z ##[group]Determining repository object format
2026-09-14T08:25:37.6763832Z ##[endgroup]
2026-09-14T08:25:37.6766575Z ##[group]Initializing the repository
2026-09-14T08:25:37.6768948Z [command]/usr/bin/git init /home/runner/work/devbar/devbar
2026-09-14T08:25:37.6877772Z hint: Using 'master' as the name for the initial branch. This default branch name
2026-09-14T08:25:37.6879880Z hint: will change to "main" in Git 3.0. To configure the initial branch name
2026-09-14T08:25:37.6881993Z hint: to use in all of your new repositories, which will suppress this warning,
2026-09-14T08:25:37.6883519Z hint: call:
2026-09-14T08:25:37.6884331Z hint:
2026-09-14T08:25:37.6885348Z hint: 	git config --global init.defaultBranch <name>
2026-09-14T08:25:37.6886845Z hint:
2026-09-14T08:25:37.6888030Z hint: Names commonly chosen instead of 'master' are 'main', 'trunk' and
2026-09-14T08:25:37.6889954Z hint: 'development'. The just-created branch can be renamed via this command:
2026-09-14T08:25:37.6891450Z hint:
2026-09-14T08:25:37.6892286Z hint: 	git branch -m <name>
2026-09-14T08:25:37.6893235Z hint:
2026-09-14T08:25:37.6894492Z hint: Disable this message with "git config set advice.defaultBranchName false"
2026-09-14T08:25:37.6934170Z Initialized empty Git repository in /home/runner/work/devbar/devbar/.git/
2026-09-14T08:25:37.6947483Z [command]/usr/bin/git remote add origin https://github.com/juanjoGonDev/devbar
2026-09-14T08:25:37.7001379Z ##[endgroup]
2026-09-14T08:25:37.7003917Z ##[group]Disabling automatic garbage collection
2026-09-14T08:25:37.7006649Z [command]/usr/bin/git config --local gc.auto 0
2026-09-14T08:25:37.7042044Z ##[endgroup]
2026-09-14T08:25:37.7044550Z ##[group]Setting up auth
2026-09-14T08:25:37.7046871Z Removing SSH command configuration
2026-09-14T08:25:37.7049507Z [command]/usr/bin/git config --local --name-only --get-regexp core\.sshCommand
2026-09-14T08:25:37.7083880Z [command]/usr/bin/git submodule foreach --recursive sh -c "git config --local --name-only --get-regexp 'core\.sshCommand' && git config --local --unset-all 'core.sshCommand' || :"
2026-09-14T08:25:37.7488742Z Removing HTTP extra header
2026-09-14T08:25:37.7491775Z [command]/usr/bin/git config --local --name-only --get-regexp http\.https\:\/\/github\.com\/\.extraheader
2026-09-14T08:25:37.7510816Z [command]/usr/bin/git submodule foreach --recursive sh -c "git config --local --name-only --get-regexp 'http\.https\:\/\/github\.com\/\.extraheader' && git config --local --unset-all 'http.https://github.com/.extraheader' || :"
2026-09-14T08:25:37.7738841Z Removing includeIf entries pointing to credentials config files
2026-09-14T08:25:37.7743251Z [command]/usr/bin/git config --local --name-only --get-regexp ^includeIf\.gitdir:
2026-09-14T08:25:37.7782950Z [command]/usr/bin/git submodule foreach --recursive git config --local --show-origin --name-only --get-regexp remote.origin.url
2026-09-14T08:25:37.8008913Z [command]/usr/bin/git config --file /home/runner/work/_temp/git-credentials-7ebd7dae-e408-4de3-98e5-79bfc386da9d.config http.https://github.com/.extraheader AUTHORIZATION: basic ***
2026-09-14T08:25:37.8048836Z [command]/usr/bin/git config --local includeIf.gitdir:/home/runner/work/devbar/devbar/.git.path /home/runner/work/_temp/git-credentials-7ebd7dae-e408-4de3-98e5-79bfc386da9d.config
2026-09-14T08:25:37.8085664Z [command]/usr/bin/git config --local includeIf.gitdir:/home/runner/work/devbar/devbar/.git/worktrees/*.path /home/runner/work/_temp/git-credentials-7ebd7dae-e408-4de3-98e5-79bfc386da9d.config
2026-09-14T08:25:37.8125370Z [command]/usr/bin/git config --local includeIf.gitdir:/github/workspace/.git.path /github/runner_temp/git-credentials-7ebd7dae-e408-4de3-98e5-79bfc386da9d.config
2026-09-14T08:25:37.8161506Z [command]/usr/bin/git config --local includeIf.gitdir:/github/workspace/.git/worktrees/*.path /github/runner_temp/git-credentials-7ebd7dae-e408-4de3-98e5-79bfc386da9d.config
2026-09-14T08:25:37.8194575Z ##[endgroup]
2026-09-14T08:25:37.8196646Z ##[group]Fetching the repository
2026-09-14T08:25:37.8200066Z [command]/usr/bin/git -c protocol.version=2 fetch --no-tags --prune --no-recurse-submodules --depth=1 origin +a6e6136ab5be83e905728769cf0af04a878a6514:refs/remotes/pull/78/merge
2026-09-14T08:25:38.4099737Z From https://github.com/juanjoGonDev/devbar
2026-09-14T08:25:38.4101375Z  * [new ref]         a6e6136ab5be83e905728769cf0af04a878a6514 -> pull/78/merge
2026-09-14T08:25:38.4105628Z ##[endgroup]
2026-09-14T08:25:38.4107692Z ##[group]Determining the checkout info
2026-09-14T08:25:38.4109209Z ##[endgroup]
2026-09-14T08:25:38.4111456Z [command]/usr/bin/git sparse-checkout disable
2026-09-14T08:25:38.4168545Z [command]/usr/bin/git config --local --unset-all extensions.worktreeConfig
2026-09-14T08:25:38.4200390Z ##[group]Checking out the ref
2026-09-14T08:25:38.4206058Z [command]/usr/bin/git checkout --progress --force refs/remotes/pull/78/merge
2026-09-14T08:25:38.4390846Z Note: switching to 'refs/remotes/pull/78/merge'.
2026-09-14T08:25:38.4392316Z 
2026-09-14T08:25:38.4393412Z You are in 'detached HEAD' state. You can look around, make experimental
2026-09-14T08:25:38.4395084Z changes and commit them, and you can discard any commits you make in this
2026-09-14T08:25:38.4396992Z state without impacting any branches by switching back to a branch.
2026-09-14T08:25:38.4398472Z 
2026-09-14T08:25:38.4399758Z If you want to create a new branch to retain commits you create, you may
2026-09-14T08:25:38.4402597Z do so (now or later) by using -c with the switch command. Example:
2026-09-14T08:25:38.4404315Z 
2026-09-14T08:25:38.4405066Z   git switch -c <new-branch-name>
2026-09-14T08:25:38.4406527Z 
2026-09-14T08:25:38.4407276Z Or undo this operation with:
2026-09-14T08:25:38.4408403Z 
2026-09-14T08:25:38.4409141Z   git switch -
2026-09-14T08:25:38.4410084Z 
2026-09-14T08:25:38.4411435Z Turn off this advice by setting config variable advice.detachedHead to false
2026-09-14T08:25:38.4413221Z 
2026-09-14T08:25:38.4415106Z HEAD is now at a6e6136 Merge 0b3dc0ad66959ef3d8153f6faefddbeed5aaab58 into 42a77c630288a92901d0127cde05e7e033cf4dda
2026-09-14T08:25:38.4420609Z ##[endgroup]
2026-09-14T08:25:38.4453530Z [command]/usr/bin/git log -1 --format=%H
2026-09-14T08:25:38.4482605Z a6e6136ab5be83e905728769cf0af04a878a6514
2026-09-14T08:25:38.4492568Z ##[group]Removing auth
2026-09-14T08:25:38.4493826Z Removing SSH command configuration
2026-09-14T08:25:38.4496558Z [command]/usr/bin/git config --local --name-only --get-regexp core\.sshCommand
2026-09-14T08:25:38.4536957Z [command]/usr/bin/git submodule foreach --recursive sh -c "git config --local --name-only --get-regexp 'core\.sshCommand' && git config --local --unset-all 'core.sshCommand' || :"
2026-09-14T08:25:38.4768087Z Removing HTTP extra header
2026-09-14T08:25:38.4771644Z [command]/usr/bin/git config --local --name-only --get-regexp http\.https\:\/\/github\.com\/\.extraheader
2026-09-14T08:25:38.4817120Z [command]/usr/bin/git submodule foreach --recursive sh -c "git config --local --name-only --get-regexp 'http\.https\:\/\/github\.com\/\.extraheader' && git config --local --unset-all 'http.https://github.com/.extraheader' || :"
2026-09-14T08:25:38.5046927Z Removing includeIf entries pointing to credentials config files
2026-09-14T08:25:38.5049502Z [command]/usr/bin/git config --local --name-only --get-regexp ^includeIf\.gitdir:
2026-09-14T08:25:38.5079988Z includeif.gitdir:/home/runner/work/devbar/devbar/.git.path
2026-09-14T08:25:38.5081592Z includeif.gitdir:/home/runner/work/devbar/devbar/.git/worktrees/*.path
2026-09-14T08:25:38.5083037Z includeif.gitdir:/github/workspace/.git.path
2026-09-14T08:25:38.5084318Z includeif.gitdir:/github/workspace/.git/worktrees/*.path
2026-09-14T08:25:38.5090133Z [command]/usr/bin/git config --local --get-all includeif.gitdir:/home/runner/work/devbar/devbar/.git.path
2026-09-14T08:25:38.5117896Z /home/runner/work/_temp/git-credentials-7ebd7dae-e408-4de3-98e5-79bfc386da9d.config
2026-09-14T08:25:38.5131194Z [command]/usr/bin/git config --local --unset includeif.gitdir:/home/runner/work/devbar/devbar/.git.path \/home\/runner\/work\/_temp\/git\-credentials\-7ebd7dae\-e408\-4de3\-98e5\-79bfc386da9d\.config
2026-09-14T08:25:38.5169736Z [command]/usr/bin/git config --local --get-all includeif.gitdir:/home/runner/work/devbar/devbar/.git/worktrees/*.path
2026-09-14T08:25:38.5196645Z /home/runner/work/_temp/git-credentials-7ebd7dae-e408-4de3-98e5-79bfc386da9d.config
2026-09-14T08:25:38.5204990Z [command]/usr/bin/git config --local --unset includeif.gitdir:/home/runner/work/devbar/devbar/.git/worktrees/*.path \/home\/runner\/work\/_temp\/git\-credentials\-7ebd7dae\-e408\-4de3\-98e5\-79bfc386da9d\.config
2026-09-14T08:25:38.5240064Z [command]/usr/bin/git config --local --get-all includeif.gitdir:/github/workspace/.git.path
2026-09-14T08:25:38.5265849Z /github/runner_temp/git-credentials-7ebd7dae-e408-4de3-98e5-79bfc386da9d.config
2026-09-14T08:25:38.5275229Z [command]/usr/bin/git config --local --unset includeif.gitdir:/github/workspace/.git.path \/github\/runner_temp\/git\-credentials\-7ebd7dae\-e408\-4de3\-98e5\-79bfc386da9d\.config
2026-09-14T08:25:38.5312014Z [command]/usr/bin/git config --local --get-all includeif.gitdir:/github/workspace/.git/worktrees/*.path
2026-09-14T08:25:38.5338069Z /github/runner_temp/git-credentials-7ebd7dae-e408-4de3-98e5-79bfc386da9d.config
2026-09-14T08:25:38.5388662Z [command]/usr/bin/git config --local --unset includeif.gitdir:/github/workspace/.git/worktrees/*.path \/github\/runner_temp\/git\-credentials\-7ebd7dae\-e408\-4de3\-98e5\-79bfc386da9d\.config
2026-09-14T08:25:38.5441197Z [command]/usr/bin/git submodule foreach --recursive git config --local --show-origin --name-only --get-regexp remote.origin.url
2026-09-14T08:25:38.5660186Z Removing credentials config '/home/runner/work/_temp/git-credentials-7ebd7dae-e408-4de3-98e5-79bfc386da9d.config'
2026-09-14T08:25:38.5668420Z ##[endgroup]
2026-09-14T08:25:38.5937621Z ##[group]Run pnpm/action-setup@0977fd99725f1db4007ccb2928dbb4e90d06cc86
2026-09-14T08:25:38.5938945Z with:
2026-09-14T08:25:38.5939711Z   dest: ~/setup-pnpm
2026-09-14T08:25:38.5940542Z   run_install: null
2026-09-14T08:25:38.5941354Z   cache: false
2026-09-14T08:25:38.5942209Z   cache_dependency_path: pnpm-lock.yaml
2026-09-14T08:25:38.5943254Z   package_json_file: package.json
2026-09-14T08:25:38.5944193Z   standalone: false
2026-09-14T08:25:38.5944992Z ##[endgroup]
2026-09-14T08:25:38.7463807Z ##[group]Running self-installer...
2026-09-14T08:25:42.4500465Z 
2026-09-14T08:25:42.4501122Z added 1 package, and audited 2 packages in 3s
2026-09-14T08:25:42.4501663Z 
2026-09-14T08:25:42.4501918Z 1 package is looking for funding
2026-09-14T08:25:42.4502486Z   run `npm fund` for details
2026-09-14T08:25:42.4508624Z 
2026-09-14T08:25:42.4508923Z found 0 vulnerabilities
2026-09-14T08:25:43.0719850Z Checking for updates...
2026-09-14T08:25:43.2201246Z Switching pnpm from v11.19.0 to v10.32.1...
2026-09-14T08:25:43.6371389Z .../v11/94f-1a09f05a946-474c7c112079a2bc | Progress: resolved 1, reused 0, downloaded 0, added 0
2026-09-14T08:25:43.6393010Z .../v11/94f-1a09f05a946-474c7c112079a2bc |   +1 +
2026-09-14T08:25:43.9138797Z .../v11/94f-1a09f05a946-474c7c112079a2bc | Progress: resolved 1, reused 0, downloaded 1, added 1, done
2026-09-14T08:25:44.3301753Z [WARN] Detected a pnpm v10 installation layout at PNPM_HOME. The pnpm shims at PNPM_HOME have been refreshed so the new version is active, but pnpm v11 expects bins in PNPM_HOME/bin. Run "pnpm setup" to migrate your PATH to the v11 layout.
2026-09-14T08:25:44.3328768Z Successfully updated pnpm to v10.32.1
2026-09-14T08:25:44.3622196Z ##[endgroup]
2026-09-14T08:25:44.3622646Z Installation Completed!
2026-09-14T08:25:44.3839916Z ##[group]Run actions/setup-node@820762786026740c76f36085b0efc47a31fe5020
2026-09-14T08:25:44.3840351Z with:
2026-09-14T08:25:44.3840567Z   node-version: 22
2026-09-14T08:25:44.3840802Z   cache: pnpm
2026-09-14T08:25:44.3841023Z   check-latest: false
2026-09-14T08:25:44.3843589Z   token: ***
2026-09-14T08:25:44.3843834Z   package-manager-cache: true
2026-09-14T08:25:44.3844100Z env:
2026-09-14T08:25:44.3844360Z   PNPM_HOME: /home/runner/setup-pnpm/node_modules/.bin
2026-09-14T08:25:44.3844686Z ##[endgroup]
2026-09-14T08:25:44.5197438Z Found in cache @ /opt/hostedtoolcache/node/22.23.2/x64
2026-09-14T08:25:44.5198658Z ##[group]Environment details
2026-09-14T08:25:44.9372910Z node: v22.23.2
2026-09-14T08:25:44.9373510Z npm: 10.9.8
2026-09-14T08:25:44.9374130Z yarn: 1.22.22
2026-09-14T08:25:44.9375832Z ##[endgroup]
2026-09-14T08:25:44.9399076Z [command]/home/runner/setup-pnpm/node_modules/.bin/bin/pnpm store path --silent
2026-09-14T08:25:45.2326072Z /home/runner/setup-pnpm/node_modules/.bin/store/v10
2026-09-14T08:25:45.5169829Z pnpm cache is not found
2026-09-14T08:25:45.5352921Z ##[group]Run echo "version=$(node -p "require('./package.json').version")" >> "$GITHUB_OUTPUT"
2026-09-14T08:25:45.5353993Z [36;1mecho "version=$(node -p "require('./package.json').version")" >> "$GITHUB_OUTPUT"[0m
2026-09-14T08:25:45.5447167Z shell: /usr/bin/bash --noprofile --norc -e -o pipefail {0}
2026-09-14T08:25:45.5447724Z env:
2026-09-14T08:25:45.5448128Z   PNPM_HOME: /home/runner/setup-pnpm/node_modules/.bin
2026-09-14T08:25:45.5448637Z ##[endgroup]
2026-09-14T08:25:45.6652450Z ##[group]Run actions/cache@55cc8345863c7cc4c66a329aec7e433d2d1c52a9
2026-09-14T08:25:45.6652834Z with:
2026-09-14T08:25:45.6653090Z   path: ~/.cache/electron
~/.cache/electron-builder

2026-09-14T08:25:45.6653583Z   key: electron-linux-1d6768f4cb61b9368a3af17d93566250b267eb781daec368090bff23fb2337d0
2026-09-14T08:25:45.6654050Z   enableCrossOsArchive: false
2026-09-14T08:25:45.6654309Z   fail-on-cache-miss: false
2026-09-14T08:25:45.6654548Z   lookup-only: false
2026-09-14T08:25:45.6654759Z   save-always: false
2026-09-14T08:25:45.6654956Z env:
2026-09-14T08:25:45.6655195Z   PNPM_HOME: /home/runner/setup-pnpm/node_modules/.bin
2026-09-14T08:25:45.6655499Z ##[endgroup]
2026-09-14T08:25:46.0371277Z Cache not found for input keys: electron-linux-1d6768f4cb61b9368a3af17d93566250b267eb781daec368090bff23fb2337d0
2026-09-14T08:25:46.0457609Z ##[group]Run pnpm install --frozen-lockfile
2026-09-14T08:25:46.0458021Z [36;1mpnpm install --frozen-lockfile[0m
2026-09-14T08:25:46.0495342Z shell: /usr/bin/bash -e {0}
2026-09-14T08:25:46.0495594Z env:
2026-09-14T08:25:46.0495853Z   PNPM_HOME: /home/runner/setup-pnpm/node_modules/.bin
2026-09-14T08:25:46.0496174Z ##[endgroup]
2026-09-14T08:25:46.6077895Z Lockfile is up to date, resolution step is skipped
2026-09-14T08:25:46.9073834Z Packages: +481
2026-09-14T08:25:46.9080439Z ++++++++++++++++++++++++++++++++++++++++++++++++++++++++++++++++++++++++++++++++
2026-09-14T08:25:47.1007872Z Progress: resolved 0, reused 0, downloaded 1, added 0
2026-09-14T08:25:48.1034976Z Progress: resolved 0, reused 0, downloaded 171, added 69
2026-09-14T08:25:49.1029944Z Progress: resolved 0, reused 0, downloaded 465, added 481
2026-09-14T08:25:49.1895566Z Progress: resolved 0, reused 0, downloaded 465, added 481, done
2026-09-14T08:25:49.2017096Z node_modules/lefthook postinstall$ node postinstall.js
2026-09-14T08:25:49.2393974Z node_modules/lefthook postinstall: Done
2026-09-14T08:25:49.3443293Z 
2026-09-14T08:25:49.4021351Z 
2026-09-14T08:25:49.4022249Z > devbar@0.7.1 postinstall /home/runner/work/devbar/devbar
2026-09-14T08:25:49.4022838Z > node --experimental-strip-types scripts/install-hooks.ts
2026-09-14T08:25:49.4023111Z 
2026-09-14T08:25:49.5870608Z ╭ Warning ─────────────────────────────────────────────────────────────────────╮
2026-09-14T08:25:49.5871874Z │                                                                              │
2026-09-14T08:25:49.5873037Z │   Ignored build scripts: electron-winstaller@5.4.0, esbuild@0.28.2.          │
2026-09-14T08:25:49.5874053Z │   Run "pnpm approve-builds" to pick which dependencies should be allowed     │
2026-09-14T08:25:49.5874694Z │   to run scripts.                                                            │
2026-09-14T08:25:49.5875213Z │                                                                              │
2026-09-14T08:25:49.5876205Z ╰──────────────────────────────────────────────────────────────────────────────╯
2026-09-14T08:25:49.6030268Z Done in 3.4s using pnpm v10.32.1
2026-09-14T08:25:49.6359414Z ##[group]Run pnpm run dist:linux && pnpm run verify:linux
2026-09-14T08:25:49.6360166Z [36;1mpnpm run dist:linux && pnpm run verify:linux[0m
2026-09-14T08:25:49.6409770Z shell: /usr/bin/bash -e {0}
2026-09-14T08:25:49.6410348Z env:
2026-09-14T08:25:49.6410888Z   PNPM_HOME: /home/runner/setup-pnpm/node_modules/.bin
2026-09-14T08:25:49.6411447Z ##[endgroup]
2026-09-14T08:25:49.9821757Z 
2026-09-14T08:25:49.9822499Z > devbar@0.7.1 dist:linux /home/runner/work/devbar/devbar
2026-09-14T08:25:49.9823183Z > pnpm run build && node --experimental-strip-types scripts/package-win-linux.ts linux
2026-09-14T08:25:49.9823536Z 
2026-09-14T08:25:50.2574418Z 
2026-09-14T08:25:50.2575180Z > devbar@0.7.1 build /home/runner/work/devbar/devbar
2026-09-14T08:25:50.2575591Z > bash scripts/build.sh
2026-09-14T08:25:50.2575786Z 
2026-09-14T08:25:59.7836726Z 
2026-09-14T08:25:59.7838811Z   build/src/preload.cjs  8.9kb
2026-09-14T08:25:59.7840993Z 
2026-09-14T08:25:59.7841749Z ⚡ Done in 2ms
2026-09-14T08:26:00.2929064Z   • electron-builder  version=26.16.1 os=6.17.0-1022-azure
2026-09-14T08:26:00.2958143Z   • publishing will be skipped  reason=current build is a part of pull request solution=set env PUBLISH_FOR_PULL_REQUEST to true to force code signing
2026-09-14T08:26:00.2960511Z There are serious security concerns with PUBLISH_FOR_PULL_REQUEST=true (see the  CircleCI documentation (https://circleci.com/docs/1.0/fork-pr-builds/) for details)
2026-09-14T08:26:00.2963198Z If you have SSH keys, sensitive env vars or AWS credentials stored in your project settings and untrusted forks can make pull requests against your repo, then this option isn't for you.
2026-09-14T08:26:00.3048418Z   • author is missed in the package.json  appPackageFile=/home/runner/work/devbar/devbar/package.json
2026-09-14T08:26:01.2493642Z   • executing @electron/rebuild  electronVersion=43.2.0 arch=x64 buildFromSource=false workspaceRoot=/home/runner/work/devbar/devbar projectDir=./ appDir=./
2026-09-14T08:26:01.2495079Z   • installing native dependencies  arch=x64
2026-09-14T08:26:01.3938150Z   • completed installing native dependencies
2026-09-14T08:26:01.3980515Z   • packaging       platform=linux arch=x64 electron=43.2.0 appOutDir=dist/electron-builder/linux-unpacked
2026-09-14T08:26:01.5936077Z   • downloaded      label=electron progress=100%
2026-09-14T08:26:04.4278599Z   • downloaded electron zip extracted successfully  output=/home/runner/work/devbar/devbar/dist/electron-builder/linux-unpacked
2026-09-14T08:26:04.4666965Z   • searching for node modules  pm=pnpm searchDir=/home/runner/work/devbar/devbar
2026-09-14T08:26:05.7612133Z   • duplicate dependency references  dependencies=["type-fest@5.7.0"]
2026-09-14T08:26:06.9018094Z   • building        target=AppImage arch=x64 file=dist/electron-builder/DevBar-0.7.1-linux-x64.AppImage
2026-09-14T08:26:06.9025877Z   • electron uses desktopName as app_id / WM_CLASS for window association. Without it desktop environments may not link running windows to this .desktop entry. Set desktopName in package.json and linux.syncDesktopName: true to fix.  reason=desktopName is not set in package.json docs=https://www.electron.build/linux#window-association-desktopname--syncdesktopname
2026-09-14T08:26:07.0472146Z   • downloaded      label=appimage-12.0.1.7z progress=100%
2026-09-14T08:26:07.2368517Z   • downloaded      label=7zip-linux-x64.tar.gz progress=100%
2026-09-14T08:26:15.4899600Z   • building embedded block map  file=dist/electron-builder/DevBar-0.7.1-linux-x64.AppImage
2026-09-14T08:26:21.4295645Z   • building        target=deb arch=x64 file=dist/electron-builder/DevBar-0.7.1-linux-x64.deb
2026-09-14T08:26:21.4314481Z   • electron uses desktopName as app_id / WM_CLASS for window association. Without it desktop environments may not link running windows to this .desktop entry. Set desktopName in package.json and linux.syncDesktopName: true to fix.  reason=desktopName is not set in package.json docs=https://www.electron.build/linux#window-association-desktopname--syncdesktopname
2026-09-14T08:26:21.6295802Z   • downloaded      label=fpm-1.17.0-ruby-3.4.3-linux-amd64.7z progress=100%
2026-09-14T08:27:22.9878688Z [linux] x64 done
2026-09-14T08:27:22.9886886Z   • electron-builder  version=26.16.1 os=6.17.0-1022-azure
2026-09-14T08:27:22.9892295Z   • publishing will be skipped  reason=current build is a part of pull request solution=set env PUBLISH_FOR_PULL_REQUEST to true to force code signing
2026-09-14T08:27:22.9894861Z There are serious security concerns with PUBLISH_FOR_PULL_REQUEST=true (see the  CircleCI documentation (https://circleci.com/docs/1.0/fork-pr-builds/) for details)
2026-09-14T08:27:22.9897652Z If you have SSH keys, sensitive env vars or AWS credentials stored in your project settings and untrusted forks can make pull requests against your repo, then this option isn't for you.
2026-09-14T08:27:22.9980703Z TypeError: Cannot read properties of null (reading 'from')
2026-09-14T08:27:22.9982027Z     at normalizeFiles (/home/runner/work/devbar/devbar/node_modules/app-builder-lib/src/util/config/config.ts:143:14)
2026-09-14T08:27:22.9983603Z     at doMergeConfigs (/home/runner/work/devbar/devbar/node_modules/app-builder-lib/src/util/config/config.ts:192:5)
2026-09-14T08:27:22.9985149Z     at getConfig (/home/runner/work/devbar/devbar/node_modules/app-builder-lib/src/util/config/config.ts:82:10)
2026-09-14T08:27:22.9987018Z     at Packager.validateConfig (/home/runner/work/devbar/devbar/node_modules/app-builder-lib/src/packager.ts:376:27)
2026-09-14T08:27:22.9988478Z     at Packager.build (/home/runner/work/devbar/devbar/node_modules/app-builder-lib/src/packager.ts:407:5)
2026-09-14T08:27:22.9989825Z     at executeFinally (/home/runner/work/devbar/devbar/node_modules/builder-util/src/promise.ts:12:14)
2026-09-14T08:27:22.9991175Z     at buildLinux (file:///home/runner/work/devbar/devbar/scripts/package-win-linux.ts:83:5)
2026-09-14T08:27:23.0262169Z  ELIFECYCLE  Command failed with exit code 1.
2026-09-14T08:27:23.0474960Z ##[error]Process completed with exit code 1.
2026-09-14T08:27:23.0597791Z Post job cleanup.
2026-09-14T08:27:23.2043340Z Pruning is unnecessary.
2026-09-14T08:27:23.2198644Z Post job cleanup.
2026-09-14T08:27:23.3082598Z [command]/usr/bin/git version
2026-09-14T08:27:23.3126160Z git version 2.55.0
2026-09-14T08:27:23.3163919Z Temporarily overriding HOME='/home/runner/work/_temp/40c2032c-fabe-40f7-ad93-27264de09661' before making global git config changes
2026-09-14T08:27:23.3165378Z Adding repository directory to the temporary git global config as a safe directory
2026-09-14T08:27:23.3169730Z [command]/usr/bin/git config --global --add safe.directory /home/runner/work/devbar/devbar
2026-09-14T08:27:23.3203030Z Removing SSH command configuration
2026-09-14T08:27:23.3210252Z [command]/usr/bin/git config --local --name-only --get-regexp core\.sshCommand
2026-09-14T08:27:23.3247844Z [command]/usr/bin/git submodule foreach --recursive sh -c "git config --local --name-only --get-regexp 'core\.sshCommand' && git config --local --unset-all 'core.sshCommand' || :"
2026-09-14T08:27:23.3558632Z Removing HTTP extra header
2026-09-14T08:27:23.3568190Z [command]/usr/bin/git config --local --name-only --get-regexp http\.https\:\/\/github\.com\/\.extraheader
2026-09-14T08:27:23.3618554Z [command]/usr/bin/git submodule foreach --recursive sh -c "git config --local --name-only --get-regexp 'http\.https\:\/\/github\.com\/\.extraheader' && git config --local --unset-all 'http.https://github.com/.extraheader' || :"
2026-09-14T08:27:23.3967024Z Removing includeIf entries pointing to credentials config files
2026-09-14T08:27:23.3968238Z [command]/usr/bin/git config --local --name-only --get-regexp ^includeIf\.gitdir:
2026-09-14T08:27:23.4009917Z [command]/usr/bin/git submodule foreach --recursive git config --local --show-origin --name-only --get-regexp remote.origin.url
2026-09-14T08:27:23.4431343Z Cleaning up orphan processes
