2026-09-14T09:35:48.4853513Z Current runner version: '2.337.0'
2026-09-14T09:35:48.4882727Z ##[group]Runner Image Provisioner
2026-09-14T09:35:48.4883989Z Hosted Compute Agent
2026-09-14T09:35:48.4884824Z Version: 20260828.587
2026-09-14T09:35:48.4885843Z Commit: abac92662cab4cc7352de4f9f9d2e2419aad9c29
2026-09-14T09:35:48.4886923Z Build Date: 2026-08-28T16:44:25Z
2026-09-14T09:35:48.4887873Z Worker ID: {b9d5002e-a085-4c25-ae91-853fcbe945cd}
2026-09-14T09:35:48.4888982Z Azure Region: westus3
2026-09-14T09:35:48.4889767Z ##[endgroup]
2026-09-14T09:35:48.4891925Z ##[group]Operating System
2026-09-14T09:35:48.4892964Z Microsoft Windows Server 2025
2026-09-14T09:35:48.4893834Z 10.0.26100
2026-09-14T09:35:48.4894595Z Datacenter
2026-09-14T09:35:48.4895623Z ##[endgroup]
2026-09-14T09:35:48.4896458Z ##[group]Runner Image
2026-09-14T09:35:48.4897335Z Image: windows-2025-vs2026
2026-09-14T09:35:48.4898185Z Version: 20260907.229.1
2026-09-14T09:35:48.4900366Z Included Software: https://github.com/actions/runner-images/blob/win25-vs2026/20260907.229/images/windows/Windows2025-VS2026-Readme.md
2026-09-14T09:35:48.4904295Z Image Release: https://github.com/actions/runner-images/releases/tag/win25-vs2026%2F20260907.229
2026-09-14T09:35:48.4905862Z ##[endgroup]
2026-09-14T09:35:48.4907469Z ##[group]GITHUB_TOKEN Permissions
2026-09-14T09:35:48.4910950Z Contents: read
2026-09-14T09:35:48.4911785Z Metadata: read
2026-09-14T09:35:48.4912586Z ##[endgroup]
2026-09-14T09:35:48.4915896Z Secret source: Actions
2026-09-14T09:35:48.4917303Z Cache mode: write
2026-09-14T09:35:48.4918510Z Prepare workflow directory
2026-09-14T09:35:48.5332201Z Prepare all required actions
2026-09-14T09:35:48.5380665Z Getting action download info
2026-09-14T09:35:48.8656860Z Download action repository 'actions/checkout@3d3c42e5aac5ba805825da76410c181273ba90b1' (SHA:3d3c42e5aac5ba805825da76410c181273ba90b1)
2026-09-14T09:35:48.9865976Z Download action repository 'pnpm/action-setup@0977fd99725f1db4007ccb2928dbb4e90d06cc86' (SHA:0977fd99725f1db4007ccb2928dbb4e90d06cc86)
2026-09-14T09:35:49.4406944Z Download action repository 'actions/setup-node@820762786026740c76f36085b0efc47a31fe5020' (SHA:820762786026740c76f36085b0efc47a31fe5020)
2026-09-14T09:35:49.5829195Z Download action repository 'actions/cache@55cc8345863c7cc4c66a329aec7e433d2d1c52a9' (SHA:55cc8345863c7cc4c66a329aec7e433d2d1c52a9)
2026-09-14T09:35:49.7126379Z Download action repository 'actions/upload-artifact@043fb46d1a93c77aae656e7c1c64a875d1fc6a0a' (SHA:043fb46d1a93c77aae656e7c1c64a875d1fc6a0a)
2026-09-14T09:35:49.9774818Z Complete job name: Windows release dry run
2026-09-14T09:35:50.1380351Z ##[group]Run actions/checkout@3d3c42e5aac5ba805825da76410c181273ba90b1
2026-09-14T09:35:50.1382306Z with:
2026-09-14T09:35:50.1383031Z   persist-credentials: false
2026-09-14T09:35:50.1383898Z   repository: juanjoGonDev/devbar
2026-09-14T09:35:50.1390979Z   token: ***
2026-09-14T09:35:50.1392124Z   ssh-strict: true
2026-09-14T09:35:50.1392827Z   ssh-user: git
2026-09-14T09:35:50.1393495Z   clean: true
2026-09-14T09:35:50.1394286Z   sparse-checkout-cone-mode: true
2026-09-14T09:35:50.1395146Z   fetch-depth: 1
2026-09-14T09:35:50.1395841Z   fetch-tags: false
2026-09-14T09:35:50.1396555Z   show-progress: true
2026-09-14T09:35:50.1397269Z   lfs: false
2026-09-14T09:35:50.1397928Z   submodules: false
2026-09-14T09:35:50.1398643Z   set-safe-directory: true
2026-09-14T09:35:50.1399460Z   allow-unsafe-pr-checkout: false
2026-09-14T09:35:50.1400658Z ##[endgroup]
2026-09-14T09:35:50.2945628Z Syncing repository: juanjoGonDev/devbar
2026-09-14T09:35:50.2948207Z ##[group]Getting Git version info
2026-09-14T09:35:50.2949164Z Working directory is 'D:\a\devbar\devbar'
2026-09-14T09:35:50.3857984Z [command]"C:\Program Files\Git\bin\git.exe" version
2026-09-14T09:35:50.7640164Z git version 2.55.0.windows.5
2026-09-14T09:35:50.7696798Z ##[endgroup]
2026-09-14T09:35:50.7711555Z Temporarily overriding HOME='D:\a\_temp\57443c8d-80dc-4c80-9c9c-f014685225c7' before making global git config changes
2026-09-14T09:35:50.7719536Z Adding repository directory to the temporary git global config as a safe directory
2026-09-14T09:35:50.7724223Z [command]"C:\Program Files\Git\bin\git.exe" config --global --add safe.directory D:\a\devbar\devbar
2026-09-14T09:35:50.8470156Z Deleting the contents of 'D:\a\devbar\devbar'
2026-09-14T09:35:50.8475077Z ##[group]Determining repository object format
2026-09-14T09:35:50.8476971Z ##[endgroup]
2026-09-14T09:35:50.8478139Z ##[group]Initializing the repository
2026-09-14T09:35:50.8485772Z [command]"C:\Program Files\Git\bin\git.exe" init D:\a\devbar\devbar
2026-09-14T09:35:50.9320242Z Initialized empty Git repository in D:/a/devbar/devbar/.git/
2026-09-14T09:35:50.9371121Z [command]"C:\Program Files\Git\bin\git.exe" remote add origin https://github.com/juanjoGonDev/devbar
2026-09-14T09:35:51.0103466Z ##[endgroup]
2026-09-14T09:35:51.0104965Z ##[group]Disabling automatic garbage collection
2026-09-14T09:35:51.0112749Z [command]"C:\Program Files\Git\bin\git.exe" config --local gc.auto 0
2026-09-14T09:35:51.0415629Z ##[endgroup]
2026-09-14T09:35:51.0417662Z ##[group]Setting up auth
2026-09-14T09:35:51.0419151Z Removing SSH command configuration
2026-09-14T09:35:51.0441718Z [command]"C:\Program Files\Git\bin\git.exe" config --local --name-only --get-regexp core\.sshCommand
2026-09-14T09:35:51.0762765Z [command]"C:\Program Files\Git\bin\git.exe" submodule foreach --recursive "sh -c \"git config --local --name-only --get-regexp 'core\.sshCommand' && git config --local --unset-all 'core.sshCommand' || :\""
2026-09-14T09:35:52.7270153Z Removing HTTP extra header
2026-09-14T09:35:52.7276764Z [command]"C:\Program Files\Git\bin\git.exe" config --local --name-only --get-regexp http\.https\:\/\/github\.com\/\.extraheader
2026-09-14T09:35:52.7587859Z [command]"C:\Program Files\Git\bin\git.exe" submodule foreach --recursive "sh -c \"git config --local --name-only --get-regexp 'http\.https\:\/\/github\.com\/\.extraheader' && git config --local --unset-all 'http.https://github.com/.extraheader' || :\""
2026-09-14T09:35:53.3167978Z Removing includeIf entries pointing to credentials config files
2026-09-14T09:35:53.3178933Z [command]"C:\Program Files\Git\bin\git.exe" config --local --name-only --get-regexp ^includeIf\.gitdir:
2026-09-14T09:35:53.3493581Z [command]"C:\Program Files\Git\bin\git.exe" submodule foreach --recursive "git config --local --show-origin --name-only --get-regexp remote.origin.url"
2026-09-14T09:35:53.8980880Z [command]"C:\Program Files\Git\bin\git.exe" config --file D:\a\_temp\git-credentials-a9acd5d8-e4b5-4b52-8ccb-e9bbbc394732.config http.https://github.com/.extraheader "AUTHORIZATION: basic ***"
2026-09-14T09:35:53.9294525Z [command]"C:\Program Files\Git\bin\git.exe" config --local includeIf.gitdir:D:/a/devbar/devbar/.git.path D:\a\_temp\git-credentials-a9acd5d8-e4b5-4b52-8ccb-e9bbbc394732.config
2026-09-14T09:35:53.9603598Z [command]"C:\Program Files\Git\bin\git.exe" config --local includeIf.gitdir:D:/a/devbar/devbar/.git/worktrees/*.path D:\a\_temp\git-credentials-a9acd5d8-e4b5-4b52-8ccb-e9bbbc394732.config
2026-09-14T09:35:54.0011368Z [command]"C:\Program Files\Git\bin\git.exe" config --local includeIf.gitdir:/github/workspace/.git.path /github/runner_temp/git-credentials-a9acd5d8-e4b5-4b52-8ccb-e9bbbc394732.config
2026-09-14T09:35:54.0346957Z [command]"C:\Program Files\Git\bin\git.exe" config --local includeIf.gitdir:/github/workspace/.git/worktrees/*.path /github/runner_temp/git-credentials-a9acd5d8-e4b5-4b52-8ccb-e9bbbc394732.config
2026-09-14T09:35:54.0674425Z ##[endgroup]
2026-09-14T09:35:54.0675131Z ##[group]Fetching the repository
2026-09-14T09:35:54.0687106Z [command]"C:\Program Files\Git\bin\git.exe" -c protocol.version=2 fetch --no-tags --prune --no-recurse-submodules --depth=1 origin +df5215727006a2b4c319018da2d23c1c46a75e61:refs/remotes/pull/78/merge
2026-09-14T09:35:55.5019265Z From https://github.com/juanjoGonDev/devbar
2026-09-14T09:35:55.5023052Z  * [new ref]         df5215727006a2b4c319018da2d23c1c46a75e61 -> pull/78/merge
2026-09-14T09:35:55.5068476Z ##[endgroup]
2026-09-14T09:35:55.5069185Z ##[group]Determining the checkout info
2026-09-14T09:35:55.5069921Z ##[endgroup]
2026-09-14T09:35:55.5079508Z [command]"C:\Program Files\Git\bin\git.exe" sparse-checkout disable
2026-09-14T09:35:55.5600422Z [command]"C:\Program Files\Git\bin\git.exe" config --local --unset-all extensions.worktreeConfig
2026-09-14T09:35:55.5903703Z ##[group]Checking out the ref
2026-09-14T09:35:55.5913120Z [command]"C:\Program Files\Git\bin\git.exe" checkout --progress --force refs/remotes/pull/78/merge
2026-09-14T09:35:55.7011263Z Note: switching to 'refs/remotes/pull/78/merge'.
2026-09-14T09:35:55.7011677Z 
2026-09-14T09:35:55.7015150Z You are in 'detached HEAD' state. You can look around, make experimental
2026-09-14T09:35:55.7015839Z changes and commit them, and you can discard any commits you make in this
2026-09-14T09:35:55.7016501Z state without impacting any branches by switching back to a branch.
2026-09-14T09:35:55.7016975Z 
2026-09-14T09:35:55.7017306Z If you want to create a new branch to retain commits you create, you may
2026-09-14T09:35:55.7018050Z do so (now or later) by using -c with the switch command. Example:
2026-09-14T09:35:55.7018429Z 
2026-09-14T09:35:55.7018635Z   git switch -c <new-branch-name>
2026-09-14T09:35:55.7018954Z 
2026-09-14T09:35:55.7019154Z Or undo this operation with:
2026-09-14T09:35:55.7019371Z 
2026-09-14T09:35:55.7019519Z   git switch -
2026-09-14T09:35:55.7019725Z 
2026-09-14T09:35:55.7020047Z Turn off this advice by setting config variable advice.detachedHead to false
2026-09-14T09:35:55.7020574Z 
2026-09-14T09:35:55.7021097Z HEAD is now at df52157 Merge 37f44d72a54c97ba3934fa82b0f9b5a6ed7d5256 into 42a77c630288a92901d0127cde05e7e033cf4dda
2026-09-14T09:35:55.7157309Z ##[endgroup]
2026-09-14T09:35:55.7534837Z [command]"C:\Program Files\Git\bin\git.exe" log -1 --format=%H
2026-09-14T09:35:55.7838730Z df5215727006a2b4c319018da2d23c1c46a75e61
2026-09-14T09:35:55.7885069Z ##[group]Removing auth
2026-09-14T09:35:55.7885500Z Removing SSH command configuration
2026-09-14T09:35:55.7898280Z [command]"C:\Program Files\Git\bin\git.exe" config --local --name-only --get-regexp core\.sshCommand
2026-09-14T09:35:55.8214009Z [command]"C:\Program Files\Git\bin\git.exe" submodule foreach --recursive "sh -c \"git config --local --name-only --get-regexp 'core\.sshCommand' && git config --local --unset-all 'core.sshCommand' || :\""
2026-09-14T09:35:56.3305149Z Removing HTTP extra header
2026-09-14T09:35:56.3314444Z [command]"C:\Program Files\Git\bin\git.exe" config --local --name-only --get-regexp http\.https\:\/\/github\.com\/\.extraheader
2026-09-14T09:35:56.3616945Z [command]"C:\Program Files\Git\bin\git.exe" submodule foreach --recursive "sh -c \"git config --local --name-only --get-regexp 'http\.https\:\/\/github\.com\/\.extraheader' && git config --local --unset-all 'http.https://github.com/.extraheader' || :\""
2026-09-14T09:35:56.8808759Z Removing includeIf entries pointing to credentials config files
2026-09-14T09:35:56.8817184Z [command]"C:\Program Files\Git\bin\git.exe" config --local --name-only --get-regexp ^includeIf\.gitdir:
2026-09-14T09:35:56.9076608Z includeif.gitdir:D:/a/devbar/devbar/.git.path
2026-09-14T09:35:56.9077214Z includeif.gitdir:D:/a/devbar/devbar/.git/worktrees/*.path
2026-09-14T09:35:56.9077567Z includeif.gitdir:/github/workspace/.git.path
2026-09-14T09:35:56.9077955Z includeif.gitdir:/github/workspace/.git/worktrees/*.path
2026-09-14T09:35:56.9129365Z [command]"C:\Program Files\Git\bin\git.exe" config --local --get-all includeif.gitdir:D:/a/devbar/devbar/.git.path
2026-09-14T09:35:56.9395635Z D:\a\_temp\git-credentials-a9acd5d8-e4b5-4b52-8ccb-e9bbbc394732.config
2026-09-14T09:35:56.9451462Z [command]"C:\Program Files\Git\bin\git.exe" config --local --unset includeif.gitdir:D:/a/devbar/devbar/.git.path D\:\\a\\_temp\\git\-credentials\-a9acd5d8\-e4b5\-4b52\-8ccb\-e9bbbc394732\.config
2026-09-14T09:35:56.9760032Z [command]"C:\Program Files\Git\bin\git.exe" config --local --get-all includeif.gitdir:D:/a/devbar/devbar/.git/worktrees/*.path
2026-09-14T09:35:57.0010243Z D:\a\_temp\git-credentials-a9acd5d8-e4b5-4b52-8ccb-e9bbbc394732.config
2026-09-14T09:35:57.0059414Z [command]"C:\Program Files\Git\bin\git.exe" config --local --unset includeif.gitdir:D:/a/devbar/devbar/.git/worktrees/*.path D\:\\a\\_temp\\git\-credentials\-a9acd5d8\-e4b5\-4b52\-8ccb\-e9bbbc394732\.config
2026-09-14T09:35:57.0372732Z [command]"C:\Program Files\Git\bin\git.exe" config --local --get-all includeif.gitdir:/github/workspace/.git.path
2026-09-14T09:35:57.0640855Z /github/runner_temp/git-credentials-a9acd5d8-e4b5-4b52-8ccb-e9bbbc394732.config
2026-09-14T09:35:57.0693967Z [command]"C:\Program Files\Git\bin\git.exe" config --local --unset includeif.gitdir:/github/workspace/.git.path \/github\/runner_temp\/git\-credentials\-a9acd5d8\-e4b5\-4b52\-8ccb\-e9bbbc394732\.config
2026-09-14T09:35:57.1003048Z [command]"C:\Program Files\Git\bin\git.exe" config --local --get-all includeif.gitdir:/github/workspace/.git/worktrees/*.path
2026-09-14T09:35:57.1251608Z /github/runner_temp/git-credentials-a9acd5d8-e4b5-4b52-8ccb-e9bbbc394732.config
2026-09-14T09:35:57.1299287Z [command]"C:\Program Files\Git\bin\git.exe" config --local --unset includeif.gitdir:/github/workspace/.git/worktrees/*.path \/github\/runner_temp\/git\-credentials\-a9acd5d8\-e4b5\-4b52\-8ccb\-e9bbbc394732\.config
2026-09-14T09:35:57.1590807Z [command]"C:\Program Files\Git\bin\git.exe" submodule foreach --recursive "git config --local --show-origin --name-only --get-regexp remote.origin.url"
2026-09-14T09:35:57.6912017Z Removing credentials config 'D:\a\_temp\git-credentials-a9acd5d8-e4b5-4b52-8ccb-e9bbbc394732.config'
2026-09-14T09:35:57.6923548Z ##[endgroup]
2026-09-14T09:35:57.7311152Z ##[group]Run pnpm/action-setup@0977fd99725f1db4007ccb2928dbb4e90d06cc86
2026-09-14T09:35:57.7311580Z with:
2026-09-14T09:35:57.7311766Z   dest: ~/setup-pnpm
2026-09-14T09:35:57.7311962Z   run_install: null
2026-09-14T09:35:57.7312154Z   cache: false
2026-09-14T09:35:57.7312372Z   cache_dependency_path: pnpm-lock.yaml
2026-09-14T09:35:57.7312724Z   package_json_file: package.json
2026-09-14T09:35:57.7313061Z   standalone: false
2026-09-14T09:35:57.7313248Z ##[endgroup]
2026-09-14T09:35:57.9128325Z ##[group]Running self-installer...
2026-09-14T09:35:57.9187395Z (node:8056) [DEP0190] DeprecationWarning: Passing args to a child process with shell option true can lead to security vulnerabilities, as the arguments are not escaped, only concatenated.
2026-09-14T09:35:57.9188958Z (Use `node --trace-deprecation ...` to show where the warning was created)
2026-09-14T09:36:11.4989848Z 
2026-09-14T09:36:11.4990424Z added 1 package, and audited 2 packages in 10s
2026-09-14T09:36:11.4990940Z 
2026-09-14T09:36:11.4991093Z 1 package is looking for funding
2026-09-14T09:36:11.4991477Z   run `npm fund` for details
2026-09-14T09:36:11.5000073Z 
2026-09-14T09:36:11.5000262Z found 0 vulnerabilities
2026-09-14T09:36:13.5115919Z Checking for updates...
2026-09-14T09:36:13.7176774Z Switching pnpm from v11.19.0 to v10.32.1...
2026-09-14T09:36:14.2421324Z .../122c-1a09f4636ea-2fa68536d931dc95    | Progress: resolved 1, reused 0, downloaded 0, added 0
2026-09-14T09:36:14.2438421Z .../122c-1a09f4636ea-2fa68536d931dc95    |   +1 +
2026-09-14T09:36:15.5510649Z .../122c-1a09f4636ea-2fa68536d931dc95    | Progress: resolved 1, reused 0, downloaded 1, added 0
2026-09-14T09:36:17.0964299Z .../122c-1a09f4636ea-2fa68536d931dc95    | Progress: resolved 1, reused 0, downloaded 1, added 1
2026-09-14T09:36:17.0967589Z .../122c-1a09f4636ea-2fa68536d931dc95    | Progress: resolved 1, reused 0, downloaded 1, added 1, done
2026-09-14T09:36:18.0391957Z [WARN] Detected a pnpm v10 installation layout at PNPM_HOME. The pnpm shims at PNPM_HOME have been refreshed so the new version is active, but pnpm v11 expects bins in PNPM_HOME/bin. Run "pnpm setup" to migrate your PATH to the v11 layout.
2026-09-14T09:36:18.0430501Z Successfully updated pnpm to v10.32.1
2026-09-14T09:36:18.1337487Z ##[endgroup]
2026-09-14T09:36:18.1338229Z Installation Completed!
2026-09-14T09:36:18.1674265Z ##[group]Run actions/setup-node@820762786026740c76f36085b0efc47a31fe5020
2026-09-14T09:36:18.1674694Z with:
2026-09-14T09:36:18.1674876Z   node-version: 22
2026-09-14T09:36:18.1675076Z   cache: pnpm
2026-09-14T09:36:18.1675295Z   check-latest: false
2026-09-14T09:36:18.1678143Z   token: ***
2026-09-14T09:36:18.1678347Z   package-manager-cache: true
2026-09-14T09:36:18.1678564Z env:
2026-09-14T09:36:18.1678801Z   PNPM_HOME: C:\Users\runneradmin\setup-pnpm\node_modules\.bin
2026-09-14T09:36:18.1679108Z ##[endgroup]
2026-09-14T09:36:18.3548255Z Found in cache @ C:\hostedtoolcache\windows\node\22.23.2\x64
2026-09-14T09:36:18.3553900Z ##[group]Environment details
2026-09-14T09:36:24.0167240Z node: v22.23.2
2026-09-14T09:36:24.0167590Z npm: 10.9.8
2026-09-14T09:36:24.0167777Z yarn: 1.22.22
2026-09-14T09:36:24.0168205Z ##[endgroup]
2026-09-14T09:36:24.0834403Z [command]C:\Windows\system32\cmd.exe /D /S /C "C:\Users\runneradmin\setup-pnpm\node_modules\.bin\bin\pnpm.CMD store path --silent"
2026-09-14T09:36:24.8762984Z D:\.pnpm-store\v10
2026-09-14T09:36:25.2430989Z pnpm cache is not found
2026-09-14T09:36:25.3868180Z ##[group]Run actions/cache@55cc8345863c7cc4c66a329aec7e433d2d1c52a9
2026-09-14T09:36:25.3868636Z with:
2026-09-14T09:36:25.3868961Z   path: %LOCALAPPDATA%\electron\Cache
%LOCALAPPDATA%\electron-builder\Cache

2026-09-14T09:36:25.3869549Z   key: windows-release-validation-bd7ccba579594a20f024796e585806d4af44b8ef510a056ddb8577e0e08c82b5
2026-09-14T09:36:25.3870045Z   enableCrossOsArchive: false
2026-09-14T09:36:25.3870281Z   fail-on-cache-miss: false
2026-09-14T09:36:25.3870488Z   lookup-only: false
2026-09-14T09:36:25.3870674Z   save-always: false
2026-09-14T09:36:25.3870850Z env:
2026-09-14T09:36:25.3871083Z   PNPM_HOME: C:\Users\runneradmin\setup-pnpm\node_modules\.bin
2026-09-14T09:36:25.3871397Z ##[endgroup]
2026-09-14T09:36:25.8244314Z Cache not found for input keys: windows-release-validation-bd7ccba579594a20f024796e585806d4af44b8ef510a056ddb8577e0e08c82b5
2026-09-14T09:36:25.8499212Z ##[group]Run pnpm install --frozen-lockfile
2026-09-14T09:36:25.8499711Z [36;1mpnpm install --frozen-lockfile[0m
2026-09-14T09:36:25.9262910Z shell: C:\Program Files\PowerShell\7\pwsh.EXE -command ". '{0}'"
2026-09-14T09:36:25.9263252Z env:
2026-09-14T09:36:25.9263511Z   PNPM_HOME: C:\Users\runneradmin\setup-pnpm\node_modules\.bin
2026-09-14T09:36:25.9263816Z ##[endgroup]
2026-09-14T09:36:26.7488341Z Lockfile is up to date, resolution step is skipped
2026-09-14T09:36:26.9041094Z Packages: +481
2026-09-14T09:36:26.9041517Z ++++++++++++++++++++++++++++++++++++++++++++++++++++++++++++++++++++++++++++++++
2026-09-14T09:36:27.2964645Z Progress: resolved 0, reused 0, downloaded 1, added 0
2026-09-14T09:36:28.2953960Z Progress: resolved 0, reused 0, downloaded 63, added 18
2026-09-14T09:36:29.3045047Z Progress: resolved 0, reused 0, downloaded 161, added 55
2026-09-14T09:36:30.3038323Z Progress: resolved 0, reused 0, downloaded 261, added 99
2026-09-14T09:36:31.3068670Z Progress: resolved 0, reused 0, downloaded 378, added 150
2026-09-14T09:36:32.3112166Z Progress: resolved 0, reused 0, downloaded 465, added 415
2026-09-14T09:36:32.7095181Z Progress: resolved 0, reused 0, downloaded 465, added 481, done
2026-09-14T09:36:32.7232854Z node_modules/lefthook postinstall$ node postinstall.js
2026-09-14T09:36:32.8142882Z node_modules/lefthook postinstall: Done
2026-09-14T09:36:32.9911429Z 
2026-09-14T09:36:33.1194629Z 
2026-09-14T09:36:33.1195222Z > devbar@0.7.1 postinstall D:\a\devbar\devbar
2026-09-14T09:36:33.1195702Z > node --experimental-strip-types scripts/install-hooks.ts
2026-09-14T09:36:33.1195940Z 
2026-09-14T09:36:33.2434318Z ╭ Warning ─────────────────────────────────────────────────────────────────────╮
2026-09-14T09:36:33.2434899Z │                                                                              │
2026-09-14T09:36:33.2435442Z │   Ignored build scripts: electron-winstaller@5.4.0, esbuild@0.28.2.          │
2026-09-14T09:36:33.2437408Z │   Run "pnpm approve-builds" to pick which dependencies should be allowed     │
2026-09-14T09:36:33.2437945Z │   to run scripts.                                                            │
2026-09-14T09:36:33.2438787Z │                                                                              │
2026-09-14T09:36:33.2439450Z ╰──────────────────────────────────────────────────────────────────────────────╯
2026-09-14T09:36:33.2532696Z Done in 6.8s using pnpm v10.32.1
2026-09-14T09:36:33.4144880Z ##[group]Run pnpm run dist:win && pnpm run verify:win
2026-09-14T09:36:33.4145328Z [36;1mpnpm run dist:win && pnpm run verify:win[0m
2026-09-14T09:36:33.4163303Z shell: C:\Program Files\Git\bin\bash.EXE --noprofile --norc -e -o pipefail {0}
2026-09-14T09:36:33.4163680Z env:
2026-09-14T09:36:33.4163930Z   PNPM_HOME: C:\Users\runneradmin\setup-pnpm\node_modules\.bin
2026-09-14T09:36:33.4164231Z ##[endgroup]
2026-09-14T09:36:34.3774833Z 
2026-09-14T09:36:34.3775553Z > devbar@0.7.1 dist:win D:\a\devbar\devbar
2026-09-14T09:36:34.3776411Z > pnpm run build && node --experimental-strip-types scripts/package-win-linux.ts win
2026-09-14T09:36:34.3776923Z 
2026-09-14T09:36:34.7536141Z 
2026-09-14T09:36:34.7537210Z > devbar@0.7.1 build D:\a\devbar\devbar
2026-09-14T09:36:34.7538078Z > bash scripts/build.sh
2026-09-14T09:36:34.7538314Z 
2026-09-14T09:36:45.9682923Z 
2026-09-14T09:36:45.9683800Z   build\src\preload.cjs  8.9kb
2026-09-14T09:36:45.9684149Z 
2026-09-14T09:36:45.9684398Z Done in 5ms
2026-09-14T09:36:46.7741332Z   • electron-builder  version=26.16.1 os=10.0.26100
2026-09-14T09:36:46.7747531Z   • publishing will be skipped  reason=current build is a part of pull request solution=set env PUBLISH_FOR_PULL_REQUEST to true to force code signing
2026-09-14T09:36:46.7748693Z There are serious security concerns with PUBLISH_FOR_PULL_REQUEST=true (see the  CircleCI documentation (https://circleci.com/docs/1.0/fork-pr-builds/) for details)
2026-09-14T09:36:46.7749925Z If you have SSH keys, sensitive env vars or AWS credentials stored in your project settings and untrusted forks can make pull requests against your repo, then this option isn't for you.
2026-09-14T09:36:46.7853848Z   • author is missed in the package.json  appPackageFile=D:\a\devbar\devbar\package.json
2026-09-14T09:36:47.8178655Z   • executing @electron/rebuild  electronVersion=43.2.0 arch=x64 buildFromSource=false workspaceRoot=D:\a\devbar\devbar projectDir=./ appDir=./
2026-09-14T09:36:47.8179577Z   • installing native dependencies  arch=x64
2026-09-14T09:36:48.0473609Z   • completed installing native dependencies
2026-09-14T09:36:48.0546963Z   • packaging       platform=win32 arch=x64 electron=43.2.0 appOutDir=dist\electron-builder\win-unpacked
2026-09-14T09:36:48.3666568Z   • downloaded      label=electron progress=100%
2026-09-14T09:36:52.5104177Z   • downloaded electron zip extracted successfully  output=D:\a\devbar\devbar\dist\electron-builder\win-unpacked
2026-09-14T09:36:52.5449516Z   • searching for node modules  pm=pnpm searchDir=D:\a\devbar\devbar
2026-09-14T09:36:56.9857257Z   • duplicate dependency references  dependencies=["type-fest@5.7.0"]
2026-09-14T09:36:58.6935143Z   • updating asar integrity executable resource  executablePath=dist\electron-builder\win-unpacked\DevBar.exe
2026-09-14T09:36:59.1249303Z   • no code signing certificate configured, signing is skipped  path=dist\electron-builder\win-unpacked\DevBar.exe
2026-09-14T09:36:59.1264689Z   • building        target=nsis file=dist\electron-builder\DevBar-0.7.1-win-x64-setup.exe archs=x64 oneClick=true perMachine=false
2026-09-14T09:36:59.3813406Z   • downloaded      label=7zip-win-x64.tar.gz progress=100%
2026-09-14T09:37:41.3349714Z   • downloaded      label=nsis-3.0.4.1.7z progress=100%
2026-09-14T09:37:43.2329749Z   • no code signing certificate configured, signing is skipped  path=C:\Users\RUNNER~1\AppData\Local\Temp\t-OgXXoZ\elevate-staging-3\resources\elevate.exe
2026-09-14T09:37:43.8053160Z   • downloaded      label=nsis-resources-3.4.1.7z progress=100%
2026-09-14T09:37:45.1351212Z   • no code signing certificate configured, signing is skipped  path=dist\electron-builder\DevBar-0.7.1-win-x64-setup.__uninstaller.exe
2026-09-14T09:37:46.4460920Z   • no code signing certificate configured, signing is skipped  path=dist\electron-builder\DevBar-0.7.1-win-x64-setup.exe
2026-09-14T09:37:46.4464666Z   • building block map  blockMapFile=dist\electron-builder\DevBar-0.7.1-win-x64-setup.exe.blockmap
2026-09-14T09:37:52.0136648Z   • building        target=portable file=dist\electron-builder\DevBar-0.7.1-win-x64-portable.exe archs=x64
2026-09-14T09:37:52.6831644Z   • no code signing certificate configured, signing is skipped  path=dist\electron-builder\DevBar-0.7.1-win-x64-portable.exe
2026-09-14T09:37:52.7029258Z [win] x64 done
2026-09-14T09:37:52.7038455Z   • electron-builder  version=26.16.1 os=10.0.26100
2026-09-14T09:37:52.7044369Z   • publishing will be skipped  reason=current build is a part of pull request solution=set env PUBLISH_FOR_PULL_REQUEST to true to force code signing
2026-09-14T09:37:52.7046169Z There are serious security concerns with PUBLISH_FOR_PULL_REQUEST=true (see the  CircleCI documentation (https://circleci.com/docs/1.0/fork-pr-builds/) for details)
2026-09-14T09:37:52.7048071Z If you have SSH keys, sensitive env vars or AWS credentials stored in your project settings and untrusted forks can make pull requests against your repo, then this option isn't for you.
2026-09-14T09:37:52.7082882Z   • author is missed in the package.json  appPackageFile=D:\a\devbar\devbar\package.json
2026-09-14T09:37:53.1163779Z   • executing @electron/rebuild  electronVersion=43.2.0 arch=arm64 buildFromSource=false workspaceRoot=D:\a\devbar\devbar projectDir=./ appDir=./
2026-09-14T09:37:53.1164531Z   • installing native dependencies  arch=arm64
2026-09-14T09:37:53.3452972Z   • completed installing native dependencies
2026-09-14T09:37:53.3531098Z   • packaging       platform=win32 arch=arm64 electron=43.2.0 appOutDir=dist\electron-builder\win-arm64-unpacked
2026-09-14T09:37:53.5738563Z   • downloaded      label=electron progress=100%
2026-09-14T09:37:58.9213481Z   • downloaded electron zip extracted successfully  output=D:\a\devbar\devbar\dist\electron-builder\win-arm64-unpacked
2026-09-14T09:37:58.9532045Z   • searching for node modules  pm=pnpm searchDir=D:\a\devbar\devbar
2026-09-14T09:38:01.3056086Z   • duplicate dependency references  dependencies=["type-fest@5.7.0"]
2026-09-14T09:38:03.0769724Z   • updating asar integrity executable resource  executablePath=dist\electron-builder\win-arm64-unpacked\DevBar.exe
2026-09-14T09:38:03.4625674Z   • no code signing certificate configured, signing is skipped  path=dist\electron-builder\win-arm64-unpacked\DevBar.exe
2026-09-14T09:38:03.4635734Z   • building        target=nsis file=dist\electron-builder\DevBar-0.7.1-win-arm64-setup.exe archs=arm64 oneClick=true perMachine=false
2026-09-14T09:38:45.0256852Z   • no code signing certificate configured, signing is skipped  path=C:\Users\RUNNER~1\AppData\Local\Temp\t-CxeYsP\elevate-staging-9\resources\elevate.exe
2026-09-14T09:38:46.4586989Z   • no code signing certificate configured, signing is skipped  path=dist\electron-builder\DevBar-0.7.1-win-arm64-setup.__uninstaller.exe
2026-09-14T09:38:47.8656775Z   • no code signing certificate configured, signing is skipped  path=dist\electron-builder\DevBar-0.7.1-win-arm64-setup.exe
2026-09-14T09:38:47.8662756Z   • building block map  blockMapFile=dist\electron-builder\DevBar-0.7.1-win-arm64-setup.exe.blockmap
2026-09-14T09:38:53.4808071Z   • building        target=portable file=dist\electron-builder\DevBar-0.7.1-win-arm64-portable.exe archs=arm64
2026-09-14T09:38:54.1172276Z   • no code signing certificate configured, signing is skipped  path=dist\electron-builder\DevBar-0.7.1-win-arm64-portable.exe
2026-09-14T09:38:54.1338566Z [win] arm64 done
2026-09-14T09:38:54.7224353Z 
2026-09-14T09:38:54.7225100Z > devbar@0.7.1 verify:win D:\a\devbar\devbar
2026-09-14T09:38:54.7226777Z > pnpm run build && node build/scripts/verify-win-release.js
2026-09-14T09:38:54.7227038Z 
2026-09-14T09:38:55.0999309Z 
2026-09-14T09:38:55.0999802Z > devbar@0.7.1 build D:\a\devbar\devbar
2026-09-14T09:38:55.1000215Z > bash scripts/build.sh
2026-09-14T09:38:55.1000410Z 
2026-09-14T09:39:06.6764978Z 
2026-09-14T09:39:06.6771248Z   build\src\preload.cjs  8.9kb
2026-09-14T09:39:06.6772761Z 
2026-09-14T09:39:06.6777775Z Done in 4ms
2026-09-14T09:39:06.8870910Z Verified 4 win artifacts for v0.7.1 in D:\a\devbar\devbar\dist\electron-builder
2026-09-14T09:39:06.8883289Z ok: DevBar-0.7.1-win-x64-setup.exe (MZ header)
2026-09-14T09:39:06.8885002Z ok: DevBar-0.7.1-win-x64-portable.exe (MZ header)
2026-09-14T09:39:06.8886059Z ok: DevBar-0.7.1-win-arm64-setup.exe (MZ header)
2026-09-14T09:39:06.8887431Z ok: DevBar-0.7.1-win-arm64-portable.exe (MZ header)
2026-09-14T09:39:06.9615732Z ##[group]Run $ErrorActionPreference = 'Stop'
2026-09-14T09:39:06.9616326Z [36;1m$ErrorActionPreference = 'Stop'[0m
2026-09-14T09:39:06.9616801Z [36;1m$version = (Get-Content package.json -Raw | ConvertFrom-Json).version[0m
2026-09-14T09:39:06.9617475Z [36;1mStart-Process -Wait -FilePath ".\dist\electron-builder\DevBar-$version-win-x64-setup.exe" -ArgumentList '/S'[0m
2026-09-14T09:39:06.9618171Z [36;1mif (-not (Test-Path "$env:LOCALAPPDATA\Programs\DevBar\DevBar.exe")) {[0m
2026-09-14T09:39:06.9618661Z [36;1m  Write-Error "NSIS install did not produce the expected exe"[0m
2026-09-14T09:39:06.9619035Z [36;1m  exit 1[0m
2026-09-14T09:39:06.9619277Z [36;1m}[0m
2026-09-14T09:39:06.9619639Z [36;1mGet-Process DevBar -ErrorAction SilentlyContinue | Stop-Process -Force[0m
2026-09-14T09:39:06.9620171Z [36;1m& "$env:LOCALAPPDATA\Programs\DevBar\DevBar.exe" --devbar-smoke *>&1 |[0m
2026-09-14T09:39:06.9620730Z [36;1m  Tee-Object -FilePath smoke-win-installed.log[0m
2026-09-14T09:39:06.9621291Z [36;1mif (-not (Select-String -Path smoke-win-installed.log -Pattern 'DEVBAR_SMOKE_OK' -Quiet)) {[0m
2026-09-14T09:39:06.9621818Z [36;1m  Write-Error 'installed-app smoke failed'[0m
2026-09-14T09:39:06.9622147Z [36;1m  exit 1[0m
2026-09-14T09:39:06.9622382Z [36;1m}[0m
2026-09-14T09:39:06.9622788Z [36;1m& ".\dist\electron-builder\DevBar-$version-win-x64-portable.exe" --devbar-smoke *>&1 |[0m
2026-09-14T09:39:06.9623326Z [36;1m  Tee-Object -FilePath smoke-win-portable.log[0m
2026-09-14T09:39:06.9623844Z [36;1mif (-not (Select-String -Path smoke-win-portable.log -Pattern 'DEVBAR_SMOKE_OK' -Quiet)) {[0m
2026-09-14T09:39:06.9624357Z [36;1m  Write-Error 'portable-app smoke failed'[0m
2026-09-14T09:39:06.9624680Z [36;1m  exit 1[0m
2026-09-14T09:39:06.9624929Z [36;1m}[0m
2026-09-14T09:39:06.9746664Z shell: C:\Program Files\PowerShell\7\pwsh.EXE -command ". '{0}'"
2026-09-14T09:39:06.9747241Z env:
2026-09-14T09:39:06.9748938Z   PNPM_HOME: C:\Users\runneradmin\setup-pnpm\node_modules\.bin
2026-09-14T09:39:06.9749518Z ##[endgroup]
2026-09-14T09:39:24.3778309Z 
2026-09-14T09:39:26.1838447Z DEVBAR_SMOKE_OK
2026-09-14T09:39:34.1608117Z [31;1mSelect-String: [0mD:\a\_temp\a167f164-5ed5-4320-8399-a9f38afd239f.ps1:18[0m
2026-09-14T09:39:34.1609216Z [31;1m[0m[36;1mLine |[0m
2026-09-14T09:39:34.1610019Z [31;1m[0m[36;1m[36;1m  18 | [0m if (-not ([36;1mSelect-String -Path smoke-win-portable.log -Pattern 'DEVBAR[0m …[0m
2026-09-14T09:39:34.1611343Z [31;1m[0m[36;1m[36;1m[0m[36;1m[0m[36;1m     | [31;1m           ~~~~~~~~~~~~~~~~~~~~~~~~~~~~~~~~~~~~~~~~~~~~~~~~~~~~~~~~~~~[0m
2026-09-14T09:39:34.1612334Z [31;1m[0m[36;1m[36;1m[0m[36;1m[0m[36;1m[31;1m[31;1m[36;1m     | [31;1mCannot find path 'D:\a\devbar\devbar\smoke-win-portable.log' because it does not exist.[0m
2026-09-14T09:39:34.1866586Z ##[error]Process completed with exit code 1.
2026-09-14T09:39:34.2099929Z Post job cleanup.
2026-09-14T09:39:34.3899320Z Pruning is unnecessary.
2026-09-14T09:39:34.4241796Z Post job cleanup.
2026-09-14T09:39:34.6463487Z [command]"C:\Program Files\Git\bin\git.exe" version
2026-09-14T09:39:34.6737249Z git version 2.55.0.windows.5
2026-09-14T09:39:34.6813519Z Temporarily overriding HOME='D:\a\_temp\d46da6fe-02a8-488e-aa83-819005dbae50' before making global git config changes
2026-09-14T09:39:34.6814891Z Adding repository directory to the temporary git global config as a safe directory
2026-09-14T09:39:34.6826703Z [command]"C:\Program Files\Git\bin\git.exe" config --global --add safe.directory D:\a\devbar\devbar
2026-09-14T09:39:34.7156991Z Removing SSH command configuration
2026-09-14T09:39:34.7173723Z [command]"C:\Program Files\Git\bin\git.exe" config --local --name-only --get-regexp core\.sshCommand
2026-09-14T09:39:34.7512726Z [command]"C:\Program Files\Git\bin\git.exe" submodule foreach --recursive "sh -c \"git config --local --name-only --get-regexp 'core\.sshCommand' && git config --local --unset-all 'core.sshCommand' || :\""
2026-09-14T09:39:35.3220027Z Removing HTTP extra header
2026-09-14T09:39:35.3230569Z [command]"C:\Program Files\Git\bin\git.exe" config --local --name-only --get-regexp http\.https\:\/\/github\.com\/\.extraheader
2026-09-14T09:39:35.3557748Z [command]"C:\Program Files\Git\bin\git.exe" submodule foreach --recursive "sh -c \"git config --local --name-only --get-regexp 'http\.https\:\/\/github\.com\/\.extraheader' && git config --local --unset-all 'http.https://github.com/.extraheader' || :\""
2026-09-14T09:39:35.9345371Z Removing includeIf entries pointing to credentials config files
2026-09-14T09:39:35.9364310Z [command]"C:\Program Files\Git\bin\git.exe" config --local --name-only --get-regexp ^includeIf\.gitdir:
2026-09-14T09:39:35.9716355Z [command]"C:\Program Files\Git\bin\git.exe" submodule foreach --recursive "git config --local --show-origin --name-only --get-regexp remote.origin.url"
2026-09-14T09:39:36.5673893Z Cleaning up orphan processes
