2026-09-14T09:28:58.5196660Z Current runner version: '2.337.0'
2026-09-14T09:28:58.5222585Z ##[group]Runner Image Provisioner
2026-09-14T09:28:58.5223410Z Hosted Compute Agent
2026-09-14T09:28:58.5223930Z Version: 20260828.587
2026-09-14T09:28:58.5224535Z Commit: abac92662cab4cc7352de4f9f9d2e2419aad9c29
2026-09-14T09:28:58.5225223Z Build Date: 2026-08-28T16:44:25Z
2026-09-14T09:28:58.5225848Z Worker ID: {0c755aeb-91c7-4215-b243-ea13367fc363}
2026-09-14T09:28:58.5226507Z Azure Region: westus3
2026-09-14T09:28:58.5227069Z ##[endgroup]
2026-09-14T09:28:58.5228488Z ##[group]Operating System
2026-09-14T09:28:58.5229094Z Microsoft Windows Server 2025
2026-09-14T09:28:58.5229651Z 10.0.26100
2026-09-14T09:28:58.5230178Z Datacenter
2026-09-14T09:28:58.5230717Z ##[endgroup]
2026-09-14T09:28:58.5231522Z ##[group]Runner Image
2026-09-14T09:28:58.5232082Z Image: windows-2025-vs2026
2026-09-14T09:28:58.5232627Z Version: 20260907.229.1
2026-09-14T09:28:58.5234131Z Included Software: https://github.com/actions/runner-images/blob/win25-vs2026/20260907.229/images/windows/Windows2025-VS2026-Readme.md
2026-09-14T09:28:58.5235716Z Image Release: https://github.com/actions/runner-images/releases/tag/win25-vs2026%2F20260907.229
2026-09-14T09:28:58.5236638Z ##[endgroup]
2026-09-14T09:28:58.5237673Z ##[group]GITHUB_TOKEN Permissions
2026-09-14T09:28:58.5239783Z Contents: read
2026-09-14T09:28:58.5240326Z Metadata: read
2026-09-14T09:28:58.5240864Z ##[endgroup]
2026-09-14T09:28:58.5242942Z Secret source: Actions
2026-09-14T09:28:58.5243830Z Cache mode: write
2026-09-14T09:28:58.5244487Z Prepare workflow directory
2026-09-14T09:28:58.5697465Z Prepare all required actions
2026-09-14T09:28:58.5749021Z Getting action download info
2026-09-14T09:28:58.8992601Z Download action repository 'actions/checkout@3d3c42e5aac5ba805825da76410c181273ba90b1' (SHA:3d3c42e5aac5ba805825da76410c181273ba90b1)
2026-09-14T09:28:59.0338402Z Download action repository 'pnpm/action-setup@0977fd99725f1db4007ccb2928dbb4e90d06cc86' (SHA:0977fd99725f1db4007ccb2928dbb4e90d06cc86)
2026-09-14T09:28:59.5042444Z Download action repository 'actions/setup-node@820762786026740c76f36085b0efc47a31fe5020' (SHA:820762786026740c76f36085b0efc47a31fe5020)
2026-09-14T09:28:59.6657833Z Download action repository 'actions/cache@55cc8345863c7cc4c66a329aec7e433d2d1c52a9' (SHA:55cc8345863c7cc4c66a329aec7e433d2d1c52a9)
2026-09-14T09:28:59.8127853Z Download action repository 'actions/upload-artifact@043fb46d1a93c77aae656e7c1c64a875d1fc6a0a' (SHA:043fb46d1a93c77aae656e7c1c64a875d1fc6a0a)
2026-09-14T09:29:00.0594182Z Complete job name: Windows release dry run
2026-09-14T09:29:00.2248001Z ##[group]Run actions/checkout@3d3c42e5aac5ba805825da76410c181273ba90b1
2026-09-14T09:29:00.2249810Z with:
2026-09-14T09:29:00.2250591Z   persist-credentials: false
2026-09-14T09:29:00.2251538Z   repository: juanjoGonDev/devbar
2026-09-14T09:29:00.2258751Z   token: ***
2026-09-14T09:29:00.2259980Z   ssh-strict: true
2026-09-14T09:29:00.2260796Z   ssh-user: git
2026-09-14T09:29:00.2261571Z   clean: true
2026-09-14T09:29:00.2262404Z   sparse-checkout-cone-mode: true
2026-09-14T09:29:00.2263356Z   fetch-depth: 1
2026-09-14T09:29:00.2264134Z   fetch-tags: false
2026-09-14T09:29:00.2264926Z   show-progress: true
2026-09-14T09:29:00.2265721Z   lfs: false
2026-09-14T09:29:00.2266465Z   submodules: false
2026-09-14T09:29:00.2267290Z   set-safe-directory: true
2026-09-14T09:29:00.2268191Z   allow-unsafe-pr-checkout: false
2026-09-14T09:29:00.2269399Z ##[endgroup]
2026-09-14T09:29:00.3890486Z Syncing repository: juanjoGonDev/devbar
2026-09-14T09:29:00.3893275Z ##[group]Getting Git version info
2026-09-14T09:29:00.3894683Z Working directory is 'D:\a\devbar\devbar'
2026-09-14T09:29:00.4846261Z [command]"C:\Program Files\Git\bin\git.exe" version
2026-09-14T09:29:00.7867381Z git version 2.55.0.windows.5
2026-09-14T09:29:00.7913767Z ##[endgroup]
2026-09-14T09:29:00.7930027Z Temporarily overriding HOME='D:\a\_temp\8ebbc68f-c232-4115-ac67-68dcff9c3a98' before making global git config changes
2026-09-14T09:29:00.7934553Z Adding repository directory to the temporary git global config as a safe directory
2026-09-14T09:29:00.7942308Z [command]"C:\Program Files\Git\bin\git.exe" config --global --add safe.directory D:\a\devbar\devbar
2026-09-14T09:29:00.8662491Z Deleting the contents of 'D:\a\devbar\devbar'
2026-09-14T09:29:00.8667887Z ##[group]Determining repository object format
2026-09-14T09:29:00.8670094Z ##[endgroup]
2026-09-14T09:29:00.8671449Z ##[group]Initializing the repository
2026-09-14T09:29:00.8679106Z [command]"C:\Program Files\Git\bin\git.exe" init D:\a\devbar\devbar
2026-09-14T09:29:00.9410381Z Initialized empty Git repository in D:/a/devbar/devbar/.git/
2026-09-14T09:29:00.9455948Z [command]"C:\Program Files\Git\bin\git.exe" remote add origin https://github.com/juanjoGonDev/devbar
2026-09-14T09:29:01.0161506Z ##[endgroup]
2026-09-14T09:29:01.0163864Z ##[group]Disabling automatic garbage collection
2026-09-14T09:29:01.0173475Z [command]"C:\Program Files\Git\bin\git.exe" config --local gc.auto 0
2026-09-14T09:29:01.0484121Z ##[endgroup]
2026-09-14T09:29:01.0486158Z ##[group]Setting up auth
2026-09-14T09:29:01.0487682Z Removing SSH command configuration
2026-09-14T09:29:01.0496671Z [command]"C:\Program Files\Git\bin\git.exe" config --local --name-only --get-regexp core\.sshCommand
2026-09-14T09:29:01.0810830Z [command]"C:\Program Files\Git\bin\git.exe" submodule foreach --recursive "sh -c \"git config --local --name-only --get-regexp 'core\.sshCommand' && git config --local --unset-all 'core.sshCommand' || :\""
2026-09-14T09:29:02.4286451Z Removing HTTP extra header
2026-09-14T09:29:02.4296397Z [command]"C:\Program Files\Git\bin\git.exe" config --local --name-only --get-regexp http\.https\:\/\/github\.com\/\.extraheader
2026-09-14T09:29:02.4606621Z [command]"C:\Program Files\Git\bin\git.exe" submodule foreach --recursive "sh -c \"git config --local --name-only --get-regexp 'http\.https\:\/\/github\.com\/\.extraheader' && git config --local --unset-all 'http.https://github.com/.extraheader' || :\""
2026-09-14T09:29:02.9933299Z Removing includeIf entries pointing to credentials config files
2026-09-14T09:29:02.9945938Z [command]"C:\Program Files\Git\bin\git.exe" config --local --name-only --get-regexp ^includeIf\.gitdir:
2026-09-14T09:29:03.0263409Z [command]"C:\Program Files\Git\bin\git.exe" submodule foreach --recursive "git config --local --show-origin --name-only --get-regexp remote.origin.url"
2026-09-14T09:29:03.5395243Z [command]"C:\Program Files\Git\bin\git.exe" config --file D:\a\_temp\git-credentials-aa77ed4d-4b2a-48b8-a56f-e46256d5d911.config http.https://github.com/.extraheader "AUTHORIZATION: basic ***"
2026-09-14T09:29:03.5730640Z [command]"C:\Program Files\Git\bin\git.exe" config --local includeIf.gitdir:D:/a/devbar/devbar/.git.path D:\a\_temp\git-credentials-aa77ed4d-4b2a-48b8-a56f-e46256d5d911.config
2026-09-14T09:29:03.6059295Z [command]"C:\Program Files\Git\bin\git.exe" config --local includeIf.gitdir:D:/a/devbar/devbar/.git/worktrees/*.path D:\a\_temp\git-credentials-aa77ed4d-4b2a-48b8-a56f-e46256d5d911.config
2026-09-14T09:29:03.6412380Z [command]"C:\Program Files\Git\bin\git.exe" config --local includeIf.gitdir:/github/workspace/.git.path /github/runner_temp/git-credentials-aa77ed4d-4b2a-48b8-a56f-e46256d5d911.config
2026-09-14T09:29:03.6727797Z [command]"C:\Program Files\Git\bin\git.exe" config --local includeIf.gitdir:/github/workspace/.git/worktrees/*.path /github/runner_temp/git-credentials-aa77ed4d-4b2a-48b8-a56f-e46256d5d911.config
2026-09-14T09:29:03.7045761Z ##[endgroup]
2026-09-14T09:29:03.7046604Z ##[group]Fetching the repository
2026-09-14T09:29:03.7062084Z [command]"C:\Program Files\Git\bin\git.exe" -c protocol.version=2 fetch --no-tags --prune --no-recurse-submodules --depth=1 origin +00f4218a0685520baa99ab517824c27b1906046a:refs/remotes/pull/78/merge
2026-09-14T09:29:05.0246616Z From https://github.com/juanjoGonDev/devbar
2026-09-14T09:29:05.0247985Z  * [new ref]         00f4218a0685520baa99ab517824c27b1906046a -> pull/78/merge
2026-09-14T09:29:05.0290352Z ##[endgroup]
2026-09-14T09:29:05.0291320Z ##[group]Determining the checkout info
2026-09-14T09:29:05.0292238Z ##[endgroup]
2026-09-14T09:29:05.0306211Z [command]"C:\Program Files\Git\bin\git.exe" sparse-checkout disable
2026-09-14T09:29:05.0795922Z [command]"C:\Program Files\Git\bin\git.exe" config --local --unset-all extensions.worktreeConfig
2026-09-14T09:29:05.1110558Z ##[group]Checking out the ref
2026-09-14T09:29:05.1120386Z [command]"C:\Program Files\Git\bin\git.exe" checkout --progress --force refs/remotes/pull/78/merge
2026-09-14T09:29:05.2332985Z Note: switching to 'refs/remotes/pull/78/merge'.
2026-09-14T09:29:05.2333545Z 
2026-09-14T09:29:05.2333925Z You are in 'detached HEAD' state. You can look around, make experimental
2026-09-14T09:29:05.2335003Z changes and commit them, and you can discard any commits you make in this
2026-09-14T09:29:05.2335830Z state without impacting any branches by switching back to a branch.
2026-09-14T09:29:05.2336143Z 
2026-09-14T09:29:05.2336391Z If you want to create a new branch to retain commits you create, you may
2026-09-14T09:29:05.2336895Z do so (now or later) by using -c with the switch command. Example:
2026-09-14T09:29:05.2337201Z 
2026-09-14T09:29:05.2337336Z   git switch -c <new-branch-name>
2026-09-14T09:29:05.2337541Z 
2026-09-14T09:29:05.2337645Z Or undo this operation with:
2026-09-14T09:29:05.2337803Z 
2026-09-14T09:29:05.2337892Z   git switch -
2026-09-14T09:29:05.2338019Z 
2026-09-14T09:29:05.2338224Z Turn off this advice by setting config variable advice.detachedHead to false
2026-09-14T09:29:05.2338535Z 
2026-09-14T09:29:05.2338898Z HEAD is now at 00f4218 Merge 77f765af80be88c0d595798067dacd722ac4b450 into 42a77c630288a92901d0127cde05e7e033cf4dda
2026-09-14T09:29:05.2439535Z ##[endgroup]
2026-09-14T09:29:05.2822990Z [command]"C:\Program Files\Git\bin\git.exe" log -1 --format=%H
2026-09-14T09:29:05.3122572Z 00f4218a0685520baa99ab517824c27b1906046a
2026-09-14T09:29:05.3164842Z ##[group]Removing auth
2026-09-14T09:29:05.3165569Z Removing SSH command configuration
2026-09-14T09:29:05.3173531Z [command]"C:\Program Files\Git\bin\git.exe" config --local --name-only --get-regexp core\.sshCommand
2026-09-14T09:29:05.3508502Z [command]"C:\Program Files\Git\bin\git.exe" submodule foreach --recursive "sh -c \"git config --local --name-only --get-regexp 'core\.sshCommand' && git config --local --unset-all 'core.sshCommand' || :\""
2026-09-14T09:29:05.9121297Z Removing HTTP extra header
2026-09-14T09:29:05.9131018Z [command]"C:\Program Files\Git\bin\git.exe" config --local --name-only --get-regexp http\.https\:\/\/github\.com\/\.extraheader
2026-09-14T09:29:05.9493950Z [command]"C:\Program Files\Git\bin\git.exe" submodule foreach --recursive "sh -c \"git config --local --name-only --get-regexp 'http\.https\:\/\/github\.com\/\.extraheader' && git config --local --unset-all 'http.https://github.com/.extraheader' || :\""
2026-09-14T09:29:06.5092288Z Removing includeIf entries pointing to credentials config files
2026-09-14T09:29:06.5105212Z [command]"C:\Program Files\Git\bin\git.exe" config --local --name-only --get-regexp ^includeIf\.gitdir:
2026-09-14T09:29:06.5387520Z includeif.gitdir:D:/a/devbar/devbar/.git.path
2026-09-14T09:29:06.5388227Z includeif.gitdir:D:/a/devbar/devbar/.git/worktrees/*.path
2026-09-14T09:29:06.5388848Z includeif.gitdir:/github/workspace/.git.path
2026-09-14T09:29:06.5389468Z includeif.gitdir:/github/workspace/.git/worktrees/*.path
2026-09-14T09:29:06.5434666Z [command]"C:\Program Files\Git\bin\git.exe" config --local --get-all includeif.gitdir:D:/a/devbar/devbar/.git.path
2026-09-14T09:29:06.5712914Z D:\a\_temp\git-credentials-aa77ed4d-4b2a-48b8-a56f-e46256d5d911.config
2026-09-14T09:29:06.5759302Z [command]"C:\Program Files\Git\bin\git.exe" config --local --unset includeif.gitdir:D:/a/devbar/devbar/.git.path D\:\\a\\_temp\\git\-credentials\-aa77ed4d\-4b2a\-48b8\-a56f\-e46256d5d911\.config
2026-09-14T09:29:06.6104742Z [command]"C:\Program Files\Git\bin\git.exe" config --local --get-all includeif.gitdir:D:/a/devbar/devbar/.git/worktrees/*.path
2026-09-14T09:29:06.6390335Z D:\a\_temp\git-credentials-aa77ed4d-4b2a-48b8-a56f-e46256d5d911.config
2026-09-14T09:29:06.6439135Z [command]"C:\Program Files\Git\bin\git.exe" config --local --unset includeif.gitdir:D:/a/devbar/devbar/.git/worktrees/*.path D\:\\a\\_temp\\git\-credentials\-aa77ed4d\-4b2a\-48b8\-a56f\-e46256d5d911\.config
2026-09-14T09:29:06.6771048Z [command]"C:\Program Files\Git\bin\git.exe" config --local --get-all includeif.gitdir:/github/workspace/.git.path
2026-09-14T09:29:06.7062426Z /github/runner_temp/git-credentials-aa77ed4d-4b2a-48b8-a56f-e46256d5d911.config
2026-09-14T09:29:06.7107459Z [command]"C:\Program Files\Git\bin\git.exe" config --local --unset includeif.gitdir:/github/workspace/.git.path \/github\/runner_temp\/git\-credentials\-aa77ed4d\-4b2a\-48b8\-a56f\-e46256d5d911\.config
2026-09-14T09:29:06.7412376Z [command]"C:\Program Files\Git\bin\git.exe" config --local --get-all includeif.gitdir:/github/workspace/.git/worktrees/*.path
2026-09-14T09:29:06.7674095Z /github/runner_temp/git-credentials-aa77ed4d-4b2a-48b8-a56f-e46256d5d911.config
2026-09-14T09:29:06.7717984Z [command]"C:\Program Files\Git\bin\git.exe" config --local --unset includeif.gitdir:/github/workspace/.git/worktrees/*.path \/github\/runner_temp\/git\-credentials\-aa77ed4d\-4b2a\-48b8\-a56f\-e46256d5d911\.config
2026-09-14T09:29:06.8025747Z [command]"C:\Program Files\Git\bin\git.exe" submodule foreach --recursive "git config --local --show-origin --name-only --get-regexp remote.origin.url"
2026-09-14T09:29:07.3381349Z Removing credentials config 'D:\a\_temp\git-credentials-aa77ed4d-4b2a-48b8-a56f-e46256d5d911.config'
2026-09-14T09:29:07.3395461Z ##[endgroup]
2026-09-14T09:29:07.3850810Z ##[group]Run pnpm/action-setup@0977fd99725f1db4007ccb2928dbb4e90d06cc86
2026-09-14T09:29:07.3851253Z with:
2026-09-14T09:29:07.3851442Z   dest: ~/setup-pnpm
2026-09-14T09:29:07.3851646Z   run_install: null
2026-09-14T09:29:07.3851834Z   cache: false
2026-09-14T09:29:07.3852058Z   cache_dependency_path: pnpm-lock.yaml
2026-09-14T09:29:07.3852329Z   package_json_file: package.json
2026-09-14T09:29:07.3852576Z   standalone: false
2026-09-14T09:29:07.3852764Z ##[endgroup]
2026-09-14T09:29:07.5797724Z ##[group]Running self-installer...
2026-09-14T09:29:07.5864052Z (node:7784) [DEP0190] DeprecationWarning: Passing args to a child process with shell option true can lead to security vulnerabilities, as the arguments are not escaped, only concatenated.
2026-09-14T09:29:07.5865939Z (Use `node --trace-deprecation ...` to show where the warning was created)
2026-09-14T09:29:20.0892271Z 
2026-09-14T09:29:20.0892679Z added 1 package, and audited 2 packages in 9s
2026-09-14T09:29:20.0893178Z 
2026-09-14T09:29:20.0893971Z 1 package is looking for funding
2026-09-14T09:29:20.0894420Z   run `npm fund` for details
2026-09-14T09:29:20.0908416Z 
2026-09-14T09:29:20.0908646Z found 0 vulnerabilities
2026-09-14T09:29:21.9826045Z Checking for updates...
2026-09-14T09:29:22.1679870Z Switching pnpm from v11.19.0 to v10.32.1...
2026-09-14T09:29:22.6720996Z .../1bb8-1a09f3fef52-1515c6ef3ab05597    | Progress: resolved 1, reused 0, downloaded 0, added 0
2026-09-14T09:29:22.6740882Z .../1bb8-1a09f3fef52-1515c6ef3ab05597    |   +1 +
2026-09-14T09:29:23.7972623Z .../1bb8-1a09f3fef52-1515c6ef3ab05597    | Progress: resolved 1, reused 0, downloaded 1, added 0
2026-09-14T09:29:25.1697652Z .../1bb8-1a09f3fef52-1515c6ef3ab05597    | Progress: resolved 1, reused 0, downloaded 1, added 1
2026-09-14T09:29:25.1701845Z .../1bb8-1a09f3fef52-1515c6ef3ab05597    | Progress: resolved 1, reused 0, downloaded 1, added 1, done
2026-09-14T09:29:25.8338311Z [WARN] Detected a pnpm v10 installation layout at PNPM_HOME. The pnpm shims at PNPM_HOME have been refreshed so the new version is active, but pnpm v11 expects bins in PNPM_HOME/bin. Run "pnpm setup" to migrate your PATH to the v11 layout.
2026-09-14T09:29:25.8374223Z Successfully updated pnpm to v10.32.1
2026-09-14T09:29:25.9026495Z ##[endgroup]
2026-09-14T09:29:25.9027258Z Installation Completed!
2026-09-14T09:29:25.9420887Z ##[group]Run actions/setup-node@820762786026740c76f36085b0efc47a31fe5020
2026-09-14T09:29:25.9421448Z with:
2026-09-14T09:29:25.9421676Z   node-version: 22
2026-09-14T09:29:25.9421913Z   cache: pnpm
2026-09-14T09:29:25.9422142Z   check-latest: false
2026-09-14T09:29:25.9425172Z   token: ***
2026-09-14T09:29:25.9425433Z   package-manager-cache: true
2026-09-14T09:29:25.9425714Z env:
2026-09-14T09:29:25.9426025Z   PNPM_HOME: C:\Users\runneradmin\setup-pnpm\node_modules\.bin
2026-09-14T09:29:25.9426430Z ##[endgroup]
2026-09-14T09:29:26.1264035Z Found in cache @ C:\hostedtoolcache\windows\node\22.23.2\x64
2026-09-14T09:29:26.1271129Z ##[group]Environment details
2026-09-14T09:29:30.4802596Z node: v22.23.2
2026-09-14T09:29:30.4803235Z npm: 10.9.8
2026-09-14T09:29:30.4803805Z yarn: 1.22.22
2026-09-14T09:29:30.4804368Z ##[endgroup]
2026-09-14T09:29:30.5639548Z [command]C:\Windows\system32\cmd.exe /D /S /C "C:\Users\runneradmin\setup-pnpm\node_modules\.bin\bin\pnpm.CMD store path --silent"
2026-09-14T09:29:31.2800015Z D:\.pnpm-store\v10
2026-09-14T09:29:31.6381109Z pnpm cache is not found
2026-09-14T09:29:31.7898932Z ##[group]Run actions/cache@55cc8345863c7cc4c66a329aec7e433d2d1c52a9
2026-09-14T09:29:31.7899377Z with:
2026-09-14T09:29:31.7899952Z   path: %LOCALAPPDATA%\electron\Cache
%LOCALAPPDATA%\electron-builder\Cache

2026-09-14T09:29:31.7900613Z   key: windows-release-validation-bd7ccba579594a20f024796e585806d4af44b8ef510a056ddb8577e0e08c82b5
2026-09-14T09:29:31.7901136Z   enableCrossOsArchive: false
2026-09-14T09:29:31.7901542Z   fail-on-cache-miss: false
2026-09-14T09:29:31.7901847Z   lookup-only: false
2026-09-14T09:29:31.7902059Z   save-always: false
2026-09-14T09:29:31.7902244Z env:
2026-09-14T09:29:31.7902498Z   PNPM_HOME: C:\Users\runneradmin\setup-pnpm\node_modules\.bin
2026-09-14T09:29:31.7902822Z ##[endgroup]
2026-09-14T09:29:32.2774103Z Cache not found for input keys: windows-release-validation-bd7ccba579594a20f024796e585806d4af44b8ef510a056ddb8577e0e08c82b5
2026-09-14T09:29:32.3033485Z ##[group]Run pnpm install --frozen-lockfile
2026-09-14T09:29:32.3033942Z [36;1mpnpm install --frozen-lockfile[0m
2026-09-14T09:29:32.3762000Z shell: C:\Program Files\PowerShell\7\pwsh.EXE -command ". '{0}'"
2026-09-14T09:29:32.3762512Z env:
2026-09-14T09:29:32.3762875Z   PNPM_HOME: C:\Users\runneradmin\setup-pnpm\node_modules\.bin
2026-09-14T09:29:32.3763330Z ##[endgroup]
2026-09-14T09:29:33.2113971Z Lockfile is up to date, resolution step is skipped
2026-09-14T09:29:33.4031446Z Packages: +481
2026-09-14T09:29:33.4064995Z ++++++++++++++++++++++++++++++++++++++++++++++++++++++++++++++++++++++++++++++++
2026-09-14T09:29:33.7516374Z Progress: resolved 0, reused 0, downloaded 1, added 0
2026-09-14T09:29:34.7501811Z Progress: resolved 0, reused 0, downloaded 56, added 15
2026-09-14T09:29:35.7518041Z Progress: resolved 0, reused 0, downloaded 141, added 47
2026-09-14T09:29:36.7527258Z Progress: resolved 0, reused 0, downloaded 234, added 78
2026-09-14T09:29:37.7531467Z Progress: resolved 0, reused 0, downloaded 353, added 134
2026-09-14T09:29:38.7527471Z Progress: resolved 0, reused 0, downloaded 464, added 197
2026-09-14T09:29:39.5384552Z Progress: resolved 0, reused 0, downloaded 465, added 481, done
2026-09-14T09:29:39.5540964Z node_modules/lefthook postinstall$ node postinstall.js
2026-09-14T09:29:39.6352390Z node_modules/lefthook postinstall: Done
2026-09-14T09:29:39.8597234Z 
2026-09-14T09:29:40.0594204Z 
2026-09-14T09:29:40.0595242Z > devbar@0.7.1 postinstall D:\a\devbar\devbar
2026-09-14T09:29:40.0595759Z > node --experimental-strip-types scripts/install-hooks.ts
2026-09-14T09:29:40.0596033Z 
2026-09-14T09:29:40.1891065Z ╭ Warning ─────────────────────────────────────────────────────────────────────╮
2026-09-14T09:29:40.1891809Z │                                                                              │
2026-09-14T09:29:40.1892556Z │   Ignored build scripts: electron-winstaller@5.4.0, esbuild@0.28.2.          │
2026-09-14T09:29:40.1894547Z │   Run "pnpm approve-builds" to pick which dependencies should be allowed     │
2026-09-14T09:29:40.1895319Z │   to run scripts.                                                            │
2026-09-14T09:29:40.1895963Z │                                                                              │
2026-09-14T09:29:40.1896608Z ╰──────────────────────────────────────────────────────────────────────────────╯
2026-09-14T09:29:40.1986113Z Done in 7.4s using pnpm v10.32.1
2026-09-14T09:29:40.3720776Z ##[group]Run pnpm run dist:win && pnpm run verify:win
2026-09-14T09:29:40.3721238Z [36;1mpnpm run dist:win && pnpm run verify:win[0m
2026-09-14T09:29:40.3741506Z shell: C:\Program Files\Git\bin\bash.EXE --noprofile --norc -e -o pipefail {0}
2026-09-14T09:29:40.3741905Z env:
2026-09-14T09:29:40.3742164Z   PNPM_HOME: C:\Users\runneradmin\setup-pnpm\node_modules\.bin
2026-09-14T09:29:40.3742486Z ##[endgroup]
2026-09-14T09:29:41.3497395Z 
2026-09-14T09:29:41.3498339Z > devbar@0.7.1 dist:win D:\a\devbar\devbar
2026-09-14T09:29:41.3500160Z > pnpm run build && node --experimental-strip-types scripts/package-win-linux.ts win
2026-09-14T09:29:41.3500806Z 
2026-09-14T09:29:41.7809914Z 
2026-09-14T09:29:41.7810660Z > devbar@0.7.1 build D:\a\devbar\devbar
2026-09-14T09:29:41.7811891Z > bash scripts/build.sh
2026-09-14T09:29:41.7812120Z 
2026-09-14T09:29:53.4715216Z 
2026-09-14T09:29:53.4716284Z   build\src\preload.cjs  8.9kb
2026-09-14T09:29:53.4716551Z 
2026-09-14T09:29:53.4716742Z Done in 5ms
2026-09-14T09:29:54.3566756Z   • electron-builder  version=26.16.1 os=10.0.26100
2026-09-14T09:29:54.3574206Z   • publishing will be skipped  reason=current build is a part of pull request solution=set env PUBLISH_FOR_PULL_REQUEST to true to force code signing
2026-09-14T09:29:54.3577312Z There are serious security concerns with PUBLISH_FOR_PULL_REQUEST=true (see the  CircleCI documentation (https://circleci.com/docs/1.0/fork-pr-builds/) for details)
2026-09-14T09:29:54.3580538Z If you have SSH keys, sensitive env vars or AWS credentials stored in your project settings and untrusted forks can make pull requests against your repo, then this option isn't for you.
2026-09-14T09:29:54.3692629Z   • author is missed in the package.json  appPackageFile=D:\a\devbar\devbar\package.json
2026-09-14T09:29:55.5107027Z   • executing @electron/rebuild  electronVersion=43.2.0 arch=x64 buildFromSource=false workspaceRoot=D:\a\devbar\devbar projectDir=./ appDir=./
2026-09-14T09:29:55.5108385Z   • installing native dependencies  arch=x64
2026-09-14T09:29:55.7813507Z   • completed installing native dependencies
2026-09-14T09:29:55.7875278Z   • packaging       platform=win32 arch=x64 electron=43.2.0 appOutDir=dist\electron-builder\win-unpacked
2026-09-14T09:29:56.0428571Z   • downloaded      label=electron progress=100%
2026-09-14T09:30:01.1076805Z   • downloaded electron zip extracted successfully  output=D:\a\devbar\devbar\dist\electron-builder\win-unpacked
2026-09-14T09:30:01.1506640Z   • searching for node modules  pm=pnpm searchDir=D:\a\devbar\devbar
2026-09-14T09:30:05.5027602Z   • duplicate dependency references  dependencies=["type-fest@5.7.0"]
2026-09-14T09:30:07.4055708Z   • updating asar integrity executable resource  executablePath=dist\electron-builder\win-unpacked\DevBar.exe
2026-09-14T09:30:07.7231413Z   • no code signing certificate configured, signing is skipped  path=dist\electron-builder\win-unpacked\DevBar.exe
2026-09-14T09:30:07.7248570Z   • building        target=nsis file=dist\electron-builder\DevBar-0.7.1-win-x64-setup.exe archs=x64 oneClick=true perMachine=false
2026-09-14T09:30:07.9980294Z   • downloaded      label=7zip-win-x64.tar.gz progress=100%
2026-09-14T09:30:46.1295080Z   • downloaded      label=nsis-3.0.4.1.7z progress=100%
2026-09-14T09:30:47.5781574Z   • no code signing certificate configured, signing is skipped  path=C:\Users\RUNNER~1\AppData\Local\Temp\t-jMogJt\elevate-staging-3\resources\elevate.exe
2026-09-14T09:30:47.9865535Z   • downloaded      label=nsis-resources-3.4.1.7z progress=100%
2026-09-14T09:30:49.1258388Z   • no code signing certificate configured, signing is skipped  path=dist\electron-builder\DevBar-0.7.1-win-x64-setup.__uninstaller.exe
2026-09-14T09:30:50.4463193Z   • no code signing certificate configured, signing is skipped  path=dist\electron-builder\DevBar-0.7.1-win-x64-setup.exe
2026-09-14T09:30:50.4467544Z   • building block map  blockMapFile=dist\electron-builder\DevBar-0.7.1-win-x64-setup.exe.blockmap
2026-09-14T09:30:55.7607882Z   • building        target=portable file=dist\electron-builder\DevBar-0.7.1-win-x64-portable.exe archs=x64
2026-09-14T09:30:56.4339866Z   • no code signing certificate configured, signing is skipped  path=dist\electron-builder\DevBar-0.7.1-win-x64-portable.exe
2026-09-14T09:30:56.4488567Z [win] x64 done
2026-09-14T09:30:56.4498534Z   • electron-builder  version=26.16.1 os=10.0.26100
2026-09-14T09:30:56.4505137Z   • publishing will be skipped  reason=current build is a part of pull request solution=set env PUBLISH_FOR_PULL_REQUEST to true to force code signing
2026-09-14T09:30:56.4506854Z There are serious security concerns with PUBLISH_FOR_PULL_REQUEST=true (see the  CircleCI documentation (https://circleci.com/docs/1.0/fork-pr-builds/) for details)
2026-09-14T09:30:56.4508937Z If you have SSH keys, sensitive env vars or AWS credentials stored in your project settings and untrusted forks can make pull requests against your repo, then this option isn't for you.
2026-09-14T09:30:56.4549081Z   • author is missed in the package.json  appPackageFile=D:\a\devbar\devbar\package.json
2026-09-14T09:30:56.8989175Z   • executing @electron/rebuild  electronVersion=43.2.0 arch=arm64 buildFromSource=false workspaceRoot=D:\a\devbar\devbar projectDir=./ appDir=./
2026-09-14T09:30:56.8990424Z   • installing native dependencies  arch=arm64
2026-09-14T09:30:57.1880409Z   • completed installing native dependencies
2026-09-14T09:30:57.1942794Z   • packaging       platform=win32 arch=arm64 electron=43.2.0 appOutDir=dist\electron-builder\win-arm64-unpacked
2026-09-14T09:30:57.4768288Z   • downloaded      label=electron progress=100%
2026-09-14T09:31:02.5414077Z   • downloaded electron zip extracted successfully  output=D:\a\devbar\devbar\dist\electron-builder\win-arm64-unpacked
2026-09-14T09:31:02.5750511Z   • searching for node modules  pm=pnpm searchDir=D:\a\devbar\devbar
2026-09-14T09:31:05.2684922Z   • duplicate dependency references  dependencies=["type-fest@5.7.0"]
2026-09-14T09:31:07.1955751Z   • updating asar integrity executable resource  executablePath=dist\electron-builder\win-arm64-unpacked\DevBar.exe
2026-09-14T09:31:07.4777037Z   • no code signing certificate configured, signing is skipped  path=dist\electron-builder\win-arm64-unpacked\DevBar.exe
2026-09-14T09:31:07.4788912Z   • building        target=nsis file=dist\electron-builder\DevBar-0.7.1-win-arm64-setup.exe archs=arm64 oneClick=true perMachine=false
2026-09-14T09:31:45.1505660Z   • no code signing certificate configured, signing is skipped  path=C:\Users\RUNNER~1\AppData\Local\Temp\t-VVdHPm\elevate-staging-9\resources\elevate.exe
2026-09-14T09:31:46.1133435Z   • no code signing certificate configured, signing is skipped  path=dist\electron-builder\DevBar-0.7.1-win-arm64-setup.__uninstaller.exe
2026-09-14T09:31:47.4396268Z   • no code signing certificate configured, signing is skipped  path=dist\electron-builder\DevBar-0.7.1-win-arm64-setup.exe
2026-09-14T09:31:47.4402934Z   • building block map  blockMapFile=dist\electron-builder\DevBar-0.7.1-win-arm64-setup.exe.blockmap
2026-09-14T09:31:52.8510118Z   • building        target=portable file=dist\electron-builder\DevBar-0.7.1-win-arm64-portable.exe archs=arm64
2026-09-14T09:31:53.5882979Z   • no code signing certificate configured, signing is skipped  path=dist\electron-builder\DevBar-0.7.1-win-arm64-portable.exe
2026-09-14T09:31:53.6030346Z [win] arm64 done
2026-09-14T09:31:54.2388647Z 
2026-09-14T09:31:54.2389429Z > devbar@0.7.1 verify:win D:\a\devbar\devbar
2026-09-14T09:31:54.2391679Z > pnpm run build && node build/scripts/verify-win-release.js
2026-09-14T09:31:54.2392101Z 
2026-09-14T09:31:54.6333559Z 
2026-09-14T09:31:54.6334424Z > devbar@0.7.1 build D:\a\devbar\devbar
2026-09-14T09:31:54.6335281Z > bash scripts/build.sh
2026-09-14T09:31:54.6335642Z 
2026-09-14T09:32:05.9938322Z 
2026-09-14T09:32:05.9939079Z   build\src\preload.cjs  8.9kb
2026-09-14T09:32:05.9939499Z 
2026-09-14T09:32:05.9940148Z Done in 4ms
2026-09-14T09:32:06.1492216Z Verified 4 win artifacts for v0.7.1 in D:\a\devbar\devbar\dist\electron-builder
2026-09-14T09:32:06.1495369Z ok: DevBar-0.7.1-win-x64-setup.exe (MZ header)
2026-09-14T09:32:06.1498669Z ok: DevBar-0.7.1-win-x64-portable.exe (MZ header)
2026-09-14T09:32:06.1500783Z ok: DevBar-0.7.1-win-arm64-setup.exe (MZ header)
2026-09-14T09:32:06.1502722Z ok: DevBar-0.7.1-win-arm64-portable.exe (MZ header)
2026-09-14T09:32:06.2021383Z ##[group]Run $ErrorActionPreference = 'Stop'
2026-09-14T09:32:06.2021986Z [36;1m$ErrorActionPreference = 'Stop'[0m
2026-09-14T09:32:06.2022514Z [36;1m$version = (Get-Content package.json -Raw | ConvertFrom-Json).version[0m
2026-09-14T09:32:06.2023277Z [36;1mStart-Process -Wait -FilePath ".\dist\electron-builder\DevBar-$version-win-x64-setup.exe" -ArgumentList '/S'[0m
2026-09-14T09:32:06.2024269Z [36;1mif (-not (Test-Path "$env:LOCALAPPDATA\Programs\DevBar\DevBar.exe")) {[0m
2026-09-14T09:32:06.2024820Z [36;1m  Write-Error "NSIS install did not produce the expected exe"[0m
2026-09-14T09:32:06.2025238Z [36;1m  exit 1[0m
2026-09-14T09:32:06.2025490Z [36;1m}[0m
2026-09-14T09:32:06.2025883Z [36;1mGet-Process DevBar -ErrorAction SilentlyContinue | Stop-Process -Force[0m
2026-09-14T09:32:06.2026743Z [36;1m& "$env:LOCALAPPDATA\Programs\DevBar\DevBar.exe" --devbar-smoke *>&1 |[0m
2026-09-14T09:32:06.2027332Z [36;1m  Tee-Object -FilePath smoke-win-installed.log[0m
2026-09-14T09:32:06.2027913Z [36;1mif (-not (Select-String -Path smoke-win-installed.log -Pattern 'DEVBAR_SMOKE_OK' -Quiet)) {[0m
2026-09-14T09:32:06.2028498Z [36;1m  Write-Error 'installed-app smoke failed'[0m
2026-09-14T09:32:06.2028841Z [36;1m  exit 1[0m
2026-09-14T09:32:06.2029094Z [36;1m}[0m
2026-09-14T09:32:06.2029531Z [36;1m& ".\dist\electron-builder\DevBar-$version-win-x64-portable.exe" --devbar-smoke *>&1 |[0m
2026-09-14T09:32:06.2030085Z [36;1m  Tee-Object -FilePath smoke-win-portable.log[0m
2026-09-14T09:32:06.2030642Z [36;1mif (-not (Select-String -Path smoke-win-portable.log -Pattern 'DEVBAR_SMOKE_OK' -Quiet)) {[0m
2026-09-14T09:32:06.2031232Z [36;1m  Write-Error 'portable-app smoke failed'[0m
2026-09-14T09:32:06.2031576Z [36;1m  exit 1[0m
2026-09-14T09:32:06.2031823Z [36;1m}[0m
2026-09-14T09:32:06.2107754Z shell: C:\Program Files\PowerShell\7\pwsh.EXE -command ". '{0}'"
2026-09-14T09:32:06.2108178Z env:
2026-09-14T09:32:06.2108527Z   PNPM_HOME: C:\Users\runneradmin\setup-pnpm\node_modules\.bin
2026-09-14T09:32:06.2108931Z ##[endgroup]
2026-09-14T09:32:22.5025666Z 
2026-09-14T09:32:24.3432588Z DEVBAR_SMOKE_OK
2026-09-14T09:32:35.5202749Z [31;1mSelect-String: [0mD:\a\_temp\534969eb-532f-4f2f-978d-47c0f3a8466b.ps1:18[0m
2026-09-14T09:32:35.5203930Z [31;1m[0m[36;1mLine |[0m
2026-09-14T09:32:35.5205368Z [31;1m[0m[36;1m[36;1m  18 | [0m if (-not ([36;1mSelect-String -Path smoke-win-portable.log -Pattern 'DEVBAR[0m …[0m
2026-09-14T09:32:35.5207439Z [31;1m[0m[36;1m[36;1m[0m[36;1m[0m[36;1m     | [31;1m           ~~~~~~~~~~~~~~~~~~~~~~~~~~~~~~~~~~~~~~~~~~~~~~~~~~~~~~~~~~~[0m
2026-09-14T09:32:35.5209444Z [31;1m[0m[36;1m[36;1m[0m[36;1m[0m[36;1m[31;1m[31;1m[36;1m     | [31;1mCannot find path 'D:\a\devbar\devbar\smoke-win-portable.log' because it does not exist.[0m
2026-09-14T09:32:35.5489568Z ##[error]Process completed with exit code 1.
2026-09-14T09:32:35.5784629Z Post job cleanup.
2026-09-14T09:32:35.7828975Z Pruning is unnecessary.
2026-09-14T09:32:35.8170756Z Post job cleanup.
2026-09-14T09:32:36.0402392Z [command]"C:\Program Files\Git\bin\git.exe" version
2026-09-14T09:32:36.0689215Z git version 2.55.0.windows.5
2026-09-14T09:32:36.0754346Z Temporarily overriding HOME='D:\a\_temp\d86f62bd-fea5-4612-a312-b714c5c4bfe3' before making global git config changes
2026-09-14T09:32:36.0756120Z Adding repository directory to the temporary git global config as a safe directory
2026-09-14T09:32:36.0765147Z [command]"C:\Program Files\Git\bin\git.exe" config --global --add safe.directory D:\a\devbar\devbar
2026-09-14T09:32:36.1077535Z Removing SSH command configuration
2026-09-14T09:32:36.1088901Z [command]"C:\Program Files\Git\bin\git.exe" config --local --name-only --get-regexp core\.sshCommand
2026-09-14T09:32:36.1411540Z [command]"C:\Program Files\Git\bin\git.exe" submodule foreach --recursive "sh -c \"git config --local --name-only --get-regexp 'core\.sshCommand' && git config --local --unset-all 'core.sshCommand' || :\""
2026-09-14T09:32:36.7177088Z Removing HTTP extra header
2026-09-14T09:32:36.7188055Z [command]"C:\Program Files\Git\bin\git.exe" config --local --name-only --get-regexp http\.https\:\/\/github\.com\/\.extraheader
2026-09-14T09:32:36.7562549Z [command]"C:\Program Files\Git\bin\git.exe" submodule foreach --recursive "sh -c \"git config --local --name-only --get-regexp 'http\.https\:\/\/github\.com\/\.extraheader' && git config --local --unset-all 'http.https://github.com/.extraheader' || :\""
2026-09-14T09:32:37.3261312Z Removing includeIf entries pointing to credentials config files
2026-09-14T09:32:37.3272199Z [command]"C:\Program Files\Git\bin\git.exe" config --local --name-only --get-regexp ^includeIf\.gitdir:
2026-09-14T09:32:37.3581221Z [command]"C:\Program Files\Git\bin\git.exe" submodule foreach --recursive "git config --local --show-origin --name-only --get-regexp remote.origin.url"
2026-09-14T09:32:37.9384124Z Cleaning up orphan processes
