2026-09-14T10:05:54.7837326Z Current runner version: '2.337.0'
2026-09-14T10:05:54.7857598Z ##[group]Runner Image Provisioner
2026-09-14T10:05:54.7858323Z Hosted Compute Agent
2026-09-14T10:05:54.7858850Z Version: 20260828.587
2026-09-14T10:05:54.7859402Z Commit: abac92662cab4cc7352de4f9f9d2e2419aad9c29
2026-09-14T10:05:54.7859992Z Build Date: 2026-08-28T16:44:25Z
2026-09-14T10:05:54.7860575Z Worker ID: {f0938436-786b-4c5e-a49b-65d3373b2d54}
2026-09-14T10:05:54.7861167Z Azure Region: centralus
2026-09-14T10:05:54.7861644Z ##[endgroup]
2026-09-14T10:05:54.7862835Z ##[group]Operating System
2026-09-14T10:05:54.7863339Z Ubuntu
2026-09-14T10:05:54.7863808Z 24.04.5
2026-09-14T10:05:54.7864486Z LTS
2026-09-14T10:05:54.7864958Z ##[endgroup]
2026-09-14T10:05:54.7865449Z ##[group]Runner Image
2026-09-14T10:05:54.7865945Z Image: ubuntu-24.04
2026-09-14T10:05:54.7866430Z Version: 20260907.300.1
2026-09-14T10:05:54.7867460Z Included Software: https://github.com/actions/runner-images/blob/ubuntu24/20260907.300/images/ubuntu/Ubuntu2404-Readme.md
2026-09-14T10:05:54.7868737Z Image Release: https://github.com/actions/runner-images/releases/tag/ubuntu24%2F20260907.300
2026-09-14T10:05:54.7869523Z ##[endgroup]
2026-09-14T10:05:54.7870449Z ##[group]GITHUB_TOKEN Permissions
2026-09-14T10:05:54.7872118Z Contents: read
2026-09-14T10:05:54.7872623Z Metadata: read
2026-09-14T10:05:54.7873117Z ##[endgroup]
2026-09-14T10:05:54.7874884Z Secret source: Actions
2026-09-14T10:05:54.7875640Z Cache mode: write
2026-09-14T10:05:54.7876191Z Prepare workflow directory
2026-09-14T10:05:54.8814015Z Prepare all required actions
2026-09-14T10:05:54.8854562Z Getting action download info
2026-09-14T10:05:55.1212326Z Download action repository 'actions/checkout@3d3c42e5aac5ba805825da76410c181273ba90b1' (SHA:3d3c42e5aac5ba805825da76410c181273ba90b1)
2026-09-14T10:05:55.2389891Z Download action repository 'pnpm/action-setup@0977fd99725f1db4007ccb2928dbb4e90d06cc86' (SHA:0977fd99725f1db4007ccb2928dbb4e90d06cc86)
2026-09-14T10:05:55.6101952Z Download action repository 'actions/setup-node@820762786026740c76f36085b0efc47a31fe5020' (SHA:820762786026740c76f36085b0efc47a31fe5020)
2026-09-14T10:05:55.7076113Z Download action repository 'actions/cache@55cc8345863c7cc4c66a329aec7e433d2d1c52a9' (SHA:55cc8345863c7cc4c66a329aec7e433d2d1c52a9)
2026-09-14T10:05:55.9384785Z Download action repository 'actions/upload-artifact@043fb46d1a93c77aae656e7c1c64a875d1fc6a0a' (SHA:043fb46d1a93c77aae656e7c1c64a875d1fc6a0a)
2026-09-14T10:05:56.5304471Z Complete job name: Build, verify & launch smoke — linux
2026-09-14T10:05:56.8566777Z ##[group]Run actions/checkout@3d3c42e5aac5ba805825da76410c181273ba90b1
2026-09-14T10:05:56.8568190Z with:
2026-09-14T10:05:56.8568903Z   persist-credentials: false
2026-09-14T10:05:56.8569756Z   repository: juanjoGonDev/devbar
2026-09-14T10:05:56.8576581Z   token: ***
2026-09-14T10:05:56.8577288Z   ssh-strict: true
2026-09-14T10:05:56.8578004Z   ssh-user: git
2026-09-14T10:05:56.8578689Z   clean: true
2026-09-14T10:05:56.8579439Z   sparse-checkout-cone-mode: true
2026-09-14T10:05:56.8580327Z   fetch-depth: 1
2026-09-14T10:05:56.8581024Z   fetch-tags: false
2026-09-14T10:05:56.8581744Z   show-progress: true
2026-09-14T10:05:56.8582478Z   lfs: false
2026-09-14T10:05:56.8583168Z   submodules: false
2026-09-14T10:05:56.8584084Z   set-safe-directory: true
2026-09-14T10:05:56.8585201Z   allow-unsafe-pr-checkout: false
2026-09-14T10:05:56.8587055Z ##[endgroup]
2026-09-14T10:05:56.9451168Z Syncing repository: juanjoGonDev/devbar
2026-09-14T10:05:56.9453744Z ##[group]Getting Git version info
2026-09-14T10:05:56.9455145Z Working directory is '/home/runner/work/devbar/devbar'
2026-09-14T10:05:56.9457008Z [command]/usr/bin/git version
2026-09-14T10:05:56.9508594Z git version 2.55.0
2026-09-14T10:05:56.9526045Z ##[endgroup]
2026-09-14T10:05:56.9534822Z Temporarily overriding HOME='/home/runner/work/_temp/2234fd77-8f85-4abf-bf67-813382ebaae7' before making global git config changes
2026-09-14T10:05:56.9537937Z Adding repository directory to the temporary git global config as a safe directory
2026-09-14T10:05:56.9540909Z [command]/usr/bin/git config --global --add safe.directory /home/runner/work/devbar/devbar
2026-09-14T10:05:56.9583057Z Deleting the contents of '/home/runner/work/devbar/devbar'
2026-09-14T10:05:56.9587312Z ##[group]Determining repository object format
2026-09-14T10:05:56.9589143Z ##[endgroup]
2026-09-14T10:05:56.9590697Z ##[group]Initializing the repository
2026-09-14T10:05:56.9593734Z [command]/usr/bin/git init /home/runner/work/devbar/devbar
2026-09-14T10:05:56.9682279Z hint: Using 'master' as the name for the initial branch. This default branch name
2026-09-14T10:05:56.9684563Z hint: will change to "main" in Git 3.0. To configure the initial branch name
2026-09-14T10:05:56.9686504Z hint: to use in all of your new repositories, which will suppress this warning,
2026-09-14T10:05:56.9687944Z hint: call:
2026-09-14T10:05:56.9688750Z hint:
2026-09-14T10:05:56.9689829Z hint: 	git config --global init.defaultBranch <name>
2026-09-14T10:05:56.9690923Z hint:
2026-09-14T10:05:56.9692075Z hint: Names commonly chosen instead of 'master' are 'main', 'trunk' and
2026-09-14T10:05:56.9694453Z hint: 'development'. The just-created branch can be renamed via this command:
2026-09-14T10:05:56.9696020Z hint:
2026-09-14T10:05:56.9696994Z hint: 	git branch -m <name>
2026-09-14T10:05:56.9697852Z hint:
2026-09-14T10:05:56.9699082Z hint: Disable this message with "git config set advice.defaultBranchName false"
2026-09-14T10:05:56.9700911Z Initialized empty Git repository in /home/runner/work/devbar/devbar/.git/
2026-09-14T10:05:56.9707800Z [command]/usr/bin/git remote add origin https://github.com/juanjoGonDev/devbar
2026-09-14T10:05:56.9795667Z ##[endgroup]
2026-09-14T10:05:56.9806976Z ##[group]Disabling automatic garbage collection
2026-09-14T10:05:56.9809012Z [command]/usr/bin/git config --local gc.auto 0
2026-09-14T10:05:56.9813160Z ##[endgroup]
2026-09-14T10:05:56.9815500Z ##[group]Setting up auth
2026-09-14T10:05:56.9817099Z Removing SSH command configuration
2026-09-14T10:05:56.9819131Z [command]/usr/bin/git config --local --name-only --get-regexp core\.sshCommand
2026-09-14T10:05:56.9835053Z [command]/usr/bin/git submodule foreach --recursive sh -c "git config --local --name-only --get-regexp 'core\.sshCommand' && git config --local --unset-all 'core.sshCommand' || :"
2026-09-14T10:05:57.0136720Z Removing HTTP extra header
2026-09-14T10:05:57.0138883Z [command]/usr/bin/git config --local --name-only --get-regexp http\.https\:\/\/github\.com\/\.extraheader
2026-09-14T10:05:57.0172454Z [command]/usr/bin/git submodule foreach --recursive sh -c "git config --local --name-only --get-regexp 'http\.https\:\/\/github\.com\/\.extraheader' && git config --local --unset-all 'http.https://github.com/.extraheader' || :"
2026-09-14T10:05:57.0341082Z Removing includeIf entries pointing to credentials config files
2026-09-14T10:05:57.0345314Z [command]/usr/bin/git config --local --name-only --get-regexp ^includeIf\.gitdir:
2026-09-14T10:05:57.0371158Z [command]/usr/bin/git submodule foreach --recursive git config --local --show-origin --name-only --get-regexp remote.origin.url
2026-09-14T10:05:57.0528928Z [command]/usr/bin/git config --file /home/runner/work/_temp/git-credentials-ed816c49-41d0-4b5c-8db2-0516f4de8abf.config http.https://github.com/.extraheader AUTHORIZATION: basic ***
2026-09-14T10:05:57.0557541Z [command]/usr/bin/git config --local includeIf.gitdir:/home/runner/work/devbar/devbar/.git.path /home/runner/work/_temp/git-credentials-ed816c49-41d0-4b5c-8db2-0516f4de8abf.config
2026-09-14T10:05:57.0580070Z [command]/usr/bin/git config --local includeIf.gitdir:/home/runner/work/devbar/devbar/.git/worktrees/*.path /home/runner/work/_temp/git-credentials-ed816c49-41d0-4b5c-8db2-0516f4de8abf.config
2026-09-14T10:05:57.0604971Z [command]/usr/bin/git config --local includeIf.gitdir:/github/workspace/.git.path /github/runner_temp/git-credentials-ed816c49-41d0-4b5c-8db2-0516f4de8abf.config
2026-09-14T10:05:57.0676782Z [command]/usr/bin/git config --local includeIf.gitdir:/github/workspace/.git/worktrees/*.path /github/runner_temp/git-credentials-ed816c49-41d0-4b5c-8db2-0516f4de8abf.config
2026-09-14T10:05:57.0696662Z ##[endgroup]
2026-09-14T10:05:57.0697873Z ##[group]Fetching the repository
2026-09-14T10:05:57.0702115Z [command]/usr/bin/git -c protocol.version=2 fetch --no-tags --prune --no-recurse-submodules --depth=1 origin +fc520ee66a367f5213772f6fe0403651691e56a6:refs/remotes/pull/78/merge
2026-09-14T10:05:57.6749716Z From https://github.com/juanjoGonDev/devbar
2026-09-14T10:05:57.6751153Z  * [new ref]         fc520ee66a367f5213772f6fe0403651691e56a6 -> pull/78/merge
2026-09-14T10:05:57.6753312Z ##[endgroup]
2026-09-14T10:05:57.6754110Z ##[group]Determining the checkout info
2026-09-14T10:05:57.6754841Z ##[endgroup]
2026-09-14T10:05:57.6759111Z [command]/usr/bin/git sparse-checkout disable
2026-09-14T10:05:57.6798630Z [command]/usr/bin/git config --local --unset-all extensions.worktreeConfig
2026-09-14T10:05:57.6822034Z ##[group]Checking out the ref
2026-09-14T10:05:57.6825184Z [command]/usr/bin/git checkout --progress --force refs/remotes/pull/78/merge
2026-09-14T10:05:57.6989389Z Note: switching to 'refs/remotes/pull/78/merge'.
2026-09-14T10:05:57.6989959Z 
2026-09-14T10:05:57.6990227Z You are in 'detached HEAD' state. You can look around, make experimental
2026-09-14T10:05:57.6990772Z changes and commit them, and you can discard any commits you make in this
2026-09-14T10:05:57.6991298Z state without impacting any branches by switching back to a branch.
2026-09-14T10:05:57.6991578Z 
2026-09-14T10:05:57.6991844Z If you want to create a new branch to retain commits you create, you may
2026-09-14T10:05:57.6992326Z do so (now or later) by using -c with the switch command. Example:
2026-09-14T10:05:57.6992585Z 
2026-09-14T10:05:57.6992757Z   git switch -c <new-branch-name>
2026-09-14T10:05:57.6992959Z 
2026-09-14T10:05:57.6993118Z Or undo this operation with:
2026-09-14T10:05:57.6993321Z 
2026-09-14T10:05:57.6993452Z   git switch -
2026-09-14T10:05:57.6993646Z 
2026-09-14T10:05:57.6994235Z Turn off this advice by setting config variable advice.detachedHead to false
2026-09-14T10:05:57.6994572Z 
2026-09-14T10:05:57.6994945Z HEAD is now at fc520ee Merge abd06828dd235aa81dd1bcc8742781f4134300aa into 42a77c630288a92901d0127cde05e7e033cf4dda
2026-09-14T10:05:57.6997339Z ##[endgroup]
2026-09-14T10:05:57.7029525Z [command]/usr/bin/git log -1 --format=%H
2026-09-14T10:05:57.7048224Z fc520ee66a367f5213772f6fe0403651691e56a6
2026-09-14T10:05:57.7054540Z ##[group]Removing auth
2026-09-14T10:05:57.7054917Z Removing SSH command configuration
2026-09-14T10:05:57.7058043Z [command]/usr/bin/git config --local --name-only --get-regexp core\.sshCommand
2026-09-14T10:05:57.7082194Z [command]/usr/bin/git submodule foreach --recursive sh -c "git config --local --name-only --get-regexp 'core\.sshCommand' && git config --local --unset-all 'core.sshCommand' || :"
2026-09-14T10:05:57.7236578Z Removing HTTP extra header
2026-09-14T10:05:57.7239153Z [command]/usr/bin/git config --local --name-only --get-regexp http\.https\:\/\/github\.com\/\.extraheader
2026-09-14T10:05:57.7263973Z [command]/usr/bin/git submodule foreach --recursive sh -c "git config --local --name-only --get-regexp 'http\.https\:\/\/github\.com\/\.extraheader' && git config --local --unset-all 'http.https://github.com/.extraheader' || :"
2026-09-14T10:05:57.7419875Z Removing includeIf entries pointing to credentials config files
2026-09-14T10:05:57.7422945Z [command]/usr/bin/git config --local --name-only --get-regexp ^includeIf\.gitdir:
2026-09-14T10:05:57.7442790Z includeif.gitdir:/home/runner/work/devbar/devbar/.git.path
2026-09-14T10:05:57.7443589Z includeif.gitdir:/home/runner/work/devbar/devbar/.git/worktrees/*.path
2026-09-14T10:05:57.7444448Z includeif.gitdir:/github/workspace/.git.path
2026-09-14T10:05:57.7445065Z includeif.gitdir:/github/workspace/.git/worktrees/*.path
2026-09-14T10:05:57.7449576Z [command]/usr/bin/git config --local --get-all includeif.gitdir:/home/runner/work/devbar/devbar/.git.path
2026-09-14T10:05:57.7468367Z /home/runner/work/_temp/git-credentials-ed816c49-41d0-4b5c-8db2-0516f4de8abf.config
2026-09-14T10:05:57.7474866Z [command]/usr/bin/git config --local --unset includeif.gitdir:/home/runner/work/devbar/devbar/.git.path \/home\/runner\/work\/_temp\/git\-credentials\-ed816c49\-41d0\-4b5c\-8db2\-0516f4de8abf\.config
2026-09-14T10:05:57.7498585Z [command]/usr/bin/git config --local --get-all includeif.gitdir:/home/runner/work/devbar/devbar/.git/worktrees/*.path
2026-09-14T10:05:57.7516690Z /home/runner/work/_temp/git-credentials-ed816c49-41d0-4b5c-8db2-0516f4de8abf.config
2026-09-14T10:05:57.7522803Z [command]/usr/bin/git config --local --unset includeif.gitdir:/home/runner/work/devbar/devbar/.git/worktrees/*.path \/home\/runner\/work\/_temp\/git\-credentials\-ed816c49\-41d0\-4b5c\-8db2\-0516f4de8abf\.config
2026-09-14T10:05:57.7546688Z [command]/usr/bin/git config --local --get-all includeif.gitdir:/github/workspace/.git.path
2026-09-14T10:05:57.7563287Z /github/runner_temp/git-credentials-ed816c49-41d0-4b5c-8db2-0516f4de8abf.config
2026-09-14T10:05:57.7568984Z [command]/usr/bin/git config --local --unset includeif.gitdir:/github/workspace/.git.path \/github\/runner_temp\/git\-credentials\-ed816c49\-41d0\-4b5c\-8db2\-0516f4de8abf\.config
2026-09-14T10:05:57.7595813Z [command]/usr/bin/git config --local --get-all includeif.gitdir:/github/workspace/.git/worktrees/*.path
2026-09-14T10:05:57.7613165Z /github/runner_temp/git-credentials-ed816c49-41d0-4b5c-8db2-0516f4de8abf.config
2026-09-14T10:05:57.7635524Z [command]/usr/bin/git config --local --unset includeif.gitdir:/github/workspace/.git/worktrees/*.path \/github\/runner_temp\/git\-credentials\-ed816c49\-41d0\-4b5c\-8db2\-0516f4de8abf\.config
2026-09-14T10:05:57.7705524Z [command]/usr/bin/git submodule foreach --recursive git config --local --show-origin --name-only --get-regexp remote.origin.url
2026-09-14T10:05:57.7857040Z Removing credentials config '/home/runner/work/_temp/git-credentials-ed816c49-41d0-4b5c-8db2-0516f4de8abf.config'
2026-09-14T10:05:57.7863329Z ##[endgroup]
2026-09-14T10:05:58.0349069Z ##[group]Run pnpm/action-setup@0977fd99725f1db4007ccb2928dbb4e90d06cc86
2026-09-14T10:05:58.0349556Z with:
2026-09-14T10:05:58.0349860Z   dest: ~/setup-pnpm
2026-09-14T10:05:58.0350163Z   run_install: null
2026-09-14T10:05:58.0350453Z   cache: false
2026-09-14T10:05:58.0350770Z   cache_dependency_path: pnpm-lock.yaml
2026-09-14T10:05:58.0351135Z   package_json_file: package.json
2026-09-14T10:05:58.0351462Z   standalone: false
2026-09-14T10:05:58.0351748Z ##[endgroup]
2026-09-14T10:05:58.1520544Z ##[group]Running self-installer...
2026-09-14T10:06:00.8146927Z 
2026-09-14T10:06:00.8147521Z added 1 package, and audited 2 packages in 2s
2026-09-14T10:06:00.8147890Z 
2026-09-14T10:06:00.8148035Z 1 package is looking for funding
2026-09-14T10:06:00.8148427Z   run `npm fund` for details
2026-09-14T10:06:00.8152191Z 
2026-09-14T10:06:00.8152491Z found 0 vulnerabilities
2026-09-14T10:06:01.2837639Z Checking for updates...
2026-09-14T10:06:01.4516318Z Switching pnpm from v11.19.0 to v10.32.1...
2026-09-14T10:06:01.8604864Z .../v11/86f-1a09f617df6-3e93cf7eaad8e1ec | Progress: resolved 1, reused 0, downloaded 0, added 0
2026-09-14T10:06:01.8622642Z .../v11/86f-1a09f617df6-3e93cf7eaad8e1ec |   +1 +
2026-09-14T10:06:02.0482235Z .../v11/86f-1a09f617df6-3e93cf7eaad8e1ec | Progress: resolved 1, reused 0, downloaded 1, added 1, done
2026-09-14T10:06:02.3761569Z [WARN] Detected a pnpm v10 installation layout at PNPM_HOME. The pnpm shims at PNPM_HOME have been refreshed so the new version is active, but pnpm v11 expects bins in PNPM_HOME/bin. Run "pnpm setup" to migrate your PATH to the v11 layout.
2026-09-14T10:06:02.3784153Z Successfully updated pnpm to v10.32.1
2026-09-14T10:06:02.3965092Z ##[endgroup]
2026-09-14T10:06:02.3966264Z Installation Completed!
2026-09-14T10:06:02.4552180Z ##[group]Run actions/setup-node@820762786026740c76f36085b0efc47a31fe5020
2026-09-14T10:06:02.4552516Z with:
2026-09-14T10:06:02.4552705Z   node-version: 22
2026-09-14T10:06:02.4552903Z   cache: pnpm
2026-09-14T10:06:02.4553089Z   check-latest: false
2026-09-14T10:06:02.4555575Z   token: ***
2026-09-14T10:06:02.4555781Z   package-manager-cache: true
2026-09-14T10:06:02.4555990Z env:
2026-09-14T10:06:02.4556201Z   PNPM_HOME: /home/runner/setup-pnpm/node_modules/.bin
2026-09-14T10:06:02.4556462Z ##[endgroup]
2026-09-14T10:06:02.5625958Z Found in cache @ /opt/hostedtoolcache/node/22.23.2/x64
2026-09-14T10:06:02.5628278Z ##[group]Environment details
2026-09-14T10:06:02.9088919Z node: v22.23.2
2026-09-14T10:06:02.9089385Z npm: 10.9.8
2026-09-14T10:06:02.9089617Z yarn: 1.22.22
2026-09-14T10:06:02.9090132Z ##[endgroup]
2026-09-14T10:06:02.9109294Z [command]/home/runner/setup-pnpm/node_modules/.bin/bin/pnpm store path --silent
2026-09-14T10:06:03.1206683Z /home/runner/setup-pnpm/node_modules/.bin/store/v10
2026-09-14T10:06:03.2934454Z Cache hit for: node-cache-Linux-x64-pnpm-83528be4bfacfab174cb4589cc6560b2987ff34bb71b9519b61a7c1fb63cbec1
2026-09-14T10:06:04.1852441Z Received 72015995 of 72015995 (100.0%), 93.1 MBs/sec
2026-09-14T10:06:04.1852965Z Cache Size: ~69 MB (72015995 B)
2026-09-14T10:06:04.1885120Z [command]/usr/bin/tar -xf /home/runner/work/_temp/f9436064-2c9b-4b40-bc48-02ad453b2d16/cache.tzst -P -C /home/runner/work/devbar/devbar --use-compress-program unzstd
2026-09-14T10:06:04.5646585Z Cache restored successfully
2026-09-14T10:06:04.5674206Z Cache restored from key: node-cache-Linux-x64-pnpm-83528be4bfacfab174cb4589cc6560b2987ff34bb71b9519b61a7c1fb63cbec1
2026-09-14T10:06:04.5957465Z ##[group]Run echo "version=$(node -p "require('./package.json').version")" >> "$GITHUB_OUTPUT"
2026-09-14T10:06:04.5958004Z [36;1mecho "version=$(node -p "require('./package.json').version")" >> "$GITHUB_OUTPUT"[0m
2026-09-14T10:06:04.5987570Z shell: /usr/bin/bash --noprofile --norc -e -o pipefail {0}
2026-09-14T10:06:04.5987859Z env:
2026-09-14T10:06:04.5988078Z   PNPM_HOME: /home/runner/setup-pnpm/node_modules/.bin
2026-09-14T10:06:04.5988339Z ##[endgroup]
2026-09-14T10:06:04.7708086Z ##[group]Run actions/cache@55cc8345863c7cc4c66a329aec7e433d2d1c52a9
2026-09-14T10:06:04.7708418Z with:
2026-09-14T10:06:04.7708669Z   path: ~/.cache/electron
~/.cache/electron-builder

2026-09-14T10:06:04.7709085Z   key: electron-linux-83528be4bfacfab174cb4589cc6560b2987ff34bb71b9519b61a7c1fb63cbec1
2026-09-14T10:06:04.7709478Z   enableCrossOsArchive: false
2026-09-14T10:06:04.7709705Z   fail-on-cache-miss: false
2026-09-14T10:06:04.7709915Z   lookup-only: false
2026-09-14T10:06:04.7710103Z   save-always: false
2026-09-14T10:06:04.7710280Z env:
2026-09-14T10:06:04.7710501Z   PNPM_HOME: /home/runner/setup-pnpm/node_modules/.bin
2026-09-14T10:06:04.7710757Z ##[endgroup]
2026-09-14T10:06:04.9977381Z Cache not found for input keys: electron-linux-83528be4bfacfab174cb4589cc6560b2987ff34bb71b9519b61a7c1fb63cbec1
2026-09-14T10:06:05.0151184Z ##[group]Run pnpm install --frozen-lockfile
2026-09-14T10:06:05.0151494Z [36;1mpnpm install --frozen-lockfile[0m
2026-09-14T10:06:05.0173193Z shell: /usr/bin/bash -e {0}
2026-09-14T10:06:05.0173434Z env:
2026-09-14T10:06:05.0173666Z   PNPM_HOME: /home/runner/setup-pnpm/node_modules/.bin
2026-09-14T10:06:05.0174052Z ##[endgroup]
2026-09-14T10:06:05.2634211Z Lockfile is up to date, resolution step is skipped
2026-09-14T10:06:05.3787950Z Packages: +481
2026-09-14T10:06:05.3791976Z ++++++++++++++++++++++++++++++++++++++++++++++++++++++++++++++++++++++++++++++++
2026-09-14T10:06:05.4122644Z Progress: resolved 0, reused 1, downloaded 0, added 0
2026-09-14T10:06:06.0132983Z Progress: resolved 0, reused 465, downloaded 0, added 481, done
2026-09-14T10:06:06.1019175Z 
2026-09-14T10:06:06.1439037Z 
2026-09-14T10:06:06.1440041Z > devbar@0.7.1 postinstall /home/runner/work/devbar/devbar
2026-09-14T10:06:06.1440752Z > node --experimental-strip-types scripts/install-hooks.ts
2026-09-14T10:06:06.1441160Z 
2026-09-14T10:06:06.2108344Z ╭ Warning ─────────────────────────────────────────────────────────────────────╮
2026-09-14T10:06:06.2109151Z │                                                                              │
2026-09-14T10:06:06.2109863Z │   Ignored build scripts: electron-winstaller@5.4.0, esbuild@0.28.2.          │
2026-09-14T10:06:06.2111166Z │   Run "pnpm approve-builds" to pick which dependencies should be allowed     │
2026-09-14T10:06:06.2111847Z │   to run scripts.                                                            │
2026-09-14T10:06:06.2112411Z │                                                                              │
2026-09-14T10:06:06.2113088Z ╰──────────────────────────────────────────────────────────────────────────────╯
2026-09-14T10:06:06.2201782Z Done in 1.1s using pnpm v10.32.1
2026-09-14T10:06:06.2570824Z ##[group]Run pnpm run dist:linux && pnpm run verify:linux
2026-09-14T10:06:06.2571187Z [36;1mpnpm run dist:linux && pnpm run verify:linux[0m
2026-09-14T10:06:06.2591728Z shell: /usr/bin/bash -e {0}
2026-09-14T10:06:06.2591964Z env:
2026-09-14T10:06:06.2592198Z   PNPM_HOME: /home/runner/setup-pnpm/node_modules/.bin
2026-09-14T10:06:06.2592469Z ##[endgroup]
2026-09-14T10:06:06.5226199Z 
2026-09-14T10:06:06.5227057Z > devbar@0.7.1 dist:linux /home/runner/work/devbar/devbar
2026-09-14T10:06:06.5227820Z > pnpm run build && node --experimental-strip-types scripts/package-win-linux.ts linux
2026-09-14T10:06:06.5228156Z 
2026-09-14T10:06:06.7322679Z 
2026-09-14T10:06:06.7323412Z > devbar@0.7.1 build /home/runner/work/devbar/devbar
2026-09-14T10:06:06.7323938Z > bash scripts/build.sh
2026-09-14T10:06:06.7324159Z 
2026-09-14T10:06:13.9267528Z 
2026-09-14T10:06:13.9268076Z   build/src/preload.cjs  8.9kb
2026-09-14T10:06:13.9268335Z 
2026-09-14T10:06:13.9268699Z ⚡ Done in 2ms
2026-09-14T10:06:14.2781013Z   • electron-builder  version=26.16.1 os=6.17.0-1022-azure
2026-09-14T10:06:14.2785347Z   • publishing will be skipped  reason=current build is a part of pull request solution=set env PUBLISH_FOR_PULL_REQUEST to true to force code signing
2026-09-14T10:06:14.2786369Z There are serious security concerns with PUBLISH_FOR_PULL_REQUEST=true (see the  CircleCI documentation (https://circleci.com/docs/1.0/fork-pr-builds/) for details)
2026-09-14T10:06:14.2787394Z If you have SSH keys, sensitive env vars or AWS credentials stored in your project settings and untrusted forks can make pull requests against your repo, then this option isn't for you.
2026-09-14T10:06:14.2857339Z   • author is missed in the package.json  appPackageFile=/home/runner/work/devbar/devbar/package.json
2026-09-14T10:06:14.9589620Z   • executing @electron/rebuild  electronVersion=43.2.0 arch=x64 buildFromSource=false workspaceRoot=/home/runner/work/devbar/devbar projectDir=./ appDir=./
2026-09-14T10:06:14.9590672Z   • installing native dependencies  arch=x64
2026-09-14T10:06:15.0539649Z   • completed installing native dependencies
2026-09-14T10:06:15.0562745Z   • packaging       platform=linux arch=x64 electron=43.2.0 appOutDir=dist/electron-builder/linux-unpacked
2026-09-14T10:06:15.2414465Z   • downloaded      label=electron progress=100%
2026-09-14T10:06:17.9053587Z   • downloaded electron zip extracted successfully  output=/home/runner/work/devbar/devbar/dist/electron-builder/linux-unpacked
2026-09-14T10:06:17.9322231Z   • searching for node modules  pm=pnpm searchDir=/home/runner/work/devbar/devbar
2026-09-14T10:06:18.9029324Z   • duplicate dependency references  dependencies=["type-fest@5.7.0"]
2026-09-14T10:06:19.6540495Z   • building        target=AppImage arch=x64 file=dist/electron-builder/DevBar-0.7.1-linux-x64.AppImage
2026-09-14T10:06:19.6544850Z   • electron uses desktopName as app_id / WM_CLASS for window association. Without it desktop environments may not link running windows to this .desktop entry. Set desktopName in package.json and linux.syncDesktopName: true to fix.  reason=desktopName is not set in package.json docs=https://www.electron.build/linux#window-association-desktopname--syncdesktopname
2026-09-14T10:06:19.7579037Z   • downloaded      label=appimage-12.0.1.7z progress=100%
2026-09-14T10:06:19.9006213Z   • downloaded      label=7zip-linux-x64.tar.gz progress=100%
2026-09-14T10:06:29.0055129Z   • building embedded block map  file=dist/electron-builder/DevBar-0.7.1-linux-x64.AppImage
2026-09-14T10:06:33.6125044Z   • building        target=deb arch=x64 file=dist/electron-builder/DevBar-0.7.1-linux-x64.deb
2026-09-14T10:06:33.6140509Z   • electron uses desktopName as app_id / WM_CLASS for window association. Without it desktop environments may not link running windows to this .desktop entry. Set desktopName in package.json and linux.syncDesktopName: true to fix.  reason=desktopName is not set in package.json docs=https://www.electron.build/linux#window-association-desktopname--syncdesktopname
2026-09-14T10:06:33.7163166Z   • downloaded      label=fpm-1.17.0-ruby-3.4.3-linux-amd64.7z progress=100%
2026-09-14T10:07:27.1629579Z [linux] x64 done
2026-09-14T10:07:27.1630860Z   • electron-builder  version=26.16.1 os=6.17.0-1022-azure
2026-09-14T10:07:27.1632437Z   • publishing will be skipped  reason=current build is a part of pull request solution=set env PUBLISH_FOR_PULL_REQUEST to true to force code signing
2026-09-14T10:07:27.1634176Z There are serious security concerns with PUBLISH_FOR_PULL_REQUEST=true (see the  CircleCI documentation (https://circleci.com/docs/1.0/fork-pr-builds/) for details)
2026-09-14T10:07:27.1635809Z If you have SSH keys, sensitive env vars or AWS credentials stored in your project settings and untrusted forks can make pull requests against your repo, then this option isn't for you.
2026-09-14T10:07:27.1651307Z   • author is missed in the package.json  appPackageFile=/home/runner/work/devbar/devbar/package.json
2026-09-14T10:07:27.3731921Z   • executing @electron/rebuild  electronVersion=43.2.0 arch=arm64 buildFromSource=false workspaceRoot=/home/runner/work/devbar/devbar projectDir=./ appDir=./
2026-09-14T10:07:27.3732678Z   • installing native dependencies  arch=arm64
2026-09-14T10:07:27.4712214Z   • completed installing native dependencies
2026-09-14T10:07:27.4738325Z   • packaging       platform=linux arch=arm64 electron=43.2.0 appOutDir=dist/electron-builder/linux-arm64-unpacked
2026-09-14T10:07:27.6370041Z   • downloaded      label=electron progress=100%
2026-09-14T10:07:42.0749406Z HTTPError: Response code 500 (Internal Server Error)
2026-09-14T10:07:42.0750313Z     at Request._onResponseBase (/home/runner/work/devbar/devbar/node_modules/got/dist/source/core/index.js:913:31)
2026-09-14T10:07:42.0751361Z     at Request._onResponse (/home/runner/work/devbar/devbar/node_modules/got/dist/source/core/index.js:948:24)
2026-09-14T10:07:42.0752411Z     at ClientRequest.<anonymous> (/home/runner/work/devbar/devbar/node_modules/got/dist/source/core/index.js:962:23)
2026-09-14T10:07:42.0753184Z     at Object.onceWrapper (node:events:634:26)
2026-09-14T10:07:42.0753644Z     at ClientRequest.emit (node:events:531:35)
2026-09-14T10:07:42.0754613Z     at ClientRequest.origin.emit (/home/runner/work/devbar/devbar/node_modules/@szmarczak/http-timer/dist/source/index.js:43:20)
2026-09-14T10:07:42.0755561Z     at HTTPParser.parserOnIncomingClient (node:_http_client:780:27)
2026-09-14T10:07:42.0756068Z     at HTTPParser.parserOnHeadersComplete (node:_http_common:125:17)
2026-09-14T10:07:42.0756561Z     at TLSSocket.socketOnData (node:_http_client:615:22)
2026-09-14T10:07:42.0757029Z     at TLSSocket.emit (node:events:519:28)
2026-09-14T10:07:42.0757463Z     at addChunk (node:internal/streams/readable:561:12)
2026-09-14T10:07:42.0757975Z     at readableAddChunkPushByteMode (node:internal/streams/readable:512:3)
2026-09-14T10:07:42.0758606Z     at TLSSocket.Readable.push (node:internal/streams/readable:392:5)
2026-09-14T10:07:42.0759270Z     at TLSWrap.onStreamRead (node:internal/stream_base_commons:189:23) {
2026-09-14T10:07:42.0759830Z   code: 'ERR_NON_2XX_3XX_RESPONSE',
2026-09-14T10:07:42.0760196Z   timings: {
2026-09-14T10:07:42.0760486Z     start: 1789380461968,
2026-09-14T10:07:42.0760811Z     socket: 1789380461968,
2026-09-14T10:07:42.0761146Z     lookup: 1789380461968,
2026-09-14T10:07:42.0761439Z     connect: 1789380461968,
2026-09-14T10:07:42.0761759Z     secureConnect: 1789380461968,
2026-09-14T10:07:42.0762069Z     upload: 1789380461968,
2026-09-14T10:07:42.0762338Z     response: 1789380461993,
2026-09-14T10:07:42.0762954Z     end: 1789380462062,
2026-09-14T10:07:42.0763241Z     error: undefined,
2026-09-14T10:07:42.0763531Z     abort: undefined,
2026-09-14T10:07:42.0763990Z     phases: {
2026-09-14T10:07:42.0764271Z       wait: 0,
2026-09-14T10:07:42.0764527Z       dns: 0,
2026-09-14T10:07:42.0764756Z       tcp: 0,
2026-09-14T10:07:42.0764950Z       tls: 0,
2026-09-14T10:07:42.0765194Z       request: 0,
2026-09-14T10:07:42.0765489Z       firstByte: 25,
2026-09-14T10:07:42.0765782Z       download: 69,
2026-09-14T10:07:42.0766234Z       total: 94
2026-09-14T10:07:42.0766519Z     }
2026-09-14T10:07:42.0766833Z   }
2026-09-14T10:07:42.0767072Z }
2026-09-14T10:07:42.0976442Z  ELIFECYCLE  Command failed with exit code 1.
2026-09-14T10:07:42.1171639Z ##[error]Process completed with exit code 1.
2026-09-14T10:07:42.2022996Z Post job cleanup.
2026-09-14T10:07:42.3222156Z Pruning is unnecessary.
2026-09-14T10:07:42.4127330Z Post job cleanup.
2026-09-14T10:07:42.4843737Z [command]/usr/bin/git version
2026-09-14T10:07:42.4904000Z git version 2.55.0
2026-09-14T10:07:42.4930801Z Temporarily overriding HOME='/home/runner/work/_temp/07721bdb-6355-4f8d-ac7f-58ada318a3ee' before making global git config changes
2026-09-14T10:07:42.4931927Z Adding repository directory to the temporary git global config as a safe directory
2026-09-14T10:07:42.4936405Z [command]/usr/bin/git config --global --add safe.directory /home/runner/work/devbar/devbar
2026-09-14T10:07:42.4964022Z Removing SSH command configuration
2026-09-14T10:07:42.4969863Z [command]/usr/bin/git config --local --name-only --get-regexp core\.sshCommand
2026-09-14T10:07:42.4998506Z [command]/usr/bin/git submodule foreach --recursive sh -c "git config --local --name-only --get-regexp 'core\.sshCommand' && git config --local --unset-all 'core.sshCommand' || :"
2026-09-14T10:07:42.5186381Z Removing HTTP extra header
2026-09-14T10:07:42.5192152Z [command]/usr/bin/git config --local --name-only --get-regexp http\.https\:\/\/github\.com\/\.extraheader
2026-09-14T10:07:42.5222174Z [command]/usr/bin/git submodule foreach --recursive sh -c "git config --local --name-only --get-regexp 'http\.https\:\/\/github\.com\/\.extraheader' && git config --local --unset-all 'http.https://github.com/.extraheader' || :"
2026-09-14T10:07:42.5403697Z Removing includeIf entries pointing to credentials config files
2026-09-14T10:07:42.5417901Z [command]/usr/bin/git config --local --name-only --get-regexp ^includeIf\.gitdir:
2026-09-14T10:07:42.5442828Z [command]/usr/bin/git submodule foreach --recursive git config --local --show-origin --name-only --get-regexp remote.origin.url
2026-09-14T10:07:42.5816865Z Cleaning up orphan processes
